生成启动时间为 2026/6/14 16:22:09。
     0>进程 = "C:\Program Files\dotnet\dotnet.exe"
       MSBuild 可执行文件路径 = "C:\Program Files\dotnet\sdk\8.0.422\MSBuild.dll"
       命令行参数 = "C:\Program Files\dotnet\sdk\8.0.422\MSBuild.dll -maxcpucount -verbosity:m -nologo -restore -consoleloggerparameters:Summary -verbosity:detailed D:/java_workspace/技能实训/源代码/NctSim/NctSim.csproj -distributedlogger:Microsoft.DotNet.Tools.MSBuild.MSBuildLogger,C:\Program Files\dotnet\sdk\8.0.422\dotnet.dll*Microsoft.DotNet.Tools.MSBuild.MSBuildForwardingLogger,C:\Program Files\dotnet\sdk\8.0.422\dotnet.dll"
       当前目录 = "C:\Users\张豪午\CodeBuddy\20260614153044"
       MSBuild 版本 = "17.11.48+02bf66295"
       基于 Windows 注册表项 LongPathsEnabled，LongPaths 功能为 已禁用。
       SDK“Microsoft.NET.Sdk”已由“DefaultSdkResolver”解析程序成功解析为位置“C:\Program Files\dotnet\sdk\8.0.422\Sdks\Microsoft.NET.Sdk\Sdk”和版本“”。
       在 Evaluation 期间加载的程序集: Microsoft.NET.StringTools, Version=1.0.0.0, Culture=neutral, PublicKeyToken=b03f5f7f11d50a3a (位置: C:\Program Files\dotnet\sdk\8.0.422\Microsoft.NET.StringTools.dll，MVID: a6df08db-4589-427d-8720-dbb53fdf37b0，AssemblyLoadContext: Default)
       值为“C:\Program Files\dotnet\sdk\8.0.422\”的属性“MSBuildExtensionsPath”从环境中展开。
       在 C:\Program Files\dotnet\sdk\8.0.422\Current\Microsoft.Common.props (60,5) 处重新分配属性: $(MSBuildProjectExtensionsPath)=“D:\java_workspace\技能实训\源代码\NctSim\obj\”(先前值:“obj\”)
       值为“C:\Users\张豪午\AppData\Local\Microsoft\MSBuild”的属性“MSBuildUserExtensionsPath”从环境中展开。
       在 C:\Program Files\dotnet\sdk\8.0.422\Sdks\Microsoft.NET.Sdk\targets\Microsoft.NET.Sdk.props (91,5) 处重新分配属性: $(AssemblySearchPaths)=“{CandidateAssemblyFiles};{HintPathFromItem}”(先前值:“{CandidateAssemblyFiles}”)
       在 C:\Program Files\dotnet\sdk\8.0.422\Sdks\Microsoft.NET.Sdk\targets\Microsoft.NET.Sdk.props (92,5) 处重新分配属性: $(AssemblySearchPaths)=“{CandidateAssemblyFiles};{HintPathFromItem};{TargetFrameworkDirectory}”(先前值:“{CandidateAssemblyFiles};{HintPathFromItem}”)
       在 C:\Program Files\dotnet\sdk\8.0.422\Sdks\Microsoft.NET.Sdk\targets\Microsoft.NET.Sdk.props (93,5) 处重新分配属性: $(AssemblySearchPaths)=“{CandidateAssemblyFiles};{HintPathFromItem};{TargetFrameworkDirectory};{RawFileName}”(先前值:“{CandidateAssemblyFiles};{HintPathFromItem};{TargetFrameworkDirectory}”)
       “DefaultSdkResolver”解析程序已尝试解析 SDK“Microsoft.NET.SDK.WorkloadAutoImportPropsLocator”。
       警告: null
       错误: MSB4276: 默认 SDK 解析程序解析 SDK“Microsoft.NET.SDK.WorkloadAutoImportPropsLocator”失败，因为目录“C:\Program Files\dotnet\sdk\8.0.422\Sdks\Microsoft.NET.SDK.WorkloadAutoImportPropsLocator\Sdk”不存在。
       在 Evaluation 期间加载的程序集: Microsoft.Build.NuGetSdkResolver, Version=6.11.2.1, Culture=neutral, PublicKeyToken=31bf3856ad364e35 (位置: C:\Program Files\dotnet\sdk\8.0.422\Microsoft.Build.NuGetSdkResolver.dll，MVID: 27ccb095-2c92-40dc-8ceb-3c408f94bba3，AssemblyLoadContext: MSBuild plugin C:\Program Files\dotnet\sdk\8.0.422\Microsoft.Build.NuGetSdkResolver.dll)
       在 Evaluation 期间加载的程序集: Microsoft.NET.Sdk.WorkloadMSBuildSdkResolver, Version=8.0.422.0, Culture=neutral, PublicKeyToken=31bf3856ad364e35 (位置: C:\Program Files\dotnet\sdk\8.0.422\Microsoft.NET.Sdk.WorkloadMSBuildSdkResolver.dll，MVID: c5f6c903-41be-4921-b9a5-daf5fce0c894，AssemblyLoadContext: MSBuild plugin C:\Program Files\dotnet\sdk\8.0.422\Microsoft.NET.Sdk.WorkloadMSBuildSdkResolver.dll)
       在 Evaluation 期间加载的程序集: System.Reflection.Metadata, Version=8.0.0.0, Culture=neutral, PublicKeyToken=b03f5f7f11d50a3a (位置: C:\Program Files\dotnet\shared\Microsoft.NETCore.App\8.0.28\System.Reflection.Metadata.dll，MVID: 62f7d5b4-a8a9-459d-a41f-08af13e2fdd5，AssemblyLoadContext: Default)
       在 Evaluation 期间加载的程序集: Microsoft.DotNet.Cli.Utils, Version=8.0.422.0, Culture=neutral, PublicKeyToken=adb9793829ddae60 (位置: C:\Program Files\dotnet\sdk\8.0.422\Microsoft.DotNet.Cli.Utils.dll，MVID: c2cc78c1-8f30-40a0-8227-342f67a79883，AssemblyLoadContext: MSBuild plugin C:\Program Files\dotnet\sdk\8.0.422\Microsoft.NET.Sdk.WorkloadMSBuildSdkResolver.dll)
       在 Evaluation 期间加载的程序集: Microsoft.NET.Sdk.WorkloadManifestReader, Version=8.0.422.0, Culture=neutral, PublicKeyToken=adb9793829ddae60 (位置: C:\Program Files\dotnet\sdk\8.0.422\Microsoft.NET.Sdk.WorkloadManifestReader.dll，MVID: 255de9bc-2c4b-4ea3-87b3-da769f7c0284，AssemblyLoadContext: MSBuild plugin C:\Program Files\dotnet\sdk\8.0.422\Microsoft.NET.Sdk.WorkloadMSBuildSdkResolver.dll)
       在 Evaluation 期间加载的程序集: NuGet.Versioning, Version=6.11.2.1, Culture=neutral, PublicKeyToken=31bf3856ad364e35 (位置: C:\Program Files\dotnet\sdk\8.0.422\NuGet.Versioning.dll，MVID: a3e0c61b-90af-4847-b8b3-eec0a9682cea，AssemblyLoadContext: Default)
       在 Evaluation 期间加载的程序集: Microsoft.Deployment.DotNet.Releases, Version=2.0.0.0, Culture=neutral, PublicKeyToken=31bf3856ad364e35 (位置: C:\Program Files\dotnet\sdk\8.0.422\Microsoft.Deployment.DotNet.Releases.dll，MVID: 34f9f9be-a352-437d-b864-e54aac6740dd，AssemblyLoadContext: MSBuild plugin C:\Program Files\dotnet\sdk\8.0.422\Microsoft.NET.Sdk.WorkloadMSBuildSdkResolver.dll)
       在 Evaluation 期间加载的程序集: System.Security.Cryptography.Algorithms, Version=8.0.0.0, Culture=neutral, PublicKeyToken=b03f5f7f11d50a3a (位置: C:\Program Files\dotnet\shared\Microsoft.NETCore.App\8.0.28\System.Security.Cryptography.Algorithms.dll，MVID: bf05d63d-2e2f-40b5-be69-32338b63cb85，AssemblyLoadContext: Default)
       在 Evaluation 期间加载的程序集: System.Security.Cryptography.Primitives, Version=8.0.0.0, Culture=neutral, PublicKeyToken=b03f5f7f11d50a3a (位置: C:\Program Files\dotnet\shared\Microsoft.NETCore.App\8.0.28\System.Security.Cryptography.Primitives.dll，MVID: 61cb0972-ea11-4052-b9a6-a2e5765207e7，AssemblyLoadContext: Default)
       在 Evaluation 期间加载的程序集: System.IO.FileSystem, Version=8.0.0.0, Culture=neutral, PublicKeyToken=b03f5f7f11d50a3a (位置: C:\Program Files\dotnet\shared\Microsoft.NETCore.App\8.0.28\System.IO.FileSystem.dll，MVID: 98e43d50-4c56-404b-992f-63a1d4523313，AssemblyLoadContext: Default)
       在 Evaluation 期间加载的程序集: NuGet.Protocol.resources, Version=6.11.2.1, Culture=zh-Hans, PublicKeyToken=31bf3856ad364e35, processorArchitecture=MSIL (位置: C:\Program Files\dotnet\sdk\8.0.422\zh-Hans\NuGet.Protocol.resources.dll，MVID: 4c83cc68-cca0-425f-a51e-ca50db13a877，AssemblyLoadContext: Default)
       在 Evaluation 期间加载的程序集: Newtonsoft.Json, Version=13.0.0.0, Culture=neutral, PublicKeyToken=30ad4fe6b2a6aeed (位置: C:\Program Files\dotnet\sdk\8.0.422\Newtonsoft.Json.dll，MVID: 7e62198b-eab2-4380-bbac-29171862d1d8，AssemblyLoadContext: Default)
       在 Evaluation 期间加载的程序集: System.Linq.Expressions, Version=8.0.0.0, Culture=neutral, PublicKeyToken=b03f5f7f11d50a3a (位置: C:\Program Files\dotnet\shared\Microsoft.NETCore.App\8.0.28\System.Linq.Expressions.dll，MVID: 1b45945d-8a88-4d6f-bbae-a6133731a946，AssemblyLoadContext: Default)
       在 Evaluation 期间加载的程序集: System.ComponentModel.TypeConverter, Version=8.0.0.0, Culture=neutral, PublicKeyToken=b03f5f7f11d50a3a (位置: C:\Program Files\dotnet\shared\Microsoft.NETCore.App\8.0.28\System.ComponentModel.TypeConverter.dll，MVID: ea024151-ef1b-4f18-b759-4e0ebadd65de，AssemblyLoadContext: Default)
       在 Evaluation 期间加载的程序集: System.ObjectModel, Version=8.0.0.0, Culture=neutral, PublicKeyToken=b03f5f7f11d50a3a (位置: C:\Program Files\dotnet\shared\Microsoft.NETCore.App\8.0.28\System.ObjectModel.dll，MVID: 1a584d7d-66b9-4645-890d-058c0c7a4bc2，AssemblyLoadContext: Default)
       在 Evaluation 期间加载的程序集: System.Runtime.Numerics, Version=8.0.0.0, Culture=neutral, PublicKeyToken=b03f5f7f11d50a3a (位置: C:\Program Files\dotnet\shared\Microsoft.NETCore.App\8.0.28\System.Runtime.Numerics.dll，MVID: b428005f-5834-4570-af51-83cd006d1adb，AssemblyLoadContext: Default)
       在 Evaluation 期间加载的程序集: System.Runtime.Serialization.Primitives, Version=8.0.0.0, Culture=neutral, PublicKeyToken=b03f5f7f11d50a3a (位置: C:\Program Files\dotnet\shared\Microsoft.NETCore.App\8.0.28\System.Runtime.Serialization.Primitives.dll，MVID: aeb07373-5bbb-4e88-8a21-6e9a58155219，AssemblyLoadContext: Default)
       SDK“Microsoft.NET.SDK.WorkloadAutoImportPropsLocator”已由“Microsoft.DotNet.MSBuildWorkloadSdkResolver”解析程序成功解析为位置“null”和版本“null”。
       在 Evaluation 期间加载的程序集: NuGet.Packaging, Version=6.11.2.1, Culture=neutral, PublicKeyToken=31bf3856ad364e35 (位置: C:\Program Files\dotnet\sdk\8.0.422\NuGet.Packaging.dll，MVID: c1c2e436-5cb7-4b71-9a19-279d9f55a209，AssemblyLoadContext: Default)
       在 Evaluation 期间加载的程序集: System.Security.Cryptography.X509Certificates, Version=8.0.0.0, Culture=neutral, PublicKeyToken=b03f5f7f11d50a3a (位置: C:\Program Files\dotnet\shared\Microsoft.NETCore.App\8.0.28\System.Security.Cryptography.X509Certificates.dll，MVID: 6d491da3-28dd-45d9-8a2a-21ad050598d5，AssemblyLoadContext: Default)
       在 C:\Program Files\dotnet\sdk\8.0.422\Sdks\Microsoft.NET.Sdk\targets\Microsoft.NET.PackProjectTool.props (15,5) 处重新分配属性: $(TargetsForTfmSpecificContentInPackage)=“;PackTool;_PackProjectToolValidation”(先前值:“;PackTool”)
       在 D:\java_workspace\技能实训\源代码\NctSim\NctSim.csproj (4,5) 处重新分配属性: $(OutputType)=“WinExe”(先前值:“Library”)
       在 C:\Program Files\dotnet\sdk\8.0.422\Sdks\Microsoft.NET.Sdk\targets\Microsoft.NET.Sdk.ImportPublishProfile.targets (28,5) 处重新分配属性: $(PublishProfileImported)=“false”(先前值:“true”)
       在 Evaluation 期间加载的程序集: NuGet.Frameworks, Version=6.11.2.1, Culture=neutral, PublicKeyToken=31bf3856ad364e35 (位置: C:\Program Files\dotnet\sdk\8.0.422\NuGet.Frameworks.dll，MVID: 69f2c13d-a9f1-4a43-bb62-e18b47d48034，AssemblyLoadContext: Assembly.LoadFile(C:\Program Files\dotnet\sdk\8.0.422\NuGet.Frameworks.dll))
       在 C:\Program Files\dotnet\sdk\8.0.422\Sdks\Microsoft.NET.Sdk\targets\Microsoft.NET.TargetFrameworkInference.targets (68,5) 处重新分配属性: $(TargetPlatformVersion)=“0.0”(先前值:“0.0.0.0”)
       在 C:\Program Files\dotnet\sdk\8.0.422\Sdks\Microsoft.NET.Sdk\targets\Microsoft.NET.TargetFrameworkInference.targets (69,5) 处重新分配属性: $(TargetPlatformVersion)=“”(先前值:“0.0”)
       在 C:\Program Files\dotnet\sdk\8.0.422\Sdks\Microsoft.NET.Sdk\targets\Microsoft.NET.TargetFrameworkInference.targets (71,5) 处重新分配属性: $(TargetPlatformIdentifier)=“Windows”(先前值:“windows”)
       在 C:\Program Files\dotnet\sdk\8.0.422\Sdks\Microsoft.NET.Sdk\targets\Microsoft.NET.DefaultOutputPaths.targets (122,5) 处重新分配属性: $(DefaultItemExcludes)=“;bin\Debug\/**;obj\Debug\/**”(先前值:“;bin\Debug\/**”)
       在 C:\Program Files\dotnet\sdk\8.0.422\Sdks\Microsoft.NET.Sdk\targets\Microsoft.NET.DefaultOutputPaths.targets (137,5) 处重新分配属性: $(OutputPath)=“bin\Debug\net8.0-windows\”(先前值:“bin\Debug\”)
       在 C:\Program Files\dotnet\sdk\8.0.422\Sdks\Microsoft.NET.Sdk\targets\Microsoft.NET.DefaultOutputPaths.targets (142,5) 处重新分配属性: $(IntermediateOutputPath)=“obj\Debug\net8.0-windows\”(先前值:“obj\Debug\”)
       “DefaultSdkResolver”解析程序已尝试解析 SDK“Microsoft.NET.SDK.WorkloadManifestTargetsLocator”。
       警告: null
       错误: MSB4276: 默认 SDK 解析程序解析 SDK“Microsoft.NET.SDK.WorkloadManifestTargetsLocator”失败，因为目录“C:\Program Files\dotnet\sdk\8.0.422\Sdks\Microsoft.NET.SDK.WorkloadManifestTargetsLocator\Sdk”不存在。
       SDK“Microsoft.NET.SDK.WorkloadManifestTargetsLocator”已由“Microsoft.DotNet.MSBuildWorkloadSdkResolver”解析程序成功解析为位置“C:\Program Files\dotnet\sdk-manifests\8.0.100\microsoft.net.sdk.android\34.0.43”和版本“null”。
       在 C:\Program Files\dotnet\sdk\8.0.422\Sdks\Microsoft.NET.Sdk\targets\Microsoft.NET.Sdk.BeforeCommon.targets (187,5) 处重新分配属性: $(_FrameworkIdentifierForImplicitDefine)=“NET”(先前值:“NETCOREAPP”)
       在 C:\Program Files\dotnet\sdk\8.0.422\Sdks\Microsoft.NET.Sdk\targets\Microsoft.NET.Sdk.BeforeCommon.targets (192,5) 处重新分配属性: $(_FrameworkVersionForImplicitDefine)=“8_0”(先前值:“8.0”)
       在 C:\Program Files\dotnet\sdk\8.0.422\Roslyn\Microsoft.CSharp.Core.targets (200,5) 处重新分配属性: $(CommandLineArgsForDesignTimeEvaluation)=“-langversion:12.0 -define:TRACE”(先前值:“-langversion:12.0”)
       在 Evaluation 期间加载的程序集: System.Net.Sockets, Version=8.0.0.0, Culture=neutral, PublicKeyToken=b03f5f7f11d50a3a (位置: C:\Program Files\dotnet\shared\Microsoft.NETCore.App\8.0.28\System.Net.Sockets.dll，MVID: 8e3d46e4-f844-481c-ae6d-d2130aa6965d，AssemblyLoadContext: Default)
       在 Evaluation 期间加载的程序集: System.Threading.Overlapped, Version=8.0.0.0, Culture=neutral, PublicKeyToken=b03f5f7f11d50a3a (位置: C:\Program Files\dotnet\shared\Microsoft.NETCore.App\8.0.28\System.Threading.Overlapped.dll，MVID: de5f89cb-c2d1-48a7-aa6c-7d76095a79ab，AssemblyLoadContext: Default)
       在 Evaluation 期间加载的程序集: System.Threading.ThreadPool, Version=8.0.0.0, Culture=neutral, PublicKeyToken=b03f5f7f11d50a3a (位置: C:\Program Files\dotnet\shared\Microsoft.NETCore.App\8.0.28\System.Threading.ThreadPool.dll，MVID: 257bbb53-4b6f-4e5a-8ebf-73729d340092，AssemblyLoadContext: Default)
       在 Evaluation 期间加载的程序集: Microsoft.Build.Utilities.Core, Version=15.1.0.0, Culture=neutral, PublicKeyToken=b03f5f7f11d50a3a (位置: C:\Program Files\dotnet\sdk\8.0.422\Microsoft.Build.Utilities.Core.dll，MVID: 3ef2c93a-1391-4e37-a4e3-a5d04b06a824，AssemblyLoadContext: Default)
       在 C:\Program Files\dotnet\sdk\8.0.422\Microsoft.Common.CurrentVersion.targets (175,5) 处重新分配属性: $(_DebugSymbolsProduced)=“true”(先前值:“false”)
       在 C:\Program Files\dotnet\sdk\8.0.422\Microsoft.Common.CurrentVersion.targets (185,5) 处重新分配属性: $(_DocumentationFileProduced)=“false”(先前值:“true”)
       在 C:\Program Files\dotnet\sdk\8.0.422\Microsoft.Common.CurrentVersion.targets (393,5) 处重新分配属性: $(MSBuildCopyMarkerName)=“NctSim.csproj.Up2Date”(先前值:“NctSim.csproj”)
       在 C:\Program Files\dotnet\sdk\8.0.422\Microsoft.Common.CurrentVersion.targets (541,5) 处重新分配属性: $(ProcessorArchitecture)=“msil”(先前值:“”)
       在 C:\Program Files\dotnet\sdk\8.0.422\Microsoft.Common.CurrentVersion.targets (580,5) 处重新分配属性: $(DelaySign)=“”(先前值:“false”)
       值为“C:\Users\张豪午\AppData\Local”的属性“LOCALAPPDATA”从环境中展开。
       在 C:\Program Files\dotnet\sdk\8.0.422\Microsoft.Common.CurrentVersion.targets (3896,5) 处重新分配属性: $(_SGenGenerateSerializationAssembliesConfig)=“Auto”(先前值:“”)
       在 C:\Program Files\dotnet\sdk\8.0.422\Microsoft.Common.CurrentVersion.targets (3897,5) 处重新分配属性: $(_SGenGenerateSerializationAssembliesConfig)=“Off”(先前值:“Auto”)
       在 C:\Program Files\dotnet\sdk\8.0.422\Microsoft.Common.CurrentVersion.targets (5099,5) 处重新分配属性: $(_TargetsThatPrepareProjectReferences)=“
             AssignProjectConfiguration;
             _SplitProjectReferencesByFileExistence
           ”(先前值:“_SplitProjectReferencesByFileExistence”)
       值为“C:\Program Files\dotnet\sdk\8.0.422”的属性“MSBuildExtensionsPath32”从环境中展开。
       在 Evaluation 期间加载的程序集: System.Threading.Tasks.Parallel, Version=8.0.0.0, Culture=neutral, PublicKeyToken=b03f5f7f11d50a3a (位置: C:\Program Files\dotnet\shared\Microsoft.NETCore.App\8.0.28\System.Threading.Tasks.Parallel.dll，MVID: 28289127-6b88-48fc-bd74-ea9ed5f39140，AssemblyLoadContext: Default)
       在 C:\Program Files\dotnet\sdk\8.0.422\Sdks\Microsoft.NET.Sdk\targets\Microsoft.PackageDependencyResolution.targets (24,5) 处重新分配属性: $(ProjectAssetsFile)=“D:\java_workspace\技能实训\源代码\NctSim\obj\project.assets.json”(先前值:“D:\java_workspace\技能实训\源代码\NctSim\obj\/project.assets.json”)
       在 C:\Program Files\dotnet\sdk\8.0.422\Sdks\Microsoft.NET.Sdk\targets\Microsoft.PackageDependencyResolution.targets (29,5) 处重新分配属性: $(ProjectAssetsCacheFile)=“D:\java_workspace\技能实训\源代码\NctSim\obj\Debug\net8.0-windows\NctSim.assets.cache”(先前值:“obj\Debug\net8.0-windows\NctSim.assets.cache”)
       在 C:\Program Files\dotnet\sdk\8.0.422\Sdks\Microsoft.NET.Sdk\targets\Microsoft.PackageDependencyResolution.targets (80,5) 处重新分配属性: $(ResolveAssemblyReferencesDependsOn)=“
             
             ResolveProjectReferences;
             FindInvalidProjectReferences;
             GetFrameworkPaths;
             GetReferenceAssemblyPaths;
             PrepareForBuild;
             ResolveSDKReferences;
             ExpandSDKReferences;
           ;
             ResolvePackageDependenciesForBuild;
             _HandlePackageFileConflicts;
           ”(先前值:“
             ResolveProjectReferences;
             FindInvalidProjectReferences;
             GetFrameworkPaths;
             GetReferenceAssemblyPaths;
             PrepareForBuild;
             ResolveSDKReferences;
             ExpandSDKReferences;
           ”)
       在 C:\Program Files\dotnet\sdk\8.0.422\Sdks\Microsoft.NET.Sdk\targets\Microsoft.PackageDependencyResolution.targets (86,5) 处重新分配属性: $(PrepareResourcesDependsOn)=“
             ResolvePackageDependenciesForBuild;
             _HandlePackageFileConflicts;
             
             ;
             PrepareResourceNames;
             ResGen;
             CompileLicxFiles
           
           ”(先前值:“
             ;
             PrepareResourceNames;
             ResGen;
             CompileLicxFiles
           ”)
       在 C:\Program Files\dotnet\sdk\8.0.422\Sdks\Microsoft.NET.Sdk\targets\Microsoft.NET.Sdk.DefaultItems.targets (27,5) 处重新分配属性: $(DefaultItemExcludes)=“;bin\Debug\/**;obj\Debug\/**;bin\/**”(先前值:“;bin\Debug\/**;obj\Debug\/**”)
       在 C:\Program Files\dotnet\sdk\8.0.422\Sdks\Microsoft.NET.Sdk\targets\Microsoft.NET.Sdk.DefaultItems.targets (29,5) 处重新分配属性: $(DefaultItemExcludes)=“;bin\Debug\/**;obj\Debug\/**;bin\/**;obj\/**”(先前值:“;bin\Debug\/**;obj\Debug\/**;bin\/**”)
       在 C:\Program Files\dotnet\sdk\8.0.422\Sdks\Microsoft.NET.Sdk\targets\Microsoft.NET.Sdk.DefaultItems.targets (32,5) 处重新分配属性: $(DefaultItemExcludes)=“;bin\Debug\/**;obj\Debug\/**;bin\/**;obj\/**;**/*.user”(先前值:“;bin\Debug\/**;obj\Debug\/**;bin\/**;obj\/**”)
       在 C:\Program Files\dotnet\sdk\8.0.422\Sdks\Microsoft.NET.Sdk\targets\Microsoft.NET.Sdk.DefaultItems.targets (33,5) 处重新分配属性: $(DefaultItemExcludes)=“;bin\Debug\/**;obj\Debug\/**;bin\/**;obj\/**;**/*.user;**/*.*proj”(先前值:“;bin\Debug\/**;obj\Debug\/**;bin\/**;obj\/**;**/*.user”)
       在 C:\Program Files\dotnet\sdk\8.0.422\Sdks\Microsoft.NET.Sdk\targets\Microsoft.NET.Sdk.DefaultItems.targets (34,5) 处重新分配属性: $(DefaultItemExcludes)=“;bin\Debug\/**;obj\Debug\/**;bin\/**;obj\/**;**/*.user;**/*.*proj;**/*.sln”(先前值:“;bin\Debug\/**;obj\Debug\/**;bin\/**;obj\/**;**/*.user;**/*.*proj”)
       在 C:\Program Files\dotnet\sdk\8.0.422\Sdks\Microsoft.NET.Sdk\targets\Microsoft.NET.Sdk.DefaultItems.targets (35,5) 处重新分配属性: $(DefaultItemExcludes)=“;bin\Debug\/**;obj\Debug\/**;bin\/**;obj\/**;**/*.user;**/*.*proj;**/*.sln;**/*.vssscc”(先前值:“;bin\Debug\/**;obj\Debug\/**;bin\/**;obj\/**;**/*.user;**/*.*proj;**/*.sln”)
       在 C:\Program Files\dotnet\sdk\8.0.422\Sdks\Microsoft.NET.Sdk\targets\Microsoft.NET.Sdk.DefaultItems.targets (36,5) 处重新分配属性: $(DefaultItemExcludes)=“;bin\Debug\/**;obj\Debug\/**;bin\/**;obj\/**;**/*.user;**/*.*proj;**/*.sln;**/*.vssscc;**/.DS_Store”(先前值:“;bin\Debug\/**;obj\Debug\/**;bin\/**;obj\/**;**/*.user;**/*.*proj;**/*.sln;**/*.vssscc”)
       在 C:\Program Files\dotnet\sdk\8.0.422\Sdks\Microsoft.NET.Sdk\targets\Microsoft.NET.Sdk.FrameworkReferenceResolution.targets (14,5) 处重新分配属性: $(ResolveAssemblyReferencesDependsOn)=“
             
             
             ResolveProjectReferences;
             FindInvalidProjectReferences;
             GetFrameworkPaths;
             GetReferenceAssemblyPaths;
             PrepareForBuild;
             ResolveSDKReferences;
             ExpandSDKReferences;
           ;
             ResolvePackageDependenciesForBuild;
             _HandlePackageFileConflicts;
           ;
             ResolveTargetingPackAssets;
           ”(先前值:“
             
             ResolveProjectReferences;
             FindInvalidProjectReferences;
             GetFrameworkPaths;
             GetReferenceAssemblyPaths;
             PrepareForBuild;
             ResolveSDKReferences;
             ExpandSDKReferences;
           ;
             ResolvePackageDependenciesForBuild;
             _HandlePackageFileConflicts;
           ”)
       在 C:\Program Files\dotnet\sdk\8.0.422\Sdks\Microsoft.NET.Sdk\targets\Microsoft.NET.Sdk.targets (44,5) 处重新分配属性: $(_GenerateRuntimeConfigurationPropertyInputsCache)=“D:\java_workspace\技能实训\源代码\NctSim\obj\Debug\net8.0-windows\NctSim.genruntimeconfig.cache”(先前值:“obj\Debug\net8.0-windows\NctSim.genruntimeconfig.cache”)
       在 C:\Program Files\dotnet\sdk\8.0.422\Sdks\Microsoft.NET.Sdk\targets\Microsoft.NET.Sdk.targets (46,5) 处重新分配属性: $(_GeneratePublishDependencyFilePropertyInputsCache)=“D:\java_workspace\技能实训\源代码\NctSim\obj\Debug\net8.0-windows\NctSim.genpublishdeps.cache”(先前值:“obj\Debug\net8.0-windows\NctSim.genpublishdeps.cache”)
       在 C:\Program Files\dotnet\sdk\8.0.422\Sdks\Microsoft.NET.Sdk\targets\Microsoft.NET.Sdk.targets (48,5) 处重新分配属性: $(_GenerateSingleFileBundlePropertyInputsCache)=“D:\java_workspace\技能实训\源代码\NctSim\obj\Debug\net8.0-windows\NctSim.genbundle.cache”(先前值:“obj\Debug\net8.0-windows\NctSim.genbundle.cache”)
       在 C:\Program Files\dotnet\sdk\8.0.422\Sdks\Microsoft.NET.Sdk\targets\Microsoft.NET.Sdk.targets (81,5) 处重新分配属性: $(GenerateRuntimeConfigDevFile)=“false”(先前值:“true”)
       值为“C:\Users\张豪午”的属性“USERPROFILE”从环境中展开。
       在 C:\Program Files\dotnet\sdk\8.0.422\Sdks\Microsoft.NET.Sdk\targets\Microsoft.NET.Sdk.targets (97,5) 处重新分配属性: $(_DefaultUserProfileRuntimeStorePath)=“C:\Users\张豪午”(先前值:“”)
       在 C:\Program Files\dotnet\sdk\8.0.422\Sdks\Microsoft.NET.Sdk\targets\Microsoft.NET.Sdk.targets (98,5) 处重新分配属性: $(_DefaultUserProfileRuntimeStorePath)=“C:\Users\张豪午\.dotnet\store”(先前值:“C:\Users\张豪午”)
       在 C:\Program Files\dotnet\sdk\8.0.422\Sdks\Microsoft.NET.Sdk\targets\Microsoft.NET.Sdk.targets (136,5) 处重新分配属性: $(AvailablePlatforms)=“Any CPU,x86,x64,ARM32”(先前值:“Any CPU,x86,x64”)
       在 C:\Program Files\dotnet\sdk\8.0.422\Sdks\Microsoft.NET.Sdk\targets\Microsoft.NET.Sdk.targets (140,5) 处重新分配属性: $(AvailablePlatforms)=“Any CPU,x86,x64,ARM32,ARM64”(先前值:“Any CPU,x86,x64,ARM32”)
       在 C:\Program Files\dotnet\sdk\8.0.422\Sdks\Microsoft.NET.Sdk\targets\Microsoft.NET.Sdk.targets (197,5) 处重新分配属性: $(CoreBuildDependsOn)=“
             _CheckForBuildWithNoBuild;
             
             BuildOnlySettings;
             PrepareForBuild;
             PreBuildEvent;
             ResolveReferences;
             PrepareResources;
             ResolveKeySource;
             Compile;
             ExportWindowsMDFile;
             UnmanagedUnregistration;
             GenerateSerializationAssemblies;
             CreateSatelliteAssemblies;
             GenerateManifests;
             GetTargetPath;
             PrepareForRun;
             UnmanagedRegistration;
             IncrementalClean;
             PostBuildEvent
           ;
             GenerateBuildDependencyFile;
             GenerateBuildRuntimeConfigurationFiles
           ”(先前值:“
             BuildOnlySettings;
             PrepareForBuild;
             PreBuildEvent;
             ResolveReferences;
             PrepareResources;
             ResolveKeySource;
             Compile;
             ExportWindowsMDFile;
             UnmanagedUnregistration;
             GenerateSerializationAssemblies;
             CreateSatelliteAssemblies;
             GenerateManifests;
             GetTargetPath;
             PrepareForRun;
             UnmanagedRegistration;
             IncrementalClean;
             PostBuildEvent
           ”)
       在 C:\Program Files\dotnet\sdk\8.0.422\Sdks\Microsoft.NET.Sdk\targets\Microsoft.NET.Sdk.targets (206,5) 处重新分配属性: $(CoreCleanDependsOn)=“
             _SdkBeforeClean;
             
           ”(先前值:“”)
       在 C:\Program Files\dotnet\sdk\8.0.422\Sdks\Microsoft.NET.Sdk\targets\Microsoft.NET.Sdk.targets (213,5) 处重新分配属性: $(RebuildDependsOn)=“
             _SdkBeforeRebuild;
             
             BeforeRebuild;
             Clean;
             Build;
             AfterRebuild;
           
           ”(先前值:“
             BeforeRebuild;
             Clean;
             Build;
             AfterRebuild;
           ”)
       在 C:\Program Files\dotnet\sdk\8.0.422\Sdks\Microsoft.NET.Sdk\targets\Microsoft.NET.Sdk.targets (679,5) 处重新分配属性: $(CompileDependsOn)=“
             
             ResolveReferences;
             ResolveKeySource;
             SetWin32ManifestProperties;
             _SetPreferNativeArm64Win32ManifestProperties;
             FindReferenceAssembliesForReferences;
             _GenerateCompileInputs;
             BeforeCompile;
             _TimeStampBeforeCompile;
             _GenerateCompileDependencyCache;
             CoreCompile;
             _TimeStampAfterCompile;
             AfterCompile;
           ;
             _CreateAppHost;
             _CreateComHost;
             _GetIjwHostPaths;
           ”(先前值:“
             ResolveReferences;
             ResolveKeySource;
             SetWin32ManifestProperties;
             _SetPreferNativeArm64Win32ManifestProperties;
             FindReferenceAssembliesForReferences;
             _GenerateCompileInputs;
             BeforeCompile;
             _TimeStampBeforeCompile;
             _GenerateCompileDependencyCache;
             CoreCompile;
             _TimeStampAfterCompile;
             AfterCompile;
           ”)
       在 C:\Program Files\dotnet\sdk\8.0.422\Sdks\Microsoft.NET.Sdk\targets\Microsoft.NET.Sdk.targets (1065,5) 处重新分配属性: $(CreateSatelliteAssembliesDependsOn)=“
             
             ;
             _GenerateSatelliteAssemblyInputs;
             ComputeIntermediateSatelliteAssemblies;
             GenerateSatelliteAssemblies
           ;
             CoreGenerateSatelliteAssemblies
           ”(先前值:“
             ;
             _GenerateSatelliteAssemblyInputs;
             ComputeIntermediateSatelliteAssemblies;
             GenerateSatelliteAssemblies
           ”)
       在 C:\Program Files\dotnet\sdk\8.0.422\Sdks\Microsoft.SourceLink.GitLab\build\Microsoft.SourceLink.GitLab.targets (12,5) 处重新分配属性: $(SourceLinkUrlInitializerTargets)=“;_InitializeGitHubSourceLinkUrl;_InitializeGitLabSourceLinkUrl”(先前值:“;_InitializeGitHubSourceLinkUrl”)
       在 C:\Program Files\dotnet\sdk\8.0.422\Sdks\Microsoft.SourceLink.GitLab\build\Microsoft.SourceLink.GitLab.targets (13,5) 处重新分配属性: $(SourceControlManagerUrlTranslationTargets)=“;TranslateGitHubUrlsInSourceControlInformation;TranslateGitLabUrlsInSourceControlInformation”(先前值:“;TranslateGitHubUrlsInSourceControlInformation”)
       在 C:\Program Files\dotnet\sdk\8.0.422\Sdks\Microsoft.SourceLink.AzureRepos.Git\build\Microsoft.SourceLink.AzureRepos.Git.targets (12,5) 处重新分配属性: $(SourceLinkUrlInitializerTargets)=“;_InitializeGitHubSourceLinkUrl;_InitializeGitLabSourceLinkUrl;_InitializeAzureReposGitSourceLinkUrl”(先前值:“;_InitializeGitHubSourceLinkUrl;_InitializeGitLabSourceLinkUrl”)
       在 C:\Program Files\dotnet\sdk\8.0.422\Sdks\Microsoft.SourceLink.AzureRepos.Git\build\Microsoft.SourceLink.AzureRepos.Git.targets (13,5) 处重新分配属性: $(SourceControlManagerUrlTranslationTargets)=“;TranslateGitHubUrlsInSourceControlInformation;TranslateGitLabUrlsInSourceControlInformation;TranslateAzureReposGitUrlsInSourceControlInformation”(先前值:“;TranslateGitHubUrlsInSourceControlInformation;TranslateGitLabUrlsInSourceControlInformation”)
       在 C:\Program Files\dotnet\sdk\8.0.422\Sdks\Microsoft.SourceLink.Bitbucket.Git\build\Microsoft.SourceLink.Bitbucket.Git.targets (12,5) 处重新分配属性: $(SourceLinkUrlInitializerTargets)=“;_InitializeGitHubSourceLinkUrl;_InitializeGitLabSourceLinkUrl;_InitializeAzureReposGitSourceLinkUrl;_InitializeBitbucketGitSourceLinkUrl”(先前值:“;_InitializeGitHubSourceLinkUrl;_InitializeGitLabSourceLinkUrl;_InitializeAzureReposGitSourceLinkUrl”)
       在 C:\Program Files\dotnet\sdk\8.0.422\Sdks\Microsoft.SourceLink.Bitbucket.Git\build\Microsoft.SourceLink.Bitbucket.Git.targets (13,5) 处重新分配属性: $(SourceControlManagerUrlTranslationTargets)=“;TranslateGitHubUrlsInSourceControlInformation;TranslateGitLabUrlsInSourceControlInformation;TranslateAzureReposGitUrlsInSourceControlInformation;TranslateBitbucketGitUrlsInSourceControlInformation”(先前值:“;TranslateGitHubUrlsInSourceControlInformation;TranslateGitLabUrlsInSourceControlInformation;TranslateAzureReposGitUrlsInSourceControlInformation”)
       在 C:\Program Files\dotnet\sdk\8.0.422\Sdks\Microsoft.NET.Sdk\targets\Microsoft.NET.DesignerSupport.targets (21,5) 处重新分配属性: $(DesignerRuntimeImplementationProjectOutputGroupDependsOn)=“
             
             ;
             
             ;
             BuildOnlySettings;
             PrepareForBuild;
             AssignTargetPaths;
             ResolveReferences
           
           ;
             _GenerateDesignerDepsFile;
             _GenerateDesignerRuntimeConfigFile;
             GetCopyToOutputDirectoryItems;
             _GatherDesignerShadowCopyFiles;
           ”(先前值:“
             ;
             
             ;
             BuildOnlySettings;
             PrepareForBuild;
             AssignTargetPaths;
             ResolveReferences
           
           ”)
       在 C:\Program Files\dotnet\sdk\8.0.422\Sdks\Microsoft.NET.Sdk\targets\Microsoft.NET.PackTool.targets (68,5) 处重新分配属性: $(_GenerateToolsSettingsFileCacheFile)=“D:\java_workspace\技能实训\源代码\NctSim\obj\Debug\net8.0-windows\NctSim.toolssettingsinput.cache”(先前值:“obj\Debug\net8.0-windows\NctSim.toolssettingsinput.cache”)
       在 C:\Program Files\dotnet\sdk\8.0.422\Sdks\Microsoft.NET.Sdk\targets\Microsoft.NET.PackTool.targets (137,5) 处重新分配属性: $(_ShimInputCacheFile)=“D:\java_workspace\技能实训\源代码\NctSim\obj\Debug\net8.0-windows\NctSim.shiminput.cache”(先前值:“obj\Debug\net8.0-windows\NctSim.shiminput.cache”)
       在 C:\Program Files\dotnet\sdk\8.0.422\Sdks\Microsoft.NET.Sdk\targets\Microsoft.NET.PackTool.targets (139,5) 处重新分配属性: $(_ShimCreatedSentinelFile)=“D:\java_workspace\技能实训\源代码\NctSim\obj\Debug\net8.0-windows\NctSim.shimcreated.sentinel”(先前值:“obj\Debug\net8.0-windows\NctSim.shimcreated.sentinel”)
       在 C:\Program Files\dotnet\sdk\8.0.422\Sdks\Microsoft.NET.Sdk\targets\Microsoft.NET.Sdk.CSharp.targets (31,5) 处重新分配属性: $(DefineConstants)=“TRACE;DEBUG”(先前值:“TRACE”)
       在 C:\Program Files\dotnet\sdk\8.0.422\Sdks\Microsoft.NET.Sdk\targets\Microsoft.NET.Sdk.CSharp.targets (34,5) 处重新分配属性: $(DefineConstants)=“TRACE;DEBUG;NET;NET8_0;NETCOREAPP”(先前值:“TRACE;DEBUG”)
       在 C:\Program Files\dotnet\sdk\8.0.422\Sdks\Microsoft.NET.Sdk\targets\Microsoft.NET.Sdk.CSharp.targets (48,5) 处重新分配属性: $(WarningsAsErrors)=“;NU1605;SYSLIB0011”(先前值:“;NU1605”)
       在 C:\Program Files\dotnet\sdk\8.0.422\Sdks\Microsoft.NET.Sdk\targets\Microsoft.NET.Windows.targets (34,5) 处重新分配属性: $(TargetPlatformVersion)=“7.0”(先前值:“”)
       在 C:\Program Files\dotnet\sdk\8.0.422\Sdks\Microsoft.NET.Sdk\targets\Microsoft.NET.Windows.targets (44,5) 处重新分配属性: $(SupportedOSPlatformVersion)=“7.0”(先前值:“”)
       在 C:\Program Files\dotnet\sdk\8.0.422\Sdks\Microsoft.NET.Sdk\targets\Microsoft.NET.Windows.targets (45,5) 处重新分配属性: $(TargetPlatformMinVersion)=“7.0”(先前值:“”)
       在 C:\Program Files\dotnet\sdk\8.0.422\Sdks\Microsoft.NET.Sdk\targets\Microsoft.NET.Sdk.targets (1347,5) 处重新分配属性: $(TargetPlatformDisplayName)=“Windows 7.0”(先前值:“Windows ”)
       在 C:\Program Files\dotnet\sdk\8.0.422\Sdks\Microsoft.NET.Sdk.WindowsDesktop\targets\Microsoft.NET.Sdk.WindowsDesktop.targets (51,5) 处重新分配属性: $(_TargetFrameworkVersionValue)=“8.0”(先前值:“0.0”)
       在 C:\Program Files\dotnet\sdk\8.0.422\Sdks\Microsoft.NET.Sdk.WindowsDesktop\targets\Microsoft.WinFX.targets (61,7) 处重新分配属性: $(PrepareResourceNamesDependsOn)=“
                           AssignWinFXEmbeddedResource;
                           
             AssignTargetPaths;
             SplitResourcesByCulture;
             CreateManifestResourceNames;
             CreateCustomManifestResourceNames
           
             ”(先前值:“
             AssignTargetPaths;
             SplitResourcesByCulture;
             CreateManifestResourceNames;
             CreateCustomManifestResourceNames
           ”)
       在 C:\Program Files\dotnet\sdk\8.0.422\Sdks\Microsoft.NET.Sdk.WindowsDesktop\targets\Microsoft.WinFX.targets (69,7) 处重新分配属性: $(PrepareResourcesDependsOn)=“
                       MarkupCompilePass1;
                       AfterMarkupCompilePass1;
                       MarkupCompilePass2ForMainAssembly;
                       FileClassification;
                       MainResourcesGeneration;
                       
             ResolvePackageDependenciesForBuild;
             _HandlePackageFileConflicts;
             
             ;
             PrepareResourceNames;
             ResGen;
             CompileLicxFiles
           
           
             ”(先前值:“
             ResolvePackageDependenciesForBuild;
             _HandlePackageFileConflicts;
             
             ;
             PrepareResourceNames;
             ResGen;
             CompileLicxFiles
           
           ”)
       在 C:\Program Files\dotnet\sdk\8.0.422\Sdks\Microsoft.NET.Sdk.WindowsDesktop\targets\Microsoft.WinFX.targets (136,5) 处重新分配属性: $(CompileDependsOn)=“
               
             
             ResolveReferences;
             ResolveKeySource;
             SetWin32ManifestProperties;
             _SetPreferNativeArm64Win32ManifestProperties;
             FindReferenceAssembliesForReferences;
             _GenerateCompileInputs;
             BeforeCompile;
             _TimeStampBeforeCompile;
             _GenerateCompileDependencyCache;
             CoreCompile;
             _TimeStampAfterCompile;
             AfterCompile;
           ;
             _CreateAppHost;
             _CreateComHost;
             _GetIjwHostPaths;
           ;
               _AfterCompileWinFXInternal
           ”(先前值:“
             
             ResolveReferences;
             ResolveKeySource;
             SetWin32ManifestProperties;
             _SetPreferNativeArm64Win32ManifestProperties;
             FindReferenceAssembliesForReferences;
             _GenerateCompileInputs;
             BeforeCompile;
             _TimeStampBeforeCompile;
             _GenerateCompileDependencyCache;
             CoreCompile;
             _TimeStampAfterCompile;
             AfterCompile;
           ;
             _CreateAppHost;
             _CreateComHost;
             _GetIjwHostPaths;
           ”)
       在 C:\Program Files\dotnet\sdk\8.0.422\Sdks\Microsoft.NET.Sdk.WindowsDesktop\targets\Microsoft.WinFX.targets (802,9) 处重新分配属性: $(PublishBuildDependsOn)=“
                   BuildOnlySettings;
                   PrepareForBuild;
                   ResolveReferences;
                   PrepareResources;
                   ResolveKeySource;
                   PrepareResourcesForSatelliteAssemblies;
                   GenerateSerializationAssemblies;
                   CreateSatelliteAssemblies;
               ”(先前值:“
             BuildOnlySettings;
             PrepareForBuild;
             ResolveReferences;
             PrepareResources;
             ResolveKeySource;
             GenerateSerializationAssemblies;
             CreateSatelliteAssemblies;
           ”)
       在 C:\Program Files\dotnet\sdk\8.0.422\Sdks\NuGet.Build.Tasks.Pack\build\NuGet.Build.Tasks.Pack.targets (34,5) 处重新分配属性: $(PackageDescription)=“Package Description”(先前值:“”)
       在 C:\Program Files\dotnet\sdk\8.0.422\Sdks\NuGet.Build.Tasks.Pack\build\NuGet.Build.Tasks.Pack.targets (59,5) 处重新分配属性: $(GenerateNuspecDependsOn)=“Build;_LoadPackInputItems; _GetTargetFrameworksOutput; _WalkEachTargetPerFramework; _GetPackageFiles; ”(先前值:“_LoadPackInputItems; _GetTargetFrameworksOutput; _WalkEachTargetPerFramework; _GetPackageFiles; ”)
       在 C:\Program Files\dotnet\sdk\8.0.422\Sdks\Microsoft.NET.Sdk\Sdk\Sdk.targets (59,5) 处重新分配属性: $(_IsNotSetContainersTargetsDir)=“true”(先前值:“false”)
       在 C:\Program Files\dotnet\sdk\8.0.422\Containers\build\Microsoft.NET.Build.Containers.targets (5,5) 处重新分配属性: $(_IsSDKContainerAllowedVersion)=“true”(先前值:“false”)
       在 C:\Program Files\dotnet\sdk\8.0.422\Containers\build\Microsoft.NET.Build.Containers.targets (15,5) 处重新分配属性: $(_ContainerIsTargetingNet8TFM)=“true”(先前值:“false”)
       在 Evaluation 期间加载的程序集: System.Reflection.Emit.Lightweight, Version=8.0.0.0, Culture=neutral, PublicKeyToken=b03f5f7f11d50a3a (位置: C:\Program Files\dotnet\shared\Microsoft.NETCore.App\8.0.28\System.Reflection.Emit.Lightweight.dll，MVID: 42c94bc6-c723-43e2-afe2-a61ac6b897c9，AssemblyLoadContext: Default)
       在 Evaluation 期间加载的程序集: System.Reflection.Emit.ILGeneration, Version=8.0.0.0, Culture=neutral, PublicKeyToken=b03f5f7f11d50a3a (位置: C:\Program Files\dotnet\shared\Microsoft.NETCore.App\8.0.28\System.Reflection.Emit.ILGeneration.dll，MVID: 3b27bde1-f305-40cc-a3dd-60c4369b0837，AssemblyLoadContext: Default)
       在 Evaluation 期间加载的程序集: System.Reflection.Primitives, Version=8.0.0.0, Culture=neutral, PublicKeyToken=b03f5f7f11d50a3a (位置: C:\Program Files\dotnet\shared\Microsoft.NETCore.App\8.0.28\System.Reflection.Primitives.dll，MVID: 67d9543c-b967-40fc-93ec-1c41dcadd9b6，AssemblyLoadContext: Default)
       正在使用项目“C:\Program Files\dotnet\sdk\8.0.422\Sdks\Microsoft.NET.Sdk\targets\Microsoft.NET.Sdk.FrameworkReferenceResolution.targets”中的目标“ResolveFrameworkReferences”重写项目“C:\Program Files\dotnet\sdk\8.0.422\Microsoft.Common.CurrentVersion.targets”中的目标“ResolveFrameworkReferences”。
       正在使用项目“C:\Program Files\dotnet\sdk\8.0.422\Sdks\Microsoft.NET.Sdk\targets\Microsoft.NET.Sdk.targets”中的目标“Run”重写项目“C:\Program Files\dotnet\sdk\8.0.422\Microsoft.Common.CurrentVersion.targets”中的目标“Run”。
       正在使用项目“C:\Program Files\dotnet\sdk\8.0.422\Sdks\Microsoft.NET.Sdk\targets\Microsoft.NET.Sdk.targets”中的目标“GenerateSupportedTargetFrameworkAlias”重写项目“C:\Program Files\dotnet\sdk\8.0.422\Microsoft.Common.CurrentVersion.targets”中的目标“GenerateSupportedTargetFrameworkAlias”。
       正在使用项目“C:\Program Files\dotnet\sdk\8.0.422\Sdks\Microsoft.NET.Sdk\targets\Microsoft.NET.DisableStandardFrameworkResolution.targets”中的目标“GetReferenceAssemblyPaths”重写项目“C:\Program Files\dotnet\sdk\8.0.422\Microsoft.Common.CurrentVersion.targets”中的目标“GetReferenceAssemblyPaths”。
       正在使用项目“C:\Program Files\dotnet\sdk\8.0.422\Sdks\Microsoft.NET.Sdk\targets\Microsoft.NET.DisableStandardFrameworkResolution.targets”中的目标“GetFrameworkPaths”重写项目“C:\Program Files\dotnet\sdk\8.0.422\Microsoft.Common.CurrentVersion.targets”中的目标“GetFrameworkPaths”。
       正在使用项目“C:\Program Files\dotnet\sdk\8.0.422\Sdks\Microsoft.NET.Sdk\targets\Microsoft.NET.DesignerSupport.targets”中的目标“DesignerRuntimeImplementationProjectOutputGroup”重写项目“C:\Program Files\dotnet\sdk\8.0.422\Microsoft.Common.CurrentVersion.targets”中的目标“DesignerRuntimeImplementationProjectOutputGroup”。
       正在使用项目“C:\Program Files\dotnet\sdk\8.0.422\Sdks\Microsoft.NET.Sdk\targets\Microsoft.NET.Publish.targets”中的目标“Publish”重写项目“C:\Program Files\dotnet\sdk\8.0.422\Microsoft.Common.CurrentVersion.targets”中的目标“Publish”。
       正在使用项目“C:\Program Files\dotnet\sdk\8.0.422\Sdks\Microsoft.NET.Sdk\targets\Microsoft.NET.Publish.targets”中的目标“ResolveReadyToRunCompilers”重写项目“C:\Program Files\dotnet\sdk\8.0.422\Sdks\Microsoft.NET.Sdk\targets\Microsoft.NET.CrossGen.targets”中的目标“ResolveReadyToRunCompilers”。
       正在使用项目“C:\Program Files\dotnet\sdk\8.0.422\Sdks\Microsoft.NET.Sdk\targets\Microsoft.NET.Publish.targets”中的目标“GetCopyToPublishDirectoryItems”重写项目“C:\Program Files\dotnet\sdk\8.0.422\Microsoft.Common.CurrentVersion.targets”中的目标“GetCopyToPublishDirectoryItems”。
       正在使用项目“C:\Program Files\dotnet\sdk\8.0.422\Sdks\Microsoft.NET.Sdk.WindowsDesktop\targets\Microsoft.WinFX.targets”中的目标“SatelliteDllsProjectOutputGroup”重写项目“C:\Program Files\dotnet\sdk\8.0.422\Microsoft.Common.CurrentVersion.targets”中的目标“SatelliteDllsProjectOutputGroup”。
     1>项目“D:\java_workspace\技能实训\源代码\NctSim\NctSim.csproj”在节点 1 上(Restore 个目标)。
     1>来自项目“D:\java_workspace\技能实训\源代码\NctSim\NctSim.csproj”的文件“C:\Program Files\dotnet\sdk\8.0.422\NuGet.targets”中的目标“_LoadRestoreGraphEntryPoints”(目标“_FilterRestoreGraphProjectInputItems”依赖于它):
     1>由于 false 条件，已跳过任务“GetRestoreSolutionProjectsTask”；( $(MSBuildProjectFullPath.EndsWith('.metaproj')) == 'true' AND @(RestoreGraphProjectInputItems) == '' )计算为( False == 'true' AND D:\java_workspace\技能实训\源代码\NctSim\NctSim.csproj == '' )。
     1>已完成在项目“NctSim.csproj”中生成目标“_LoadRestoreGraphEntryPoints”的操作。
     1>来自项目“D:\java_workspace\技能实训\源代码\NctSim\NctSim.csproj”的文件“C:\Program Files\dotnet\sdk\8.0.422\NuGet.targets”中的目标“_FilterRestoreGraphProjectInputItems”(目标“_GenerateRestoreGraph”依赖于它):
       正在使用程序集“Microsoft.Build.Tasks.Core, Version=15.1.0.0, Culture=neutral, PublicKeyToken=b03f5f7f11d50a3a”中的“RemoveDuplicates”任务。
       任务“RemoveDuplicates”
       已完成执行任务“RemoveDuplicates”的操作。
       正在使用程序集“Microsoft.Build.Tasks.Core, Version=15.1.0.0, Culture=neutral, PublicKeyToken=b03f5f7f11d50a3a”中的“MSBuild”任务。
       任务“MSBuild”
         全局属性:
           ExcludeRestorePackageImports=true
     0>值为“C:\Program Files\dotnet\sdk\8.0.422\”的属性“MSBuildExtensionsPath”从环境中展开。
       在 C:\Program Files\dotnet\sdk\8.0.422\Current\Microsoft.Common.props (60,5) 处重新分配属性: $(MSBuildProjectExtensionsPath)=“D:\java_workspace\技能实训\源代码\NctSim\obj\”(先前值:“obj\”)
       值为“C:\Users\张豪午\AppData\Local\Microsoft\MSBuild”的属性“MSBuildUserExtensionsPath”从环境中展开。
       在 C:\Program Files\dotnet\sdk\8.0.422\Sdks\Microsoft.NET.Sdk\targets\Microsoft.NET.Sdk.props (91,5) 处重新分配属性: $(AssemblySearchPaths)=“{CandidateAssemblyFiles};{HintPathFromItem}”(先前值:“{CandidateAssemblyFiles}”)
       在 C:\Program Files\dotnet\sdk\8.0.422\Sdks\Microsoft.NET.Sdk\targets\Microsoft.NET.Sdk.props (92,5) 处重新分配属性: $(AssemblySearchPaths)=“{CandidateAssemblyFiles};{HintPathFromItem};{TargetFrameworkDirectory}”(先前值:“{CandidateAssemblyFiles};{HintPathFromItem}”)
       在 C:\Program Files\dotnet\sdk\8.0.422\Sdks\Microsoft.NET.Sdk\targets\Microsoft.NET.Sdk.props (93,5) 处重新分配属性: $(AssemblySearchPaths)=“{CandidateAssemblyFiles};{HintPathFromItem};{TargetFrameworkDirectory};{RawFileName}”(先前值:“{CandidateAssemblyFiles};{HintPathFromItem};{TargetFrameworkDirectory}”)
       在 C:\Program Files\dotnet\sdk\8.0.422\Sdks\Microsoft.NET.Sdk\targets\Microsoft.NET.PackProjectTool.props (15,5) 处重新分配属性: $(TargetsForTfmSpecificContentInPackage)=“;PackTool;_PackProjectToolValidation”(先前值:“;PackTool”)
       在 D:\java_workspace\技能实训\源代码\NctSim\NctSim.csproj (4,5) 处重新分配属性: $(OutputType)=“WinExe”(先前值:“Library”)
       在 C:\Program Files\dotnet\sdk\8.0.422\Sdks\Microsoft.NET.Sdk\targets\Microsoft.NET.Sdk.ImportPublishProfile.targets (28,5) 处重新分配属性: $(PublishProfileImported)=“false”(先前值:“true”)
       在 C:\Program Files\dotnet\sdk\8.0.422\Sdks\Microsoft.NET.Sdk\targets\Microsoft.NET.TargetFrameworkInference.targets (68,5) 处重新分配属性: $(TargetPlatformVersion)=“0.0”(先前值:“0.0.0.0”)
       在 C:\Program Files\dotnet\sdk\8.0.422\Sdks\Microsoft.NET.Sdk\targets\Microsoft.NET.TargetFrameworkInference.targets (69,5) 处重新分配属性: $(TargetPlatformVersion)=“”(先前值:“0.0”)
       在 C:\Program Files\dotnet\sdk\8.0.422\Sdks\Microsoft.NET.Sdk\targets\Microsoft.NET.TargetFrameworkInference.targets (71,5) 处重新分配属性: $(TargetPlatformIdentifier)=“Windows”(先前值:“windows”)
       在 C:\Program Files\dotnet\sdk\8.0.422\Sdks\Microsoft.NET.Sdk\targets\Microsoft.NET.DefaultOutputPaths.targets (122,5) 处重新分配属性: $(DefaultItemExcludes)=“;bin\Debug\/**;obj\Debug\/**”(先前值:“;bin\Debug\/**”)
       在 C:\Program Files\dotnet\sdk\8.0.422\Sdks\Microsoft.NET.Sdk\targets\Microsoft.NET.DefaultOutputPaths.targets (137,5) 处重新分配属性: $(OutputPath)=“bin\Debug\net8.0-windows\”(先前值:“bin\Debug\”)
       在 C:\Program Files\dotnet\sdk\8.0.422\Sdks\Microsoft.NET.Sdk\targets\Microsoft.NET.DefaultOutputPaths.targets (142,5) 处重新分配属性: $(IntermediateOutputPath)=“obj\Debug\net8.0-windows\”(先前值:“obj\Debug\”)
       在 C:\Program Files\dotnet\sdk\8.0.422\Sdks\Microsoft.NET.Sdk\targets\Microsoft.NET.Sdk.BeforeCommon.targets (187,5) 处重新分配属性: $(_FrameworkIdentifierForImplicitDefine)=“NET”(先前值:“NETCOREAPP”)
       在 C:\Program Files\dotnet\sdk\8.0.422\Sdks\Microsoft.NET.Sdk\targets\Microsoft.NET.Sdk.BeforeCommon.targets (192,5) 处重新分配属性: $(_FrameworkVersionForImplicitDefine)=“8_0”(先前值:“8.0”)
       在 C:\Program Files\dotnet\sdk\8.0.422\Roslyn\Microsoft.CSharp.Core.targets (200,5) 处重新分配属性: $(CommandLineArgsForDesignTimeEvaluation)=“-langversion:12.0 -define:TRACE”(先前值:“-langversion:12.0”)
       在 C:\Program Files\dotnet\sdk\8.0.422\Microsoft.Common.CurrentVersion.targets (175,5) 处重新分配属性: $(_DebugSymbolsProduced)=“true”(先前值:“false”)
       在 C:\Program Files\dotnet\sdk\8.0.422\Microsoft.Common.CurrentVersion.targets (185,5) 处重新分配属性: $(_DocumentationFileProduced)=“false”(先前值:“true”)
       在 C:\Program Files\dotnet\sdk\8.0.422\Microsoft.Common.CurrentVersion.targets (393,5) 处重新分配属性: $(MSBuildCopyMarkerName)=“NctSim.csproj.Up2Date”(先前值:“NctSim.csproj”)
       在 C:\Program Files\dotnet\sdk\8.0.422\Microsoft.Common.CurrentVersion.targets (541,5) 处重新分配属性: $(ProcessorArchitecture)=“msil”(先前值:“”)
       在 C:\Program Files\dotnet\sdk\8.0.422\Microsoft.Common.CurrentVersion.targets (580,5) 处重新分配属性: $(DelaySign)=“”(先前值:“false”)
       值为“C:\Users\张豪午\AppData\Local”的属性“LOCALAPPDATA”从环境中展开。
       在 C:\Program Files\dotnet\sdk\8.0.422\Microsoft.Common.CurrentVersion.targets (3896,5) 处重新分配属性: $(_SGenGenerateSerializationAssembliesConfig)=“Auto”(先前值:“”)
       在 C:\Program Files\dotnet\sdk\8.0.422\Microsoft.Common.CurrentVersion.targets (3897,5) 处重新分配属性: $(_SGenGenerateSerializationAssembliesConfig)=“Off”(先前值:“Auto”)
       在 C:\Program Files\dotnet\sdk\8.0.422\Microsoft.Common.CurrentVersion.targets (5099,5) 处重新分配属性: $(_TargetsThatPrepareProjectReferences)=“
             AssignProjectConfiguration;
             _SplitProjectReferencesByFileExistence
           ”(先前值:“_SplitProjectReferencesByFileExistence”)
       值为“C:\Program Files\dotnet\sdk\8.0.422”的属性“MSBuildExtensionsPath32”从环境中展开。
       在 C:\Program Files\dotnet\sdk\8.0.422\Sdks\Microsoft.NET.Sdk\targets\Microsoft.PackageDependencyResolution.targets (24,5) 处重新分配属性: $(ProjectAssetsFile)=“D:\java_workspace\技能实训\源代码\NctSim\obj\project.assets.json”(先前值:“D:\java_workspace\技能实训\源代码\NctSim\obj\/project.assets.json”)
       在 C:\Program Files\dotnet\sdk\8.0.422\Sdks\Microsoft.NET.Sdk\targets\Microsoft.PackageDependencyResolution.targets (29,5) 处重新分配属性: $(ProjectAssetsCacheFile)=“D:\java_workspace\技能实训\源代码\NctSim\obj\Debug\net8.0-windows\NctSim.assets.cache”(先前值:“obj\Debug\net8.0-windows\NctSim.assets.cache”)
       在 C:\Program Files\dotnet\sdk\8.0.422\Sdks\Microsoft.NET.Sdk\targets\Microsoft.PackageDependencyResolution.targets (80,5) 处重新分配属性: $(ResolveAssemblyReferencesDependsOn)=“
             
             ResolveProjectReferences;
             FindInvalidProjectReferences;
             GetFrameworkPaths;
             GetReferenceAssemblyPaths;
             PrepareForBuild;
             ResolveSDKReferences;
             ExpandSDKReferences;
           ;
             ResolvePackageDependenciesForBuild;
             _HandlePackageFileConflicts;
           ”(先前值:“
             ResolveProjectReferences;
             FindInvalidProjectReferences;
             GetFrameworkPaths;
             GetReferenceAssemblyPaths;
             PrepareForBuild;
             ResolveSDKReferences;
             ExpandSDKReferences;
           ”)
       在 C:\Program Files\dotnet\sdk\8.0.422\Sdks\Microsoft.NET.Sdk\targets\Microsoft.PackageDependencyResolution.targets (86,5) 处重新分配属性: $(PrepareResourcesDependsOn)=“
             ResolvePackageDependenciesForBuild;
             _HandlePackageFileConflicts;
             
             ;
             PrepareResourceNames;
             ResGen;
             CompileLicxFiles
           
           ”(先前值:“
             ;
             PrepareResourceNames;
             ResGen;
             CompileLicxFiles
           ”)
       在 C:\Program Files\dotnet\sdk\8.0.422\Sdks\Microsoft.NET.Sdk\targets\Microsoft.NET.Sdk.DefaultItems.targets (27,5) 处重新分配属性: $(DefaultItemExcludes)=“;bin\Debug\/**;obj\Debug\/**;bin\/**”(先前值:“;bin\Debug\/**;obj\Debug\/**”)
       在 C:\Program Files\dotnet\sdk\8.0.422\Sdks\Microsoft.NET.Sdk\targets\Microsoft.NET.Sdk.DefaultItems.targets (29,5) 处重新分配属性: $(DefaultItemExcludes)=“;bin\Debug\/**;obj\Debug\/**;bin\/**;obj\/**”(先前值:“;bin\Debug\/**;obj\Debug\/**;bin\/**”)
       在 C:\Program Files\dotnet\sdk\8.0.422\Sdks\Microsoft.NET.Sdk\targets\Microsoft.NET.Sdk.DefaultItems.targets (32,5) 处重新分配属性: $(DefaultItemExcludes)=“;bin\Debug\/**;obj\Debug\/**;bin\/**;obj\/**;**/*.user”(先前值:“;bin\Debug\/**;obj\Debug\/**;bin\/**;obj\/**”)
       在 C:\Program Files\dotnet\sdk\8.0.422\Sdks\Microsoft.NET.Sdk\targets\Microsoft.NET.Sdk.DefaultItems.targets (33,5) 处重新分配属性: $(DefaultItemExcludes)=“;bin\Debug\/**;obj\Debug\/**;bin\/**;obj\/**;**/*.user;**/*.*proj”(先前值:“;bin\Debug\/**;obj\Debug\/**;bin\/**;obj\/**;**/*.user”)
       在 C:\Program Files\dotnet\sdk\8.0.422\Sdks\Microsoft.NET.Sdk\targets\Microsoft.NET.Sdk.DefaultItems.targets (34,5) 处重新分配属性: $(DefaultItemExcludes)=“;bin\Debug\/**;obj\Debug\/**;bin\/**;obj\/**;**/*.user;**/*.*proj;**/*.sln”(先前值:“;bin\Debug\/**;obj\Debug\/**;bin\/**;obj\/**;**/*.user;**/*.*proj”)
       在 C:\Program Files\dotnet\sdk\8.0.422\Sdks\Microsoft.NET.Sdk\targets\Microsoft.NET.Sdk.DefaultItems.targets (35,5) 处重新分配属性: $(DefaultItemExcludes)=“;bin\Debug\/**;obj\Debug\/**;bin\/**;obj\/**;**/*.user;**/*.*proj;**/*.sln;**/*.vssscc”(先前值:“;bin\Debug\/**;obj\Debug\/**;bin\/**;obj\/**;**/*.user;**/*.*proj;**/*.sln”)
       在 C:\Program Files\dotnet\sdk\8.0.422\Sdks\Microsoft.NET.Sdk\targets\Microsoft.NET.Sdk.DefaultItems.targets (36,5) 处重新分配属性: $(DefaultItemExcludes)=“;bin\Debug\/**;obj\Debug\/**;bin\/**;obj\/**;**/*.user;**/*.*proj;**/*.sln;**/*.vssscc;**/.DS_Store”(先前值:“;bin\Debug\/**;obj\Debug\/**;bin\/**;obj\/**;**/*.user;**/*.*proj;**/*.sln;**/*.vssscc”)
       在 C:\Program Files\dotnet\sdk\8.0.422\Sdks\Microsoft.NET.Sdk\targets\Microsoft.NET.Sdk.FrameworkReferenceResolution.targets (14,5) 处重新分配属性: $(ResolveAssemblyReferencesDependsOn)=“
             
             
             ResolveProjectReferences;
             FindInvalidProjectReferences;
             GetFrameworkPaths;
             GetReferenceAssemblyPaths;
             PrepareForBuild;
             ResolveSDKReferences;
             ExpandSDKReferences;
           ;
             ResolvePackageDependenciesForBuild;
             _HandlePackageFileConflicts;
           ;
             ResolveTargetingPackAssets;
           ”(先前值:“
             
             ResolveProjectReferences;
             FindInvalidProjectReferences;
             GetFrameworkPaths;
             GetReferenceAssemblyPaths;
             PrepareForBuild;
             ResolveSDKReferences;
             ExpandSDKReferences;
           ;
             ResolvePackageDependenciesForBuild;
             _HandlePackageFileConflicts;
           ”)
       在 C:\Program Files\dotnet\sdk\8.0.422\Sdks\Microsoft.NET.Sdk\targets\Microsoft.NET.Sdk.targets (44,5) 处重新分配属性: $(_GenerateRuntimeConfigurationPropertyInputsCache)=“D:\java_workspace\技能实训\源代码\NctSim\obj\Debug\net8.0-windows\NctSim.genruntimeconfig.cache”(先前值:“obj\Debug\net8.0-windows\NctSim.genruntimeconfig.cache”)
       在 C:\Program Files\dotnet\sdk\8.0.422\Sdks\Microsoft.NET.Sdk\targets\Microsoft.NET.Sdk.targets (46,5) 处重新分配属性: $(_GeneratePublishDependencyFilePropertyInputsCache)=“D:\java_workspace\技能实训\源代码\NctSim\obj\Debug\net8.0-windows\NctSim.genpublishdeps.cache”(先前值:“obj\Debug\net8.0-windows\NctSim.genpublishdeps.cache”)
       在 C:\Program Files\dotnet\sdk\8.0.422\Sdks\Microsoft.NET.Sdk\targets\Microsoft.NET.Sdk.targets (48,5) 处重新分配属性: $(_GenerateSingleFileBundlePropertyInputsCache)=“D:\java_workspace\技能实训\源代码\NctSim\obj\Debug\net8.0-windows\NctSim.genbundle.cache”(先前值:“obj\Debug\net8.0-windows\NctSim.genbundle.cache”)
       在 C:\Program Files\dotnet\sdk\8.0.422\Sdks\Microsoft.NET.Sdk\targets\Microsoft.NET.Sdk.targets (81,5) 处重新分配属性: $(GenerateRuntimeConfigDevFile)=“false”(先前值:“true”)
       值为“C:\Users\张豪午”的属性“USERPROFILE”从环境中展开。
       在 C:\Program Files\dotnet\sdk\8.0.422\Sdks\Microsoft.NET.Sdk\targets\Microsoft.NET.Sdk.targets (97,5) 处重新分配属性: $(_DefaultUserProfileRuntimeStorePath)=“C:\Users\张豪午”(先前值:“”)
       在 C:\Program Files\dotnet\sdk\8.0.422\Sdks\Microsoft.NET.Sdk\targets\Microsoft.NET.Sdk.targets (98,5) 处重新分配属性: $(_DefaultUserProfileRuntimeStorePath)=“C:\Users\张豪午\.dotnet\store”(先前值:“C:\Users\张豪午”)
       在 C:\Program Files\dotnet\sdk\8.0.422\Sdks\Microsoft.NET.Sdk\targets\Microsoft.NET.Sdk.targets (136,5) 处重新分配属性: $(AvailablePlatforms)=“Any CPU,x86,x64,ARM32”(先前值:“Any CPU,x86,x64”)
       在 C:\Program Files\dotnet\sdk\8.0.422\Sdks\Microsoft.NET.Sdk\targets\Microsoft.NET.Sdk.targets (140,5) 处重新分配属性: $(AvailablePlatforms)=“Any CPU,x86,x64,ARM32,ARM64”(先前值:“Any CPU,x86,x64,ARM32”)
       在 C:\Program Files\dotnet\sdk\8.0.422\Sdks\Microsoft.NET.Sdk\targets\Microsoft.NET.Sdk.targets (197,5) 处重新分配属性: $(CoreBuildDependsOn)=“
             _CheckForBuildWithNoBuild;
             
             BuildOnlySettings;
             PrepareForBuild;
             PreBuildEvent;
             ResolveReferences;
             PrepareResources;
             ResolveKeySource;
             Compile;
             ExportWindowsMDFile;
             UnmanagedUnregistration;
             GenerateSerializationAssemblies;
             CreateSatelliteAssemblies;
             GenerateManifests;
             GetTargetPath;
             PrepareForRun;
             UnmanagedRegistration;
             IncrementalClean;
             PostBuildEvent
           ;
             GenerateBuildDependencyFile;
             GenerateBuildRuntimeConfigurationFiles
           ”(先前值:“
             BuildOnlySettings;
             PrepareForBuild;
             PreBuildEvent;
             ResolveReferences;
             PrepareResources;
             ResolveKeySource;
             Compile;
             ExportWindowsMDFile;
             UnmanagedUnregistration;
             GenerateSerializationAssemblies;
             CreateSatelliteAssemblies;
             GenerateManifests;
             GetTargetPath;
             PrepareForRun;
             UnmanagedRegistration;
             IncrementalClean;
             PostBuildEvent
           ”)
       在 C:\Program Files\dotnet\sdk\8.0.422\Sdks\Microsoft.NET.Sdk\targets\Microsoft.NET.Sdk.targets (206,5) 处重新分配属性: $(CoreCleanDependsOn)=“
             _SdkBeforeClean;
             
           ”(先前值:“”)
       在 C:\Program Files\dotnet\sdk\8.0.422\Sdks\Microsoft.NET.Sdk\targets\Microsoft.NET.Sdk.targets (213,5) 处重新分配属性: $(RebuildDependsOn)=“
             _SdkBeforeRebuild;
             
             BeforeRebuild;
             Clean;
             Build;
             AfterRebuild;
           
           ”(先前值:“
             BeforeRebuild;
             Clean;
             Build;
             AfterRebuild;
           ”)
       在 C:\Program Files\dotnet\sdk\8.0.422\Sdks\Microsoft.NET.Sdk\targets\Microsoft.NET.Sdk.targets (679,5) 处重新分配属性: $(CompileDependsOn)=“
             
             ResolveReferences;
             ResolveKeySource;
             SetWin32ManifestProperties;
             _SetPreferNativeArm64Win32ManifestProperties;
             FindReferenceAssembliesForReferences;
             _GenerateCompileInputs;
             BeforeCompile;
             _TimeStampBeforeCompile;
             _GenerateCompileDependencyCache;
             CoreCompile;
             _TimeStampAfterCompile;
             AfterCompile;
           ;
             _CreateAppHost;
             _CreateComHost;
             _GetIjwHostPaths;
           ”(先前值:“
             ResolveReferences;
             ResolveKeySource;
             SetWin32ManifestProperties;
             _SetPreferNativeArm64Win32ManifestProperties;
             FindReferenceAssembliesForReferences;
             _GenerateCompileInputs;
             BeforeCompile;
             _TimeStampBeforeCompile;
             _GenerateCompileDependencyCache;
             CoreCompile;
             _TimeStampAfterCompile;
             AfterCompile;
           ”)
       在 C:\Program Files\dotnet\sdk\8.0.422\Sdks\Microsoft.NET.Sdk\targets\Microsoft.NET.Sdk.targets (1065,5) 处重新分配属性: $(CreateSatelliteAssembliesDependsOn)=“
             
             ;
             _GenerateSatelliteAssemblyInputs;
             ComputeIntermediateSatelliteAssemblies;
             GenerateSatelliteAssemblies
           ;
             CoreGenerateSatelliteAssemblies
           ”(先前值:“
             ;
             _GenerateSatelliteAssemblyInputs;
             ComputeIntermediateSatelliteAssemblies;
             GenerateSatelliteAssemblies
           ”)
       在 C:\Program Files\dotnet\sdk\8.0.422\Sdks\Microsoft.SourceLink.GitLab\build\Microsoft.SourceLink.GitLab.targets (12,5) 处重新分配属性: $(SourceLinkUrlInitializerTargets)=“;_InitializeGitHubSourceLinkUrl;_InitializeGitLabSourceLinkUrl”(先前值:“;_InitializeGitHubSourceLinkUrl”)
       在 C:\Program Files\dotnet\sdk\8.0.422\Sdks\Microsoft.SourceLink.GitLab\build\Microsoft.SourceLink.GitLab.targets (13,5) 处重新分配属性: $(SourceControlManagerUrlTranslationTargets)=“;TranslateGitHubUrlsInSourceControlInformation;TranslateGitLabUrlsInSourceControlInformation”(先前值:“;TranslateGitHubUrlsInSourceControlInformation”)
       在 C:\Program Files\dotnet\sdk\8.0.422\Sdks\Microsoft.SourceLink.AzureRepos.Git\build\Microsoft.SourceLink.AzureRepos.Git.targets (12,5) 处重新分配属性: $(SourceLinkUrlInitializerTargets)=“;_InitializeGitHubSourceLinkUrl;_InitializeGitLabSourceLinkUrl;_InitializeAzureReposGitSourceLinkUrl”(先前值:“;_InitializeGitHubSourceLinkUrl;_InitializeGitLabSourceLinkUrl”)
       在 C:\Program Files\dotnet\sdk\8.0.422\Sdks\Microsoft.SourceLink.AzureRepos.Git\build\Microsoft.SourceLink.AzureRepos.Git.targets (13,5) 处重新分配属性: $(SourceControlManagerUrlTranslationTargets)=“;TranslateGitHubUrlsInSourceControlInformation;TranslateGitLabUrlsInSourceControlInformation;TranslateAzureReposGitUrlsInSourceControlInformation”(先前值:“;TranslateGitHubUrlsInSourceControlInformation;TranslateGitLabUrlsInSourceControlInformation”)
       在 C:\Program Files\dotnet\sdk\8.0.422\Sdks\Microsoft.SourceLink.Bitbucket.Git\build\Microsoft.SourceLink.Bitbucket.Git.targets (12,5) 处重新分配属性: $(SourceLinkUrlInitializerTargets)=“;_InitializeGitHubSourceLinkUrl;_InitializeGitLabSourceLinkUrl;_InitializeAzureReposGitSourceLinkUrl;_InitializeBitbucketGitSourceLinkUrl”(先前值:“;_InitializeGitHubSourceLinkUrl;_InitializeGitLabSourceLinkUrl;_InitializeAzureReposGitSourceLinkUrl”)
       在 C:\Program Files\dotnet\sdk\8.0.422\Sdks\Microsoft.SourceLink.Bitbucket.Git\build\Microsoft.SourceLink.Bitbucket.Git.targets (13,5) 处重新分配属性: $(SourceControlManagerUrlTranslationTargets)=“;TranslateGitHubUrlsInSourceControlInformation;TranslateGitLabUrlsInSourceControlInformation;TranslateAzureReposGitUrlsInSourceControlInformation;TranslateBitbucketGitUrlsInSourceControlInformation”(先前值:“;TranslateGitHubUrlsInSourceControlInformation;TranslateGitLabUrlsInSourceControlInformation;TranslateAzureReposGitUrlsInSourceControlInformation”)
       在 C:\Program Files\dotnet\sdk\8.0.422\Sdks\Microsoft.NET.Sdk\targets\Microsoft.NET.DesignerSupport.targets (21,5) 处重新分配属性: $(DesignerRuntimeImplementationProjectOutputGroupDependsOn)=“
             
             ;
             
             ;
             BuildOnlySettings;
             PrepareForBuild;
             AssignTargetPaths;
             ResolveReferences
           
           ;
             _GenerateDesignerDepsFile;
             _GenerateDesignerRuntimeConfigFile;
             GetCopyToOutputDirectoryItems;
             _GatherDesignerShadowCopyFiles;
           ”(先前值:“
             ;
             
             ;
             BuildOnlySettings;
             PrepareForBuild;
             AssignTargetPaths;
             ResolveReferences
           
           ”)
       在 C:\Program Files\dotnet\sdk\8.0.422\Sdks\Microsoft.NET.Sdk\targets\Microsoft.NET.PackTool.targets (68,5) 处重新分配属性: $(_GenerateToolsSettingsFileCacheFile)=“D:\java_workspace\技能实训\源代码\NctSim\obj\Debug\net8.0-windows\NctSim.toolssettingsinput.cache”(先前值:“obj\Debug\net8.0-windows\NctSim.toolssettingsinput.cache”)
       在 C:\Program Files\dotnet\sdk\8.0.422\Sdks\Microsoft.NET.Sdk\targets\Microsoft.NET.PackTool.targets (137,5) 处重新分配属性: $(_ShimInputCacheFile)=“D:\java_workspace\技能实训\源代码\NctSim\obj\Debug\net8.0-windows\NctSim.shiminput.cache”(先前值:“obj\Debug\net8.0-windows\NctSim.shiminput.cache”)
       在 C:\Program Files\dotnet\sdk\8.0.422\Sdks\Microsoft.NET.Sdk\targets\Microsoft.NET.PackTool.targets (139,5) 处重新分配属性: $(_ShimCreatedSentinelFile)=“D:\java_workspace\技能实训\源代码\NctSim\obj\Debug\net8.0-windows\NctSim.shimcreated.sentinel”(先前值:“obj\Debug\net8.0-windows\NctSim.shimcreated.sentinel”)
       在 C:\Program Files\dotnet\sdk\8.0.422\Sdks\Microsoft.NET.Sdk\targets\Microsoft.NET.Sdk.CSharp.targets (31,5) 处重新分配属性: $(DefineConstants)=“TRACE;DEBUG”(先前值:“TRACE”)
       在 C:\Program Files\dotnet\sdk\8.0.422\Sdks\Microsoft.NET.Sdk\targets\Microsoft.NET.Sdk.CSharp.targets (34,5) 处重新分配属性: $(DefineConstants)=“TRACE;DEBUG;NET;NET8_0;NETCOREAPP”(先前值:“TRACE;DEBUG”)
       在 C:\Program Files\dotnet\sdk\8.0.422\Sdks\Microsoft.NET.Sdk\targets\Microsoft.NET.Sdk.CSharp.targets (48,5) 处重新分配属性: $(WarningsAsErrors)=“;NU1605;SYSLIB0011”(先前值:“;NU1605”)
       在 C:\Program Files\dotnet\sdk\8.0.422\Sdks\Microsoft.NET.Sdk\targets\Microsoft.NET.Windows.targets (34,5) 处重新分配属性: $(TargetPlatformVersion)=“7.0”(先前值:“”)
       在 C:\Program Files\dotnet\sdk\8.0.422\Sdks\Microsoft.NET.Sdk\targets\Microsoft.NET.Windows.targets (44,5) 处重新分配属性: $(SupportedOSPlatformVersion)=“7.0”(先前值:“”)
       在 C:\Program Files\dotnet\sdk\8.0.422\Sdks\Microsoft.NET.Sdk\targets\Microsoft.NET.Windows.targets (45,5) 处重新分配属性: $(TargetPlatformMinVersion)=“7.0”(先前值:“”)
       在 C:\Program Files\dotnet\sdk\8.0.422\Sdks\Microsoft.NET.Sdk\targets\Microsoft.NET.Sdk.targets (1347,5) 处重新分配属性: $(TargetPlatformDisplayName)=“Windows 7.0”(先前值:“Windows ”)
       在 C:\Program Files\dotnet\sdk\8.0.422\Sdks\Microsoft.NET.Sdk.WindowsDesktop\targets\Microsoft.NET.Sdk.WindowsDesktop.targets (51,5) 处重新分配属性: $(_TargetFrameworkVersionValue)=“8.0”(先前值:“0.0”)
       在 C:\Program Files\dotnet\sdk\8.0.422\Sdks\Microsoft.NET.Sdk.WindowsDesktop\targets\Microsoft.WinFX.targets (61,7) 处重新分配属性: $(PrepareResourceNamesDependsOn)=“
                           AssignWinFXEmbeddedResource;
                           
             AssignTargetPaths;
             SplitResourcesByCulture;
             CreateManifestResourceNames;
             CreateCustomManifestResourceNames
           
             ”(先前值:“
             AssignTargetPaths;
             SplitResourcesByCulture;
             CreateManifestResourceNames;
             CreateCustomManifestResourceNames
           ”)
       在 C:\Program Files\dotnet\sdk\8.0.422\Sdks\Microsoft.NET.Sdk.WindowsDesktop\targets\Microsoft.WinFX.targets (69,7) 处重新分配属性: $(PrepareResourcesDependsOn)=“
                       MarkupCompilePass1;
                       AfterMarkupCompilePass1;
                       MarkupCompilePass2ForMainAssembly;
                       FileClassification;
                       MainResourcesGeneration;
                       
             ResolvePackageDependenciesForBuild;
             _HandlePackageFileConflicts;
             
             ;
             PrepareResourceNames;
             ResGen;
             CompileLicxFiles
           
           
             ”(先前值:“
             ResolvePackageDependenciesForBuild;
             _HandlePackageFileConflicts;
             
             ;
             PrepareResourceNames;
             ResGen;
             CompileLicxFiles
           
           ”)
       在 C:\Program Files\dotnet\sdk\8.0.422\Sdks\Microsoft.NET.Sdk.WindowsDesktop\targets\Microsoft.WinFX.targets (136,5) 处重新分配属性: $(CompileDependsOn)=“
               
             
             ResolveReferences;
             ResolveKeySource;
             SetWin32ManifestProperties;
             _SetPreferNativeArm64Win32ManifestProperties;
             FindReferenceAssembliesForReferences;
             _GenerateCompileInputs;
             BeforeCompile;
             _TimeStampBeforeCompile;
             _GenerateCompileDependencyCache;
             CoreCompile;
             _TimeStampAfterCompile;
             AfterCompile;
           ;
             _CreateAppHost;
             _CreateComHost;
             _GetIjwHostPaths;
           ;
               _AfterCompileWinFXInternal
           ”(先前值:“
             
             ResolveReferences;
             ResolveKeySource;
             SetWin32ManifestProperties;
             _SetPreferNativeArm64Win32ManifestProperties;
             FindReferenceAssembliesForReferences;
             _GenerateCompileInputs;
             BeforeCompile;
             _TimeStampBeforeCompile;
             _GenerateCompileDependencyCache;
             CoreCompile;
             _TimeStampAfterCompile;
             AfterCompile;
           ;
             _CreateAppHost;
             _CreateComHost;
             _GetIjwHostPaths;
           ”)
       在 C:\Program Files\dotnet\sdk\8.0.422\Sdks\Microsoft.NET.Sdk.WindowsDesktop\targets\Microsoft.WinFX.targets (802,9) 处重新分配属性: $(PublishBuildDependsOn)=“
                   BuildOnlySettings;
                   PrepareForBuild;
                   ResolveReferences;
                   PrepareResources;
                   ResolveKeySource;
                   PrepareResourcesForSatelliteAssemblies;
                   GenerateSerializationAssemblies;
                   CreateSatelliteAssemblies;
               ”(先前值:“
             BuildOnlySettings;
             PrepareForBuild;
             ResolveReferences;
             PrepareResources;
             ResolveKeySource;
             GenerateSerializationAssemblies;
             CreateSatelliteAssemblies;
           ”)
       在 C:\Program Files\dotnet\sdk\8.0.422\Sdks\NuGet.Build.Tasks.Pack\build\NuGet.Build.Tasks.Pack.targets (34,5) 处重新分配属性: $(PackageDescription)=“Package Description”(先前值:“”)
       在 C:\Program Files\dotnet\sdk\8.0.422\Sdks\NuGet.Build.Tasks.Pack\build\NuGet.Build.Tasks.Pack.targets (59,5) 处重新分配属性: $(GenerateNuspecDependsOn)=“Build;_LoadPackInputItems; _GetTargetFrameworksOutput; _WalkEachTargetPerFramework; _GetPackageFiles; ”(先前值:“_LoadPackInputItems; _GetTargetFrameworksOutput; _WalkEachTargetPerFramework; _GetPackageFiles; ”)
       在 C:\Program Files\dotnet\sdk\8.0.422\Sdks\Microsoft.NET.Sdk\Sdk\Sdk.targets (59,5) 处重新分配属性: $(_IsNotSetContainersTargetsDir)=“true”(先前值:“false”)
       在 C:\Program Files\dotnet\sdk\8.0.422\Containers\build\Microsoft.NET.Build.Containers.targets (5,5) 处重新分配属性: $(_IsSDKContainerAllowedVersion)=“true”(先前值:“false”)
       在 C:\Program Files\dotnet\sdk\8.0.422\Containers\build\Microsoft.NET.Build.Containers.targets (15,5) 处重新分配属性: $(_ContainerIsTargetingNet8TFM)=“true”(先前值:“false”)
       正在使用项目“C:\Program Files\dotnet\sdk\8.0.422\Sdks\Microsoft.NET.Sdk\targets\Microsoft.NET.Sdk.FrameworkReferenceResolution.targets”中的目标“ResolveFrameworkReferences”重写项目“C:\Program Files\dotnet\sdk\8.0.422\Microsoft.Common.CurrentVersion.targets”中的目标“ResolveFrameworkReferences”。
       正在使用项目“C:\Program Files\dotnet\sdk\8.0.422\Sdks\Microsoft.NET.Sdk\targets\Microsoft.NET.Sdk.targets”中的目标“Run”重写项目“C:\Program Files\dotnet\sdk\8.0.422\Microsoft.Common.CurrentVersion.targets”中的目标“Run”。
       正在使用项目“C:\Program Files\dotnet\sdk\8.0.422\Sdks\Microsoft.NET.Sdk\targets\Microsoft.NET.Sdk.targets”中的目标“GenerateSupportedTargetFrameworkAlias”重写项目“C:\Program Files\dotnet\sdk\8.0.422\Microsoft.Common.CurrentVersion.targets”中的目标“GenerateSupportedTargetFrameworkAlias”。
       正在使用项目“C:\Program Files\dotnet\sdk\8.0.422\Sdks\Microsoft.NET.Sdk\targets\Microsoft.NET.DisableStandardFrameworkResolution.targets”中的目标“GetReferenceAssemblyPaths”重写项目“C:\Program Files\dotnet\sdk\8.0.422\Microsoft.Common.CurrentVersion.targets”中的目标“GetReferenceAssemblyPaths”。
       正在使用项目“C:\Program Files\dotnet\sdk\8.0.422\Sdks\Microsoft.NET.Sdk\targets\Microsoft.NET.DisableStandardFrameworkResolution.targets”中的目标“GetFrameworkPaths”重写项目“C:\Program Files\dotnet\sdk\8.0.422\Microsoft.Common.CurrentVersion.targets”中的目标“GetFrameworkPaths”。
       正在使用项目“C:\Program Files\dotnet\sdk\8.0.422\Sdks\Microsoft.NET.Sdk\targets\Microsoft.NET.DesignerSupport.targets”中的目标“DesignerRuntimeImplementationProjectOutputGroup”重写项目“C:\Program Files\dotnet\sdk\8.0.422\Microsoft.Common.CurrentVersion.targets”中的目标“DesignerRuntimeImplementationProjectOutputGroup”。
       正在使用项目“C:\Program Files\dotnet\sdk\8.0.422\Sdks\Microsoft.NET.Sdk\targets\Microsoft.NET.Publish.targets”中的目标“Publish”重写项目“C:\Program Files\dotnet\sdk\8.0.422\Microsoft.Common.CurrentVersion.targets”中的目标“Publish”。
       正在使用项目“C:\Program Files\dotnet\sdk\8.0.422\Sdks\Microsoft.NET.Sdk\targets\Microsoft.NET.Publish.targets”中的目标“ResolveReadyToRunCompilers”重写项目“C:\Program Files\dotnet\sdk\8.0.422\Sdks\Microsoft.NET.Sdk\targets\Microsoft.NET.CrossGen.targets”中的目标“ResolveReadyToRunCompilers”。
       正在使用项目“C:\Program Files\dotnet\sdk\8.0.422\Sdks\Microsoft.NET.Sdk\targets\Microsoft.NET.Publish.targets”中的目标“GetCopyToPublishDirectoryItems”重写项目“C:\Program Files\dotnet\sdk\8.0.422\Microsoft.Common.CurrentVersion.targets”中的目标“GetCopyToPublishDirectoryItems”。
       正在使用项目“C:\Program Files\dotnet\sdk\8.0.422\Sdks\Microsoft.NET.Sdk.WindowsDesktop\targets\Microsoft.WinFX.targets”中的目标“SatelliteDllsProjectOutputGroup”重写项目“C:\Program Files\dotnet\sdk\8.0.422\Microsoft.Common.CurrentVersion.targets”中的目标“SatelliteDllsProjectOutputGroup”。
     1>项目“D:\java_workspace\技能实训\源代码\NctSim\NctSim.csproj”(1)正在节点 1 上生成“D:\java_workspace\技能实训\源代码\NctSim\NctSim.csproj”(1:2) (_IsProjectRestoreSupported 个目标)。
   1:2>来自项目“D:\java_workspace\技能实训\源代码\NctSim\NctSim.csproj”的文件“C:\Program Files\dotnet\sdk\8.0.422\NuGet.targets”中的目标“_IsProjectRestoreSupported”(入口点):
   1:2>已完成在项目“NctSim.csproj”中生成目标“_IsProjectRestoreSupported”的操作。
   1:2>已完成生成项目“D:\java_workspace\技能实训\源代码\NctSim\NctSim.csproj”(_IsProjectRestoreSupported 个目标)的操作。
     1>已完成执行任务“MSBuild”的操作。
       由于 false 条件，已跳过任务“MSBuild”；( '$(RestoreUseSkipNonexistentTargets)' != 'true' )计算为( 'true' != 'true' )。
       在 TaskRun 期间加载的程序集: NuGet.Build.Tasks, Version=6.11.2.1, Culture=neutral, PublicKeyToken=31bf3856ad364e35 (位置: C:\Program Files\dotnet\sdk\8.0.422\NuGet.Build.Tasks.dll，MVID: 3f3a6e89-b56d-43da-8480-71aeb94f0e02，AssemblyLoadContext: MSBuild plugin C:\Program Files\dotnet\sdk\8.0.422\NuGet.Build.Tasks.dll)
       在 TaskRun 期间加载的程序集: NuGet.Common, Version=6.11.2.1, Culture=neutral, PublicKeyToken=31bf3856ad364e35 (位置: C:\Program Files\dotnet\sdk\8.0.422\NuGet.Common.dll，MVID: 15376c23-a43e-4971-b931-008e4d673049，AssemblyLoadContext: MSBuild plugin C:\Program Files\dotnet\sdk\8.0.422\NuGet.Build.Tasks.dll)
       在 TaskRun 期间加载的程序集: NuGet.Commands, Version=6.11.2.1, Culture=neutral, PublicKeyToken=31bf3856ad364e35 (位置: C:\Program Files\dotnet\sdk\8.0.422\NuGet.Commands.dll，MVID: ff044f7d-8bd9-4bc1-89f4-801a22469c8a，AssemblyLoadContext: MSBuild plugin C:\Program Files\dotnet\sdk\8.0.422\NuGet.Build.Tasks.dll)
       在 TaskRun 期间加载的程序集: NuGet.ProjectModel, Version=6.11.2.1, Culture=neutral, PublicKeyToken=31bf3856ad364e35 (位置: C:\Program Files\dotnet\sdk\8.0.422\NuGet.ProjectModel.dll，MVID: 755a1321-399c-4749-8017-d641fe1d10e2，AssemblyLoadContext: MSBuild plugin C:\Program Files\dotnet\sdk\8.0.422\NuGet.Build.Tasks.dll)
       正在使用程序集“C:\Program Files\dotnet\sdk\8.0.422\NuGet.Build.Tasks.dll”中的“WarnForInvalidProjectsTask”任务。
       任务“WarnForInvalidProjectsTask”
       已完成执行任务“WarnForInvalidProjectsTask”的操作。
     1>已完成在项目“NctSim.csproj”中生成目标“_FilterRestoreGraphProjectInputItems”的操作。
       已跳过目标“_FilterRestoreGraphProjectInputItems”。以前的生成已成功。
     1>来自项目“D:\java_workspace\技能实训\源代码\NctSim\NctSim.csproj”的文件“C:\Program Files\dotnet\sdk\8.0.422\NuGet.targets”中的目标“_GetAllRestoreProjectPathItems”(目标“_GenerateRestoreGraph”依赖于它):
       正在使用程序集“C:\Program Files\dotnet\sdk\8.0.422\NuGet.Build.Tasks.dll”中的“NuGetMessageTask”任务。
       任务“NuGetMessageTask”
         在 TaskRun (NuGet.Build.Tasks.NuGetMessageTask) 期间加载的程序集: NuGet.Build.Tasks.resources, Version=6.11.2.1, Culture=zh-Hans, PublicKeyToken=31bf3856ad364e35, processorArchitecture=MSIL (位置: C:\Program Files\dotnet\sdk\8.0.422\zh-Hans\NuGet.Build.Tasks.resources.dll，MVID: 9e9e7fc1-4e06-43ee-aefb-74fd4dbce19f，AssemblyLoadContext: MSBuild plugin C:\Program Files\dotnet\sdk\8.0.422\NuGet.Build.Tasks.dll)
         正在确定要还原的项目…
       已完成执行任务“NuGetMessageTask”的操作。
       任务“MSBuild”
         全局属性:
           ExcludeRestorePackageImports=true
     1>项目“D:\java_workspace\技能实训\源代码\NctSim\NctSim.csproj”(1)正在节点 1 上生成“D:\java_workspace\技能实训\源代码\NctSim\NctSim.csproj”(1:3) (_GenerateRestoreProjectPathWalk 个目标)。
   1:3>由于条件的计算结果为 false，已跳过目标“_GenerateRestoreProjectPathItemsAllFrameworks”；( '$(TargetFrameworks)' != '' )的计算结果为( '' != '' )。
   1:3>来自项目“D:\java_workspace\技能实训\源代码\NctSim\NctSim.csproj”的文件“C:\Program Files\dotnet\sdk\8.0.422\NuGet.targets”中的目标“_GenerateRestoreProjectPathItemsPerFramework”(目标“_GenerateRestoreProjectPathItemsCurrentProject”依赖于它):
       正在使用程序集“Microsoft.Build.Tasks.Core, Version=15.1.0.0, Culture=neutral, PublicKeyToken=b03f5f7f11d50a3a”中的“ConvertToAbsolutePath”任务。
       任务“ConvertToAbsolutePath”
       已完成执行任务“ConvertToAbsolutePath”的操作。
   1:3>已完成在项目“NctSim.csproj”中生成目标“_GenerateRestoreProjectPathItemsPerFramework”的操作。
   1:3>来自项目“D:\java_workspace\技能实训\源代码\NctSim\NctSim.csproj”的文件“C:\Program Files\dotnet\sdk\8.0.422\NuGet.targets”中的目标“_GenerateRestoreProjectPathItemsCurrentProject”(目标“_GenerateRestoreProjectPathItems”依赖于它):
   1:3>已完成在项目“NctSim.csproj”中生成目标“_GenerateRestoreProjectPathItemsCurrentProject”的操作。
   1:3>来自项目“D:\java_workspace\技能实训\源代码\NctSim\NctSim.csproj”的文件“C:\Program Files\dotnet\sdk\8.0.422\NuGet.targets”中的目标“_GenerateRestoreProjectPathItems”(目标“_GenerateRestoreProjectPathWalk”依赖于它):
       任务“RemoveDuplicates”
       已完成执行任务“RemoveDuplicates”的操作。
   1:3>已完成在项目“NctSim.csproj”中生成目标“_GenerateRestoreProjectPathItems”的操作。
   1:3>来自项目“D:\java_workspace\技能实训\源代码\NctSim\NctSim.csproj”的文件“C:\Program Files\dotnet\sdk\8.0.422\NuGet.targets”中的目标“_GenerateRestoreProjectPathWalk”(入口点):
       任务“MSBuild”
       已完成执行任务“MSBuild”的操作。
       由于 false 条件，已跳过任务“MSBuild”；( '$(RestoreUseSkipNonexistentTargets)' != 'true' )计算为( 'true' != 'true' )。
       任务“RemoveDuplicates”
       已完成执行任务“RemoveDuplicates”的操作。
   1:3>已完成在项目“NctSim.csproj”中生成目标“_GenerateRestoreProjectPathWalk”的操作。
   1:3>已完成生成项目“D:\java_workspace\技能实训\源代码\NctSim\NctSim.csproj”(_GenerateRestoreProjectPathWalk 个目标)的操作。
     1>已完成执行任务“MSBuild”的操作。
       由于 false 条件，已跳过任务“MSBuild”；( '$(RestoreUseSkipNonexistentTargets)' != 'true' )计算为( 'true' != 'true' )。
       任务“RemoveDuplicates”
       已完成执行任务“RemoveDuplicates”的操作。
       任务“MSBuild”
         全局属性:
           ExcludeRestorePackageImports=true
     1>项目“D:\java_workspace\技能实训\源代码\NctSim\NctSim.csproj”(1)正在节点 1 上生成“D:\java_workspace\技能实训\源代码\NctSim\NctSim.csproj”(1:4) (_IsProjectRestoreSupported 个目标)。
   1:4>已跳过目标“_IsProjectRestoreSupported”。以前的生成已成功。
   1:4>已完成生成项目“D:\java_workspace\技能实训\源代码\NctSim\NctSim.csproj”(_IsProjectRestoreSupported 个目标)的操作。
     1>已完成执行任务“MSBuild”的操作。
       由于 false 条件，已跳过任务“MSBuild”；( '$(RestoreUseSkipNonexistentTargets)' != 'true' )计算为( 'true' != 'true' )。
     1>已完成在项目“NctSim.csproj”中生成目标“_GetAllRestoreProjectPathItems”的操作。
     1>来自项目“D:\java_workspace\技能实训\源代码\NctSim\NctSim.csproj”的文件“C:\Program Files\dotnet\sdk\8.0.422\NuGet.targets”中的目标“_GenerateRestoreGraph”(目标“Restore”依赖于它):
       正在使用程序集“Microsoft.Build.Tasks.Core, Version=15.1.0.0, Culture=neutral, PublicKeyToken=b03f5f7f11d50a3a”中的“Message”任务。
       任务“Message”
         Generating dg file
       已完成执行任务“Message”的操作。
       任务“Message”
         D:\java_workspace\技能实训\源代码\NctSim\NctSim.csproj
       已完成执行任务“Message”的操作。
       任务“MSBuild”
         全局属性:
           ExcludeRestorePackageImports=true
     1>项目“D:\java_workspace\技能实训\源代码\NctSim\NctSim.csproj”(1)正在节点 1 上生成“D:\java_workspace\技能实训\源代码\NctSim\NctSim.csproj”(1:5) (_GenerateRestoreGraphProjectEntry 个目标)。
   1:5>来自项目“D:\java_workspace\技能实训\源代码\NctSim\NctSim.csproj”的文件“C:\Program Files\dotnet\sdk\8.0.422\NuGet.targets”中的目标“_GetProjectJsonPath”(目标“_GetRestoreProjectStyle”依赖于它):
   1:5>由于 false 条件，已跳过任务“GetRestoreProjectJsonPathTask”；( '$(RestoreProjectStyle)' == 'ProjectJson' OR '$(RestoreProjectStyle)' == '' )计算为( 'PackageReference' == 'ProjectJson' OR 'PackageReference' == '' )。
   1:5>已完成在项目“NctSim.csproj”中生成目标“_GetProjectJsonPath”的操作。
       由于条件的计算结果为 false，已跳过目标“_CheckForMissingWorkload”；('@(MissingWorkloadPack)' != '' And '$(DesignTimeBuild)' != 'true')的计算结果为('' != '' And '' != 'true')。
   1:5>来自项目“D:\java_workspace\技能实训\源代码\NctSim\NctSim.csproj”的文件“C:\Program Files\dotnet\sdk\8.0.422\Sdks\Microsoft.NET.Sdk\targets\Microsoft.NET.TargetFrameworkInference.targets”中的目标“_CheckForUnsupportedTargetPlatformIdentifier”(目标“CollectPackageReferences”依赖于它):
       由于 false 条件，已跳过任务“NETSdkError”；('$(TargetPlatformSupported)' != 'true' and '$(UseWorkloadsSpecificError)' != 'true')计算为('true' != 'true' and '' != 'true')。
       由于 false 条件，已跳过任务“NETSdkError”；('$(TargetPlatformSupported)' != 'true' and '$(UseWorkloadsSpecificError)' == 'true')计算为('true' != 'true' and '' == 'true')。
   1:5>已完成在项目“NctSim.csproj”中生成目标“_CheckForUnsupportedTargetPlatformIdentifier”的操作。
   1:5>来自项目“D:\java_workspace\技能实训\源代码\NctSim\NctSim.csproj”的文件“C:\Program Files\dotnet\sdk\8.0.422\Sdks\Microsoft.NET.Sdk\targets\Microsoft.NET.TargetFrameworkInference.targets”中的目标“_CheckForUnsupportedNETCoreVersion”(目标“CollectPackageReferences”依赖于它):
       由于 false 条件，已跳过任务“NETSdkError”；('$(_TargetFrameworkVersionWithoutV)' > '$(NETCoreAppMaximumVersion)' and '$(DisplayVSMessage)' != 'true')计算为('8.0' > '8.0' and '' != 'true')。
       由于 false 条件，已跳过任务“NETSdkError”；('$(DisplayVSMessage)' == 'true')计算为('' == 'true')。
   1:5>已完成在项目“NctSim.csproj”中生成目标“_CheckForUnsupportedNETCoreVersion”的操作。
       由于条件的计算结果为 false，已跳过目标“_CheckForEolTargetFrameworks”；('@(_EolNetCoreTargetFrameworkVersions->AnyHaveMetadataValue('Identity', '$(_TargetFrameworkVersionWithoutV)'))' and '$(TargetFrameworkIdentifier)' == '.NETCoreApp' and '$(CheckEolTargetFramework)' == 'true')的计算结果为('false' and '.NETCoreApp' == '.NETCoreApp' and 'true' == 'true')。
       由于条件的计算结果为 false，已跳过目标“_CheckForEolWorkloads”；('@(EolWorkload)' != '' and '$(CheckEolWorkloads)' == 'true')的计算结果为('' != '' and 'true' == 'true')。
   1:5>来自项目“D:\java_workspace\技能实训\源代码\NctSim\NctSim.csproj”的文件“C:\Program Files\dotnet\sdk\8.0.422\Sdks\Microsoft.NET.Sdk\targets\Microsoft.NET.TargetFrameworkInference.targets”中的目标“_CheckForUnsupportedCppNETCoreVersion”(目标“CollectPackageReferences”依赖于它):
       由于 false 条件，已跳过任务“NETSdkError”；('$(TargetFrameworkIdentifier)' == '.NETCoreApp' and '$(_TargetFrameworkVersionWithoutV)' < '3.1' and ('$(Language)' == 'C++' and '$(_EnablePackageReferencesInVCProjects)' != 'true'))计算为('.NETCoreApp' == '.NETCoreApp' and '8.0' < '3.1' and ('C#' == 'C++' and '' != 'true'))。
   1:5>已完成在项目“NctSim.csproj”中生成目标“_CheckForUnsupportedCppNETCoreVersion”的操作。
       由于条件的计算结果为 false，已跳过目标“_CheckForUnsupportedNETStandardVersion”；('$(TargetFrameworkIdentifier)' == '.NETStandard' And '$(NETStandardMaximumVersion)' != '')的计算结果为('.NETCoreApp' == '.NETStandard' And '' != '')。
       由于条件的计算结果为 false，已跳过目标“_CheckForUnsupportedTargetFrameworkAndFeatureCombination”；('$(TargetFrameworkIdentifier)' == '.NETFramework')的计算结果为('.NETCoreApp' == '.NETFramework')。
   1:5>来自项目“D:\java_workspace\技能实训\源代码\NctSim\NctSim.csproj”的文件“C:\Program Files\dotnet\sdk\8.0.422\Sdks\Microsoft.NET.Sdk\targets\Microsoft.NET.Sdk.DefaultItems.Shared.targets”中的目标“UpdateAspNetToFrameworkReference”(目标“ApplyImplicitVersions”依赖于它):
       正在使用程序集“C:\Program Files\dotnet\sdk\8.0.422\Sdks\Microsoft.NET.Sdk\targets\..\tools\net8.0\Microsoft.NET.Build.Tasks.dll”中的“CheckIfPackageReferenceShouldBeFrameworkReference”任务。
       任务“CheckIfPackageReferenceShouldBeFrameworkReference”
       已完成执行任务“CheckIfPackageReferenceShouldBeFrameworkReference”的操作。
       由于 false 条件，已跳过任务“NETSdkError”；('$(_ShouldRemoveAspNetCoreAll)' == 'true')计算为('False' == 'true')。
       任务“CheckIfPackageReferenceShouldBeFrameworkReference”
       已完成执行任务“CheckIfPackageReferenceShouldBeFrameworkReference”的操作。
       由于 false 条件，已跳过任务“NETSdkWarning”；('$(_ShouldRemoveAspNetCoreApp)' == 'true')计算为('False' == 'true')。
   1:5>已完成在项目“NctSim.csproj”中生成目标“UpdateAspNetToFrameworkReference”的操作。
       由于条件的计算结果为 false，已跳过目标“IncludeTargetingPackReference”；('$(TargetFrameworkMoniker)' != '' and '$(TargetFrameworkIdentifier)' == '.NETFramework' and '$(AutomaticallyUseReferenceAssemblyPackages)' == 'true')的计算结果为('.NETCoreApp,Version=v8.0' != '' and '.NETCoreApp' == '.NETFramework' and 'true' == 'true')。
   1:5>来自项目“D:\java_workspace\技能实训\源代码\NctSim\NctSim.csproj”的文件“C:\Program Files\dotnet\sdk\8.0.422\Sdks\Microsoft.NET.Sdk\targets\Microsoft.NET.Sdk.DefaultItems.Shared.targets”中的目标“CheckForImplicitPackageReferenceOverrides”(目标“ApplyImplicitVersions”依赖于它):
       正在使用程序集“C:\Program Files\dotnet\sdk\8.0.422\Sdks\Microsoft.NET.Sdk\targets\..\tools\net8.0\Microsoft.NET.Build.Tasks.dll”中的“CheckForImplicitPackageReferenceOverrides”任务。
       任务“CheckForImplicitPackageReferenceOverrides”
       已完成执行任务“CheckForImplicitPackageReferenceOverrides”的操作。
   1:5>已完成在项目“NctSim.csproj”中生成目标“CheckForImplicitPackageReferenceOverrides”的操作。
   1:5>来自项目“D:\java_workspace\技能实训\源代码\NctSim\NctSim.csproj”的文件“C:\Program Files\dotnet\sdk\8.0.422\Sdks\Microsoft.NET.Sdk\targets\Microsoft.NET.Sdk.DefaultItems.Shared.targets”中的目标“ApplyImplicitVersions”(目标“CollectPackageReferences”依赖于它):
       正在使用程序集“C:\Program Files\dotnet\sdk\8.0.422\Sdks\Microsoft.NET.Sdk\targets\..\tools\net8.0\Microsoft.NET.Build.Tasks.dll”中的“ApplyImplicitVersions”任务。
       任务“ApplyImplicitVersions”
       已完成执行任务“ApplyImplicitVersions”的操作。
   1:5>已完成在项目“NctSim.csproj”中生成目标“ApplyImplicitVersions”的操作。
       已跳过目标“CheckForImplicitPackageReferenceOverrides”。以前的生成已成功。
   1:5>来自项目“D:\java_workspace\技能实训\源代码\NctSim\NctSim.csproj”的文件“C:\Program Files\dotnet\sdk\8.0.422\Sdks\Microsoft.NET.Sdk\targets\Microsoft.NET.Sdk.FrameworkReferenceResolution.targets”中的目标“AddWindowsSdkKnownFrameworkReferences”(目标“ProcessFrameworkReferences”依赖于它):
       正在使用程序集“C:\Program Files\dotnet\sdk\8.0.422\Sdks\Microsoft.NET.Sdk\targets\..\tools\net8.0\Microsoft.NET.Build.Tasks.dll”中的“CreateWindowsSdkKnownFrameworkReferences”任务。
       任务“CreateWindowsSdkKnownFrameworkReferences”
       已完成执行任务“CreateWindowsSdkKnownFrameworkReferences”的操作。
   1:5>已完成在项目“NctSim.csproj”中生成目标“AddWindowsSdkKnownFrameworkReferences”的操作。
   1:5>来自项目“D:\java_workspace\技能实训\源代码\NctSim\NctSim.csproj”的文件“C:\Program Files\dotnet\sdk\8.0.422\Sdks\Microsoft.NET.Sdk\targets\Microsoft.NET.TargetFrameworkInference.targets”中的目标“_NormalizeTargetPlatformVersion”(目标“ProcessFrameworkReferences”依赖于它):
   1:5>已完成在项目“NctSim.csproj”中生成目标“_NormalizeTargetPlatformVersion”的操作。
   1:5>来自项目“D:\java_workspace\技能实训\源代码\NctSim\NctSim.csproj”的文件“C:\Program Files\dotnet\sdk\8.0.422\Sdks\Microsoft.NET.Sdk\targets\Microsoft.NET.RuntimeIdentifierInference.targets”中的目标“_CheckForLanguageAndFeatureCombinationSupport”(目标“ProcessFrameworkReferences”依赖于它):
       由于 false 条件，已跳过任务“NETSdkError”；(('$(Language)' == 'C++' and '$(_EnablePackageReferencesInVCProjects)' != 'true') and $(OutputType) != 'library' and '$(TargetFrameworkIdentifier)' == '.NETCoreApp')计算为(('C#' == 'C++' and '' != 'true') and WinExe != 'library' and '.NETCoreApp' == '.NETCoreApp')。
       由于 false 条件，已跳过任务“NETSdkError”；(('$(Language)' == 'C++' and '$(_EnablePackageReferencesInVCProjects)' != 'true') and $(EnableComHosting) == 'true')计算为(('C#' == 'C++' and '' != 'true') and  == 'true')。
       由于 false 条件，已跳过任务“NETSdkError”；(('$(Language)' == 'C++' and '$(_EnablePackageReferencesInVCProjects)' != 'true') and $(SelfContained) == 'true')计算为(('C#' == 'C++' and '' != 'true') and false == 'true')。
   1:5>已完成在项目“NctSim.csproj”中生成目标“_CheckForLanguageAndFeatureCombinationSupport”的操作。
   1:5>来自项目“D:\java_workspace\技能实训\源代码\NctSim\NctSim.csproj”的文件“C:\Program Files\dotnet\sdk\8.0.422\Sdks\Microsoft.NET.Sdk\targets\Microsoft.NET.Publish.targets”中的目标“_ComputeToolPackInputsToProcessFrameworkReferences”(目标“ProcessFrameworkReferences”依赖于它):
   1:5>已完成在项目“NctSim.csproj”中生成目标“_ComputeToolPackInputsToProcessFrameworkReferences”的操作。
   1:5>来自项目“D:\java_workspace\技能实训\源代码\NctSim\NctSim.csproj”的文件“C:\Program Files\dotnet\sdk\8.0.422\Sdks\Microsoft.NET.Sdk\targets\Microsoft.NET.Sdk.FrameworkReferenceResolution.targets”中的目标“ProcessFrameworkReferences”(目标“CollectPackageReferences”依赖于它):
       正在使用程序集“C:\Program Files\dotnet\sdk\8.0.422\Sdks\Microsoft.NET.Sdk\targets\..\tools\net8.0\Microsoft.NET.Build.Tasks.dll”中的“CheckForDuplicateFrameworkReferences”任务。
       任务“CheckForDuplicateFrameworkReferences”
       已完成执行任务“CheckForDuplicateFrameworkReferences”的操作。
       正在使用程序集“C:\Program Files\dotnet\sdk\8.0.422\Sdks\Microsoft.NET.Sdk\targets\..\tools\net8.0\Microsoft.NET.Build.Tasks.dll”中的“ProcessFrameworkReferences”任务。
       任务“ProcessFrameworkReferences”
       已完成执行任务“ProcessFrameworkReferences”的操作。
       正在使用程序集“C:\Program Files\dotnet\sdk\8.0.422\Sdks\Microsoft.NET.Sdk\targets\..\tools\net8.0\Microsoft.NET.Build.Tasks.dll”中的“ResolveAppHosts”任务。
       任务“ResolveAppHosts”
       已完成执行任务“ResolveAppHosts”的操作。
   1:5>已完成在项目“NctSim.csproj”中生成目标“ProcessFrameworkReferences”的操作。
       由于条件的计算结果为 false，已跳过目标“IncludeTargetingPackReference”；('$(TargetFrameworkMoniker)' != '' and '$(TargetFrameworkIdentifier)' == '.NETFramework' and '$(AutomaticallyUseReferenceAssemblyPackages)' == 'true')的计算结果为('.NETCoreApp,Version=v8.0' != '' and '.NETCoreApp' == '.NETFramework' and 'true' == 'true')。
   1:5>来自项目“D:\java_workspace\技能实训\源代码\NctSim\NctSim.csproj”的文件“C:\Program Files\dotnet\sdk\8.0.422\Sdks\Microsoft.NET.Sdk\targets\Microsoft.NET.Sdk.targets”中的目标“_AddMicrosoftNetCompilerToolsetFrameworkPackage”(目标“CollectPackageReferences”依赖于它):
       由于 false 条件，已跳过任务“NETSdkWarning”；('@(PackageReference->AnyHaveMetadataValue('Identity', 'Microsoft.Net.Compilers.Toolset.Framework'))' == 'true')计算为('false' == 'true')。
   1:5>已完成在项目“NctSim.csproj”中生成目标“_AddMicrosoftNetCompilerToolsetFrameworkPackage”的操作。
   1:5>来自项目“D:\java_workspace\技能实训\源代码\NctSim\NctSim.csproj”的文件“C:\Program Files\dotnet\sdk\8.0.422\Sdks\Microsoft.NET.Sdk\targets\Microsoft.NET.ObsoleteReferences.targets”中的目标“_CheckForObsoleteDotNetCliToolReferences”(目标“CollectPackageReferences”依赖于它):
       由于 false 条件，已跳过任务“NETSdkWarning”；( '%(_ReferenceToObsoleteDotNetCliTool.Identity)' != '' )计算为( '' != '' )。
   1:5>已完成在项目“NctSim.csproj”中生成目标“_CheckForObsoleteDotNetCliToolReferences”的操作。
   1:5>来自项目“D:\java_workspace\技能实训\源代码\NctSim\NctSim.csproj”的文件“C:\Program Files\dotnet\sdk\8.0.422\NuGet.targets”中的目标“CollectPackageReferences”(目标“_GetRestoreProjectStyle”依赖于它):
       正在使用程序集“C:\Program Files\dotnet\sdk\8.0.422\NuGet.Build.Tasks.dll”中的“CheckForDuplicateNuGetItemsTask”任务。
       任务“CheckForDuplicateNuGetItemsTask”
       已完成执行任务“CheckForDuplicateNuGetItemsTask”的操作。
   1:5>已完成在项目“NctSim.csproj”中生成目标“CollectPackageReferences”的操作。
   1:5>来自项目“D:\java_workspace\技能实训\源代码\NctSim\NctSim.csproj”的文件“C:\Program Files\dotnet\sdk\8.0.422\NuGet.targets”中的目标“_GetRestoreProjectStyle”(目标“_GenerateRestoreSpecs”依赖于它):
       正在使用程序集“C:\Program Files\dotnet\sdk\8.0.422\NuGet.Build.Tasks.dll”中的“GetRestoreProjectStyleTask”任务。
       任务“GetRestoreProjectStyleTask”
       已完成执行任务“GetRestoreProjectStyleTask”的操作。
   1:5>已完成在项目“NctSim.csproj”中生成目标“_GetRestoreProjectStyle”的操作。
   1:5>来自项目“D:\java_workspace\技能实训\源代码\NctSim\NctSim.csproj”的文件“C:\Program Files\dotnet\sdk\8.0.422\NuGet.targets”中的目标“_GenerateRestoreSpecs”(目标“_GenerateRestoreGraphProjectEntry”依赖于它):
       任务“Message”
         Restore entry point D:\java_workspace\技能实训\源代码\NctSim\NctSim.csproj
       已完成执行任务“Message”的操作。
   1:5>已完成在项目“NctSim.csproj”中生成目标“_GenerateRestoreSpecs”的操作。
   1:5>来自项目“D:\java_workspace\技能实训\源代码\NctSim\NctSim.csproj”的文件“C:\Program Files\dotnet\sdk\8.0.422\NuGet.targets”中的目标“_GetRestoreSettingsOverrides”(目标“_GetRestoreSettings”依赖于它):
       由于 false 条件，已跳过任务“MSBuild”；( '$(RestorePackagesPath)' != '' )计算为( '' != '' )。
       由于 false 条件，已跳过任务“MSBuild”；( '$(RestoreRepositoryPathOverride)' != '' )计算为( '' != '' )。
       由于 false 条件，已跳过任务“MSBuild”；( '$(RestoreSources)' != '' )计算为( '' != '' )。
       由于 false 条件，已跳过任务“MSBuild”；( '$(RestoreFallbackFolders)' != '' )计算为( '' != '' )。
   1:5>已完成在项目“NctSim.csproj”中生成目标“_GetRestoreSettingsOverrides”的操作。
   1:5>来自项目“D:\java_workspace\技能实训\源代码\NctSim\NctSim.csproj”的文件“C:\Program Files\dotnet\sdk\8.0.422\NuGet.targets”中的目标“_GetRestoreSettingsPerFramework”(目标“_GetRestoreSettingsCurrentProject”依赖于它):
   1:5>已完成在项目“NctSim.csproj”中生成目标“_GetRestoreSettingsPerFramework”的操作。
   1:5>来自项目“D:\java_workspace\技能实训\源代码\NctSim\NctSim.csproj”的文件“C:\Program Files\dotnet\sdk\8.0.422\NuGet.targets”中的目标“_GetRestoreSettingsCurrentProject”(目标“_GetRestoreSettings”依赖于它):
   1:5>已完成在项目“NctSim.csproj”中生成目标“_GetRestoreSettingsCurrentProject”的操作。
       由于条件的计算结果为 false，已跳过目标“_GetRestoreSettingsAllFrameworks”；( '$(TargetFrameworks)' != '' AND '$(PackageReferenceCompatibleProjectStyle)' == 'true' )的计算结果为( '' != '' AND 'True' == 'true' )。
   1:5>来自项目“D:\java_workspace\技能实训\源代码\NctSim\NctSim.csproj”的文件“C:\Program Files\dotnet\sdk\8.0.422\NuGet.targets”中的目标“_GetRestoreSettings”(目标“_GenerateDotnetCliToolReferenceSpecs”依赖于它):
       正在使用程序集“C:\Program Files\dotnet\sdk\8.0.422\NuGet.Build.Tasks.dll”中的“GetRestoreSettingsTask”任务。
       任务“GetRestoreSettingsTask”
         在 TaskRun (NuGet.Build.Tasks.GetRestoreSettingsTask) 期间加载的程序集: NuGet.Configuration, Version=6.11.2.1, Culture=neutral, PublicKeyToken=31bf3856ad364e35 (位置: C:\Program Files\dotnet\sdk\8.0.422\NuGet.Configuration.dll，MVID: 9c7b2a88-68b8-49a2-be28-1b1a5314633f，AssemblyLoadContext: MSBuild plugin C:\Program Files\dotnet\sdk\8.0.422\NuGet.Build.Tasks.dll)
       已完成执行任务“GetRestoreSettingsTask”的操作。
   1:5>已完成在项目“NctSim.csproj”中生成目标“_GetRestoreSettings”的操作。
   1:5>来自项目“D:\java_workspace\技能实训\源代码\NctSim\NctSim.csproj”的文件“C:\Program Files\dotnet\sdk\8.0.422\NuGet.targets”中的目标“_GenerateDotnetCliToolReferenceSpecs”(目标“_GenerateRestoreGraphProjectEntry”依赖于它):
       正在使用程序集“C:\Program Files\dotnet\sdk\8.0.422\NuGet.Build.Tasks.dll”中的“GetRestoreDotnetCliToolsTask”任务。
       任务“GetRestoreDotnetCliToolsTask”
       已完成执行任务“GetRestoreDotnetCliToolsTask”的操作。
   1:5>已完成在项目“NctSim.csproj”中生成目标“_GenerateDotnetCliToolReferenceSpecs”的操作。
   1:5>来自项目“D:\java_workspace\技能实训\源代码\NctSim\NctSim.csproj”的文件“C:\Program Files\dotnet\sdk\8.0.422\NuGet.targets”中的目标“_GenerateRestoreGraphProjectEntry”(入口点):
   1:5>已完成在项目“NctSim.csproj”中生成目标“_GenerateRestoreGraphProjectEntry”的操作。
   1:5>已完成生成项目“D:\java_workspace\技能实训\源代码\NctSim\NctSim.csproj”(_GenerateRestoreGraphProjectEntry 个目标)的操作。
     1>已完成执行任务“MSBuild”的操作。
       任务“MSBuild”
         全局属性:
           ExcludeRestorePackageImports=true
     1>项目“D:\java_workspace\技能实训\源代码\NctSim\NctSim.csproj”(1)正在节点 1 上生成“D:\java_workspace\技能实训\源代码\NctSim\NctSim.csproj”(1:6) (_GenerateProjectRestoreGraph 个目标)。
   1:6>已跳过目标“_GetRestoreProjectStyle”。以前的生成已成功。
       已跳过目标“_GetRestoreProjectStyle”。以前的生成已成功。
       已跳过目标“_GetRestoreProjectStyle”。以前的生成已成功。
   1:6>来自项目“D:\java_workspace\技能实训\源代码\NctSim\NctSim.csproj”的文件“C:\Program Files\dotnet\sdk\8.0.422\NuGet.targets”中的目标“_GetRestoreTargetFrameworkOverride”(目标“_GetRestoreTargetFrameworksOutput”依赖于它):
       由于 false 条件，已跳过任务“GetGlobalPropertyValueTask”；( '$(TargetFrameworks)' != '' )计算为( '' != '' )。
   1:6>已完成在项目“NctSim.csproj”中生成目标“_GetRestoreTargetFrameworkOverride”的操作。
   1:6>来自项目“D:\java_workspace\技能实训\源代码\NctSim\NctSim.csproj”的文件“C:\Program Files\dotnet\sdk\8.0.422\NuGet.targets”中的目标“_GetRestoreTargetFrameworksOutput”(目标“_GenerateRestoreProjectSpec”依赖于它):
       正在使用程序集“C:\Program Files\dotnet\sdk\8.0.422\NuGet.Build.Tasks.dll”中的“GetProjectTargetFrameworksTask”任务。
       任务“GetProjectTargetFrameworksTask”
       已完成执行任务“GetProjectTargetFrameworksTask”的操作。
   1:6>已完成在项目“NctSim.csproj”中生成目标“_GetRestoreTargetFrameworksOutput”的操作。
       已跳过目标“_GetRestoreSettings”。以前的生成已成功。
   1:6>来自项目“D:\java_workspace\技能实训\源代码\NctSim\NctSim.csproj”的文件“C:\Program Files\dotnet\sdk\8.0.422\NuGet.targets”中的目标“_GenerateRestoreProjectSpec”(目标“_GenerateProjectRestoreGraph”依赖于它):
       任务“ConvertToAbsolutePath”
       已完成执行任务“ConvertToAbsolutePath”的操作。
   1:6>已完成在项目“NctSim.csproj”中生成目标“_GenerateRestoreProjectSpec”的操作。
       由于条件的计算结果为 false，已跳过目标“_GenerateProjectRestoreGraphAllFrameworks”；( '$(TargetFrameworks)' != '' )的计算结果为( '' != '' )。
       已跳过目标“_GetRestoreProjectStyle”。以前的生成已成功。
       已跳过目标“CollectPackageReferences”。以前的生成已成功。
   1:6>来自项目“D:\java_workspace\技能实训\源代码\NctSim\NctSim.csproj”的文件“C:\Program Files\dotnet\sdk\8.0.422\NuGet.targets”中的目标“CollectPackageDownloads”(目标“_CollectRestoreInputs”依赖于它):
       任务“CheckForDuplicateNuGetItemsTask”
       已完成执行任务“CheckForDuplicateNuGetItemsTask”的操作。
   1:6>已完成在项目“NctSim.csproj”中生成目标“CollectPackageDownloads”的操作。
   1:6>来自项目“D:\java_workspace\技能实训\源代码\NctSim\NctSim.csproj”的文件“C:\Program Files\dotnet\sdk\8.0.422\NuGet.targets”中的目标“CollectFrameworkReferences”(目标“_CollectRestoreInputs”依赖于它):
   1:6>已完成在项目“NctSim.csproj”中生成目标“CollectFrameworkReferences”的操作。
   1:6>来自项目“D:\java_workspace\技能实训\源代码\NctSim\NctSim.csproj”的文件“C:\Program Files\dotnet\sdk\8.0.422\NuGet.targets”中的目标“CollectCentralPackageVersions”(目标“_CollectRestoreInputs”依赖于它):
       任务“CheckForDuplicateNuGetItemsTask”
       已完成执行任务“CheckForDuplicateNuGetItemsTask”的操作。
   1:6>已完成在项目“NctSim.csproj”中生成目标“CollectCentralPackageVersions”的操作。
   1:6>来自项目“D:\java_workspace\技能实训\源代码\NctSim\NctSim.csproj”的文件“C:\Program Files\dotnet\sdk\8.0.422\NuGet.targets”中的目标“CollectNuGetAuditSuppressions”(目标“_CollectRestoreInputs”依赖于它):
       任务“CheckForDuplicateNuGetItemsTask”
       已完成执行任务“CheckForDuplicateNuGetItemsTask”的操作。
   1:6>已完成在项目“NctSim.csproj”中生成目标“CollectNuGetAuditSuppressions”的操作。
   1:6>来自项目“D:\java_workspace\技能实训\源代码\NctSim\NctSim.csproj”的文件“C:\Program Files\dotnet\sdk\8.0.422\NuGet.targets”中的目标“_CollectRestoreInputs”(目标“_GenerateProjectRestoreGraphPerFramework”依赖于它):
   1:6>已完成在项目“NctSim.csproj”中生成目标“_CollectRestoreInputs”的操作。
       由于条件的计算结果为 false，已跳过目标“PrepRestoreForStoreProjects”；('$(StorePackageName)' != '')的计算结果为('' != '')。
   1:6>来自项目“D:\java_workspace\技能实训\源代码\NctSim\NctSim.csproj”的文件“C:\Program Files\dotnet\sdk\8.0.422\NuGet.targets”中的目标“_GenerateProjectRestoreGraphPerFramework”(目标“_GenerateProjectRestoreGraphCurrentProject”依赖于它):
       正在使用程序集“C:\Program Files\dotnet\sdk\8.0.422\NuGet.Build.Tasks.dll”中的“GetRestoreProjectReferencesTask”任务。
       任务“GetRestoreProjectReferencesTask”
       已完成执行任务“GetRestoreProjectReferencesTask”的操作。
       正在使用程序集“C:\Program Files\dotnet\sdk\8.0.422\NuGet.Build.Tasks.dll”中的“GetRestorePackageReferencesTask”任务。
       任务“GetRestorePackageReferencesTask”
       已完成执行任务“GetRestorePackageReferencesTask”的操作。
       由于 false 条件，已跳过任务“GetCentralPackageVersionsTask”；( '$(PackageReferenceCompatibleProjectStyle)' == 'true' AND '$(_CentralPackageVersionsEnabled)' == 'true' )计算为( 'True' == 'true' AND '' == 'true' )。
       正在使用程序集“C:\Program Files\dotnet\sdk\8.0.422\NuGet.Build.Tasks.dll”中的“GetRestorePackageDownloadsTask”任务。
       任务“GetRestorePackageDownloadsTask”
       已完成执行任务“GetRestorePackageDownloadsTask”的操作。
       正在使用程序集“C:\Program Files\dotnet\sdk\8.0.422\NuGet.Build.Tasks.dll”中的“GetRestoreFrameworkReferencesTask”任务。
       任务“GetRestoreFrameworkReferencesTask”
       已完成执行任务“GetRestoreFrameworkReferencesTask”的操作。
       正在使用程序集“C:\Program Files\dotnet\sdk\8.0.422\NuGet.Build.Tasks.dll”中的“GetRestoreNuGetAuditSuppressionsTask”任务。
       任务“GetRestoreNuGetAuditSuppressionsTask”
       已完成执行任务“GetRestoreNuGetAuditSuppressionsTask”的操作。
   1:6>已完成在项目“NctSim.csproj”中生成目标“_GenerateProjectRestoreGraphPerFramework”的操作。
   1:6>来自项目“D:\java_workspace\技能实训\源代码\NctSim\NctSim.csproj”的文件“C:\Program Files\dotnet\sdk\8.0.422\NuGet.targets”中的目标“_GenerateProjectRestoreGraphCurrentProject”(目标“_GenerateRestoreDependencies”依赖于它):
   1:6>已完成在项目“NctSim.csproj”中生成目标“_GenerateProjectRestoreGraphCurrentProject”的操作。
   1:6>来自项目“D:\java_workspace\技能实训\源代码\NctSim\NctSim.csproj”的文件“C:\Program Files\dotnet\sdk\8.0.422\NuGet.targets”中的目标“_GenerateRestoreDependencies”(目标“_GenerateProjectRestoreGraph”依赖于它):
   1:6>已完成在项目“NctSim.csproj”中生成目标“_GenerateRestoreDependencies”的操作。
   1:6>来自项目“D:\java_workspace\技能实训\源代码\NctSim\NctSim.csproj”的文件“C:\Program Files\dotnet\sdk\8.0.422\NuGet.targets”中的目标“_GenerateProjectRestoreGraph”(入口点):
   1:6>已完成在项目“NctSim.csproj”中生成目标“_GenerateProjectRestoreGraph”的操作。
   1:6>已完成生成项目“D:\java_workspace\技能实训\源代码\NctSim\NctSim.csproj”(_GenerateProjectRestoreGraph 个目标)的操作。
     1>已完成执行任务“MSBuild”的操作。
     1>已完成在项目“NctSim.csproj”中生成目标“_GenerateRestoreGraph”的操作。
       由于条件的计算结果为 false，已跳过目标“_CheckForUnsupportedTargetFramework”；('$(_UnsupportedTargetFrameworkError)' == 'true')的计算结果为('' == 'true')。
     1>来自项目“D:\java_workspace\技能实训\源代码\NctSim\NctSim.csproj”的文件“C:\Program Files\dotnet\sdk\8.0.422\Sdks\Microsoft.NET.Sdk\targets\Microsoft.NET.TargetFrameworkInference.targets”中的目标“_CollectTargetFrameworkForTelemetry”(目标“Restore”依赖于它):
       正在使用程序集“C:\Program Files\dotnet\sdk\8.0.422\Sdks\Microsoft.NET.Sdk\targets\..\tools\net8.0\Microsoft.NET.Build.Tasks.dll”中的“AllowEmptyTelemetry”任务。
       任务“AllowEmptyTelemetry”
       已完成执行任务“AllowEmptyTelemetry”的操作。
     1>已完成在项目“NctSim.csproj”中生成目标“_CollectTargetFrameworkForTelemetry”的操作。
     1>来自项目“D:\java_workspace\技能实训\源代码\NctSim\NctSim.csproj”的文件“C:\Program Files\dotnet\sdk\8.0.422\Sdks\Microsoft.NET.Sdk\targets\Microsoft.NET.TargetFrameworkInference.targets”中的目标“_CheckForUnsupportedNETCoreVersion”(目标“Restore”依赖于它):
       由于 false 条件，已跳过任务“NETSdkError”；('$(_TargetFrameworkVersionWithoutV)' > '$(NETCoreAppMaximumVersion)' and '$(DisplayVSMessage)' != 'true')计算为('8.0' > '8.0' and '' != 'true')。
       由于 false 条件，已跳过任务“NETSdkError”；('$(DisplayVSMessage)' == 'true')计算为('' == 'true')。
     1>已完成在项目“NctSim.csproj”中生成目标“_CheckForUnsupportedNETCoreVersion”的操作。
       由于条件的计算结果为 false，已跳过目标“_CheckForEolTargetFrameworks”；('@(_EolNetCoreTargetFrameworkVersions->AnyHaveMetadataValue('Identity', '$(_TargetFrameworkVersionWithoutV)'))' and '$(TargetFrameworkIdentifier)' == '.NETCoreApp' and '$(CheckEolTargetFramework)' == 'true')的计算结果为('false' and '.NETCoreApp' == '.NETCoreApp' and 'true' == 'true')。
       由于条件的计算结果为 false，已跳过目标“_CheckForEolWorkloads”；('@(EolWorkload)' != '' and '$(CheckEolWorkloads)' == 'true')的计算结果为('' != '' and 'true' == 'true')。
     1>来自项目“D:\java_workspace\技能实训\源代码\NctSim\NctSim.csproj”的文件“C:\Program Files\dotnet\sdk\8.0.422\Sdks\Microsoft.NET.Sdk\targets\Microsoft.NET.TargetFrameworkInference.targets”中的目标“_CheckForUnsupportedCppNETCoreVersion”(目标“Restore”依赖于它):
       由于 false 条件，已跳过任务“NETSdkError”；('$(TargetFrameworkIdentifier)' == '.NETCoreApp' and '$(_TargetFrameworkVersionWithoutV)' < '3.1' and ('$(Language)' == 'C++' and '$(_EnablePackageReferencesInVCProjects)' != 'true'))计算为('.NETCoreApp' == '.NETCoreApp' and '8.0' < '3.1' and ('C#' == 'C++' and '' != 'true'))。
     1>已完成在项目“NctSim.csproj”中生成目标“_CheckForUnsupportedCppNETCoreVersion”的操作。
       由于条件的计算结果为 false，已跳过目标“_CheckForUnsupportedNETStandardVersion”；('$(TargetFrameworkIdentifier)' == '.NETStandard' And '$(NETStandardMaximumVersion)' != '')的计算结果为('.NETCoreApp' == '.NETStandard' And '' != '')。
       由于条件的计算结果为 false，已跳过目标“_CheckForUnsupportedTargetFrameworkAndFeatureCombination”；('$(TargetFrameworkIdentifier)' == '.NETFramework')的计算结果为('.NETCoreApp' == '.NETFramework')。
     1>来自项目“D:\java_workspace\技能实训\源代码\NctSim\NctSim.csproj”的文件“C:\Program Files\dotnet\sdk\8.0.422\NuGet.targets”中的目标“Restore”(入口点):
       任务“RemoveDuplicates”
       已完成执行任务“RemoveDuplicates”的操作。
       正在使用程序集“C:\Program Files\dotnet\sdk\8.0.422\NuGet.Build.Tasks.dll”中的“RestoreTask”任务。
       任务“RestoreTask”
         在 TaskRun (NuGet.Build.Tasks.RestoreTask) 期间加载的程序集: NuGet.Packaging, Version=6.11.2.1, Culture=neutral, PublicKeyToken=31bf3856ad364e35 (位置: C:\Program Files\dotnet\sdk\8.0.422\NuGet.Packaging.dll，MVID: c1c2e436-5cb7-4b71-9a19-279d9f55a209，AssemblyLoadContext: MSBuild plugin C:\Program Files\dotnet\sdk\8.0.422\NuGet.Build.Tasks.dll)
         在 TaskRun (NuGet.Build.Tasks.RestoreTask) 期间加载的程序集: NuGet.LibraryModel, Version=6.11.2.1, Culture=neutral, PublicKeyToken=31bf3856ad364e35 (位置: C:\Program Files\dotnet\sdk\8.0.422\NuGet.LibraryModel.dll，MVID: b61750c2-23dd-40f0-a7db-489b6da04dbd，AssemblyLoadContext: MSBuild plugin C:\Program Files\dotnet\sdk\8.0.422\NuGet.Build.Tasks.dll)
         在 TaskRun (NuGet.Build.Tasks.RestoreTask) 期间加载的程序集: NuGet.Versioning, Version=6.11.2.1, Culture=neutral, PublicKeyToken=31bf3856ad364e35 (位置: C:\Program Files\dotnet\sdk\8.0.422\NuGet.Versioning.dll，MVID: a3e0c61b-90af-4847-b8b3-eec0a9682cea，AssemblyLoadContext: MSBuild plugin C:\Program Files\dotnet\sdk\8.0.422\NuGet.Build.Tasks.dll)
         在 TaskRun (NuGet.Build.Tasks.RestoreTask) 期间加载的程序集: NuGet.Frameworks, Version=6.11.2.1, Culture=neutral, PublicKeyToken=31bf3856ad364e35 (位置: C:\Program Files\dotnet\sdk\8.0.422\NuGet.Frameworks.dll，MVID: 69f2c13d-a9f1-4a43-bb62-e18b47d48034，AssemblyLoadContext: MSBuild plugin C:\Program Files\dotnet\sdk\8.0.422\NuGet.Build.Tasks.dll)
         在 TaskRun (NuGet.Build.Tasks.RestoreTask) 期间加载的程序集: NuGet.Protocol, Version=6.11.2.1, Culture=neutral, PublicKeyToken=31bf3856ad364e35 (位置: C:\Program Files\dotnet\sdk\8.0.422\NuGet.Protocol.dll，MVID: 7ab2a1a1-97bf-4bb9-8ac6-3e842f70ba74，AssemblyLoadContext: MSBuild plugin C:\Program Files\dotnet\sdk\8.0.422\NuGet.Build.Tasks.dll)
         在 TaskRun (NuGet.Build.Tasks.RestoreTask) 期间加载的程序集: NuGet.Credentials, Version=6.11.2.1, Culture=neutral, PublicKeyToken=31bf3856ad364e35 (位置: C:\Program Files\dotnet\sdk\8.0.422\NuGet.Credentials.dll，MVID: 22865729-b8d2-401b-a922-f72c7c9eaf02，AssemblyLoadContext: MSBuild plugin C:\Program Files\dotnet\sdk\8.0.422\NuGet.Build.Tasks.dll)
         在 TaskRun (NuGet.Build.Tasks.RestoreTask) 期间加载的程序集: NuGet.Packaging.resources, Version=6.11.2.1, Culture=zh-Hans, PublicKeyToken=31bf3856ad364e35, processorArchitecture=MSIL (位置: C:\Program Files\dotnet\sdk\8.0.422\zh-Hans\NuGet.Packaging.resources.dll，MVID: eb95193c-604d-4a1d-bf8c-9ce9dc81e0a1，AssemblyLoadContext: MSBuild plugin C:\Program Files\dotnet\sdk\8.0.422\NuGet.Build.Tasks.dll)
         X.509 证书链验证将使用 .NET 选择的默认信任存储进行代码签名。
         X.509 证书链验证将使用 .NET 选择的默认信任存储进行时间戳。
         在 TaskRun (NuGet.Build.Tasks.RestoreTask) 期间加载的程序集: NuGet.DependencyResolver.Core, Version=6.11.2.1, Culture=neutral, PublicKeyToken=31bf3856ad364e35 (位置: C:\Program Files\dotnet\sdk\8.0.422\NuGet.DependencyResolver.Core.dll，MVID: 8e97e7f0-b382-4610-bfd4-56ee4fd899c9，AssemblyLoadContext: MSBuild plugin C:\Program Files\dotnet\sdk\8.0.422\NuGet.Build.Tasks.dll)
         在 TaskRun (NuGet.Build.Tasks.RestoreTask) 期间加载的程序集: NuGet.Commands.resources, Version=6.11.2.1, Culture=zh-Hans, PublicKeyToken=31bf3856ad364e35, processorArchitecture=MSIL (位置: C:\Program Files\dotnet\sdk\8.0.422\zh-Hans\NuGet.Commands.resources.dll，MVID: b2a9b1e1-0d33-402f-adb8-0a7e43ce970a，AssemblyLoadContext: MSBuild plugin C:\Program Files\dotnet\sdk\8.0.422\NuGet.Build.Tasks.dll)
         正在使用 20 并行作业运行还原。
         正在读取项目文件 D:\java_workspace\技能实训\源代码\NctSim\NctSim.csproj。
         在 TaskRun (NuGet.Build.Tasks.RestoreTask) 期间加载的程序集: Newtonsoft.Json, Version=13.0.0.0, Culture=neutral, PublicKeyToken=30ad4fe6b2a6aeed (位置: C:\Program Files\dotnet\sdk\8.0.422\Newtonsoft.Json.dll，MVID: 7e62198b-eab2-4380-bbac-29171862d1d8，AssemblyLoadContext: MSBuild plugin C:\Program Files\dotnet\sdk\8.0.422\NuGet.Build.Tasks.dll)
         “NctSim”的还原输入未改变。完成此还原不需要再进行进一步的操作。
         正在提交还原...
         资产文件未改变。跳过资产文件写入。路径: D:\java_workspace\技能实训\源代码\NctSim\obj\project.assets.json
         No-Op 还原。缓存不会更新。路径: D:\java_workspace\技能实训\源代码\NctSim\obj\project.nuget.cache
         在 TaskRun (NuGet.Build.Tasks.RestoreTask) 期间加载的程序集: NuGet.Common.resources, Version=6.11.2.1, Culture=zh-Hans, PublicKeyToken=31bf3856ad364e35, processorArchitecture=MSIL (位置: C:\Program Files\dotnet\sdk\8.0.422\zh-Hans\NuGet.Common.resources.dll，MVID: 57d492d4-1c70-44a2-83a4-516485167c62，AssemblyLoadContext: MSBuild plugin C:\Program Files\dotnet\sdk\8.0.422\NuGet.Build.Tasks.dll)
         已还原 D:\java_workspace\技能实训\源代码\NctSim\NctSim.csproj (用时 37 毫秒)。
         
         使用的 NuGet 配置文件:
             C:\Users\张豪午\AppData\Roaming\NuGet\NuGet.Config
         
         使用的源:
             https://api.nuget.org/v3/index.json
         所有项目均是最新的，无法还原。
       已完成执行任务“RestoreTask”的操作。
     1>已完成在项目“NctSim.csproj”中生成目标“Restore”的操作。
     1>已完成生成项目“D:\java_workspace\技能实训\源代码\NctSim\NctSim.csproj”(Restore 个目标)的操作。
     0>SDK“Microsoft.NET.Sdk”已由“DefaultSdkResolver”解析程序成功解析为位置“C:\Program Files\dotnet\sdk\8.0.422\Sdks\Microsoft.NET.Sdk\Sdk”和版本“”。
       值为“C:\Program Files\dotnet\sdk\8.0.422\”的属性“MSBuildExtensionsPath”从环境中展开。
       在 C:\Program Files\dotnet\sdk\8.0.422\Current\Microsoft.Common.props (60,5) 处重新分配属性: $(MSBuildProjectExtensionsPath)=“D:\java_workspace\技能实训\源代码\NctSim\obj\”(先前值:“obj\”)
       值为“C:\Users\张豪午”的属性“USERPROFILE”从环境中展开。
       值为“C:\Users\张豪午\AppData\Local\Microsoft\MSBuild”的属性“MSBuildUserExtensionsPath”从环境中展开。
       在 C:\Program Files\dotnet\sdk\8.0.422\Sdks\Microsoft.NET.Sdk\targets\Microsoft.NET.Sdk.props (91,5) 处重新分配属性: $(AssemblySearchPaths)=“{CandidateAssemblyFiles};{HintPathFromItem}”(先前值:“{CandidateAssemblyFiles}”)
       在 C:\Program Files\dotnet\sdk\8.0.422\Sdks\Microsoft.NET.Sdk\targets\Microsoft.NET.Sdk.props (92,5) 处重新分配属性: $(AssemblySearchPaths)=“{CandidateAssemblyFiles};{HintPathFromItem};{TargetFrameworkDirectory}”(先前值:“{CandidateAssemblyFiles};{HintPathFromItem}”)
       在 C:\Program Files\dotnet\sdk\8.0.422\Sdks\Microsoft.NET.Sdk\targets\Microsoft.NET.Sdk.props (93,5) 处重新分配属性: $(AssemblySearchPaths)=“{CandidateAssemblyFiles};{HintPathFromItem};{TargetFrameworkDirectory};{RawFileName}”(先前值:“{CandidateAssemblyFiles};{HintPathFromItem};{TargetFrameworkDirectory}”)
       “DefaultSdkResolver”解析程序已尝试解析 SDK“Microsoft.NET.SDK.WorkloadAutoImportPropsLocator”。
       警告: null
       错误: MSB4276: 默认 SDK 解析程序解析 SDK“Microsoft.NET.SDK.WorkloadAutoImportPropsLocator”失败，因为目录“C:\Program Files\dotnet\sdk\8.0.422\Sdks\Microsoft.NET.SDK.WorkloadAutoImportPropsLocator\Sdk”不存在。
       SDK“Microsoft.NET.SDK.WorkloadAutoImportPropsLocator”已由“Microsoft.DotNet.MSBuildWorkloadSdkResolver”解析程序成功解析为位置“null”和版本“null”。
       在 C:\Program Files\dotnet\sdk\8.0.422\Sdks\Microsoft.NET.Sdk\targets\Microsoft.NET.PackProjectTool.props (15,5) 处重新分配属性: $(TargetsForTfmSpecificContentInPackage)=“;PackTool;_PackProjectToolValidation”(先前值:“;PackTool”)
       在 D:\java_workspace\技能实训\源代码\NctSim\NctSim.csproj (4,5) 处重新分配属性: $(OutputType)=“WinExe”(先前值:“Library”)
       在 C:\Program Files\dotnet\sdk\8.0.422\Sdks\Microsoft.NET.Sdk\targets\Microsoft.NET.Sdk.ImportPublishProfile.targets (28,5) 处重新分配属性: $(PublishProfileImported)=“false”(先前值:“true”)
       在 C:\Program Files\dotnet\sdk\8.0.422\Sdks\Microsoft.NET.Sdk\targets\Microsoft.NET.TargetFrameworkInference.targets (68,5) 处重新分配属性: $(TargetPlatformVersion)=“0.0”(先前值:“0.0.0.0”)
       在 C:\Program Files\dotnet\sdk\8.0.422\Sdks\Microsoft.NET.Sdk\targets\Microsoft.NET.TargetFrameworkInference.targets (69,5) 处重新分配属性: $(TargetPlatformVersion)=“”(先前值:“0.0”)
       在 C:\Program Files\dotnet\sdk\8.0.422\Sdks\Microsoft.NET.Sdk\targets\Microsoft.NET.TargetFrameworkInference.targets (71,5) 处重新分配属性: $(TargetPlatformIdentifier)=“Windows”(先前值:“windows”)
       在 C:\Program Files\dotnet\sdk\8.0.422\Sdks\Microsoft.NET.Sdk\targets\Microsoft.NET.DefaultOutputPaths.targets (122,5) 处重新分配属性: $(DefaultItemExcludes)=“;bin\Debug\/**;obj\Debug\/**”(先前值:“;bin\Debug\/**”)
       在 C:\Program Files\dotnet\sdk\8.0.422\Sdks\Microsoft.NET.Sdk\targets\Microsoft.NET.DefaultOutputPaths.targets (137,5) 处重新分配属性: $(OutputPath)=“bin\Debug\net8.0-windows\”(先前值:“bin\Debug\”)
       在 C:\Program Files\dotnet\sdk\8.0.422\Sdks\Microsoft.NET.Sdk\targets\Microsoft.NET.DefaultOutputPaths.targets (142,5) 处重新分配属性: $(IntermediateOutputPath)=“obj\Debug\net8.0-windows\”(先前值:“obj\Debug\”)
       “DefaultSdkResolver”解析程序已尝试解析 SDK“Microsoft.NET.SDK.WorkloadManifestTargetsLocator”。
       警告: null
       错误: MSB4276: 默认 SDK 解析程序解析 SDK“Microsoft.NET.SDK.WorkloadManifestTargetsLocator”失败，因为目录“C:\Program Files\dotnet\sdk\8.0.422\Sdks\Microsoft.NET.SDK.WorkloadManifestTargetsLocator\Sdk”不存在。
       SDK“Microsoft.NET.SDK.WorkloadManifestTargetsLocator”已由“Microsoft.DotNet.MSBuildWorkloadSdkResolver”解析程序成功解析为位置“C:\Program Files\dotnet\sdk-manifests\8.0.100\microsoft.net.sdk.android\34.0.43”和版本“null”。
       在 C:\Program Files\dotnet\sdk\8.0.422\Sdks\Microsoft.NET.Sdk\targets\Microsoft.NET.Sdk.BeforeCommon.targets (187,5) 处重新分配属性: $(_FrameworkIdentifierForImplicitDefine)=“NET”(先前值:“NETCOREAPP”)
       在 C:\Program Files\dotnet\sdk\8.0.422\Sdks\Microsoft.NET.Sdk\targets\Microsoft.NET.Sdk.BeforeCommon.targets (192,5) 处重新分配属性: $(_FrameworkVersionForImplicitDefine)=“8_0”(先前值:“8.0”)
       在 C:\Program Files\dotnet\sdk\8.0.422\Roslyn\Microsoft.CSharp.Core.targets (200,5) 处重新分配属性: $(CommandLineArgsForDesignTimeEvaluation)=“-langversion:12.0 -define:TRACE”(先前值:“-langversion:12.0”)
       在 C:\Program Files\dotnet\sdk\8.0.422\Microsoft.Common.CurrentVersion.targets (175,5) 处重新分配属性: $(_DebugSymbolsProduced)=“true”(先前值:“false”)
       在 C:\Program Files\dotnet\sdk\8.0.422\Microsoft.Common.CurrentVersion.targets (185,5) 处重新分配属性: $(_DocumentationFileProduced)=“false”(先前值:“true”)
       在 C:\Program Files\dotnet\sdk\8.0.422\Microsoft.Common.CurrentVersion.targets (393,5) 处重新分配属性: $(MSBuildCopyMarkerName)=“NctSim.csproj.Up2Date”(先前值:“NctSim.csproj”)
       在 C:\Program Files\dotnet\sdk\8.0.422\Microsoft.Common.CurrentVersion.targets (541,5) 处重新分配属性: $(ProcessorArchitecture)=“msil”(先前值:“”)
       在 C:\Program Files\dotnet\sdk\8.0.422\Microsoft.Common.CurrentVersion.targets (580,5) 处重新分配属性: $(DelaySign)=“”(先前值:“false”)
       值为“C:\Users\张豪午\AppData\Local”的属性“LOCALAPPDATA”从环境中展开。
       在 C:\Program Files\dotnet\sdk\8.0.422\Microsoft.Common.CurrentVersion.targets (3896,5) 处重新分配属性: $(_SGenGenerateSerializationAssembliesConfig)=“Auto”(先前值:“”)
       在 C:\Program Files\dotnet\sdk\8.0.422\Microsoft.Common.CurrentVersion.targets (3897,5) 处重新分配属性: $(_SGenGenerateSerializationAssembliesConfig)=“Off”(先前值:“Auto”)
       在 C:\Program Files\dotnet\sdk\8.0.422\Microsoft.Common.CurrentVersion.targets (5099,5) 处重新分配属性: $(_TargetsThatPrepareProjectReferences)=“
             AssignProjectConfiguration;
             _SplitProjectReferencesByFileExistence
           ”(先前值:“_SplitProjectReferencesByFileExistence”)
       值为“C:\Program Files\dotnet\sdk\8.0.422”的属性“MSBuildExtensionsPath32”从环境中展开。
       在 C:\Program Files\dotnet\sdk\8.0.422\Sdks\Microsoft.NET.Sdk\targets\Microsoft.PackageDependencyResolution.targets (29,5) 处重新分配属性: $(ProjectAssetsCacheFile)=“D:\java_workspace\技能实训\源代码\NctSim\obj\Debug\net8.0-windows\NctSim.assets.cache”(先前值:“obj\Debug\net8.0-windows\NctSim.assets.cache”)
       在 C:\Program Files\dotnet\sdk\8.0.422\Sdks\Microsoft.NET.Sdk\targets\Microsoft.PackageDependencyResolution.targets (80,5) 处重新分配属性: $(ResolveAssemblyReferencesDependsOn)=“
             
             ResolveProjectReferences;
             FindInvalidProjectReferences;
             GetFrameworkPaths;
             GetReferenceAssemblyPaths;
             PrepareForBuild;
             ResolveSDKReferences;
             ExpandSDKReferences;
           ;
             ResolvePackageDependenciesForBuild;
             _HandlePackageFileConflicts;
           ”(先前值:“
             ResolveProjectReferences;
             FindInvalidProjectReferences;
             GetFrameworkPaths;
             GetReferenceAssemblyPaths;
             PrepareForBuild;
             ResolveSDKReferences;
             ExpandSDKReferences;
           ”)
       在 C:\Program Files\dotnet\sdk\8.0.422\Sdks\Microsoft.NET.Sdk\targets\Microsoft.PackageDependencyResolution.targets (86,5) 处重新分配属性: $(PrepareResourcesDependsOn)=“
             ResolvePackageDependenciesForBuild;
             _HandlePackageFileConflicts;
             
             ;
             PrepareResourceNames;
             ResGen;
             CompileLicxFiles
           
           ”(先前值:“
             ;
             PrepareResourceNames;
             ResGen;
             CompileLicxFiles
           ”)
       在 C:\Program Files\dotnet\sdk\8.0.422\Sdks\Microsoft.NET.Sdk\targets\Microsoft.NET.Sdk.DefaultItems.targets (27,5) 处重新分配属性: $(DefaultItemExcludes)=“;bin\Debug\/**;obj\Debug\/**;bin\/**”(先前值:“;bin\Debug\/**;obj\Debug\/**”)
       在 C:\Program Files\dotnet\sdk\8.0.422\Sdks\Microsoft.NET.Sdk\targets\Microsoft.NET.Sdk.DefaultItems.targets (29,5) 处重新分配属性: $(DefaultItemExcludes)=“;bin\Debug\/**;obj\Debug\/**;bin\/**;obj\/**”(先前值:“;bin\Debug\/**;obj\Debug\/**;bin\/**”)
       在 C:\Program Files\dotnet\sdk\8.0.422\Sdks\Microsoft.NET.Sdk\targets\Microsoft.NET.Sdk.DefaultItems.targets (32,5) 处重新分配属性: $(DefaultItemExcludes)=“;bin\Debug\/**;obj\Debug\/**;bin\/**;obj\/**;**/*.user”(先前值:“;bin\Debug\/**;obj\Debug\/**;bin\/**;obj\/**”)
       在 C:\Program Files\dotnet\sdk\8.0.422\Sdks\Microsoft.NET.Sdk\targets\Microsoft.NET.Sdk.DefaultItems.targets (33,5) 处重新分配属性: $(DefaultItemExcludes)=“;bin\Debug\/**;obj\Debug\/**;bin\/**;obj\/**;**/*.user;**/*.*proj”(先前值:“;bin\Debug\/**;obj\Debug\/**;bin\/**;obj\/**;**/*.user”)
       在 C:\Program Files\dotnet\sdk\8.0.422\Sdks\Microsoft.NET.Sdk\targets\Microsoft.NET.Sdk.DefaultItems.targets (34,5) 处重新分配属性: $(DefaultItemExcludes)=“;bin\Debug\/**;obj\Debug\/**;bin\/**;obj\/**;**/*.user;**/*.*proj;**/*.sln”(先前值:“;bin\Debug\/**;obj\Debug\/**;bin\/**;obj\/**;**/*.user;**/*.*proj”)
       在 C:\Program Files\dotnet\sdk\8.0.422\Sdks\Microsoft.NET.Sdk\targets\Microsoft.NET.Sdk.DefaultItems.targets (35,5) 处重新分配属性: $(DefaultItemExcludes)=“;bin\Debug\/**;obj\Debug\/**;bin\/**;obj\/**;**/*.user;**/*.*proj;**/*.sln;**/*.vssscc”(先前值:“;bin\Debug\/**;obj\Debug\/**;bin\/**;obj\/**;**/*.user;**/*.*proj;**/*.sln”)
       在 C:\Program Files\dotnet\sdk\8.0.422\Sdks\Microsoft.NET.Sdk\targets\Microsoft.NET.Sdk.DefaultItems.targets (36,5) 处重新分配属性: $(DefaultItemExcludes)=“;bin\Debug\/**;obj\Debug\/**;bin\/**;obj\/**;**/*.user;**/*.*proj;**/*.sln;**/*.vssscc;**/.DS_Store”(先前值:“;bin\Debug\/**;obj\Debug\/**;bin\/**;obj\/**;**/*.user;**/*.*proj;**/*.sln;**/*.vssscc”)
       在 C:\Program Files\dotnet\sdk\8.0.422\Sdks\Microsoft.NET.Sdk\targets\Microsoft.NET.Sdk.FrameworkReferenceResolution.targets (14,5) 处重新分配属性: $(ResolveAssemblyReferencesDependsOn)=“
             
             
             ResolveProjectReferences;
             FindInvalidProjectReferences;
             GetFrameworkPaths;
             GetReferenceAssemblyPaths;
             PrepareForBuild;
             ResolveSDKReferences;
             ExpandSDKReferences;
           ;
             ResolvePackageDependenciesForBuild;
             _HandlePackageFileConflicts;
           ;
             ResolveTargetingPackAssets;
           ”(先前值:“
             
             ResolveProjectReferences;
             FindInvalidProjectReferences;
             GetFrameworkPaths;
             GetReferenceAssemblyPaths;
             PrepareForBuild;
             ResolveSDKReferences;
             ExpandSDKReferences;
           ;
             ResolvePackageDependenciesForBuild;
             _HandlePackageFileConflicts;
           ”)
       在 C:\Program Files\dotnet\sdk\8.0.422\Sdks\Microsoft.NET.Sdk\targets\Microsoft.NET.Sdk.targets (44,5) 处重新分配属性: $(_GenerateRuntimeConfigurationPropertyInputsCache)=“D:\java_workspace\技能实训\源代码\NctSim\obj\Debug\net8.0-windows\NctSim.genruntimeconfig.cache”(先前值:“obj\Debug\net8.0-windows\NctSim.genruntimeconfig.cache”)
       在 C:\Program Files\dotnet\sdk\8.0.422\Sdks\Microsoft.NET.Sdk\targets\Microsoft.NET.Sdk.targets (46,5) 处重新分配属性: $(_GeneratePublishDependencyFilePropertyInputsCache)=“D:\java_workspace\技能实训\源代码\NctSim\obj\Debug\net8.0-windows\NctSim.genpublishdeps.cache”(先前值:“obj\Debug\net8.0-windows\NctSim.genpublishdeps.cache”)
       在 C:\Program Files\dotnet\sdk\8.0.422\Sdks\Microsoft.NET.Sdk\targets\Microsoft.NET.Sdk.targets (48,5) 处重新分配属性: $(_GenerateSingleFileBundlePropertyInputsCache)=“D:\java_workspace\技能实训\源代码\NctSim\obj\Debug\net8.0-windows\NctSim.genbundle.cache”(先前值:“obj\Debug\net8.0-windows\NctSim.genbundle.cache”)
       在 C:\Program Files\dotnet\sdk\8.0.422\Sdks\Microsoft.NET.Sdk\targets\Microsoft.NET.Sdk.targets (81,5) 处重新分配属性: $(GenerateRuntimeConfigDevFile)=“false”(先前值:“true”)
       在 C:\Program Files\dotnet\sdk\8.0.422\Sdks\Microsoft.NET.Sdk\targets\Microsoft.NET.Sdk.targets (97,5) 处重新分配属性: $(_DefaultUserProfileRuntimeStorePath)=“C:\Users\张豪午”(先前值:“”)
       在 C:\Program Files\dotnet\sdk\8.0.422\Sdks\Microsoft.NET.Sdk\targets\Microsoft.NET.Sdk.targets (98,5) 处重新分配属性: $(_DefaultUserProfileRuntimeStorePath)=“C:\Users\张豪午\.dotnet\store”(先前值:“C:\Users\张豪午”)
       在 C:\Program Files\dotnet\sdk\8.0.422\Sdks\Microsoft.NET.Sdk\targets\Microsoft.NET.Sdk.targets (136,5) 处重新分配属性: $(AvailablePlatforms)=“Any CPU,x86,x64,ARM32”(先前值:“Any CPU,x86,x64”)
       在 C:\Program Files\dotnet\sdk\8.0.422\Sdks\Microsoft.NET.Sdk\targets\Microsoft.NET.Sdk.targets (140,5) 处重新分配属性: $(AvailablePlatforms)=“Any CPU,x86,x64,ARM32,ARM64”(先前值:“Any CPU,x86,x64,ARM32”)
       在 C:\Program Files\dotnet\sdk\8.0.422\Sdks\Microsoft.NET.Sdk\targets\Microsoft.NET.Sdk.targets (197,5) 处重新分配属性: $(CoreBuildDependsOn)=“
             _CheckForBuildWithNoBuild;
             
             BuildOnlySettings;
             PrepareForBuild;
             PreBuildEvent;
             ResolveReferences;
             PrepareResources;
             ResolveKeySource;
             Compile;
             ExportWindowsMDFile;
             UnmanagedUnregistration;
             GenerateSerializationAssemblies;
             CreateSatelliteAssemblies;
             GenerateManifests;
             GetTargetPath;
             PrepareForRun;
             UnmanagedRegistration;
             IncrementalClean;
             PostBuildEvent
           ;
             GenerateBuildDependencyFile;
             GenerateBuildRuntimeConfigurationFiles
           ”(先前值:“
             BuildOnlySettings;
             PrepareForBuild;
             PreBuildEvent;
             ResolveReferences;
             PrepareResources;
             ResolveKeySource;
             Compile;
             ExportWindowsMDFile;
             UnmanagedUnregistration;
             GenerateSerializationAssemblies;
             CreateSatelliteAssemblies;
             GenerateManifests;
             GetTargetPath;
             PrepareForRun;
             UnmanagedRegistration;
             IncrementalClean;
             PostBuildEvent
           ”)
       在 C:\Program Files\dotnet\sdk\8.0.422\Sdks\Microsoft.NET.Sdk\targets\Microsoft.NET.Sdk.targets (206,5) 处重新分配属性: $(CoreCleanDependsOn)=“
             _SdkBeforeClean;
             
           ”(先前值:“”)
       在 C:\Program Files\dotnet\sdk\8.0.422\Sdks\Microsoft.NET.Sdk\targets\Microsoft.NET.Sdk.targets (213,5) 处重新分配属性: $(RebuildDependsOn)=“
             _SdkBeforeRebuild;
             
             BeforeRebuild;
             Clean;
             Build;
             AfterRebuild;
           
           ”(先前值:“
             BeforeRebuild;
             Clean;
             Build;
             AfterRebuild;
           ”)
       在 C:\Program Files\dotnet\sdk\8.0.422\Sdks\Microsoft.NET.Sdk\targets\Microsoft.NET.Sdk.targets (679,5) 处重新分配属性: $(CompileDependsOn)=“
             
             ResolveReferences;
             ResolveKeySource;
             SetWin32ManifestProperties;
             _SetPreferNativeArm64Win32ManifestProperties;
             FindReferenceAssembliesForReferences;
             _GenerateCompileInputs;
             BeforeCompile;
             _TimeStampBeforeCompile;
             _GenerateCompileDependencyCache;
             CoreCompile;
             _TimeStampAfterCompile;
             AfterCompile;
           ;
             _CreateAppHost;
             _CreateComHost;
             _GetIjwHostPaths;
           ”(先前值:“
             ResolveReferences;
             ResolveKeySource;
             SetWin32ManifestProperties;
             _SetPreferNativeArm64Win32ManifestProperties;
             FindReferenceAssembliesForReferences;
             _GenerateCompileInputs;
             BeforeCompile;
             _TimeStampBeforeCompile;
             _GenerateCompileDependencyCache;
             CoreCompile;
             _TimeStampAfterCompile;
             AfterCompile;
           ”)
       在 C:\Program Files\dotnet\sdk\8.0.422\Sdks\Microsoft.NET.Sdk\targets\Microsoft.NET.Sdk.targets (1065,5) 处重新分配属性: $(CreateSatelliteAssembliesDependsOn)=“
             
             ;
             _GenerateSatelliteAssemblyInputs;
             ComputeIntermediateSatelliteAssemblies;
             GenerateSatelliteAssemblies
           ;
             CoreGenerateSatelliteAssemblies
           ”(先前值:“
             ;
             _GenerateSatelliteAssemblyInputs;
             ComputeIntermediateSatelliteAssemblies;
             GenerateSatelliteAssemblies
           ”)
       在 C:\Program Files\dotnet\sdk\8.0.422\Sdks\Microsoft.SourceLink.GitLab\build\Microsoft.SourceLink.GitLab.targets (12,5) 处重新分配属性: $(SourceLinkUrlInitializerTargets)=“;_InitializeGitHubSourceLinkUrl;_InitializeGitLabSourceLinkUrl”(先前值:“;_InitializeGitHubSourceLinkUrl”)
       在 C:\Program Files\dotnet\sdk\8.0.422\Sdks\Microsoft.SourceLink.GitLab\build\Microsoft.SourceLink.GitLab.targets (13,5) 处重新分配属性: $(SourceControlManagerUrlTranslationTargets)=“;TranslateGitHubUrlsInSourceControlInformation;TranslateGitLabUrlsInSourceControlInformation”(先前值:“;TranslateGitHubUrlsInSourceControlInformation”)
       在 C:\Program Files\dotnet\sdk\8.0.422\Sdks\Microsoft.SourceLink.AzureRepos.Git\build\Microsoft.SourceLink.AzureRepos.Git.targets (12,5) 处重新分配属性: $(SourceLinkUrlInitializerTargets)=“;_InitializeGitHubSourceLinkUrl;_InitializeGitLabSourceLinkUrl;_InitializeAzureReposGitSourceLinkUrl”(先前值:“;_InitializeGitHubSourceLinkUrl;_InitializeGitLabSourceLinkUrl”)
       在 C:\Program Files\dotnet\sdk\8.0.422\Sdks\Microsoft.SourceLink.AzureRepos.Git\build\Microsoft.SourceLink.AzureRepos.Git.targets (13,5) 处重新分配属性: $(SourceControlManagerUrlTranslationTargets)=“;TranslateGitHubUrlsInSourceControlInformation;TranslateGitLabUrlsInSourceControlInformation;TranslateAzureReposGitUrlsInSourceControlInformation”(先前值:“;TranslateGitHubUrlsInSourceControlInformation;TranslateGitLabUrlsInSourceControlInformation”)
       在 C:\Program Files\dotnet\sdk\8.0.422\Sdks\Microsoft.SourceLink.Bitbucket.Git\build\Microsoft.SourceLink.Bitbucket.Git.targets (12,5) 处重新分配属性: $(SourceLinkUrlInitializerTargets)=“;_InitializeGitHubSourceLinkUrl;_InitializeGitLabSourceLinkUrl;_InitializeAzureReposGitSourceLinkUrl;_InitializeBitbucketGitSourceLinkUrl”(先前值:“;_InitializeGitHubSourceLinkUrl;_InitializeGitLabSourceLinkUrl;_InitializeAzureReposGitSourceLinkUrl”)
       在 C:\Program Files\dotnet\sdk\8.0.422\Sdks\Microsoft.SourceLink.Bitbucket.Git\build\Microsoft.SourceLink.Bitbucket.Git.targets (13,5) 处重新分配属性: $(SourceControlManagerUrlTranslationTargets)=“;TranslateGitHubUrlsInSourceControlInformation;TranslateGitLabUrlsInSourceControlInformation;TranslateAzureReposGitUrlsInSourceControlInformation;TranslateBitbucketGitUrlsInSourceControlInformation”(先前值:“;TranslateGitHubUrlsInSourceControlInformation;TranslateGitLabUrlsInSourceControlInformation;TranslateAzureReposGitUrlsInSourceControlInformation”)
       在 C:\Program Files\dotnet\sdk\8.0.422\Sdks\Microsoft.NET.Sdk\targets\Microsoft.NET.DesignerSupport.targets (21,5) 处重新分配属性: $(DesignerRuntimeImplementationProjectOutputGroupDependsOn)=“
             
             ;
             
             ;
             BuildOnlySettings;
             PrepareForBuild;
             AssignTargetPaths;
             ResolveReferences
           
           ;
             _GenerateDesignerDepsFile;
             _GenerateDesignerRuntimeConfigFile;
             GetCopyToOutputDirectoryItems;
             _GatherDesignerShadowCopyFiles;
           ”(先前值:“
             ;
             
             ;
             BuildOnlySettings;
             PrepareForBuild;
             AssignTargetPaths;
             ResolveReferences
           
           ”)
       在 C:\Program Files\dotnet\sdk\8.0.422\Sdks\Microsoft.NET.Sdk\targets\Microsoft.NET.PackTool.targets (68,5) 处重新分配属性: $(_GenerateToolsSettingsFileCacheFile)=“D:\java_workspace\技能实训\源代码\NctSim\obj\Debug\net8.0-windows\NctSim.toolssettingsinput.cache”(先前值:“obj\Debug\net8.0-windows\NctSim.toolssettingsinput.cache”)
       在 C:\Program Files\dotnet\sdk\8.0.422\Sdks\Microsoft.NET.Sdk\targets\Microsoft.NET.PackTool.targets (137,5) 处重新分配属性: $(_ShimInputCacheFile)=“D:\java_workspace\技能实训\源代码\NctSim\obj\Debug\net8.0-windows\NctSim.shiminput.cache”(先前值:“obj\Debug\net8.0-windows\NctSim.shiminput.cache”)
       在 C:\Program Files\dotnet\sdk\8.0.422\Sdks\Microsoft.NET.Sdk\targets\Microsoft.NET.PackTool.targets (139,5) 处重新分配属性: $(_ShimCreatedSentinelFile)=“D:\java_workspace\技能实训\源代码\NctSim\obj\Debug\net8.0-windows\NctSim.shimcreated.sentinel”(先前值:“obj\Debug\net8.0-windows\NctSim.shimcreated.sentinel”)
       在 C:\Program Files\dotnet\sdk\8.0.422\Sdks\Microsoft.NET.Sdk\targets\Microsoft.NET.Sdk.CSharp.targets (31,5) 处重新分配属性: $(DefineConstants)=“TRACE;DEBUG”(先前值:“TRACE”)
       在 C:\Program Files\dotnet\sdk\8.0.422\Sdks\Microsoft.NET.Sdk\targets\Microsoft.NET.Sdk.CSharp.targets (34,5) 处重新分配属性: $(DefineConstants)=“TRACE;DEBUG;NET;NET8_0;NETCOREAPP”(先前值:“TRACE;DEBUG”)
       在 C:\Program Files\dotnet\sdk\8.0.422\Sdks\Microsoft.NET.Sdk\targets\Microsoft.NET.Sdk.CSharp.targets (48,5) 处重新分配属性: $(WarningsAsErrors)=“;NU1605;SYSLIB0011”(先前值:“;NU1605”)
       在 C:\Program Files\dotnet\sdk\8.0.422\Sdks\Microsoft.NET.Sdk\targets\Microsoft.NET.Windows.targets (34,5) 处重新分配属性: $(TargetPlatformVersion)=“7.0”(先前值:“”)
       在 C:\Program Files\dotnet\sdk\8.0.422\Sdks\Microsoft.NET.Sdk\targets\Microsoft.NET.Windows.targets (44,5) 处重新分配属性: $(SupportedOSPlatformVersion)=“7.0”(先前值:“”)
       在 C:\Program Files\dotnet\sdk\8.0.422\Sdks\Microsoft.NET.Sdk\targets\Microsoft.NET.Windows.targets (45,5) 处重新分配属性: $(TargetPlatformMinVersion)=“7.0”(先前值:“”)
       在 C:\Program Files\dotnet\sdk\8.0.422\Sdks\Microsoft.NET.Sdk\targets\Microsoft.NET.Sdk.targets (1347,5) 处重新分配属性: $(TargetPlatformDisplayName)=“Windows 7.0”(先前值:“Windows ”)
       在 C:\Program Files\dotnet\sdk\8.0.422\Sdks\Microsoft.NET.Sdk.WindowsDesktop\targets\Microsoft.NET.Sdk.WindowsDesktop.targets (51,5) 处重新分配属性: $(_TargetFrameworkVersionValue)=“8.0”(先前值:“0.0”)
       在 C:\Program Files\dotnet\sdk\8.0.422\Sdks\Microsoft.NET.Sdk.WindowsDesktop\targets\Microsoft.WinFX.targets (61,7) 处重新分配属性: $(PrepareResourceNamesDependsOn)=“
                           AssignWinFXEmbeddedResource;
                           
             AssignTargetPaths;
             SplitResourcesByCulture;
             CreateManifestResourceNames;
             CreateCustomManifestResourceNames
           
             ”(先前值:“
             AssignTargetPaths;
             SplitResourcesByCulture;
             CreateManifestResourceNames;
             CreateCustomManifestResourceNames
           ”)
       在 C:\Program Files\dotnet\sdk\8.0.422\Sdks\Microsoft.NET.Sdk.WindowsDesktop\targets\Microsoft.WinFX.targets (69,7) 处重新分配属性: $(PrepareResourcesDependsOn)=“
                       MarkupCompilePass1;
                       AfterMarkupCompilePass1;
                       MarkupCompilePass2ForMainAssembly;
                       FileClassification;
                       MainResourcesGeneration;
                       
             ResolvePackageDependenciesForBuild;
             _HandlePackageFileConflicts;
             
             ;
             PrepareResourceNames;
             ResGen;
             CompileLicxFiles
           
           
             ”(先前值:“
             ResolvePackageDependenciesForBuild;
             _HandlePackageFileConflicts;
             
             ;
             PrepareResourceNames;
             ResGen;
             CompileLicxFiles
           
           ”)
       在 C:\Program Files\dotnet\sdk\8.0.422\Sdks\Microsoft.NET.Sdk.WindowsDesktop\targets\Microsoft.WinFX.targets (136,5) 处重新分配属性: $(CompileDependsOn)=“
               
             
             ResolveReferences;
             ResolveKeySource;
             SetWin32ManifestProperties;
             _SetPreferNativeArm64Win32ManifestProperties;
             FindReferenceAssembliesForReferences;
             _GenerateCompileInputs;
             BeforeCompile;
             _TimeStampBeforeCompile;
             _GenerateCompileDependencyCache;
             CoreCompile;
             _TimeStampAfterCompile;
             AfterCompile;
           ;
             _CreateAppHost;
             _CreateComHost;
             _GetIjwHostPaths;
           ;
               _AfterCompileWinFXInternal
           ”(先前值:“
             
             ResolveReferences;
             ResolveKeySource;
             SetWin32ManifestProperties;
             _SetPreferNativeArm64Win32ManifestProperties;
             FindReferenceAssembliesForReferences;
             _GenerateCompileInputs;
             BeforeCompile;
             _TimeStampBeforeCompile;
             _GenerateCompileDependencyCache;
             CoreCompile;
             _TimeStampAfterCompile;
             AfterCompile;
           ;
             _CreateAppHost;
             _CreateComHost;
             _GetIjwHostPaths;
           ”)
       在 C:\Program Files\dotnet\sdk\8.0.422\Sdks\Microsoft.NET.Sdk.WindowsDesktop\targets\Microsoft.WinFX.targets (802,9) 处重新分配属性: $(PublishBuildDependsOn)=“
                   BuildOnlySettings;
                   PrepareForBuild;
                   ResolveReferences;
                   PrepareResources;
                   ResolveKeySource;
                   PrepareResourcesForSatelliteAssemblies;
                   GenerateSerializationAssemblies;
                   CreateSatelliteAssemblies;
               ”(先前值:“
             BuildOnlySettings;
             PrepareForBuild;
             ResolveReferences;
             PrepareResources;
             ResolveKeySource;
             GenerateSerializationAssemblies;
             CreateSatelliteAssemblies;
           ”)
       在 C:\Program Files\dotnet\sdk\8.0.422\Sdks\NuGet.Build.Tasks.Pack\build\NuGet.Build.Tasks.Pack.targets (34,5) 处重新分配属性: $(PackageDescription)=“Package Description”(先前值:“”)
       在 C:\Program Files\dotnet\sdk\8.0.422\Sdks\NuGet.Build.Tasks.Pack\build\NuGet.Build.Tasks.Pack.targets (59,5) 处重新分配属性: $(GenerateNuspecDependsOn)=“Build;_LoadPackInputItems; _GetTargetFrameworksOutput; _WalkEachTargetPerFramework; _GetPackageFiles; ”(先前值:“_LoadPackInputItems; _GetTargetFrameworksOutput; _WalkEachTargetPerFramework; _GetPackageFiles; ”)
       在 C:\Program Files\dotnet\sdk\8.0.422\Sdks\Microsoft.NET.Sdk\Sdk\Sdk.targets (59,5) 处重新分配属性: $(_IsNotSetContainersTargetsDir)=“true”(先前值:“false”)
       在 C:\Program Files\dotnet\sdk\8.0.422\Containers\build\Microsoft.NET.Build.Containers.targets (5,5) 处重新分配属性: $(_IsSDKContainerAllowedVersion)=“true”(先前值:“false”)
       在 C:\Program Files\dotnet\sdk\8.0.422\Containers\build\Microsoft.NET.Build.Containers.targets (15,5) 处重新分配属性: $(_ContainerIsTargetingNet8TFM)=“true”(先前值:“false”)
       正在使用项目“C:\Program Files\dotnet\sdk\8.0.422\Sdks\Microsoft.NET.Sdk\targets\Microsoft.NET.Sdk.FrameworkReferenceResolution.targets”中的目标“ResolveFrameworkReferences”重写项目“C:\Program Files\dotnet\sdk\8.0.422\Microsoft.Common.CurrentVersion.targets”中的目标“ResolveFrameworkReferences”。
       正在使用项目“C:\Program Files\dotnet\sdk\8.0.422\Sdks\Microsoft.NET.Sdk\targets\Microsoft.NET.Sdk.targets”中的目标“Run”重写项目“C:\Program Files\dotnet\sdk\8.0.422\Microsoft.Common.CurrentVersion.targets”中的目标“Run”。
       正在使用项目“C:\Program Files\dotnet\sdk\8.0.422\Sdks\Microsoft.NET.Sdk\targets\Microsoft.NET.Sdk.targets”中的目标“GenerateSupportedTargetFrameworkAlias”重写项目“C:\Program Files\dotnet\sdk\8.0.422\Microsoft.Common.CurrentVersion.targets”中的目标“GenerateSupportedTargetFrameworkAlias”。
       正在使用项目“C:\Program Files\dotnet\sdk\8.0.422\Sdks\Microsoft.NET.Sdk\targets\Microsoft.NET.DisableStandardFrameworkResolution.targets”中的目标“GetReferenceAssemblyPaths”重写项目“C:\Program Files\dotnet\sdk\8.0.422\Microsoft.Common.CurrentVersion.targets”中的目标“GetReferenceAssemblyPaths”。
       正在使用项目“C:\Program Files\dotnet\sdk\8.0.422\Sdks\Microsoft.NET.Sdk\targets\Microsoft.NET.DisableStandardFrameworkResolution.targets”中的目标“GetFrameworkPaths”重写项目“C:\Program Files\dotnet\sdk\8.0.422\Microsoft.Common.CurrentVersion.targets”中的目标“GetFrameworkPaths”。
       正在使用项目“C:\Program Files\dotnet\sdk\8.0.422\Sdks\Microsoft.NET.Sdk\targets\Microsoft.NET.DesignerSupport.targets”中的目标“DesignerRuntimeImplementationProjectOutputGroup”重写项目“C:\Program Files\dotnet\sdk\8.0.422\Microsoft.Common.CurrentVersion.targets”中的目标“DesignerRuntimeImplementationProjectOutputGroup”。
       正在使用项目“C:\Program Files\dotnet\sdk\8.0.422\Sdks\Microsoft.NET.Sdk\targets\Microsoft.NET.Publish.targets”中的目标“Publish”重写项目“C:\Program Files\dotnet\sdk\8.0.422\Microsoft.Common.CurrentVersion.targets”中的目标“Publish”。
       正在使用项目“C:\Program Files\dotnet\sdk\8.0.422\Sdks\Microsoft.NET.Sdk\targets\Microsoft.NET.Publish.targets”中的目标“ResolveReadyToRunCompilers”重写项目“C:\Program Files\dotnet\sdk\8.0.422\Sdks\Microsoft.NET.Sdk\targets\Microsoft.NET.CrossGen.targets”中的目标“ResolveReadyToRunCompilers”。
       正在使用项目“C:\Program Files\dotnet\sdk\8.0.422\Sdks\Microsoft.NET.Sdk\targets\Microsoft.NET.Publish.targets”中的目标“GetCopyToPublishDirectoryItems”重写项目“C:\Program Files\dotnet\sdk\8.0.422\Microsoft.Common.CurrentVersion.targets”中的目标“GetCopyToPublishDirectoryItems”。
       正在使用项目“C:\Program Files\dotnet\sdk\8.0.422\Sdks\Microsoft.NET.Sdk.WindowsDesktop\targets\Microsoft.WinFX.targets”中的目标“SatelliteDllsProjectOutputGroup”重写项目“C:\Program Files\dotnet\sdk\8.0.422\Microsoft.Common.CurrentVersion.targets”中的目标“SatelliteDllsProjectOutputGroup”。
       项目中不存在 AfterTargets 特性中的“C:\Users\张豪午\.nuget\packages\system.text.json\8.0.0\buildTransitive\net6.0\System.Text.Json.targets (11,11)”位置列出的目标“ResolveNuGetPackageAssets”，将忽略该目标。
       项目中不存在 AfterTargets 特性中的“C:\Users\张豪午\.nuget\packages\system.text.json\8.0.0\buildTransitive\net6.0\System.Text.Json.targets (23,11)”位置列出的目标“ResolveNuGetPackageAssets”，将忽略该目标。
   1:7>节点 1 上的项目“D:\java_workspace\技能实训\源代码\NctSim\NctSim.csproj”(默认目标)。
   1:7>由于条件的计算结果为 false，已跳过目标“_CheckForUnsupportedTargetFramework”；('$(_UnsupportedTargetFrameworkError)' == 'true')的计算结果为('' == 'true')。
   1:7>来自项目“D:\java_workspace\技能实训\源代码\NctSim\NctSim.csproj”的文件“C:\Program Files\dotnet\sdk\8.0.422\Sdks\Microsoft.NET.Sdk\targets\Microsoft.NET.TargetFrameworkInference.targets”中的目标“_CollectTargetFrameworkForTelemetry”(目标“_CheckForInvalidConfigurationAndPlatform”依赖于它):
       正在使用程序集“C:\Program Files\dotnet\sdk\8.0.422\Sdks\Microsoft.NET.Sdk\targets\..\tools\net8.0\Microsoft.NET.Build.Tasks.dll”中的“AllowEmptyTelemetry”任务。
       任务“AllowEmptyTelemetry”
       已完成执行任务“AllowEmptyTelemetry”的操作。
   1:7>已完成在项目“NctSim.csproj”中生成目标“_CollectTargetFrameworkForTelemetry”的操作。
       由于条件的计算结果为 false，已跳过目标“_CheckForMissingWorkload”；('@(MissingWorkloadPack)' != '' And '$(DesignTimeBuild)' != 'true')的计算结果为('' != '' And '' != 'true')。
   1:7>来自项目“D:\java_workspace\技能实训\源代码\NctSim\NctSim.csproj”的文件“C:\Program Files\dotnet\sdk\8.0.422\Sdks\Microsoft.NET.Sdk\targets\Microsoft.NET.TargetFrameworkInference.targets”中的目标“_CheckForUnsupportedTargetPlatformIdentifier”(目标“_CheckForInvalidConfigurationAndPlatform”依赖于它):
       由于 false 条件，已跳过任务“NETSdkError”；('$(TargetPlatformSupported)' != 'true' and '$(UseWorkloadsSpecificError)' != 'true')计算为('true' != 'true' and '' != 'true')。
       由于 false 条件，已跳过任务“NETSdkError”；('$(TargetPlatformSupported)' != 'true' and '$(UseWorkloadsSpecificError)' == 'true')计算为('true' != 'true' and '' == 'true')。
   1:7>已完成在项目“NctSim.csproj”中生成目标“_CheckForUnsupportedTargetPlatformIdentifier”的操作。
   1:7>来自项目“D:\java_workspace\技能实训\源代码\NctSim\NctSim.csproj”的文件“C:\Program Files\dotnet\sdk\8.0.422\Sdks\Microsoft.NET.Sdk\targets\Microsoft.NET.TargetFrameworkInference.targets”中的目标“_CheckForUnsupportedNETCoreVersion”(目标“_CheckForInvalidConfigurationAndPlatform”依赖于它):
       由于 false 条件，已跳过任务“NETSdkError”；('$(_TargetFrameworkVersionWithoutV)' > '$(NETCoreAppMaximumVersion)' and '$(DisplayVSMessage)' != 'true')计算为('8.0' > '8.0' and '' != 'true')。
       由于 false 条件，已跳过任务“NETSdkError”；('$(DisplayVSMessage)' == 'true')计算为('' == 'true')。
   1:7>已完成在项目“NctSim.csproj”中生成目标“_CheckForUnsupportedNETCoreVersion”的操作。
       由于条件的计算结果为 false，已跳过目标“_CheckForEolTargetFrameworks”；('@(_EolNetCoreTargetFrameworkVersions->AnyHaveMetadataValue('Identity', '$(_TargetFrameworkVersionWithoutV)'))' and '$(TargetFrameworkIdentifier)' == '.NETCoreApp' and '$(CheckEolTargetFramework)' == 'true')的计算结果为('false' and '.NETCoreApp' == '.NETCoreApp' and 'true' == 'true')。
       由于条件的计算结果为 false，已跳过目标“_CheckForEolWorkloads”；('@(EolWorkload)' != '' and '$(CheckEolWorkloads)' == 'true')的计算结果为('' != '' and 'true' == 'true')。
   1:7>来自项目“D:\java_workspace\技能实训\源代码\NctSim\NctSim.csproj”的文件“C:\Program Files\dotnet\sdk\8.0.422\Sdks\Microsoft.NET.Sdk\targets\Microsoft.NET.TargetFrameworkInference.targets”中的目标“_CheckForUnsupportedCppNETCoreVersion”(目标“_CheckForInvalidConfigurationAndPlatform”依赖于它):
       由于 false 条件，已跳过任务“NETSdkError”；('$(TargetFrameworkIdentifier)' == '.NETCoreApp' and '$(_TargetFrameworkVersionWithoutV)' < '3.1' and ('$(Language)' == 'C++' and '$(_EnablePackageReferencesInVCProjects)' != 'true'))计算为('.NETCoreApp' == '.NETCoreApp' and '8.0' < '3.1' and ('C#' == 'C++' and '' != 'true'))。
   1:7>已完成在项目“NctSim.csproj”中生成目标“_CheckForUnsupportedCppNETCoreVersion”的操作。
       由于条件的计算结果为 false，已跳过目标“_CheckForUnsupportedNETStandardVersion”；('$(TargetFrameworkIdentifier)' == '.NETStandard' And '$(NETStandardMaximumVersion)' != '')的计算结果为('.NETCoreApp' == '.NETStandard' And '' != '')。
       由于条件的计算结果为 false，已跳过目标“_CheckForUnsupportedTargetFrameworkAndFeatureCombination”；('$(TargetFrameworkIdentifier)' == '.NETFramework')的计算结果为('.NETCoreApp' == '.NETFramework')。
   1:7>来自项目“D:\java_workspace\技能实训\源代码\NctSim\NctSim.csproj”的文件“C:\Program Files\dotnet\sdk\8.0.422\Sdks\Microsoft.NET.Sdk\targets\Microsoft.NET.TargetFrameworkInference.targets”中的目标“_CheckForSupportedOSPlatformVersionHigherThanTargetPlatformVersion”(目标“_CheckForInvalidConfigurationAndPlatform”依赖于它):
       由于 false 条件，已跳过任务“NETSdkError”；('$(SupportedOSPlatformVersion)' != '' and $(TargetPlatformVersion) != '' and $([MSBuild]::VersionGreaterThan($(SupportedOSPlatformVersion), $(TargetPlatformVersion))))计算为('7.0' != '' and 7.0 != '' and False)。
   1:7>已完成在项目“NctSim.csproj”中生成目标“_CheckForSupportedOSPlatformVersionHigherThanTargetPlatformVersion”的操作。
   1:7>来自项目“D:\java_workspace\技能实训\源代码\NctSim\NctSim.csproj”的文件“C:\Program Files\dotnet\sdk\8.0.422\Sdks\Microsoft.NET.Sdk\targets\Microsoft.NET.TargetFrameworkInference.targets”中的目标“_NormalizeTargetPlatformVersion”(目标“_CheckForInvalidTargetPlatformVersion”依赖于它):
   1:7>已完成在项目“NctSim.csproj”中生成目标“_NormalizeTargetPlatformVersion”的操作。
   1:7>来自项目“D:\java_workspace\技能实训\源代码\NctSim\NctSim.csproj”的文件“C:\Program Files\dotnet\sdk\8.0.422\Sdks\Microsoft.NET.Sdk\targets\Microsoft.NET.TargetFrameworkInference.targets”中的目标“_CheckForInvalidTargetPlatformVersion”(目标“_CheckForInvalidConfigurationAndPlatform”依赖于它):
       由于 false 条件，已跳过任务“NetSdkError”；('$(TargetPlatformVersionSupported)' != 'true')计算为('true' != 'true')。
   1:7>已完成在项目“NctSim.csproj”中生成目标“_CheckForInvalidTargetPlatformVersion”的操作。
   1:7>来自项目“D:\java_workspace\技能实训\源代码\NctSim\NctSim.csproj”的文件“C:\Program Files\dotnet\sdk\8.0.422\Sdks\Microsoft.NET.Sdk\targets\Microsoft.NET.DefaultOutputPaths.targets”中的目标“_CheckForUnsupportedArtifactsPath”(目标“_CheckForInvalidConfigurationAndPlatform”依赖于它):
       由于 false 条件，已跳过任务“NetSdkError”；('$(UseArtifactsOutput)' == 'true' and '$(_ArtifactsPathSetEarly)' != 'true')计算为('' == 'true' and '' != 'true')。
       由于 false 条件，已跳过任务“NetSdkError”；('$(_ArtifactsPathLocationType)' == 'ProjectFolder')计算为('' == 'ProjectFolder')。
   1:7>已完成在项目“NctSim.csproj”中生成目标“_CheckForUnsupportedArtifactsPath”的操作。
       由于条件的计算结果为 false，已跳过目标“_CheckForMissingWorkload”；('@(MissingWorkloadPack)' != '' And '$(DesignTimeBuild)' != 'true')的计算结果为('' != '' And '' != 'true')。
   1:7>来自项目“D:\java_workspace\技能实训\源代码\NctSim\NctSim.csproj”的文件“C:\Program Files\dotnet\sdk\8.0.422\Sdks\Microsoft.NET.Sdk\targets\Microsoft.NET.RuntimeIdentifierInference.targets”中的目标“_CheckForUnsupportedAppHostUsage”(目标“_CheckForInvalidConfigurationAndPlatform”依赖于它):
       由于 false 条件，已跳过任务“NETSdkError”；('$(SelfContained)' == 'true' and '$(RuntimeIdentifier)' == '' and '$(AllowSelfContainedWithoutRuntimeIdentifier)' != 'true')计算为('false' == 'true' and '' == '' and '' != 'true')。
       由于 false 条件，已跳过任务“NETSdkError”；('$(PublishReadyToRun)' == 'true' and '$(RuntimeIdentifier)' == '' and '$(_IsPublishing)' == 'true')计算为('' == 'true' and '' == '' and '' == 'true')。
       由于 false 条件，已跳过任务“NETSdkError”；('$(PublishSingleFile)' == 'true' and '$(RuntimeIdentifier)' == '' and '$(_IsPublishing)' == 'true')计算为('' == 'true' and '' == '' and '' == 'true')。
       由于 false 条件，已跳过任务“NETSdkError”；('$(PublishAot)' == 'true' and '$(RuntimeIdentifier)' == '' and '$(_IsPublishing)' == 'true' and '$(AllowPublishAotWithoutRuntimeIdentifier)' != 'true')计算为('' == 'true' and '' == '' and '' == 'true' and '' != 'true')。
       由于 false 条件，已跳过任务“NETSdkError”；('$(PublishSelfContained)' != 'true' and '$(PublishSelfContained)' != 'false' and '$(PublishSelfContained)' != '')计算为('' != 'true' and '' != 'false' and '' != '')。
       由于 false 条件，已跳过任务“NETSdkError”；('$(SelfContained)' == 'true' and '$(UseAppHost)' != 'true' and '$(_RuntimeIdentifierUsesAppHost)' == 'true')计算为('false' == 'true' and 'true' != 'true' and 'true' == 'true')。
       由于 false 条件，已跳过任务“NETSdkError”；('$(SelfContained)' != 'true' and '$(UseAppHost)' == 'true' and '$(_TargetFrameworkVersionWithoutV)' < '2.1')计算为('false' != 'true' and 'true' == 'true' and '8.0' < '2.1')。
       由于 false 条件，已跳过任务“NETSdkError”；('$(PublishSingleFile)' == 'true' and '$(_TargetFrameworkVersionWithoutV)' < '3.0')计算为('' == 'true' and '8.0' < '3.0')。
       由于 false 条件，已跳过任务“NETSdkWarning”；('$(PublishReadyToRun)' == 'true' and '$(_TargetFrameworkVersionWithoutV)' < '3.0')计算为('' == 'true' and '8.0' < '3.0')。
       由于 false 条件，已跳过任务“NETSdkWarning”；('$(RuntimeIdentifier)' != '' and '$(_TargetFrameworkVersionWithoutV)' != '' and $([MSBuild]::VersionLessThan($(_TargetFrameworkVersionWithoutV), '8.0')) and '$(_SelfContainedWasSpecified)' != 'true')计算为('' != '' and '8.0' != '' and False and '' != 'true')。
       由于 false 条件，已跳过任务“NetSdkError”；(('$(UseWindowsForms)' == 'true') and ('$(PublishTrimmed)' == 'true') and ('$(_SuppressWinFormsTrimError)' != 'true'))计算为(('true' == 'true') and ('' == 'true') and ('' != 'true'))。
       由于 false 条件，已跳过任务“NetSdkError”；(('$(UseWpf)' == 'true') and ('$(PublishTrimmed)' == 'true') and ('$(_SuppressWpfTrimError)' != 'true'))计算为(('' == 'true') and ('' == 'true') and ('' != 'true'))。
   1:7>已完成在项目“NctSim.csproj”中生成目标“_CheckForUnsupportedAppHostUsage”的操作。
   1:7>来自项目“D:\java_workspace\技能实训\源代码\NctSim\NctSim.csproj”的文件“C:\Program Files\dotnet\sdk\8.0.422\Sdks\Microsoft.NET.Sdk\targets\Microsoft.NET.RuntimeIdentifierInference.targets”中的目标“_CheckForUnsupportedHostingUsage”(目标“_CheckForInvalidConfigurationAndPlatform”依赖于它):
       由于 false 条件，已跳过任务“NETSdkWarning”；('$(SelfContained)' == 'true' and '$(EnableComHosting)' == 'true')计算为('false' == 'true' and '' == 'true')。
   1:7>已完成在项目“NctSim.csproj”中生成目标“_CheckForUnsupportedHostingUsage”的操作。
   1:7>来自项目“D:\java_workspace\技能实训\源代码\NctSim\NctSim.csproj”的文件“C:\Program Files\dotnet\sdk\8.0.422\Sdks\Microsoft.NET.Sdk\targets\Microsoft.NET.RuntimeIdentifierInference.targets”中的目标“_CheckAndUnsetUnsupportedPrefer32Bit”(目标“_CheckForInvalidConfigurationAndPlatform”依赖于它):
       由于 false 条件，已跳过任务“NETSdkWarning”；('$(Prefer32Bit)' == 'true')计算为('false' == 'true')。
   1:7>已完成在项目“NctSim.csproj”中生成目标“_CheckAndUnsetUnsupportedPrefer32Bit”的操作。
       由于条件的计算结果为 false，已跳过目标“_CheckForMismatchingPlatform”；('$(RuntimeIdentifier)' != '' and '$(PlatformTarget)' != '')的计算结果为('' != '' and '' != '')。
   1:7>来自项目“D:\java_workspace\技能实训\源代码\NctSim\NctSim.csproj”的文件“C:\Program Files\dotnet\sdk\8.0.422\Sdks\Microsoft.NET.Sdk\targets\Microsoft.NET.RuntimeIdentifierInference.targets”中的目标“_CheckForLanguageAndFeatureCombinationSupport”(目标“_CheckForInvalidConfigurationAndPlatform”依赖于它):
       由于 false 条件，已跳过任务“NETSdkError”；(('$(Language)' == 'C++' and '$(_EnablePackageReferencesInVCProjects)' != 'true') and $(OutputType) != 'library' and '$(TargetFrameworkIdentifier)' == '.NETCoreApp')计算为(('C#' == 'C++' and '' != 'true') and WinExe != 'library' and '.NETCoreApp' == '.NETCoreApp')。
       由于 false 条件，已跳过任务“NETSdkError”；(('$(Language)' == 'C++' and '$(_EnablePackageReferencesInVCProjects)' != 'true') and $(EnableComHosting) == 'true')计算为(('C#' == 'C++' and '' != 'true') and  == 'true')。
       由于 false 条件，已跳过任务“NETSdkError”；(('$(Language)' == 'C++' and '$(_EnablePackageReferencesInVCProjects)' != 'true') and $(SelfContained) == 'true')计算为(('C#' == 'C++' and '' != 'true') and false == 'true')。
   1:7>已完成在项目“NctSim.csproj”中生成目标“_CheckForLanguageAndFeatureCombinationSupport”的操作。
       由于条件的计算结果为 false，已跳过目标“_CheckForNETCoreSdkIsPreview”；( '$(_NETCoreSdkIsPreview)' == 'true' AND '$(SuppressNETCoreSdkPreviewMessage)' != 'true' )的计算结果为( 'false' == 'true' AND '' != 'true' )。
   1:7>来自项目“D:\java_workspace\技能实训\源代码\NctSim\NctSim.csproj”的文件“C:\Program Files\dotnet\sdk\8.0.422\NuGet.targets”中的目标“_GetProjectJsonPath”(目标“_GetRestoreProjectStyle”依赖于它):
       由于 false 条件，已跳过任务“GetRestoreProjectJsonPathTask”；( '$(RestoreProjectStyle)' == 'ProjectJson' OR '$(RestoreProjectStyle)' == '' )计算为( 'PackageReference' == 'ProjectJson' OR 'PackageReference' == '' )。
   1:7>已完成在项目“NctSim.csproj”中生成目标“_GetProjectJsonPath”的操作。
       由于条件的计算结果为 false，已跳过目标“_CheckForUnsupportedNETStandardVersion”；('$(TargetFrameworkIdentifier)' == '.NETStandard' And '$(NETStandardMaximumVersion)' != '')的计算结果为('.NETCoreApp' == '.NETStandard' And '' != '')。
       由于条件的计算结果为 false，已跳过目标“_CheckForUnsupportedTargetFrameworkAndFeatureCombination”；('$(TargetFrameworkIdentifier)' == '.NETFramework')的计算结果为('.NETCoreApp' == '.NETFramework')。
   1:7>来自项目“D:\java_workspace\技能实训\源代码\NctSim\NctSim.csproj”的文件“C:\Program Files\dotnet\sdk\8.0.422\Sdks\Microsoft.NET.Sdk\targets\Microsoft.NET.Sdk.DefaultItems.Shared.targets”中的目标“UpdateAspNetToFrameworkReference”(目标“ApplyImplicitVersions”依赖于它):
       正在使用程序集“C:\Program Files\dotnet\sdk\8.0.422\Sdks\Microsoft.NET.Sdk\targets\..\tools\net8.0\Microsoft.NET.Build.Tasks.dll”中的“CheckIfPackageReferenceShouldBeFrameworkReference”任务。
       任务“CheckIfPackageReferenceShouldBeFrameworkReference”
       已完成执行任务“CheckIfPackageReferenceShouldBeFrameworkReference”的操作。
       由于 false 条件，已跳过任务“NETSdkError”；('$(_ShouldRemoveAspNetCoreAll)' == 'true')计算为('False' == 'true')。
       任务“CheckIfPackageReferenceShouldBeFrameworkReference”
       已完成执行任务“CheckIfPackageReferenceShouldBeFrameworkReference”的操作。
       由于 false 条件，已跳过任务“NETSdkWarning”；('$(_ShouldRemoveAspNetCoreApp)' == 'true')计算为('False' == 'true')。
   1:7>已完成在项目“NctSim.csproj”中生成目标“UpdateAspNetToFrameworkReference”的操作。
       由于条件的计算结果为 false，已跳过目标“IncludeTargetingPackReference”；('$(TargetFrameworkMoniker)' != '' and '$(TargetFrameworkIdentifier)' == '.NETFramework' and '$(AutomaticallyUseReferenceAssemblyPackages)' == 'true')的计算结果为('.NETCoreApp,Version=v8.0' != '' and '.NETCoreApp' == '.NETFramework' and 'true' == 'true')。
   1:7>来自项目“D:\java_workspace\技能实训\源代码\NctSim\NctSim.csproj”的文件“C:\Program Files\dotnet\sdk\8.0.422\Sdks\Microsoft.NET.Sdk\targets\Microsoft.NET.Sdk.DefaultItems.Shared.targets”中的目标“CheckForImplicitPackageReferenceOverrides”(目标“ApplyImplicitVersions”依赖于它):
       正在使用程序集“C:\Program Files\dotnet\sdk\8.0.422\Sdks\Microsoft.NET.Sdk\targets\..\tools\net8.0\Microsoft.NET.Build.Tasks.dll”中的“CheckForImplicitPackageReferenceOverrides”任务。
       任务“CheckForImplicitPackageReferenceOverrides”
       已完成执行任务“CheckForImplicitPackageReferenceOverrides”的操作。
   1:7>已完成在项目“NctSim.csproj”中生成目标“CheckForImplicitPackageReferenceOverrides”的操作。
   1:7>来自项目“D:\java_workspace\技能实训\源代码\NctSim\NctSim.csproj”的文件“C:\Program Files\dotnet\sdk\8.0.422\Sdks\Microsoft.NET.Sdk\targets\Microsoft.NET.Sdk.DefaultItems.Shared.targets”中的目标“ApplyImplicitVersions”(目标“CollectPackageReferences”依赖于它):
       正在使用程序集“C:\Program Files\dotnet\sdk\8.0.422\Sdks\Microsoft.NET.Sdk\targets\..\tools\net8.0\Microsoft.NET.Build.Tasks.dll”中的“ApplyImplicitVersions”任务。
       任务“ApplyImplicitVersions”
       已完成执行任务“ApplyImplicitVersions”的操作。
   1:7>已完成在项目“NctSim.csproj”中生成目标“ApplyImplicitVersions”的操作。
       已跳过目标“CheckForImplicitPackageReferenceOverrides”。以前的生成已成功。
   1:7>来自项目“D:\java_workspace\技能实训\源代码\NctSim\NctSim.csproj”的文件“C:\Program Files\dotnet\sdk\8.0.422\Sdks\Microsoft.NET.Sdk\targets\Microsoft.NET.Sdk.FrameworkReferenceResolution.targets”中的目标“AddWindowsSdkKnownFrameworkReferences”(目标“ProcessFrameworkReferences”依赖于它):
       正在使用程序集“C:\Program Files\dotnet\sdk\8.0.422\Sdks\Microsoft.NET.Sdk\targets\..\tools\net8.0\Microsoft.NET.Build.Tasks.dll”中的“CreateWindowsSdkKnownFrameworkReferences”任务。
       任务“CreateWindowsSdkKnownFrameworkReferences”
       已完成执行任务“CreateWindowsSdkKnownFrameworkReferences”的操作。
   1:7>已完成在项目“NctSim.csproj”中生成目标“AddWindowsSdkKnownFrameworkReferences”的操作。
   1:7>来自项目“D:\java_workspace\技能实训\源代码\NctSim\NctSim.csproj”的文件“C:\Program Files\dotnet\sdk\8.0.422\Sdks\Microsoft.NET.Sdk\targets\Microsoft.NET.Publish.targets”中的目标“_ComputeToolPackInputsToProcessFrameworkReferences”(目标“ProcessFrameworkReferences”依赖于它):
   1:7>已完成在项目“NctSim.csproj”中生成目标“_ComputeToolPackInputsToProcessFrameworkReferences”的操作。
   1:7>来自项目“D:\java_workspace\技能实训\源代码\NctSim\NctSim.csproj”的文件“C:\Program Files\dotnet\sdk\8.0.422\Sdks\Microsoft.NET.Sdk\targets\Microsoft.NET.Sdk.FrameworkReferenceResolution.targets”中的目标“ProcessFrameworkReferences”(目标“CollectPackageReferences”依赖于它):
       正在使用程序集“C:\Program Files\dotnet\sdk\8.0.422\Sdks\Microsoft.NET.Sdk\targets\..\tools\net8.0\Microsoft.NET.Build.Tasks.dll”中的“CheckForDuplicateFrameworkReferences”任务。
       任务“CheckForDuplicateFrameworkReferences”
       已完成执行任务“CheckForDuplicateFrameworkReferences”的操作。
       正在使用程序集“C:\Program Files\dotnet\sdk\8.0.422\Sdks\Microsoft.NET.Sdk\targets\..\tools\net8.0\Microsoft.NET.Build.Tasks.dll”中的“ProcessFrameworkReferences”任务。
       任务“ProcessFrameworkReferences”
       已完成执行任务“ProcessFrameworkReferences”的操作。
       正在使用程序集“C:\Program Files\dotnet\sdk\8.0.422\Sdks\Microsoft.NET.Sdk\targets\..\tools\net8.0\Microsoft.NET.Build.Tasks.dll”中的“ResolveAppHosts”任务。
       任务“ResolveAppHosts”
       已完成执行任务“ResolveAppHosts”的操作。
   1:7>已完成在项目“NctSim.csproj”中生成目标“ProcessFrameworkReferences”的操作。
       由于条件的计算结果为 false，已跳过目标“IncludeTargetingPackReference”；('$(TargetFrameworkMoniker)' != '' and '$(TargetFrameworkIdentifier)' == '.NETFramework' and '$(AutomaticallyUseReferenceAssemblyPackages)' == 'true')的计算结果为('.NETCoreApp,Version=v8.0' != '' and '.NETCoreApp' == '.NETFramework' and 'true' == 'true')。
   1:7>来自项目“D:\java_workspace\技能实训\源代码\NctSim\NctSim.csproj”的文件“C:\Program Files\dotnet\sdk\8.0.422\Sdks\Microsoft.NET.Sdk\targets\Microsoft.NET.Sdk.targets”中的目标“_AddMicrosoftNetCompilerToolsetFrameworkPackage”(目标“CollectPackageReferences”依赖于它):
       由于 false 条件，已跳过任务“NETSdkWarning”；('@(PackageReference->AnyHaveMetadataValue('Identity', 'Microsoft.Net.Compilers.Toolset.Framework'))' == 'true')计算为('false' == 'true')。
   1:7>已完成在项目“NctSim.csproj”中生成目标“_AddMicrosoftNetCompilerToolsetFrameworkPackage”的操作。
   1:7>来自项目“D:\java_workspace\技能实训\源代码\NctSim\NctSim.csproj”的文件“C:\Program Files\dotnet\sdk\8.0.422\Sdks\Microsoft.NET.Sdk\targets\Microsoft.NET.ObsoleteReferences.targets”中的目标“_CheckForObsoleteDotNetCliToolReferences”(目标“CollectPackageReferences”依赖于它):
       由于 false 条件，已跳过任务“NETSdkWarning”；( '%(_ReferenceToObsoleteDotNetCliTool.Identity)' != '' )计算为( '' != '' )。
   1:7>已完成在项目“NctSim.csproj”中生成目标“_CheckForObsoleteDotNetCliToolReferences”的操作。
   1:7>来自项目“D:\java_workspace\技能实训\源代码\NctSim\NctSim.csproj”的文件“C:\Program Files\dotnet\sdk\8.0.422\NuGet.targets”中的目标“CollectPackageReferences”(目标“_GetRestoreProjectStyle”依赖于它):
       正在使用程序集“C:\Program Files\dotnet\sdk\8.0.422\NuGet.Build.Tasks.dll”中的“CheckForDuplicateNuGetItemsTask”任务。
       任务“CheckForDuplicateNuGetItemsTask”
       已完成执行任务“CheckForDuplicateNuGetItemsTask”的操作。
   1:7>已完成在项目“NctSim.csproj”中生成目标“CollectPackageReferences”的操作。
   1:7>来自项目“D:\java_workspace\技能实训\源代码\NctSim\NctSim.csproj”的文件“C:\Program Files\dotnet\sdk\8.0.422\NuGet.targets”中的目标“_GetRestoreProjectStyle”(目标“EnableIntermediateOutputPathMismatchWarning”依赖于它):
       正在使用程序集“C:\Program Files\dotnet\sdk\8.0.422\NuGet.Build.Tasks.dll”中的“GetRestoreProjectStyleTask”任务。
       任务“GetRestoreProjectStyleTask”
       已完成执行任务“GetRestoreProjectStyleTask”的操作。
   1:7>已完成在项目“NctSim.csproj”中生成目标“_GetRestoreProjectStyle”的操作。
   1:7>来自项目“D:\java_workspace\技能实训\源代码\NctSim\NctSim.csproj”的文件“C:\Program Files\dotnet\sdk\8.0.422\NuGet.targets”中的目标“EnableIntermediateOutputPathMismatchWarning”(目标“_CheckForInvalidConfigurationAndPlatform”依赖于它):
   1:7>已完成在项目“NctSim.csproj”中生成目标“EnableIntermediateOutputPathMismatchWarning”的操作。
       已跳过目标“ApplyImplicitVersions”。以前的生成已成功。
       已跳过目标“CheckForImplicitPackageReferenceOverrides”。以前的生成已成功。
   1:7>来自项目“D:\java_workspace\技能实训\源代码\NctSim\NctSim.csproj”的文件“C:\Program Files\dotnet\sdk\8.0.422\Sdks\Microsoft.NET.Sdk\targets\Microsoft.NET.Sdk.DefaultItems.Shared.targets”中的目标“CheckForDuplicateItems”(目标“_CheckForInvalidConfigurationAndPlatform”依赖于它):
       正在使用程序集“C:\Program Files\dotnet\sdk\8.0.422\Sdks\Microsoft.NET.Sdk\targets\..\tools\net8.0\Microsoft.NET.Build.Tasks.dll”中的“CheckForDuplicateItems”任务。
       任务“CheckForDuplicateItems”
       已完成执行任务“CheckForDuplicateItems”的操作。
       任务“CheckForDuplicateItems”
       已完成执行任务“CheckForDuplicateItems”的操作。
       任务“CheckForDuplicateItems”
       已完成执行任务“CheckForDuplicateItems”的操作。
   1:7>已完成在项目“NctSim.csproj”中生成目标“CheckForDuplicateItems”的操作。
       由于条件的计算结果为 false，已跳过目标“WarnForExplicitVersions”；('@(SdkBuildWarning)' != '')的计算结果为('' != '')。
       由于条件的计算结果为 false，已跳过目标“_CheckForFailedSDKResolution”；('$(SdkResolverHonoredGlobalJson)' == 'false')的计算结果为('' == 'false')。
       由于条件的计算结果为 false，已跳过目标“_WarnWhenUsingNET8AndVSPriorTo178”；($([MSBuild]::VersionLessThan($(MSBuildVersion), '17.8.0')) and '$(TargetFrameworkIdentifier)' == '.NETCoreApp' and $([MSBuild]::VersionGreaterThanOrEquals($(_TargetFrameworkVersionWithoutV), '8.0')))的计算结果为(False and '.NETCoreApp' == '.NETCoreApp' and True)。
   1:7>来自项目“D:\java_workspace\技能实训\源代码\NctSim\NctSim.csproj”的文件“C:\Program Files\dotnet\sdk\8.0.422\Sdks\Microsoft.NET.Sdk\targets\Microsoft.NET.Sdk.DefaultItems.targets”中的目标“_CheckForInvalidWindowsDesktopTargetingConfiguration”(目标“_CheckForInvalidConfigurationAndPlatform”依赖于它):
       由于 false 条件，已跳过任务“NETSdkError”；('$(TargetPlatformIdentifier)' != 'Windows')计算为('Windows' != 'Windows')。
   1:7>已完成在项目“NctSim.csproj”中生成目标“_CheckForInvalidWindowsDesktopTargetingConfiguration”的操作。
       由于条件的计算结果为 false，已跳过目标“_CheckForUnnecessaryWindowsDesktopSDK”；('$(TargetFrameworkIdentifier)' == '.NETCoreApp' and $([MSBuild]::VersionGreaterThanOrEquals($(_TargetFrameworkVersionWithoutV), '5.0')) and '$(_MicrosoftWindowsDesktopSdkImported)' == 'true' and '$(TargetFrameworks)' == '')的计算结果为('.NETCoreApp' == '.NETCoreApp' and True and '' == 'true' and '' == '')。
       已跳过目标“ProcessFrameworkReferences”。以前的生成已成功。
       由于条件的计算结果为 false，已跳过目标“IncludeTargetingPackReference”；('$(TargetFrameworkMoniker)' != '' and '$(TargetFrameworkIdentifier)' == '.NETFramework' and '$(AutomaticallyUseReferenceAssemblyPackages)' == 'true')的计算结果为('.NETCoreApp,Version=v8.0' != '' and '.NETCoreApp' == '.NETFramework' and 'true' == 'true')。
       由于条件的计算结果为 false，已跳过目标“CheckForDuplicatePageItems”；(('$(UseWPF)' == 'true') And ('$(_TargetFrameworkVersionValue)' != '$(_UndefinedTargetFrameworkVersion)') And ('$(_TargetFrameworkVersionValue)' >= '$(_WindowsDesktopSdkTargetFrameworkVersionFloor)'))的计算结果为(('' == 'true') And ('8.0' != '0.0') And ('8.0' >= '3.0'))。
   1:7>来自项目“D:\java_workspace\技能实训\源代码\NctSim\NctSim.csproj”的文件“C:\Program Files\dotnet\sdk\8.0.422\Sdks\Microsoft.NET.Sdk.WindowsDesktop\targets\Microsoft.NET.Sdk.WindowsDesktop.targets”中的目标“_WindowsDesktopFrameworkRequiresUseWpfOrUseWindowsForms”(目标“_CheckForInvalidConfigurationAndPlatform”依赖于它):
       由于 false 条件，已跳过任务“NetSdkWarning”；('$(UseWpf)' != 'true' And '$(UseWindowsForms)' != 'true')计算为('' != 'true' And 'true' != 'true')。
   1:7>已完成在项目“NctSim.csproj”中生成目标“_WindowsDesktopFrameworkRequiresUseWpfOrUseWindowsForms”的操作。
       由于条件的计算结果为 false，已跳过目标“_WindowsDesktopFrameworkRequiresVersion30”；(('$(TargetFrameworkIdentifier)' == '.NETCoreApp') And
                         ('$(_TargetFrameworkVersionValue)' != '$(_UndefinedTargetFrameworkVersion)') And ('$(_TargetFrameworkVersionValue)' < '$(_WindowsDesktopSdkTargetFrameworkVersionFloor)'))的计算结果为(('.NETCoreApp' == '.NETCoreApp') And
                         ('8.0' != '0.0') And ('8.0' < '3.0'))。
   1:7>来自项目“D:\java_workspace\技能实训\源代码\NctSim\NctSim.csproj”的文件“C:\Program Files\dotnet\sdk\8.0.422\Microsoft.Common.CurrentVersion.targets”中的目标“_CheckForInvalidConfigurationAndPlatform”(目标“BeforeBuild”依赖于它):
       由于 false 条件，已跳过任务“Error”；( '$(_InvalidConfigurationError)' == 'true' )计算为( '' == 'true' )。
       由于 false 条件，已跳过任务“Warning”；( '$(_InvalidConfigurationWarning)' == 'true' )计算为( '' == 'true' )。
       任务“Message”
         Configuration=Debug
       已完成执行任务“Message”的操作。
       任务“Message”
         Platform=AnyCPU
       已完成执行任务“Message”的操作。
       由于 false 条件，已跳过任务“Error”；('$(OutDir)' != '' and !HasTrailingSlash('$(OutDir)'))计算为('bin\Debug\net8.0-windows\' != '' and !HasTrailingSlash('bin\Debug\net8.0-windows\'))。
       由于 false 条件，已跳过任务“Error”；('$(IntermediateOutputPath)' != '' and !HasTrailingSlash('$(IntermediateOutputPath)'))计算为('obj\Debug\net8.0-windows\' != '' and !HasTrailingSlash('obj\Debug\net8.0-windows\'))。
       由于 false 条件，已跳过任务“Error”；('$(BaseIntermediateOutputPath)' != '' and !HasTrailingSlash('$(BaseIntermediateOutputPath)'))计算为('obj\' != '' and !HasTrailingSlash('obj\'))。
       由于 false 条件，已跳过任务“MSBuildInternalMessage”；( '$(Prefer32Bit)' == 'true' and '$(PreferNativeArm64)' == 'true' )计算为( 'false' == 'true' and '' == 'true' )。
       由于 false 条件，已跳过任务“MSBuildInternalMessage”；( '$(NoWin32Manifest)' == 'true' and '$(PreferNativeArm64)' == 'true' )计算为( '' == 'true' and '' == 'true' )。
       由于 false 条件，已跳过任务“MSBuildInternalMessage”；( '$(PreferNativeArm64)' == 'true' and '$(Platform)' != 'AnyCPU' )计算为( '' == 'true' and 'AnyCPU' != 'AnyCPU' )。
       由于 false 条件，已跳过任务“Error”；( '$(_InitialMSBuildProjectExtensionsPath)' != '' And '$(MSBuildProjectExtensionsPath)' != '$(_InitialMSBuildProjectExtensionsPath)' )计算为( 'D:\java_workspace\技能实训\源代码\NctSim\obj\' != '' And 'D:\java_workspace\技能实训\源代码\NctSim\obj\' != 'D:\java_workspace\技能实训\源代码\NctSim\obj\' )。
       由于 false 条件，已跳过任务“Warning”；( '$(EnableBaseIntermediateOutputPathMismatchWarning)' == 'true' And '$(_InitialBaseIntermediateOutputPath)' != '$(BaseIntermediateOutputPath)' And '$(BaseIntermediateOutputPath)' != '$(MSBuildProjectExtensionsPath)' )计算为( 'true' == 'true' And 'obj\' != 'obj\' And 'obj\' != 'D:\java_workspace\技能实训\源代码\NctSim\obj\' )。
   1:7>已完成在项目“NctSim.csproj”中生成目标“_CheckForInvalidConfigurationAndPlatform”的操作。
   1:7>来自项目“D:\java_workspace\技能实训\源代码\NctSim\NctSim.csproj”的文件“C:\Program Files\dotnet\sdk\8.0.422\Sdks\Microsoft.NET.Sdk\targets\Microsoft.NET.Sdk.targets”中的目标“ValidateCommandLineProperties”(目标“BeforeBuild”依赖于它):
   1:7>已完成在项目“NctSim.csproj”中生成目标“ValidateCommandLineProperties”的操作。
   1:7>来自项目“D:\java_workspace\技能实训\源代码\NctSim\NctSim.csproj”的文件“C:\Program Files\dotnet\sdk\8.0.422\Microsoft.Common.CurrentVersion.targets”中的目标“BeforeBuild”(目标“Build”依赖于它):
   1:7>已完成在项目“NctSim.csproj”中生成目标“BeforeBuild”的操作。
       由于条件的计算结果为 false，已跳过目标“_CheckForBuildWithNoBuild”；('$(NoBuild)' == 'true' and '$(GeneratePackageOnBuild)' != 'true')的计算结果为('' == 'true' and 'false' != 'true')。
   1:7>来自项目“D:\java_workspace\技能实训\源代码\NctSim\NctSim.csproj”的文件“C:\Program Files\dotnet\sdk\8.0.422\Microsoft.Common.CurrentVersion.targets”中的目标“BuildOnlySettings”(目标“CoreBuild”依赖于它):
   1:7>已完成在项目“NctSim.csproj”中生成目标“BuildOnlySettings”的操作。
       由于条件的计算结果为 false，已跳过目标“_CheckForUnsupportedTargetFramework”；('$(_UnsupportedTargetFrameworkError)' == 'true')的计算结果为('' == 'true')。
   1:7>来自项目“D:\java_workspace\技能实训\源代码\NctSim\NctSim.csproj”的文件“C:\Program Files\dotnet\sdk\8.0.422\Sdks\Microsoft.NET.Sdk\targets\Microsoft.NET.DisableStandardFrameworkResolution.targets”中的目标“GetFrameworkPaths”(目标“PrepareForBuild”依赖于它):
   1:7>已完成在项目“NctSim.csproj”中生成目标“GetFrameworkPaths”的操作。
       由于条件的计算结果为 false，已跳过目标“_CheckForUnsupportedTargetFramework”；('$(_UnsupportedTargetFrameworkError)' == 'true')的计算结果为('' == 'true')。
   1:7>来自项目“D:\java_workspace\技能实训\源代码\NctSim\NctSim.csproj”的文件“C:\Program Files\dotnet\sdk\8.0.422\Sdks\Microsoft.NET.Sdk\targets\Microsoft.NET.DisableStandardFrameworkResolution.targets”中的目标“GetReferenceAssemblyPaths”(目标“PrepareForBuild”依赖于它):
   1:7>已完成在项目“NctSim.csproj”中生成目标“GetReferenceAssemblyPaths”的操作。
       由于条件的计算结果为 false，已跳过目标“AssignLinkMetadata”；( '$(SynthesizeLinkMetadata)' == 'true' )的计算结果为( '' == 'true' )。
       由于条件的计算结果为 false，已跳过目标“_VerifyPackReleaseConfigurations”；('$(_IsPacking)' == 'true' and '$(DOTNET_CLI_DISABLE_PUBLISH_AND_PACK_RELEASE)' != 'true' and '$(DOTNET_CLI_LAZY_PUBLISH_AND_PACK_RELEASE_FOR_SOLUTIONS)' == 'true')的计算结果为('' == 'true' and '' != 'true' and '' == 'true')。
   1:7>来自项目“D:\java_workspace\技能实训\源代码\NctSim\NctSim.csproj”的文件“C:\Program Files\dotnet\sdk\8.0.422\Microsoft.Common.CurrentVersion.targets”中的目标“PrepareForBuild”(目标“CoreBuild”依赖于它):
       正在使用程序集“Microsoft.Build.Tasks.Core, Version=15.1.0.0, Culture=neutral, PublicKeyToken=b03f5f7f11d50a3a”中的“FindAppConfigFile”任务。
       任务“FindAppConfigFile”
       已完成执行任务“FindAppConfigFile”的操作。
       正在使用程序集“Microsoft.Build.Tasks.Core, Version=15.1.0.0, Culture=neutral, PublicKeyToken=b03f5f7f11d50a3a”中的“MakeDir”任务。
       任务“MakeDir”
       已完成执行任务“MakeDir”的操作。
   1:7>已完成在项目“NctSim.csproj”中生成目标“PrepareForBuild”的操作。
   1:7>来自项目“D:\java_workspace\技能实训\源代码\NctSim\NctSim.csproj”的文件“C:\Program Files\dotnet\sdk\8.0.422\Sdks\Microsoft.NET.Sdk\targets\Microsoft.NET.GenerateGlobalUsings.targets”中的目标“GenerateGlobalUsings”(目标“CoreBuild”依赖于它):
       正在使用程序集“C:\Program Files\dotnet\sdk\8.0.422\Sdks\Microsoft.NET.Sdk\targets\..\tools\net8.0\Microsoft.NET.Build.Tasks.dll”中的“GenerateGlobalUsings”任务。
       任务“GenerateGlobalUsings”
       已完成执行任务“GenerateGlobalUsings”的操作。
       正在使用程序集“Microsoft.Build.Tasks.Core, Version=15.1.0.0, Culture=neutral, PublicKeyToken=b03f5f7f11d50a3a”中的“WriteLinesToFile”任务。
       任务“WriteLinesToFile”
         跳过写入到文件“obj\Debug\net8.0-windows\NctSim.GlobalUsings.g.cs”，因为内容不会改变。
       已完成执行任务“WriteLinesToFile”的操作。
   1:7>已完成在项目“NctSim.csproj”中生成目标“GenerateGlobalUsings”的操作。
       由于条件的计算结果为 false，已跳过目标“PreBuildEvent”；('$(PreBuildEvent)'!='')的计算结果为(''!='')。
   1:7>来自项目“D:\java_workspace\技能实训\源代码\NctSim\NctSim.csproj”的文件“C:\Program Files\dotnet\sdk\8.0.422\Microsoft.Common.CurrentVersion.targets”中的目标“BeforeResolveReferences”(目标“ResolveReferences”依赖于它):
   1:7>已完成在项目“NctSim.csproj”中生成目标“BeforeResolveReferences”的操作。
       由于条件的计算结果为 false，已跳过目标“AssignProjectConfiguration”；('$(CurrentSolutionConfigurationContents)' != '' or '@(ProjectReference)'!='')的计算结果为('' != '' or ''!='')。
   1:7>来自项目“D:\java_workspace\技能实训\源代码\NctSim\NctSim.csproj”的文件“C:\Program Files\dotnet\sdk\8.0.422\Microsoft.Common.CurrentVersion.targets”中的目标“IgnoreJavaScriptOutputAssembly”(目标“AssignProjectConfiguration”依赖于它):
   1:7>已完成在项目“NctSim.csproj”中生成目标“IgnoreJavaScriptOutputAssembly”的操作。
       已跳过目标“ProcessFrameworkReferences”。以前的生成已成功。
   1:7>来自项目“D:\java_workspace\技能实训\源代码\NctSim\NctSim.csproj”的文件“C:\Program Files\dotnet\sdk\8.0.422\Sdks\Microsoft.NET.Sdk\targets\Microsoft.NET.Sdk.Shared.targets”中的目标“_DefaultMicrosoftNETPlatformLibrary”(目标“ResolvePackageAssets”依赖于它):
   1:7>已完成在项目“NctSim.csproj”中生成目标“_DefaultMicrosoftNETPlatformLibrary”的操作。
   1:7>来自项目“D:\java_workspace\技能实训\源代码\NctSim\NctSim.csproj”的文件“C:\Program Files\dotnet\sdk\8.0.422\Sdks\Microsoft.NET.Sdk\targets\Microsoft.NET.Sdk.Shared.targets”中的目标“_ComputePackageReferencePublish”(目标“ResolvePackageAssets”依赖于它):
   1:7>已完成在项目“NctSim.csproj”中生成目标“_ComputePackageReferencePublish”的操作。
       由于条件的计算结果为 false，已跳过目标“_ResolveCompilerVersion”；('$(CompilerApiVersion)' == '' And
                            ('$(Language)' == 'C#' Or '$(Language)' == 'VB') And
                            Exists('$(RoslynTargetsPath)\Microsoft.Build.Tasks.CodeAnalysis.dll'))的计算结果为('roslyn4.11' == '' And
                            ('C#' == 'C#' Or 'C#' == 'VB') And
                            Exists('C:\Program Files\dotnet\sdk\8.0.422\Roslyn\Microsoft.Build.Tasks.CodeAnalysis.dll'))。
   1:7>来自项目“D:\java_workspace\技能实训\源代码\NctSim\NctSim.csproj”的文件“C:\Program Files\dotnet\sdk\8.0.422\Sdks\Microsoft.NET.Sdk\targets\Microsoft.PackageDependencyResolution.targets”中的目标“ResolvePackageAssets”(目标“ResolveLockFileReferences”依赖于它):
       正在使用程序集“C:\Program Files\dotnet\sdk\8.0.422\Sdks\Microsoft.NET.Sdk\targets\..\tools\net8.0\Microsoft.NET.Build.Tasks.dll”中的“ResolvePackageAssets”任务。
       任务“ResolvePackageAssets”
       已完成执行任务“ResolvePackageAssets”的操作。
   1:7>已完成在项目“NctSim.csproj”中生成目标“ResolvePackageAssets”的操作。
       由于条件的计算结果为 false，已跳过目标“AdjustDefaultPlatformTargetForNetFrameworkExeWithNoNativeCopyLocalItems”；('$(_UsingDefaultPlatformTarget)' == 'true' and
                            '$(_UsingDefaultRuntimeIdentifier)' == 'true')的计算结果为('true' == 'true' and
                            '' == 'true')。
       由于条件的计算结果为 false，已跳过目标“_CheckForTransitiveWindowsDesktopDependencies”；('$(TargetFrameworkIdentifier)' == '.NETCoreApp' and $([MSBuild]::VersionGreaterThanOrEquals($(_TargetFrameworkVersionWithoutV), '5.0')) and '$(TargetPlatformIdentifier)' != 'Windows' and '@(TransitiveFrameworkReference)' != '')的计算结果为('.NETCoreApp' == '.NETCoreApp' and True and 'Windows' != 'Windows' and 'Microsoft.WindowsDesktop.App.WindowsForms' != '')。
   1:7>来自项目“D:\java_workspace\技能实训\源代码\NctSim\NctSim.csproj”的文件“C:\Program Files\dotnet\sdk\8.0.422\Sdks\Microsoft.NET.Sdk\targets\Microsoft.NET.Sdk.FrameworkReferenceResolution.targets”中的目标“AddTransitiveFrameworkReferences”(目标“ResolveLockFileReferences”依赖于它):
   1:7>已完成在项目“NctSim.csproj”中生成目标“AddTransitiveFrameworkReferences”的操作。
       由于条件的计算结果为 false，已跳过目标“_WarnForUnsupportedUseUwpFeatureEnabled”；( '$(IncludeWindowsSDKRefFrameworkReferences)' == 'true'
                             and '$(UseUwp)' == 'true')的计算结果为( '' == 'true'
                             and '' == 'true')。
   1:7>来自项目“D:\java_workspace\技能实训\源代码\NctSim\NctSim.csproj”的文件“C:\Program Files\dotnet\sdk\8.0.422\Sdks\Microsoft.NET.Sdk\targets\Microsoft.PackageDependencyResolution.targets”中的目标“ResolveLockFileReferences”(目标“ResolvePackageDependenciesForBuild”依赖于它):
       正在使用程序集“C:\Program Files\dotnet\sdk\8.0.422\Sdks\Microsoft.NET.Sdk\targets\..\tools\net8.0\Microsoft.NET.Build.Tasks.dll”中的“JoinItems”任务。
       任务“JoinItems”
       已完成执行任务“JoinItems”的操作。
   1:7>已完成在项目“NctSim.csproj”中生成目标“ResolveLockFileReferences”的操作。
       已跳过目标“ResolvePackageAssets”。以前的生成已成功。
   1:7>来自项目“D:\java_workspace\技能实训\源代码\NctSim\NctSim.csproj”的文件“C:\Program Files\dotnet\sdk\8.0.422\Sdks\Microsoft.NET.Sdk\targets\Microsoft.PackageDependencyResolution.targets”中的目标“ResolveLockFileAnalyzers”(目标“ResolvePackageDependenciesForBuild”依赖于它):
   1:7>已完成在项目“NctSim.csproj”中生成目标“ResolveLockFileAnalyzers”的操作。
       已跳过目标“ResolvePackageAssets”。以前的生成已成功。
       由于条件的计算结果为 false，已跳过目标“RunProduceContentAssets”；('@(_ContentFilesToPreprocess)' != '' and '$(_CleaningWithoutRebuilding)' != 'true')的计算结果为('' != '' and '' != 'true')。
   1:7>来自项目“D:\java_workspace\技能实训\源代码\NctSim\NctSim.csproj”的文件“C:\Program Files\dotnet\sdk\8.0.422\Sdks\Microsoft.NET.Sdk\targets\Microsoft.PackageDependencyResolution.targets”中的目标“ResolveLockFileCopyLocalFiles”(目标“ResolvePackageDependenciesForBuild”依赖于它):
   1:7>已完成在项目“NctSim.csproj”中生成目标“ResolveLockFileCopyLocalFiles”的操作。
       由于条件的计算结果为 false，已跳过目标“ResolveRuntimePackAssets”；('@(RuntimePack)' != '')的计算结果为('' != '')。
       由于条件的计算结果为 false，已跳过目标“RunProduceContentAssets”；('@(_ContentFilesToPreprocess)' != '' and '$(_CleaningWithoutRebuilding)' != 'true')的计算结果为('' != '' and '' != 'true')。
       已跳过目标“ResolvePackageAssets”。以前的生成已成功。
   1:7>来自项目“D:\java_workspace\技能实训\源代码\NctSim\NctSim.csproj”的文件“C:\Program Files\dotnet\sdk\8.0.422\Sdks\Microsoft.NET.Sdk\targets\Microsoft.PackageDependencyResolution.targets”中的目标“IncludeTransitiveProjectReferences”(目标“ResolvePackageDependenciesForBuild”依赖于它):
   1:7>已完成在项目“NctSim.csproj”中生成目标“IncludeTransitiveProjectReferences”的操作。
   1:7>来自项目“D:\java_workspace\技能实训\源代码\NctSim\NctSim.csproj”的文件“C:\Program Files\dotnet\sdk\8.0.422\Sdks\Microsoft.NET.Sdk\targets\Microsoft.PackageDependencyResolution.targets”中的目标“ResolvePackageDependenciesForBuild”(目标“AssignProjectConfiguration”依赖于它):
   1:7>已完成在项目“NctSim.csproj”中生成目标“ResolvePackageDependenciesForBuild”的操作。
       由于条件的计算结果为 false，已跳过目标“_System_Text_JsonAnalyzerMultiTargeting”；('$(SupportsRoslynComponentVersioning)' != 'true')的计算结果为('true' != 'true')。
       由于条件的计算结果为 false，已跳过目标“_System_Text_JsonRemoveAnalyzers”；('$(DisableSystemTextJsonSourceGenerator)' == 'true')的计算结果为('' == 'true')。
       由于条件的计算结果为 false，已跳过目标“AssignProjectConfiguration”；('$(CurrentSolutionConfigurationContents)' != '' or '@(ProjectReference)'!='')的计算结果为('' != '' or ''!='')。
   1:7>来自项目“D:\java_workspace\技能实训\源代码\NctSim\NctSim.csproj”的文件“C:\Program Files\dotnet\sdk\8.0.422\Microsoft.Common.CurrentVersion.targets”中的目标“_SplitProjectReferencesByFileExistence”(目标“PrepareProjectReferences”依赖于它):
       由于 false 条件，已跳过任务“ResolveNonMSBuildProjectOutput”；('$(BuildingInsideVisualStudio)'=='true' and '@(ProjectReferenceWithConfiguration)'!='')计算为(''=='true' and ''!='')。
   1:7>已完成在项目“NctSim.csproj”中生成目标“_SplitProjectReferencesByFileExistence”的操作。
   1:7>来自项目“D:\java_workspace\技能实训\源代码\NctSim\NctSim.csproj”的文件“C:\Program Files\dotnet\sdk\8.0.422\Microsoft.Common.CurrentVersion.targets”中的目标“_AddOutputPathToGlobalPropertiesToRemove”(目标“_GetProjectReferenceTargetFrameworkProperties”依赖于它):
   1:7>已完成在项目“NctSim.csproj”中生成目标“_AddOutputPathToGlobalPropertiesToRemove”的操作。
   1:7>来自项目“D:\java_workspace\技能实训\源代码\NctSim\NctSim.csproj”的文件“C:\Program Files\dotnet\sdk\8.0.422\Microsoft.Common.CurrentVersion.targets”中的目标“_GetProjectReferenceTargetFrameworkProperties”(目标“PrepareProjectReferences”依赖于它):
       任务“MSBuild”
       已完成执行任务“MSBuild”的操作。
       由于 false 条件，已跳过任务“MSBuild”；('%(_MSBuildProjectReferenceExistent.SkipGetTargetFrameworkProperties)' != 'true' and '$(EnableDynamicPlatformResolution)' == 'true')计算为('' != 'true' and '' == 'true')。
       由于 false 条件，已跳过任务“GetReferenceNearestTargetFrameworkTask”；('@(_ProjectReferenceTargetFrameworkPossibilities)' != '' and '$(ReferringTargetFrameworkForProjectReferences)' != ''
                                                               And '$(GetReferenceNearestTargetFrameworkTaskSupportsTargetPlatformParameter)' == 'true' and '%(_ProjectReferenceTargetFrameworkPossibilities.IsVcxOrNativeProj)' != 'true')计算为('' != '' and '.NETCoreApp,Version=v8.0' != ''
                                                               And 'true' == 'true' and '' != 'true')。
       由于 false 条件，已跳过任务“GetReferenceNearestTargetFrameworkTask”；('@(_ProjectReferenceTargetFrameworkPossibilities)' != '' and '$(ReferringTargetFrameworkForProjectReferences)' != ''
                                                               And '$(GetReferenceNearestTargetFrameworkTaskSupportsTargetPlatformParameter)' != 'true' and '%(_ProjectReferenceTargetFrameworkPossibilities.IsVcxOrNativeProj)' != 'true')计算为('' != '' and '.NETCoreApp,Version=v8.0' != ''
                                                               And 'true' != 'true' and '' != 'true')。
       正在使用程序集“Microsoft.Build.Tasks.Core, Version=15.1.0.0, Culture=neutral, PublicKeyToken=b03f5f7f11d50a3a”中的“SetRidAgnosticValueForProjects”任务。
       任务“SetRidAgnosticValueForProjects”
       已完成执行任务“SetRidAgnosticValueForProjects”的操作。
   1:7>已完成在项目“NctSim.csproj”中生成目标“_GetProjectReferenceTargetFrameworkProperties”的操作。
   1:7>来自项目“D:\java_workspace\技能实训\源代码\NctSim\NctSim.csproj”的文件“C:\Program Files\dotnet\sdk\8.0.422\Sdks\Microsoft.NET.Sdk\targets\Microsoft.NET.Sdk.targets”中的目标“ValidateExecutableReferences”(目标“PrepareProjectReferences”依赖于它):
       正在使用程序集“C:\Program Files\dotnet\sdk\8.0.422\Sdks\Microsoft.NET.Sdk\targets\..\tools\net8.0\Microsoft.NET.Build.Tasks.dll”中的“ValidateExecutableReferences”任务。
       任务“ValidateExecutableReferences”
       已完成执行任务“ValidateExecutableReferences”的操作。
   1:7>已完成在项目“NctSim.csproj”中生成目标“ValidateExecutableReferences”的操作。
       由于条件的计算结果为 false，已跳过目标“_GetProjectReferencePlatformProperties”；('$(EnableDynamicPlatformResolution)' == 'true'
                            and '@(_MSBuildProjectReferenceExistent)' != '')的计算结果为('' == 'true'
                            and '' != '')。
   1:7>来自项目“D:\java_workspace\技能实训\源代码\NctSim\NctSim.csproj”的文件“C:\Program Files\dotnet\sdk\8.0.422\Microsoft.Common.CurrentVersion.targets”中的目标“PrepareProjectReferences”(目标“ResolveProjectReferences”依赖于它):
   1:7>已完成在项目“NctSim.csproj”中生成目标“PrepareProjectReferences”的操作。
   1:7>来自项目“D:\java_workspace\技能实训\源代码\NctSim\NctSim.csproj”的文件“C:\Program Files\dotnet\sdk\8.0.422\Microsoft.Common.CurrentVersion.targets”中的目标“ResolveProjectReferences”(目标“ResolveReferences”依赖于它):
       由于 false 条件，已跳过任务“MSBuild”；('%(_MSBuildProjectReferenceExistent.BuildReference)' == 'true' and '@(ProjectReferenceWithConfiguration)' != '' and ('$(BuildingInsideVisualStudio)' == 'true' or '$(BuildProjectReferences)' != 'true') and '$(VisualStudioVersion)' != '10.0' and '@(_MSBuildProjectReferenceExistent)' != '')计算为('' == 'true' and '' != '' and ('' == 'true' or 'true' != 'true') and '17.0' != '10.0' and '' != '')。
       由于 false 条件，已跳过任务“MSBuild”；('%(_MSBuildProjectReferenceExistent.BuildReference)' == 'true' and '@(ProjectReferenceWithConfiguration)' != '' and '$(BuildingInsideVisualStudio)' != 'true' and '$(BuildProjectReferences)' == 'true' and '@(_MSBuildProjectReferenceExistent)' != '')计算为('' == 'true' and '' != '' and '' != 'true' and 'true' == 'true' and '' != '')。
       由于 false 条件，已跳过任务“MSBuild”；('%(_MSBuildProjectReferenceExistent.BuildReference)' == 'true' and '@(ProjectReferenceWithConfiguration)' != '' and '$(BuildingProject)' == 'true' and '@(_MSBuildProjectReferenceExistent)' != '')计算为('' == 'true' and '' != '' and 'true' == 'true' and '' != '')。
       由于 false 条件，已跳过任务“Warning”；('@(ProjectReferenceWithConfiguration)' != '' and '@(_MSBuildProjectReferenceNonexistent)' != '')计算为('' != '' and '' != '')。
   1:7>已完成在项目“NctSim.csproj”中生成目标“ResolveProjectReferences”的操作。
   1:7>来自项目“D:\java_workspace\技能实训\源代码\NctSim\NctSim.csproj”的文件“C:\Program Files\dotnet\sdk\8.0.422\Sdks\Microsoft.NET.Sdk\targets\Microsoft.NET.Windows.targets”中的目标“RemoveManagedWinRTComponentWinMDReferences”(目标“ResolveReferences”依赖于它):
   1:7>已完成在项目“NctSim.csproj”中生成目标“RemoveManagedWinRTComponentWinMDReferences”的操作。
       由于条件的计算结果为 false，已跳过目标“AddWinRTComponentImplementationReference”；('@(ManagedWinRTComponentImplementations)' != '')的计算结果为('' != '')。
       由于条件的计算结果为 false，已跳过目标“FindInvalidProjectReferences”；('$(FindInvalidProjectReferences)' == 'true')的计算结果为('' == 'true')。
       由于条件的计算结果为 false，已跳过目标“ResolveNativeReferences”；('@(NativeReference)'!='')的计算结果为(''!='')。
       已跳过目标“ResolveProjectReferences”。以前的生成已成功。
       由于条件的计算结果为 false，已跳过目标“FindInvalidProjectReferences”；('$(FindInvalidProjectReferences)' == 'true')的计算结果为('' == 'true')。
       已跳过目标“GetFrameworkPaths”。以前的生成已成功。
       已跳过目标“GetReferenceAssemblyPaths”。以前的生成已成功。
       已跳过目标“PrepareForBuild”。以前的生成已成功。
       由于条件的计算结果为 false，已跳过目标“GetInstalledSDKLocations”；('@(SDKReference)' != '')的计算结果为('' != '')。
   1:7>来自项目“D:\java_workspace\技能实训\源代码\NctSim\NctSim.csproj”的文件“C:\Program Files\dotnet\sdk\8.0.422\Microsoft.Common.CurrentVersion.targets”中的目标“ResolveSDKReferences”(目标“ResolveAssemblyReferences”依赖于它):
       由于 false 条件，已跳过任务“ResolveSDKReference”；('@(SDKReference)'!='')计算为(''!='')。
   1:7>已完成在项目“NctSim.csproj”中生成目标“ResolveSDKReferences”的操作。
       已跳过目标“ResolveSDKReferences”。以前的生成已成功。
   1:7>来自项目“D:\java_workspace\技能实训\源代码\NctSim\NctSim.csproj”的文件“C:\Program Files\dotnet\sdk\8.0.422\Microsoft.Common.CurrentVersion.targets”中的目标“ExpandSDKReferences”(目标“ResolveAssemblyReferences”依赖于它):
       由于 false 条件，已跳过任务“GetSDKReferenceFiles”；('@(ResolvedSDKReference)'!='')计算为(''!='')。
   1:7>已完成在项目“NctSim.csproj”中生成目标“ExpandSDKReferences”的操作。
       已跳过目标“ResolvePackageDependenciesForBuild”。以前的生成已成功。
       已跳过目标“GetFrameworkPaths”。以前的生成已成功。
       已跳过目标“GetReferenceAssemblyPaths”。以前的生成已成功。
       已跳过目标“ProcessFrameworkReferences”。以前的生成已成功。
       已跳过目标“ResolvePackageAssets”。以前的生成已成功。
   1:7>来自项目“D:\java_workspace\技能实训\源代码\NctSim\NctSim.csproj”的文件“C:\Program Files\dotnet\sdk\8.0.422\Sdks\Microsoft.NET.Sdk\targets\Microsoft.NET.Sdk.FrameworkReferenceResolution.targets”中的目标“ResolveFrameworkReferences”(目标“ResolveTargetingPackAssets”依赖于它):
       正在使用程序集“C:\Program Files\dotnet\sdk\8.0.422\Sdks\Microsoft.NET.Sdk\targets\..\tools\net8.0\Microsoft.NET.Build.Tasks.dll”中的“GetPackageDirectory”任务。
       任务“GetPackageDirectory”
       已完成执行任务“GetPackageDirectory”的操作。
       任务“GetPackageDirectory”
       已完成执行任务“GetPackageDirectory”的操作。
       任务“GetPackageDirectory”
       已完成执行任务“GetPackageDirectory”的操作。
       任务“GetPackageDirectory”
       已完成执行任务“GetPackageDirectory”的操作。
       任务“GetPackageDirectory”
       已完成执行任务“GetPackageDirectory”的操作。
       任务“GetPackageDirectory”
       已完成执行任务“GetPackageDirectory”的操作。
       任务“GetPackageDirectory”
       已完成执行任务“GetPackageDirectory”的操作。
       任务“GetPackageDirectory”
       已完成执行任务“GetPackageDirectory”的操作。
       任务“GetPackageDirectory”
       已完成执行任务“GetPackageDirectory”的操作。
       任务“GetPackageDirectory”
       已完成执行任务“GetPackageDirectory”的操作。
       正在使用程序集“C:\Program Files\dotnet\sdk\8.0.422\Sdks\Microsoft.NET.Sdk\targets\..\tools\net8.0\Microsoft.NET.Build.Tasks.dll”中的“ResolveFrameworkReferences”任务。
       任务“ResolveFrameworkReferences”
       已完成执行任务“ResolveFrameworkReferences”的操作。
   1:7>已完成在项目“NctSim.csproj”中生成目标“ResolveFrameworkReferences”的操作。
   1:7>来自项目“D:\java_workspace\技能实训\源代码\NctSim\NctSim.csproj”的文件“C:\Program Files\dotnet\sdk\8.0.422\Sdks\Microsoft.NET.Sdk\targets\Microsoft.NET.Sdk.FrameworkReferenceResolution.targets”中的目标“ResolveTargetingPackAssets”(目标“_HandlePackageFileConflicts”依赖于它):
       正在使用程序集“C:\Program Files\dotnet\sdk\8.0.422\Sdks\Microsoft.NET.Sdk\targets\..\tools\net8.0\Microsoft.NET.Build.Tasks.dll”中的“ResolveTargetingPackAssets”任务。
       任务“ResolveTargetingPackAssets”
       已完成执行任务“ResolveTargetingPackAssets”的操作。
   1:7>已完成在项目“NctSim.csproj”中生成目标“ResolveTargetingPackAssets”的操作。
   1:7>来自项目“D:\java_workspace\技能实训\源代码\NctSim\NctSim.csproj”的文件“C:\Program Files\dotnet\sdk\8.0.422\Sdks\Microsoft.NET.Sdk\targets\Microsoft.NET.Sdk.FrameworkReferenceResolution.targets”中的目标“ResolveOffByDefaultAnalyzers”(目标“_HandlePackageFileConflicts”依赖于它):
   1:7>已完成在项目“NctSim.csproj”中生成目标“ResolveOffByDefaultAnalyzers”的操作。
   1:7>来自项目“D:\java_workspace\技能实训\源代码\NctSim\NctSim.csproj”的文件“C:\Program Files\dotnet\sdk\8.0.422\Sdks\Microsoft.NET.Sdk\targets\Microsoft.NET.ConflictResolution.targets”中的目标“_HandlePackageFileConflicts”(目标“ResolveAssemblyReferences”依赖于它):
       正在使用程序集“C:\Program Files\dotnet\sdk\8.0.422\Sdks\Microsoft.NET.Sdk\targets\..\tools\net8.0\Microsoft.NET.Build.Tasks.dll”中的“ResolvePackageFileConflicts”任务。
       任务“ResolvePackageFileConflicts”
         “Reference:C:\Users\张豪午\.nuget\packages\system.componentmodel.annotations\5.0.0\ref\netstandard2.1\System.ComponentModel.Annotations.dll”和“Reference:C:\Program Files\dotnet\packs\Microsoft.NETCore.App.Ref\8.0.28\ref/net8.0/System.ComponentModel.Annotations.dll”之间存在冲突。 选择“Reference:C:\Program Files\dotnet\packs\Microsoft.NETCore.App.Ref\8.0.28\ref/net8.0/System.ComponentModel.Annotations.dll”，因为 AssemblyVersion“8.0.0.0”高于“5.0.0.0”。
         “Reference:C:\Users\张豪午\.nuget\packages\system.diagnostics.diagnosticsource\6.0.0\lib\net6.0\System.Diagnostics.DiagnosticSource.dll”和“Reference:C:\Program Files\dotnet\packs\Microsoft.NETCore.App.Ref\8.0.28\ref/net8.0/System.Diagnostics.DiagnosticSource.dll”之间存在冲突。 选择“Reference:C:\Program Files\dotnet\packs\Microsoft.NETCore.App.Ref\8.0.28\ref/net8.0/System.Diagnostics.DiagnosticSource.dll”，因为 AssemblyVersion“8.0.0.0”高于“6.0.0.0”。
         “Reference:C:\Users\张豪午\.nuget\packages\system.formats.asn1\8.0.0\lib\net8.0\System.Formats.Asn1.dll”和“Reference:C:\Program Files\dotnet\packs\Microsoft.NETCore.App.Ref\8.0.28\ref/net8.0/System.Formats.Asn1.dll”之间存在冲突。 选择“Reference:C:\Program Files\dotnet\packs\Microsoft.NETCore.App.Ref\8.0.28\ref/net8.0/System.Formats.Asn1.dll”，因为文件版本“8.0.2826.26413”高于“8.0.23.53103”。
         “Reference:C:\Users\张豪午\.nuget\packages\system.runtime.compilerservices.unsafe\6.0.0\lib\net6.0\System.Runtime.CompilerServices.Unsafe.dll”和“Reference:C:\Program Files\dotnet\packs\Microsoft.NETCore.App.Ref\8.0.28\ref/net8.0/System.Runtime.CompilerServices.Unsafe.dll”之间存在冲突。 选择“Reference:C:\Program Files\dotnet\packs\Microsoft.NETCore.App.Ref\8.0.28\ref/net8.0/System.Runtime.CompilerServices.Unsafe.dll”，因为 AssemblyVersion“8.0.0.0”高于“6.0.0.0”。
         “Reference:C:\Users\张豪午\.nuget\packages\system.text.encoding.codepages\8.0.0\lib\net8.0\System.Text.Encoding.CodePages.dll”和“Reference:C:\Program Files\dotnet\packs\Microsoft.NETCore.App.Ref\8.0.28\ref/net8.0/System.Text.Encoding.CodePages.dll”之间存在冲突。 选择“Reference:C:\Program Files\dotnet\packs\Microsoft.NETCore.App.Ref\8.0.28\ref/net8.0/System.Text.Encoding.CodePages.dll”，因为文件版本“8.0.2826.26413”高于“8.0.23.53103”。
         “Reference:C:\Users\张豪午\.nuget\packages\system.text.encodings.web\8.0.0\lib\net8.0\System.Text.Encodings.Web.dll”和“Reference:C:\Program Files\dotnet\packs\Microsoft.NETCore.App.Ref\8.0.28\ref/net8.0/System.Text.Encodings.Web.dll”之间存在冲突。 选择“Reference:C:\Program Files\dotnet\packs\Microsoft.NETCore.App.Ref\8.0.28\ref/net8.0/System.Text.Encodings.Web.dll”，因为文件版本“8.0.2826.26413”高于“8.0.23.53103”。
         “Reference:C:\Users\张豪午\.nuget\packages\system.text.json\8.0.0\lib\net8.0\System.Text.Json.dll”和“Reference:C:\Program Files\dotnet\packs\Microsoft.NETCore.App.Ref\8.0.28\ref/net8.0/System.Text.Json.dll”之间存在冲突。 选择“Reference:C:\Program Files\dotnet\packs\Microsoft.NETCore.App.Ref\8.0.28\ref/net8.0/System.Text.Json.dll”，因为文件版本“8.0.2826.26413”高于“8.0.23.53103”。
         “Reference:C:\Program Files\dotnet\packs\Microsoft.NETCore.App.Ref\8.0.28\ref/net8.0/Microsoft.VisualBasic.dll”和“Reference:C:\Program Files\dotnet\packs\Microsoft.WindowsDesktop.App.Ref\8.0.28\ref/net8.0/Microsoft.VisualBasic.dll”之间存在冲突。 选择“Reference:C:\Program Files\dotnet\packs\Microsoft.WindowsDesktop.App.Ref\8.0.28\ref/net8.0/Microsoft.VisualBasic.dll”，因为 AssemblyVersion“10.1.0.0”高于“10.0.0.0”。
         “Reference:C:\Users\张豪午\.nuget\packages\microsoft.win32.systemevents\7.0.0\lib\net7.0\Microsoft.Win32.SystemEvents.dll”和“Reference:C:\Program Files\dotnet\packs\Microsoft.WindowsDesktop.App.Ref\8.0.28\ref/net8.0/Microsoft.Win32.SystemEvents.dll”之间存在冲突。 选择“Reference:C:\Program Files\dotnet\packs\Microsoft.WindowsDesktop.App.Ref\8.0.28\ref/net8.0/Microsoft.Win32.SystemEvents.dll”，因为 AssemblyVersion“8.0.0.0”高于“7.0.0.0”。
         “Reference:C:\Users\张豪午\.nuget\packages\system.drawing.common\7.0.0\lib\net7.0\System.Drawing.Common.dll”和“Reference:C:\Program Files\dotnet\packs\Microsoft.WindowsDesktop.App.Ref\8.0.28\ref/net8.0/System.Drawing.Common.dll”之间存在冲突。 选择“Reference:C:\Program Files\dotnet\packs\Microsoft.WindowsDesktop.App.Ref\8.0.28\ref/net8.0/System.Drawing.Common.dll”，因为 AssemblyVersion“8.0.0.0”高于“7.0.0.0”。
         “Reference:C:\Program Files\dotnet\packs\Microsoft.NETCore.App.Ref\8.0.28\ref/net8.0/System.Drawing.dll”和“Reference:C:\Program Files\dotnet\packs\Microsoft.WindowsDesktop.App.Ref\8.0.28\ref/net8.0/System.Drawing.dll”之间存在冲突。 选择“Reference:C:\Program Files\dotnet\packs\Microsoft.WindowsDesktop.App.Ref\8.0.28\ref/net8.0/System.Drawing.dll”，因为 AssemblyVersion“8.0.0.0”高于“4.0.0.0”。
         “Reference:C:\Users\张豪午\.nuget\packages\system.security.cryptography.pkcs\8.0.0\lib\net8.0\System.Security.Cryptography.Pkcs.dll”和“Reference:C:\Program Files\dotnet\packs\Microsoft.WindowsDesktop.App.Ref\8.0.28\ref/net8.0/System.Security.Cryptography.Pkcs.dll”之间存在冲突。 选择“Reference:C:\Program Files\dotnet\packs\Microsoft.WindowsDesktop.App.Ref\8.0.28\ref/net8.0/System.Security.Cryptography.Pkcs.dll”，因为文件版本“8.0.2826.26413”高于“8.0.23.53103”。
         “Analyzer:C:\Users\张豪午\.nuget\packages\system.text.json\8.0.0\analyzers\dotnet\roslyn4.4\cs\System.Text.Json.SourceGeneration.dll”和“Analyzer:C:\Program Files\dotnet\packs\Microsoft.NETCore.App.Ref\8.0.28\analyzers/dotnet/cs/System.Text.Json.SourceGeneration.dll”之间存在冲突。 选择“Analyzer:C:\Program Files\dotnet\packs\Microsoft.NETCore.App.Ref\8.0.28\analyzers/dotnet/cs/System.Text.Json.SourceGeneration.dll”，因为 AssemblyVersion“8.0.14.26413”高于“8.0.9.3103”。
         “Platform:Microsoft.VisualBasic.dll”和“Platform:Microsoft.VisualBasic.dll”之间存在冲突。 选择“Platform:Microsoft.VisualBasic.dll”，因为 AssemblyVersion“10.1.0.0”高于“10.0.0.0”。
         “Platform:Microsoft.VisualBasic.dll”和“Platform:Microsoft.VisualBasic.dll”之间存在冲突。 选择“Platform:Microsoft.VisualBasic.dll”，因为 AssemblyVersion“10.1.0.0”高于“10.0.0.0”。
         “Platform:System.Drawing.dll”和“Platform:System.Drawing.dll”之间存在冲突。 选择“Platform:System.Drawing.dll”，因为 AssemblyVersion“8.0.0.0”高于“4.0.0.0”。
         “Platform:System.Drawing.dll”和“Platform:System.Drawing.dll”之间存在冲突。 选择“Platform:System.Drawing.dll”，因为 AssemblyVersion“8.0.0.0”高于“4.0.0.0”。
         “Platform:WindowsBase.dll”和“Platform:WindowsBase.dll”之间存在冲突。 选择“Platform:WindowsBase.dll”，因为 AssemblyVersion“8.0.0.0”高于“4.0.0.0”。
         “Platform:WindowsBase.dll”和“Platform:WindowsBase.dll”之间存在冲突。 选择“Platform:WindowsBase.dll”，因为 AssemblyVersion“8.0.0.0”高于“4.0.0.0”。
         “Platform:Microsoft.Win32.SystemEvents.dll”和“CopyLocal:C:\Users\张豪午\.nuget\packages\microsoft.win32.systemevents\7.0.0\lib\net7.0\Microsoft.Win32.SystemEvents.dll”之间存在冲突。 选择“Platform:Microsoft.Win32.SystemEvents.dll”，因为 AssemblyVersion“8.0.0.0”高于“7.0.0.0”。
         “Platform:System.ComponentModel.Annotations.dll”和“CopyLocal:C:\Users\张豪午\.nuget\packages\system.componentmodel.annotations\5.0.0\lib\netstandard2.1\System.ComponentModel.Annotations.dll”之间存在冲突。 选择“Platform:System.ComponentModel.Annotations.dll”，因为 AssemblyVersion“8.0.0.0”高于“5.0.0.0”。
         “Platform:System.Diagnostics.DiagnosticSource.dll”和“CopyLocal:C:\Users\张豪午\.nuget\packages\system.diagnostics.diagnosticsource\6.0.0\lib\net6.0\System.Diagnostics.DiagnosticSource.dll”之间存在冲突。 选择“Platform:System.Diagnostics.DiagnosticSource.dll”，因为 AssemblyVersion“8.0.0.0”高于“6.0.0.0”。
         “Platform:System.Drawing.Common.dll”和“CopyLocal:C:\Users\张豪午\.nuget\packages\system.drawing.common\7.0.0\lib\net7.0\System.Drawing.Common.dll”之间存在冲突。 选择“Platform:System.Drawing.Common.dll”，因为 AssemblyVersion“8.0.0.0”高于“7.0.0.0”。
         “Platform:System.Formats.Asn1.dll”和“CopyLocal:C:\Users\张豪午\.nuget\packages\system.formats.asn1\8.0.0\lib\net8.0\System.Formats.Asn1.dll”之间存在冲突。 选择“Platform:System.Formats.Asn1.dll”，因为文件版本“8.0.2826.26413”高于“8.0.23.53103”。
         “Platform:System.Runtime.CompilerServices.Unsafe.dll”和“CopyLocal:C:\Users\张豪午\.nuget\packages\system.runtime.compilerservices.unsafe\6.0.0\lib\net6.0\System.Runtime.CompilerServices.Unsafe.dll”之间存在冲突。 选择“Platform:System.Runtime.CompilerServices.Unsafe.dll”，因为 AssemblyVersion“8.0.0.0”高于“6.0.0.0”。
         “Platform:System.Security.Cryptography.Pkcs.dll”和“CopyLocal:C:\Users\张豪午\.nuget\packages\system.security.cryptography.pkcs\8.0.0\lib\net8.0\System.Security.Cryptography.Pkcs.dll”之间存在冲突。 选择“Platform:System.Security.Cryptography.Pkcs.dll”，因为它来自首选包。
         “Platform:System.Text.Encoding.CodePages.dll”和“CopyLocal:C:\Users\张豪午\.nuget\packages\system.text.encoding.codepages\8.0.0\lib\net8.0\System.Text.Encoding.CodePages.dll”之间存在冲突。 选择“Platform:System.Text.Encoding.CodePages.dll”，因为文件版本“8.0.2826.26413”高于“8.0.23.53103”。
         “Platform:System.Text.Encodings.Web.dll”和“CopyLocal:C:\Users\张豪午\.nuget\packages\system.text.encodings.web\8.0.0\lib\net8.0\System.Text.Encodings.Web.dll”之间存在冲突。 选择“Platform:System.Text.Encodings.Web.dll”，因为文件版本“8.0.2826.26413”高于“8.0.23.53103”。
         “Platform:System.Text.Json.dll”和“CopyLocal:C:\Users\张豪午\.nuget\packages\system.text.json\8.0.0\lib\net8.0\System.Text.Json.dll”之间存在冲突。 选择“Platform:System.Text.Json.dll”，因为文件版本“8.0.2826.26413”高于“8.0.23.53103”。
         “Platform:Microsoft.Win32.SystemEvents.dll”和“CopyLocal:C:\Users\张豪午\.nuget\packages\microsoft.win32.systemevents\7.0.0\runtimes\win\lib\net7.0\Microsoft.Win32.SystemEvents.dll”之间存在冲突。 选择“Platform:Microsoft.Win32.SystemEvents.dll”，因为 AssemblyVersion“8.0.0.0”高于“7.0.0.0”。
         “Platform:System.Drawing.Common.dll”和“CopyLocal:C:\Users\张豪午\.nuget\packages\system.drawing.common\7.0.0\runtimes\win\lib\net7.0\System.Drawing.Common.dll”之间存在冲突。 选择“Platform:System.Drawing.Common.dll”，因为 AssemblyVersion“8.0.0.0”高于“7.0.0.0”。
         “Platform:System.Security.Cryptography.Pkcs.dll”和“CopyLocal:C:\Users\张豪午\.nuget\packages\system.security.cryptography.pkcs\8.0.0\runtimes\win\lib\net8.0\System.Security.Cryptography.Pkcs.dll”之间存在冲突。 选择“Platform:System.Security.Cryptography.Pkcs.dll”，因为它来自首选包。
         “Platform:System.Text.Encoding.CodePages.dll”和“CopyLocal:C:\Users\张豪午\.nuget\packages\system.text.encoding.codepages\8.0.0\runtimes\win\lib\net8.0\System.Text.Encoding.CodePages.dll”之间存在冲突。 选择“Platform:System.Text.Encoding.CodePages.dll”，因为文件版本“8.0.2826.26413”高于“8.0.23.53103”。
         “Platform:System.Text.Encodings.Web.dll”和“CopyLocal:C:\Users\张豪午\.nuget\packages\system.text.encodings.web\8.0.0\runtimes\browser\lib\net8.0\System.Text.Encodings.Web.dll”之间存在冲突。 选择“Platform:System.Text.Encodings.Web.dll”，因为文件版本“8.0.2826.26413”高于“8.0.23.53103”。
         “Platform:mscorlib.dll”和“Platform:mscorlib.dll”之间存在冲突。 文件和程序集版本相等，因此无法确定优胜者。
         “Platform:System.dll”和“Platform:System.dll”之间存在冲突。 文件和程序集版本相等，因此无法确定优胜者。
         “Platform:System.ComponentModel.DataAnnotations.dll”和“Platform:System.ComponentModel.DataAnnotations.dll”之间存在冲突。 文件和程序集版本相等，因此无法确定优胜者。
         “Platform:System.Configuration.dll”和“Platform:System.Configuration.dll”之间存在冲突。 文件和程序集版本相等，因此无法确定优胜者。
         “Platform:System.Core.dll”和“Platform:System.Core.dll”之间存在冲突。 文件和程序集版本相等，因此无法确定优胜者。
         “Platform:System.Data.dll”和“Platform:System.Data.dll”之间存在冲突。 文件和程序集版本相等，因此无法确定优胜者。
         “Platform:System.IO.Compression.FileSystem.dll”和“Platform:System.IO.Compression.FileSystem.dll”之间存在冲突。 文件和程序集版本相等，因此无法确定优胜者。
         “Platform:System.Net.dll”和“Platform:System.Net.dll”之间存在冲突。 文件和程序集版本相等，因此无法确定优胜者。
         “Platform:System.Numerics.dll”和“Platform:System.Numerics.dll”之间存在冲突。 文件和程序集版本相等，因此无法确定优胜者。
         “Platform:System.Runtime.Serialization.dll”和“Platform:System.Runtime.Serialization.dll”之间存在冲突。 文件和程序集版本相等，因此无法确定优胜者。
         “Platform:System.Security.dll”和“Platform:System.Security.dll”之间存在冲突。 文件和程序集版本相等，因此无法确定优胜者。
         “Platform:System.ServiceProcess.dll”和“Platform:System.ServiceProcess.dll”之间存在冲突。 文件和程序集版本相等，因此无法确定优胜者。
         “Platform:System.ServiceModel.Web.dll”和“Platform:System.ServiceModel.Web.dll”之间存在冲突。 文件和程序集版本相等，因此无法确定优胜者。
         “Platform:System.Transactions.dll”和“Platform:System.Transactions.dll”之间存在冲突。 文件和程序集版本相等，因此无法确定优胜者。
         “Platform:System.Web.dll”和“Platform:System.Web.dll”之间存在冲突。 文件和程序集版本相等，因此无法确定优胜者。
         “Platform:System.Windows.dll”和“Platform:System.Windows.dll”之间存在冲突。 文件和程序集版本相等，因此无法确定优胜者。
         “Platform:System.Xml.dll”和“Platform:System.Xml.dll”之间存在冲突。 文件和程序集版本相等，因此无法确定优胜者。
         “Platform:System.Xml.Serialization.dll”和“Platform:System.Xml.Serialization.dll”之间存在冲突。 文件和程序集版本相等，因此无法确定优胜者。
         “Platform:System.Xml.Linq.dll”和“Platform:System.Xml.Linq.dll”之间存在冲突。 文件和程序集版本相等，因此无法确定优胜者。
         “Platform:netstandard.dll”和“Platform:netstandard.dll”之间存在冲突。 文件和程序集版本相等，因此无法确定优胜者。
         “Platform:System.Private.CoreLib.dll”和“Platform:System.Private.CoreLib.dll”之间存在冲突。 文件和程序集版本相等，因此无法确定优胜者。
         “Platform:System.Private.DataContractSerialization.dll”和“Platform:System.Private.DataContractSerialization.dll”之间存在冲突。 文件和程序集版本相等，因此无法确定优胜者。
         “Platform:System.Private.Uri.dll”和“Platform:System.Private.Uri.dll”之间存在冲突。 文件和程序集版本相等，因此无法确定优胜者。
         “Platform:System.Private.Xml.dll”和“Platform:System.Private.Xml.dll”之间存在冲突。 文件和程序集版本相等，因此无法确定优胜者。
         “Platform:System.Private.Xml.Linq.dll”和“Platform:System.Private.Xml.Linq.dll”之间存在冲突。 文件和程序集版本相等，因此无法确定优胜者。
         “Platform:mscordaccore_amd64_amd64_8.0.2826.26413.dll”和“Platform:mscordaccore_amd64_amd64_8.0.2826.26413.dll”之间存在冲突。 文件和程序集版本相等，因此无法确定优胜者。
       已完成执行任务“ResolvePackageFileConflicts”的操作。
   1:7>已完成在项目“NctSim.csproj”中生成目标“_HandlePackageFileConflicts”的操作。
       已跳过目标“ResolveTargetingPackAssets”。以前的生成已成功。
   1:7>来自项目“D:\java_workspace\技能实训\源代码\NctSim\NctSim.csproj”的文件“C:\Program Files\dotnet\sdk\8.0.422\Microsoft.Common.CurrentVersion.targets”中的目标“ResolveAssemblyReferences”(目标“ResolveReferences”依赖于它):
       正在使用程序集“Microsoft.Build.Tasks.Core, Version=15.1.0.0, Culture=neutral, PublicKeyToken=b03f5f7f11d50a3a”中的“ResolveAssemblyReference”任务。
       任务“ResolveAssemblyReference”
         TargetFrameworkMoniker:
             .NETCoreApp,Version=v8.0
         TargetFrameworkMonikerDisplayName:
             .NET 8.0
         TargetedRuntimeVersion:
             
         Assemblies:
             C:\Users\张豪午\.nuget\packages\epplus\7.1.0\lib\net8.0\EPPlus.dll
                 Private =“false”
                 HintPath =“C:\Users\张豪午\.nuget\packages\epplus\7.1.0\lib\net8.0\EPPlus.dll”
             C:\Users\张豪午\.nuget\packages\epplus.interfaces\6.1.1\lib\net7.0\EPPlus.Interfaces.dll
                 Private =“false”
                 HintPath =“C:\Users\张豪午\.nuget\packages\epplus.interfaces\6.1.1\lib\net7.0\EPPlus.Interfaces.dll”
             C:\Users\张豪午\.nuget\packages\epplus.system.drawing\6.1.1\lib\net7.0\EPPlus.System.Drawing.dll
                 Private =“false”
                 HintPath =“C:\Users\张豪午\.nuget\packages\epplus.system.drawing\6.1.1\lib\net7.0\EPPlus.System.Drawing.dll”
             C:\Users\张豪午\.nuget\packages\mathnet.numerics\5.0.0\lib\net6.0\MathNet.Numerics.dll
                 Private =“false”
                 HintPath =“C:\Users\张豪午\.nuget\packages\mathnet.numerics\5.0.0\lib\net6.0\MathNet.Numerics.dll”
             C:\Users\张豪午\.nuget\packages\microsoft.data.sqlite.core\8.0.0\lib\net8.0\Microsoft.Data.Sqlite.dll
                 Private =“false”
                 HintPath =“C:\Users\张豪午\.nuget\packages\microsoft.data.sqlite.core\8.0.0\lib\net8.0\Microsoft.Data.Sqlite.dll”
             C:\Users\张豪午\.nuget\packages\microsoft.extensions.configuration\8.0.0\lib\net8.0\Microsoft.Extensions.Configuration.dll
                 Private =“false”
                 HintPath =“C:\Users\张豪午\.nuget\packages\microsoft.extensions.configuration\8.0.0\lib\net8.0\Microsoft.Extensions.Configuration.dll”
             C:\Users\张豪午\.nuget\packages\microsoft.extensions.configuration.abstractions\8.0.0\lib\net8.0\Microsoft.Extensions.Configuration.Abstractions.dll
                 Private =“false”
                 HintPath =“C:\Users\张豪午\.nuget\packages\microsoft.extensions.configuration.abstractions\8.0.0\lib\net8.0\Microsoft.Extensions.Configuration.Abstractions.dll”
             C:\Users\张豪午\.nuget\packages\microsoft.extensions.configuration.fileextensions\8.0.0\lib\net8.0\Microsoft.Extensions.Configuration.FileExtensions.dll
                 Private =“false”
                 HintPath =“C:\Users\张豪午\.nuget\packages\microsoft.extensions.configuration.fileextensions\8.0.0\lib\net8.0\Microsoft.Extensions.Configuration.FileExtensions.dll”
             C:\Users\张豪午\.nuget\packages\microsoft.extensions.configuration.json\8.0.0\lib\net8.0\Microsoft.Extensions.Configuration.Json.dll
                 Private =“false”
                 HintPath =“C:\Users\张豪午\.nuget\packages\microsoft.extensions.configuration.json\8.0.0\lib\net8.0\Microsoft.Extensions.Configuration.Json.dll”
             C:\Users\张豪午\.nuget\packages\microsoft.extensions.dependencyinjection\6.0.0\lib\net6.0\Microsoft.Extensions.DependencyInjection.dll
                 Private =“false”
                 HintPath =“C:\Users\张豪午\.nuget\packages\microsoft.extensions.dependencyinjection\6.0.0\lib\net6.0\Microsoft.Extensions.DependencyInjection.dll”
             C:\Users\张豪午\.nuget\packages\microsoft.extensions.dependencyinjection.abstractions\6.0.0\lib\net6.0\Microsoft.Extensions.DependencyInjection.Abstractions.dll
                 Private =“false”
                 HintPath =“C:\Users\张豪午\.nuget\packages\microsoft.extensions.dependencyinjection.abstractions\6.0.0\lib\net6.0\Microsoft.Extensions.DependencyInjection.Abstractions.dll”
             C:\Users\张豪午\.nuget\packages\microsoft.extensions.fileproviders.abstractions\8.0.0\lib\net8.0\Microsoft.Extensions.FileProviders.Abstractions.dll
                 Private =“false”
                 HintPath =“C:\Users\张豪午\.nuget\packages\microsoft.extensions.fileproviders.abstractions\8.0.0\lib\net8.0\Microsoft.Extensions.FileProviders.Abstractions.dll”
             C:\Users\张豪午\.nuget\packages\microsoft.extensions.fileproviders.physical\8.0.0\lib\net8.0\Microsoft.Extensions.FileProviders.Physical.dll
                 Private =“false”
                 HintPath =“C:\Users\张豪午\.nuget\packages\microsoft.extensions.fileproviders.physical\8.0.0\lib\net8.0\Microsoft.Extensions.FileProviders.Physical.dll”
             C:\Users\张豪午\.nuget\packages\microsoft.extensions.filesystemglobbing\8.0.0\lib\net8.0\Microsoft.Extensions.FileSystemGlobbing.dll
                 Private =“false”
                 HintPath =“C:\Users\张豪午\.nuget\packages\microsoft.extensions.filesystemglobbing\8.0.0\lib\net8.0\Microsoft.Extensions.FileSystemGlobbing.dll”
             C:\Users\张豪午\.nuget\packages\microsoft.extensions.logging\6.0.0\lib\netstandard2.1\Microsoft.Extensions.Logging.dll
                 Private =“false”
                 HintPath =“C:\Users\张豪午\.nuget\packages\microsoft.extensions.logging\6.0.0\lib\netstandard2.1\Microsoft.Extensions.Logging.dll”
             C:\Users\张豪午\.nuget\packages\microsoft.extensions.logging.abstractions\6.0.0\lib\net6.0\Microsoft.Extensions.Logging.Abstractions.dll
                 Private =“false”
                 HintPath =“C:\Users\张豪午\.nuget\packages\microsoft.extensions.logging.abstractions\6.0.0\lib\net6.0\Microsoft.Extensions.Logging.Abstractions.dll”
             C:\Users\张豪午\.nuget\packages\microsoft.extensions.options\6.0.0\lib\netstandard2.1\Microsoft.Extensions.Options.dll
                 Private =“false”
                 HintPath =“C:\Users\张豪午\.nuget\packages\microsoft.extensions.options\6.0.0\lib\netstandard2.1\Microsoft.Extensions.Options.dll”
             C:\Users\张豪午\.nuget\packages\microsoft.extensions.primitives\8.0.0\lib\net8.0\Microsoft.Extensions.Primitives.dll
                 Private =“false”
                 HintPath =“C:\Users\张豪午\.nuget\packages\microsoft.extensions.primitives\8.0.0\lib\net8.0\Microsoft.Extensions.Primitives.dll”
             C:\Users\张豪午\.nuget\packages\microsoft.io.recyclablememorystream\3.0.0\lib\net6.0\Microsoft.IO.RecyclableMemoryStream.dll
                 Private =“false”
                 HintPath =“C:\Users\张豪午\.nuget\packages\microsoft.io.recyclablememorystream\3.0.0\lib\net6.0\Microsoft.IO.RecyclableMemoryStream.dll”
             C:\Users\张豪午\.nuget\packages\oxyplot.core\2.1.2\lib\netstandard2.0\OxyPlot.dll
                 Private =“false”
                 HintPath =“C:\Users\张豪午\.nuget\packages\oxyplot.core\2.1.2\lib\netstandard2.0\OxyPlot.dll”
             C:\Users\张豪午\.nuget\packages\oxyplot.windowsforms\2.1.2\lib\netcoreapp3.1\OxyPlot.WindowsForms.dll
                 Private =“false”
                 HintPath =“C:\Users\张豪午\.nuget\packages\oxyplot.windowsforms\2.1.2\lib\netcoreapp3.1\OxyPlot.WindowsForms.dll”
             C:\Users\张豪午\.nuget\packages\pdfsharp-migradoc\6.1.1\lib\net6.0\MigraDoc.DocumentObjectModel.dll
                 Private =“false”
                 HintPath =“C:\Users\张豪午\.nuget\packages\pdfsharp-migradoc\6.1.1\lib\net6.0\MigraDoc.DocumentObjectModel.dll”
             C:\Users\张豪午\.nuget\packages\pdfsharp-migradoc\6.1.1\lib\net6.0\MigraDoc.Rendering.dll
                 Private =“false”
                 HintPath =“C:\Users\张豪午\.nuget\packages\pdfsharp-migradoc\6.1.1\lib\net6.0\MigraDoc.Rendering.dll”
             C:\Users\张豪午\.nuget\packages\pdfsharp-migradoc\6.1.1\lib\net6.0\MigraDoc.RtfRendering.dll
                 Private =“false”
                 HintPath =“C:\Users\张豪午\.nuget\packages\pdfsharp-migradoc\6.1.1\lib\net6.0\MigraDoc.RtfRendering.dll”
             C:\Users\张豪午\.nuget\packages\pdfsharp-migradoc\6.1.1\lib\net6.0\PdfSharp.Charting.dll
                 Private =“false”
                 HintPath =“C:\Users\张豪午\.nuget\packages\pdfsharp-migradoc\6.1.1\lib\net6.0\PdfSharp.Charting.dll”
             C:\Users\张豪午\.nuget\packages\pdfsharp-migradoc\6.1.1\lib\net6.0\PdfSharp.Quality.dll
                 Private =“false”
                 HintPath =“C:\Users\张豪午\.nuget\packages\pdfsharp-migradoc\6.1.1\lib\net6.0\PdfSharp.Quality.dll”
             C:\Users\张豪午\.nuget\packages\pdfsharp-migradoc\6.1.1\lib\net6.0\PdfSharp.Snippets.dll
                 Private =“false”
                 HintPath =“C:\Users\张豪午\.nuget\packages\pdfsharp-migradoc\6.1.1\lib\net6.0\PdfSharp.Snippets.dll”
             C:\Users\张豪午\.nuget\packages\pdfsharp-migradoc\6.1.1\lib\net6.0\PdfSharp.System.dll
                 Private =“false”
                 HintPath =“C:\Users\张豪午\.nuget\packages\pdfsharp-migradoc\6.1.1\lib\net6.0\PdfSharp.System.dll”
             C:\Users\张豪午\.nuget\packages\pdfsharp-migradoc\6.1.1\lib\net6.0\PdfSharp.WPFonts.dll
                 Private =“false”
                 HintPath =“C:\Users\张豪午\.nuget\packages\pdfsharp-migradoc\6.1.1\lib\net6.0\PdfSharp.WPFonts.dll”
             C:\Users\张豪午\.nuget\packages\pdfsharp-migradoc\6.1.1\lib\net6.0\PdfSharp.dll
                 Private =“false”
                 HintPath =“C:\Users\张豪午\.nuget\packages\pdfsharp-migradoc\6.1.1\lib\net6.0\PdfSharp.dll”
             C:\Users\张豪午\.nuget\packages\serilog\4.0.0\lib\net8.0\Serilog.dll
                 Private =“false”
                 HintPath =“C:\Users\张豪午\.nuget\packages\serilog\4.0.0\lib\net8.0\Serilog.dll”
             C:\Users\张豪午\.nuget\packages\serilog.sinks.file\6.0.0\lib\net8.0\Serilog.Sinks.File.dll
                 Private =“false”
                 HintPath =“C:\Users\张豪午\.nuget\packages\serilog.sinks.file\6.0.0\lib\net8.0\Serilog.Sinks.File.dll”
             C:\Users\张豪午\.nuget\packages\sqlitepclraw.bundle_e_sqlite3\2.1.6\lib\netstandard2.0\SQLitePCLRaw.batteries_v2.dll
                 Private =“false”
                 HintPath =“C:\Users\张豪午\.nuget\packages\sqlitepclraw.bundle_e_sqlite3\2.1.6\lib\netstandard2.0\SQLitePCLRaw.batteries_v2.dll”
             C:\Users\张豪午\.nuget\packages\sqlitepclraw.core\2.1.6\lib\netstandard2.0\SQLitePCLRaw.core.dll
                 Private =“false”
                 HintPath =“C:\Users\张豪午\.nuget\packages\sqlitepclraw.core\2.1.6\lib\netstandard2.0\SQLitePCLRaw.core.dll”
             C:\Users\张豪午\.nuget\packages\sqlitepclraw.provider.e_sqlite3\2.1.6\lib\net6.0-windows7.0\SQLitePCLRaw.provider.e_sqlite3.dll
                 Private =“false”
                 HintPath =“C:\Users\张豪午\.nuget\packages\sqlitepclraw.provider.e_sqlite3\2.1.6\lib\net6.0-windows7.0\SQLitePCLRaw.provider.e_sqlite3.dll”
             C:\Program Files\dotnet\packs\Microsoft.NETCore.App.Ref\8.0.28\ref/net8.0/Microsoft.CSharp.dll
                 Private =“false”
             C:\Program Files\dotnet\packs\Microsoft.NETCore.App.Ref\8.0.28\ref/net8.0/Microsoft.VisualBasic.Core.dll
                 Private =“false”
             C:\Program Files\dotnet\packs\Microsoft.NETCore.App.Ref\8.0.28\ref/net8.0/Microsoft.Win32.Primitives.dll
                 Private =“false”
             C:\Program Files\dotnet\packs\Microsoft.NETCore.App.Ref\8.0.28\ref/net8.0/Microsoft.Win32.Registry.dll
                 Private =“false”
             C:\Program Files\dotnet\packs\Microsoft.NETCore.App.Ref\8.0.28\ref/net8.0/System.AppContext.dll
                 Private =“false”
             C:\Program Files\dotnet\packs\Microsoft.NETCore.App.Ref\8.0.28\ref/net8.0/System.Buffers.dll
                 Private =“false”
             C:\Program Files\dotnet\packs\Microsoft.NETCore.App.Ref\8.0.28\ref/net8.0/System.Collections.Concurrent.dll
                 Private =“false”
             C:\Program Files\dotnet\packs\Microsoft.NETCore.App.Ref\8.0.28\ref/net8.0/System.Collections.Immutable.dll
                 Private =“false”
             C:\Program Files\dotnet\packs\Microsoft.NETCore.App.Ref\8.0.28\ref/net8.0/System.Collections.NonGeneric.dll
                 Private =“false”
             C:\Program Files\dotnet\packs\Microsoft.NETCore.App.Ref\8.0.28\ref/net8.0/System.Collections.Specialized.dll
                 Private =“false”
             C:\Program Files\dotnet\packs\Microsoft.NETCore.App.Ref\8.0.28\ref/net8.0/System.Collections.dll
                 Private =“false”
             C:\Program Files\dotnet\packs\Microsoft.NETCore.App.Ref\8.0.28\ref/net8.0/System.ComponentModel.Annotations.dll
                 Private =“false”
             C:\Program Files\dotnet\packs\Microsoft.NETCore.App.Ref\8.0.28\ref/net8.0/System.ComponentModel.DataAnnotations.dll
                 Private =“false”
             C:\Program Files\dotnet\packs\Microsoft.NETCore.App.Ref\8.0.28\ref/net8.0/System.ComponentModel.EventBasedAsync.dll
                 Private =“false”
             C:\Program Files\dotnet\packs\Microsoft.NETCore.App.Ref\8.0.28\ref/net8.0/System.ComponentModel.Primitives.dll
                 Private =“false”
             C:\Program Files\dotnet\packs\Microsoft.NETCore.App.Ref\8.0.28\ref/net8.0/System.ComponentModel.TypeConverter.dll
                 Private =“false”
             C:\Program Files\dotnet\packs\Microsoft.NETCore.App.Ref\8.0.28\ref/net8.0/System.ComponentModel.dll
                 Private =“false”
             C:\Program Files\dotnet\packs\Microsoft.NETCore.App.Ref\8.0.28\ref/net8.0/System.Configuration.dll
                 Private =“false”
             C:\Program Files\dotnet\packs\Microsoft.NETCore.App.Ref\8.0.28\ref/net8.0/System.Console.dll
                 Private =“false”
             C:\Program Files\dotnet\packs\Microsoft.NETCore.App.Ref\8.0.28\ref/net8.0/System.Core.dll
                 Private =“false”
             C:\Program Files\dotnet\packs\Microsoft.NETCore.App.Ref\8.0.28\ref/net8.0/System.Data.Common.dll
                 Private =“false”
             C:\Program Files\dotnet\packs\Microsoft.NETCore.App.Ref\8.0.28\ref/net8.0/System.Data.DataSetExtensions.dll
                 Private =“false”
             C:\Program Files\dotnet\packs\Microsoft.NETCore.App.Ref\8.0.28\ref/net8.0/System.Data.dll
                 Private =“false”
             C:\Program Files\dotnet\packs\Microsoft.NETCore.App.Ref\8.0.28\ref/net8.0/System.Diagnostics.Contracts.dll
                 Private =“false”
             C:\Program Files\dotnet\packs\Microsoft.NETCore.App.Ref\8.0.28\ref/net8.0/System.Diagnostics.Debug.dll
                 Private =“false”
             C:\Program Files\dotnet\packs\Microsoft.NETCore.App.Ref\8.0.28\ref/net8.0/System.Diagnostics.DiagnosticSource.dll
                 Private =“false”
             C:\Program Files\dotnet\packs\Microsoft.NETCore.App.Ref\8.0.28\ref/net8.0/System.Diagnostics.FileVersionInfo.dll
                 Private =“false”
             C:\Program Files\dotnet\packs\Microsoft.NETCore.App.Ref\8.0.28\ref/net8.0/System.Diagnostics.Process.dll
                 Private =“false”
             C:\Program Files\dotnet\packs\Microsoft.NETCore.App.Ref\8.0.28\ref/net8.0/System.Diagnostics.StackTrace.dll
                 Private =“false”
             C:\Program Files\dotnet\packs\Microsoft.NETCore.App.Ref\8.0.28\ref/net8.0/System.Diagnostics.TextWriterTraceListener.dll
                 Private =“false”
             C:\Program Files\dotnet\packs\Microsoft.NETCore.App.Ref\8.0.28\ref/net8.0/System.Diagnostics.Tools.dll
                 Private =“false”
             C:\Program Files\dotnet\packs\Microsoft.NETCore.App.Ref\8.0.28\ref/net8.0/System.Diagnostics.TraceSource.dll
                 Private =“false”
             C:\Program Files\dotnet\packs\Microsoft.NETCore.App.Ref\8.0.28\ref/net8.0/System.Diagnostics.Tracing.dll
                 Private =“false”
             C:\Program Files\dotnet\packs\Microsoft.NETCore.App.Ref\8.0.28\ref/net8.0/System.Drawing.Primitives.dll
                 Private =“false”
             C:\Program Files\dotnet\packs\Microsoft.NETCore.App.Ref\8.0.28\ref/net8.0/System.Dynamic.Runtime.dll
                 Private =“false”
             C:\Program Files\dotnet\packs\Microsoft.NETCore.App.Ref\8.0.28\ref/net8.0/System.Formats.Asn1.dll
                 Private =“false”
             C:\Program Files\dotnet\packs\Microsoft.NETCore.App.Ref\8.0.28\ref/net8.0/System.Formats.Tar.dll
                 Private =“false”
             C:\Program Files\dotnet\packs\Microsoft.NETCore.App.Ref\8.0.28\ref/net8.0/System.Globalization.Calendars.dll
                 Private =“false”
             C:\Program Files\dotnet\packs\Microsoft.NETCore.App.Ref\8.0.28\ref/net8.0/System.Globalization.Extensions.dll
                 Private =“false”
             C:\Program Files\dotnet\packs\Microsoft.NETCore.App.Ref\8.0.28\ref/net8.0/System.Globalization.dll
                 Private =“false”
             C:\Program Files\dotnet\packs\Microsoft.NETCore.App.Ref\8.0.28\ref/net8.0/System.IO.Compression.Brotli.dll
                 Private =“false”
             C:\Program Files\dotnet\packs\Microsoft.NETCore.App.Ref\8.0.28\ref/net8.0/System.IO.Compression.FileSystem.dll
                 Private =“false”
             C:\Program Files\dotnet\packs\Microsoft.NETCore.App.Ref\8.0.28\ref/net8.0/System.IO.Compression.ZipFile.dll
                 Private =“false”
             C:\Program Files\dotnet\packs\Microsoft.NETCore.App.Ref\8.0.28\ref/net8.0/System.IO.Compression.dll
                 Private =“false”
             C:\Program Files\dotnet\packs\Microsoft.NETCore.App.Ref\8.0.28\ref/net8.0/System.IO.FileSystem.AccessControl.dll
                 Private =“false”
             C:\Program Files\dotnet\packs\Microsoft.NETCore.App.Ref\8.0.28\ref/net8.0/System.IO.FileSystem.DriveInfo.dll
                 Private =“false”
             C:\Program Files\dotnet\packs\Microsoft.NETCore.App.Ref\8.0.28\ref/net8.0/System.IO.FileSystem.Primitives.dll
                 Private =“false”
             C:\Program Files\dotnet\packs\Microsoft.NETCore.App.Ref\8.0.28\ref/net8.0/System.IO.FileSystem.Watcher.dll
                 Private =“false”
             C:\Program Files\dotnet\packs\Microsoft.NETCore.App.Ref\8.0.28\ref/net8.0/System.IO.FileSystem.dll
                 Private =“false”
             C:\Program Files\dotnet\packs\Microsoft.NETCore.App.Ref\8.0.28\ref/net8.0/System.IO.IsolatedStorage.dll
                 Private =“false”
             C:\Program Files\dotnet\packs\Microsoft.NETCore.App.Ref\8.0.28\ref/net8.0/System.IO.MemoryMappedFiles.dll
                 Private =“false”
             C:\Program Files\dotnet\packs\Microsoft.NETCore.App.Ref\8.0.28\ref/net8.0/System.IO.Pipes.AccessControl.dll
                 Private =“false”
             C:\Program Files\dotnet\packs\Microsoft.NETCore.App.Ref\8.0.28\ref/net8.0/System.IO.Pipes.dll
                 Private =“false”
             C:\Program Files\dotnet\packs\Microsoft.NETCore.App.Ref\8.0.28\ref/net8.0/System.IO.UnmanagedMemoryStream.dll
                 Private =“false”
             C:\Program Files\dotnet\packs\Microsoft.NETCore.App.Ref\8.0.28\ref/net8.0/System.IO.dll
                 Private =“false”
             C:\Program Files\dotnet\packs\Microsoft.NETCore.App.Ref\8.0.28\ref/net8.0/System.Linq.Expressions.dll
                 Private =“false”
             C:\Program Files\dotnet\packs\Microsoft.NETCore.App.Ref\8.0.28\ref/net8.0/System.Linq.Parallel.dll
                 Private =“false”
             C:\Program Files\dotnet\packs\Microsoft.NETCore.App.Ref\8.0.28\ref/net8.0/System.Linq.Queryable.dll
                 Private =“false”
             C:\Program Files\dotnet\packs\Microsoft.NETCore.App.Ref\8.0.28\ref/net8.0/System.Linq.dll
                 Private =“false”
             C:\Program Files\dotnet\packs\Microsoft.NETCore.App.Ref\8.0.28\ref/net8.0/System.Memory.dll
                 Private =“false”
             C:\Program Files\dotnet\packs\Microsoft.NETCore.App.Ref\8.0.28\ref/net8.0/System.Net.Http.Json.dll
                 Private =“false”
             C:\Program Files\dotnet\packs\Microsoft.NETCore.App.Ref\8.0.28\ref/net8.0/System.Net.Http.dll
                 Private =“false”
             C:\Program Files\dotnet\packs\Microsoft.NETCore.App.Ref\8.0.28\ref/net8.0/System.Net.HttpListener.dll
                 Private =“false”
             C:\Program Files\dotnet\packs\Microsoft.NETCore.App.Ref\8.0.28\ref/net8.0/System.Net.Mail.dll
                 Private =“false”
             C:\Program Files\dotnet\packs\Microsoft.NETCore.App.Ref\8.0.28\ref/net8.0/System.Net.NameResolution.dll
                 Private =“false”
             C:\Program Files\dotnet\packs\Microsoft.NETCore.App.Ref\8.0.28\ref/net8.0/System.Net.NetworkInformation.dll
                 Private =“false”
             C:\Program Files\dotnet\packs\Microsoft.NETCore.App.Ref\8.0.28\ref/net8.0/System.Net.Ping.dll
                 Private =“false”
             C:\Program Files\dotnet\packs\Microsoft.NETCore.App.Ref\8.0.28\ref/net8.0/System.Net.Primitives.dll
                 Private =“false”
             C:\Program Files\dotnet\packs\Microsoft.NETCore.App.Ref\8.0.28\ref/net8.0/System.Net.Quic.dll
                 Private =“false”
             C:\Program Files\dotnet\packs\Microsoft.NETCore.App.Ref\8.0.28\ref/net8.0/System.Net.Requests.dll
                 Private =“false”
             C:\Program Files\dotnet\packs\Microsoft.NETCore.App.Ref\8.0.28\ref/net8.0/System.Net.Security.dll
                 Private =“false”
             C:\Program Files\dotnet\packs\Microsoft.NETCore.App.Ref\8.0.28\ref/net8.0/System.Net.ServicePoint.dll
                 Private =“false”
             C:\Program Files\dotnet\packs\Microsoft.NETCore.App.Ref\8.0.28\ref/net8.0/System.Net.Sockets.dll
                 Private =“false”
             C:\Program Files\dotnet\packs\Microsoft.NETCore.App.Ref\8.0.28\ref/net8.0/System.Net.WebClient.dll
                 Private =“false”
             C:\Program Files\dotnet\packs\Microsoft.NETCore.App.Ref\8.0.28\ref/net8.0/System.Net.WebHeaderCollection.dll
                 Private =“false”
             C:\Program Files\dotnet\packs\Microsoft.NETCore.App.Ref\8.0.28\ref/net8.0/System.Net.WebProxy.dll
                 Private =“false”
             C:\Program Files\dotnet\packs\Microsoft.NETCore.App.Ref\8.0.28\ref/net8.0/System.Net.WebSockets.Client.dll
                 Private =“false”
             C:\Program Files\dotnet\packs\Microsoft.NETCore.App.Ref\8.0.28\ref/net8.0/System.Net.WebSockets.dll
                 Private =“false”
             C:\Program Files\dotnet\packs\Microsoft.NETCore.App.Ref\8.0.28\ref/net8.0/System.Net.dll
                 Private =“false”
             C:\Program Files\dotnet\packs\Microsoft.NETCore.App.Ref\8.0.28\ref/net8.0/System.Numerics.Vectors.dll
                 Private =“false”
             C:\Program Files\dotnet\packs\Microsoft.NETCore.App.Ref\8.0.28\ref/net8.0/System.Numerics.dll
                 Private =“false”
             C:\Program Files\dotnet\packs\Microsoft.NETCore.App.Ref\8.0.28\ref/net8.0/System.ObjectModel.dll
                 Private =“false”
             C:\Program Files\dotnet\packs\Microsoft.NETCore.App.Ref\8.0.28\ref/net8.0/System.Reflection.DispatchProxy.dll
                 Private =“false”
             C:\Program Files\dotnet\packs\Microsoft.NETCore.App.Ref\8.0.28\ref/net8.0/System.Reflection.Emit.ILGeneration.dll
                 Private =“false”
             C:\Program Files\dotnet\packs\Microsoft.NETCore.App.Ref\8.0.28\ref/net8.0/System.Reflection.Emit.Lightweight.dll
                 Private =“false”
             C:\Program Files\dotnet\packs\Microsoft.NETCore.App.Ref\8.0.28\ref/net8.0/System.Reflection.Emit.dll
                 Private =“false”
             C:\Program Files\dotnet\packs\Microsoft.NETCore.App.Ref\8.0.28\ref/net8.0/System.Reflection.Extensions.dll
                 Private =“false”
             C:\Program Files\dotnet\packs\Microsoft.NETCore.App.Ref\8.0.28\ref/net8.0/System.Reflection.Metadata.dll
                 Private =“false”
             C:\Program Files\dotnet\packs\Microsoft.NETCore.App.Ref\8.0.28\ref/net8.0/System.Reflection.Primitives.dll
                 Private =“false”
             C:\Program Files\dotnet\packs\Microsoft.NETCore.App.Ref\8.0.28\ref/net8.0/System.Reflection.TypeExtensions.dll
                 Private =“false”
             C:\Program Files\dotnet\packs\Microsoft.NETCore.App.Ref\8.0.28\ref/net8.0/System.Reflection.dll
                 Private =“false”
             C:\Program Files\dotnet\packs\Microsoft.NETCore.App.Ref\8.0.28\ref/net8.0/System.Resources.Reader.dll
                 Private =“false”
             C:\Program Files\dotnet\packs\Microsoft.NETCore.App.Ref\8.0.28\ref/net8.0/System.Resources.ResourceManager.dll
                 Private =“false”
             C:\Program Files\dotnet\packs\Microsoft.NETCore.App.Ref\8.0.28\ref/net8.0/System.Resources.Writer.dll
                 Private =“false”
             C:\Program Files\dotnet\packs\Microsoft.NETCore.App.Ref\8.0.28\ref/net8.0/System.Runtime.CompilerServices.Unsafe.dll
                 Private =“false”
             C:\Program Files\dotnet\packs\Microsoft.NETCore.App.Ref\8.0.28\ref/net8.0/System.Runtime.CompilerServices.VisualC.dll
                 Private =“false”
             C:\Program Files\dotnet\packs\Microsoft.NETCore.App.Ref\8.0.28\ref/net8.0/System.Runtime.Extensions.dll
                 Private =“false”
             C:\Program Files\dotnet\packs\Microsoft.NETCore.App.Ref\8.0.28\ref/net8.0/System.Runtime.Handles.dll
                 Private =“false”
             C:\Program Files\dotnet\packs\Microsoft.NETCore.App.Ref\8.0.28\ref/net8.0/System.Runtime.InteropServices.JavaScript.dll
                 Private =“false”
             C:\Program Files\dotnet\packs\Microsoft.NETCore.App.Ref\8.0.28\ref/net8.0/System.Runtime.InteropServices.RuntimeInformation.dll
                 Private =“false”
             C:\Program Files\dotnet\packs\Microsoft.NETCore.App.Ref\8.0.28\ref/net8.0/System.Runtime.InteropServices.dll
                 Private =“false”
             C:\Program Files\dotnet\packs\Microsoft.NETCore.App.Ref\8.0.28\ref/net8.0/System.Runtime.Intrinsics.dll
                 Private =“false”
             C:\Program Files\dotnet\packs\Microsoft.NETCore.App.Ref\8.0.28\ref/net8.0/System.Runtime.Loader.dll
                 Private =“false”
             C:\Program Files\dotnet\packs\Microsoft.NETCore.App.Ref\8.0.28\ref/net8.0/System.Runtime.Numerics.dll
                 Private =“false”
             C:\Program Files\dotnet\packs\Microsoft.NETCore.App.Ref\8.0.28\ref/net8.0/System.Runtime.Serialization.Formatters.dll
                 Private =“false”
             C:\Program Files\dotnet\packs\Microsoft.NETCore.App.Ref\8.0.28\ref/net8.0/System.Runtime.Serialization.Json.dll
                 Private =“false”
             C:\Program Files\dotnet\packs\Microsoft.NETCore.App.Ref\8.0.28\ref/net8.0/System.Runtime.Serialization.Primitives.dll
                 Private =“false”
             C:\Program Files\dotnet\packs\Microsoft.NETCore.App.Ref\8.0.28\ref/net8.0/System.Runtime.Serialization.Xml.dll
                 Private =“false”
             C:\Program Files\dotnet\packs\Microsoft.NETCore.App.Ref\8.0.28\ref/net8.0/System.Runtime.Serialization.dll
                 Private =“false”
             C:\Program Files\dotnet\packs\Microsoft.NETCore.App.Ref\8.0.28\ref/net8.0/System.Runtime.dll
                 Private =“false”
             C:\Program Files\dotnet\packs\Microsoft.NETCore.App.Ref\8.0.28\ref/net8.0/System.Security.AccessControl.dll
                 Private =“false”
             C:\Program Files\dotnet\packs\Microsoft.NETCore.App.Ref\8.0.28\ref/net8.0/System.Security.Claims.dll
                 Private =“false”
             C:\Program Files\dotnet\packs\Microsoft.NETCore.App.Ref\8.0.28\ref/net8.0/System.Security.Cryptography.Algorithms.dll
                 Private =“false”
             C:\Program Files\dotnet\packs\Microsoft.NETCore.App.Ref\8.0.28\ref/net8.0/System.Security.Cryptography.Cng.dll
                 Private =“false”
             C:\Program Files\dotnet\packs\Microsoft.NETCore.App.Ref\8.0.28\ref/net8.0/System.Security.Cryptography.Csp.dll
                 Private =“false”
             C:\Program Files\dotnet\packs\Microsoft.NETCore.App.Ref\8.0.28\ref/net8.0/System.Security.Cryptography.Encoding.dll
                 Private =“false”
             C:\Program Files\dotnet\packs\Microsoft.NETCore.App.Ref\8.0.28\ref/net8.0/System.Security.Cryptography.OpenSsl.dll
                 Private =“false”
             C:\Program Files\dotnet\packs\Microsoft.NETCore.App.Ref\8.0.28\ref/net8.0/System.Security.Cryptography.Primitives.dll
                 Private =“false”
             C:\Program Files\dotnet\packs\Microsoft.NETCore.App.Ref\8.0.28\ref/net8.0/System.Security.Cryptography.X509Certificates.dll
                 Private =“false”
             C:\Program Files\dotnet\packs\Microsoft.NETCore.App.Ref\8.0.28\ref/net8.0/System.Security.Cryptography.dll
                 Private =“false”
             C:\Program Files\dotnet\packs\Microsoft.NETCore.App.Ref\8.0.28\ref/net8.0/System.Security.Principal.Windows.dll
                 Private =“false”
             C:\Program Files\dotnet\packs\Microsoft.NETCore.App.Ref\8.0.28\ref/net8.0/System.Security.Principal.dll
                 Private =“false”
             C:\Program Files\dotnet\packs\Microsoft.NETCore.App.Ref\8.0.28\ref/net8.0/System.Security.SecureString.dll
                 Private =“false”
             C:\Program Files\dotnet\packs\Microsoft.NETCore.App.Ref\8.0.28\ref/net8.0/System.Security.dll
                 Private =“false”
             C:\Program Files\dotnet\packs\Microsoft.NETCore.App.Ref\8.0.28\ref/net8.0/System.ServiceModel.Web.dll
                 Private =“false”
             C:\Program Files\dotnet\packs\Microsoft.NETCore.App.Ref\8.0.28\ref/net8.0/System.ServiceProcess.dll
                 Private =“false”
             C:\Program Files\dotnet\packs\Microsoft.NETCore.App.Ref\8.0.28\ref/net8.0/System.Text.Encoding.CodePages.dll
                 Private =“false”
             C:\Program Files\dotnet\packs\Microsoft.NETCore.App.Ref\8.0.28\ref/net8.0/System.Text.Encoding.Extensions.dll
                 Private =“false”
             C:\Program Files\dotnet\packs\Microsoft.NETCore.App.Ref\8.0.28\ref/net8.0/System.Text.Encoding.dll
                 Private =“false”
             C:\Program Files\dotnet\packs\Microsoft.NETCore.App.Ref\8.0.28\ref/net8.0/System.Text.Encodings.Web.dll
                 Private =“false”
             C:\Program Files\dotnet\packs\Microsoft.NETCore.App.Ref\8.0.28\ref/net8.0/System.Text.Json.dll
                 Private =“false”
             C:\Program Files\dotnet\packs\Microsoft.NETCore.App.Ref\8.0.28\ref/net8.0/System.Text.RegularExpressions.dll
                 Private =“false”
             C:\Program Files\dotnet\packs\Microsoft.NETCore.App.Ref\8.0.28\ref/net8.0/System.Threading.Channels.dll
                 Private =“false”
             C:\Program Files\dotnet\packs\Microsoft.NETCore.App.Ref\8.0.28\ref/net8.0/System.Threading.Overlapped.dll
                 Private =“false”
             C:\Program Files\dotnet\packs\Microsoft.NETCore.App.Ref\8.0.28\ref/net8.0/System.Threading.Tasks.Dataflow.dll
                 Private =“false”
             C:\Program Files\dotnet\packs\Microsoft.NETCore.App.Ref\8.0.28\ref/net8.0/System.Threading.Tasks.Extensions.dll
                 Private =“false”
             C:\Program Files\dotnet\packs\Microsoft.NETCore.App.Ref\8.0.28\ref/net8.0/System.Threading.Tasks.Parallel.dll
                 Private =“false”
             C:\Program Files\dotnet\packs\Microsoft.NETCore.App.Ref\8.0.28\ref/net8.0/System.Threading.Tasks.dll
                 Private =“false”
             C:\Program Files\dotnet\packs\Microsoft.NETCore.App.Ref\8.0.28\ref/net8.0/System.Threading.Thread.dll
                 Private =“false”
             C:\Program Files\dotnet\packs\Microsoft.NETCore.App.Ref\8.0.28\ref/net8.0/System.Threading.ThreadPool.dll
                 Private =“false”
             C:\Program Files\dotnet\packs\Microsoft.NETCore.App.Ref\8.0.28\ref/net8.0/System.Threading.Timer.dll
                 Private =“false”
             C:\Program Files\dotnet\packs\Microsoft.NETCore.App.Ref\8.0.28\ref/net8.0/System.Threading.dll
                 Private =“false”
             C:\Program Files\dotnet\packs\Microsoft.NETCore.App.Ref\8.0.28\ref/net8.0/System.Transactions.Local.dll
                 Private =“false”
             C:\Program Files\dotnet\packs\Microsoft.NETCore.App.Ref\8.0.28\ref/net8.0/System.Transactions.dll
                 Private =“false”
             C:\Program Files\dotnet\packs\Microsoft.NETCore.App.Ref\8.0.28\ref/net8.0/System.ValueTuple.dll
                 Private =“false”
             C:\Program Files\dotnet\packs\Microsoft.NETCore.App.Ref\8.0.28\ref/net8.0/System.Web.HttpUtility.dll
                 Private =“false”
             C:\Program Files\dotnet\packs\Microsoft.NETCore.App.Ref\8.0.28\ref/net8.0/System.Web.dll
                 Private =“false”
             C:\Program Files\dotnet\packs\Microsoft.NETCore.App.Ref\8.0.28\ref/net8.0/System.Windows.dll
                 Private =“false”
             C:\Program Files\dotnet\packs\Microsoft.NETCore.App.Ref\8.0.28\ref/net8.0/System.Xml.Linq.dll
                 Private =“false”
             C:\Program Files\dotnet\packs\Microsoft.NETCore.App.Ref\8.0.28\ref/net8.0/System.Xml.ReaderWriter.dll
                 Private =“false”
             C:\Program Files\dotnet\packs\Microsoft.NETCore.App.Ref\8.0.28\ref/net8.0/System.Xml.Serialization.dll
                 Private =“false”
             C:\Program Files\dotnet\packs\Microsoft.NETCore.App.Ref\8.0.28\ref/net8.0/System.Xml.XDocument.dll
                 Private =“false”
             C:\Program Files\dotnet\packs\Microsoft.NETCore.App.Ref\8.0.28\ref/net8.0/System.Xml.XPath.XDocument.dll
                 Private =“false”
             C:\Program Files\dotnet\packs\Microsoft.NETCore.App.Ref\8.0.28\ref/net8.0/System.Xml.XPath.dll
                 Private =“false”
             C:\Program Files\dotnet\packs\Microsoft.NETCore.App.Ref\8.0.28\ref/net8.0/System.Xml.XmlDocument.dll
                 Private =“false”
             C:\Program Files\dotnet\packs\Microsoft.NETCore.App.Ref\8.0.28\ref/net8.0/System.Xml.XmlSerializer.dll
                 Private =“false”
             C:\Program Files\dotnet\packs\Microsoft.NETCore.App.Ref\8.0.28\ref/net8.0/System.Xml.dll
                 Private =“false”
             C:\Program Files\dotnet\packs\Microsoft.NETCore.App.Ref\8.0.28\ref/net8.0/System.dll
                 Private =“false”
             C:\Program Files\dotnet\packs\Microsoft.NETCore.App.Ref\8.0.28\ref/net8.0/WindowsBase.dll
                 Private =“false”
             C:\Program Files\dotnet\packs\Microsoft.NETCore.App.Ref\8.0.28\ref/net8.0/mscorlib.dll
                 Private =“false”
             C:\Program Files\dotnet\packs\Microsoft.NETCore.App.Ref\8.0.28\ref/net8.0/netstandard.dll
                 Private =“false”
             C:\Program Files\dotnet\packs\Microsoft.WindowsDesktop.App.Ref\8.0.28\ref/net8.0/Accessibility.dll
                 Private =“false”
             C:\Program Files\dotnet\packs\Microsoft.WindowsDesktop.App.Ref\8.0.28\ref/net8.0/Microsoft.VisualBasic.Forms.dll
                 Private =“false”
             C:\Program Files\dotnet\packs\Microsoft.WindowsDesktop.App.Ref\8.0.28\ref/net8.0/Microsoft.VisualBasic.dll
                 Private =“false”
             C:\Program Files\dotnet\packs\Microsoft.WindowsDesktop.App.Ref\8.0.28\ref/net8.0/Microsoft.Win32.Registry.AccessControl.dll
                 Private =“false”
             C:\Program Files\dotnet\packs\Microsoft.WindowsDesktop.App.Ref\8.0.28\ref/net8.0/Microsoft.Win32.SystemEvents.dll
                 Private =“false”
             C:\Program Files\dotnet\packs\Microsoft.WindowsDesktop.App.Ref\8.0.28\ref/net8.0/System.CodeDom.dll
                 Private =“false”
             C:\Program Files\dotnet\packs\Microsoft.WindowsDesktop.App.Ref\8.0.28\ref/net8.0/System.Configuration.ConfigurationManager.dll
                 Private =“false”
             C:\Program Files\dotnet\packs\Microsoft.WindowsDesktop.App.Ref\8.0.28\ref/net8.0/System.Design.dll
                 Private =“false”
             C:\Program Files\dotnet\packs\Microsoft.WindowsDesktop.App.Ref\8.0.28\ref/net8.0/System.Diagnostics.EventLog.dll
                 Private =“false”
             C:\Program Files\dotnet\packs\Microsoft.WindowsDesktop.App.Ref\8.0.28\ref/net8.0/System.Diagnostics.PerformanceCounter.dll
                 Private =“false”
             C:\Program Files\dotnet\packs\Microsoft.WindowsDesktop.App.Ref\8.0.28\ref/net8.0/System.DirectoryServices.dll
                 Private =“false”
             C:\Program Files\dotnet\packs\Microsoft.WindowsDesktop.App.Ref\8.0.28\ref/net8.0/System.Drawing.Common.dll
                 Private =“false”
             C:\Program Files\dotnet\packs\Microsoft.WindowsDesktop.App.Ref\8.0.28\ref/net8.0/System.Drawing.Design.dll
                 Private =“false”
             C:\Program Files\dotnet\packs\Microsoft.WindowsDesktop.App.Ref\8.0.28\ref/net8.0/System.Drawing.dll
                 Private =“false”
             C:\Program Files\dotnet\packs\Microsoft.WindowsDesktop.App.Ref\8.0.28\ref/net8.0/System.IO.Packaging.dll
                 Private =“false”
             C:\Program Files\dotnet\packs\Microsoft.WindowsDesktop.App.Ref\8.0.28\ref/net8.0/System.Resources.Extensions.dll
                 Private =“false”
             C:\Program Files\dotnet\packs\Microsoft.WindowsDesktop.App.Ref\8.0.28\ref/net8.0/System.Security.Cryptography.Pkcs.dll
                 Private =“false”
             C:\Program Files\dotnet\packs\Microsoft.WindowsDesktop.App.Ref\8.0.28\ref/net8.0/System.Security.Cryptography.ProtectedData.dll
                 Private =“false”
             C:\Program Files\dotnet\packs\Microsoft.WindowsDesktop.App.Ref\8.0.28\ref/net8.0/System.Security.Cryptography.Xml.dll
                 Private =“false”
             C:\Program Files\dotnet\packs\Microsoft.WindowsDesktop.App.Ref\8.0.28\ref/net8.0/System.Security.Permissions.dll
                 Private =“false”
             C:\Program Files\dotnet\packs\Microsoft.WindowsDesktop.App.Ref\8.0.28\ref/net8.0/System.Threading.AccessControl.dll
                 Private =“false”
             C:\Program Files\dotnet\packs\Microsoft.WindowsDesktop.App.Ref\8.0.28\ref/net8.0/System.Windows.Extensions.dll
                 Private =“false”
             C:\Program Files\dotnet\packs\Microsoft.WindowsDesktop.App.Ref\8.0.28\ref/net8.0/System.Windows.Forms.Design.Editors.dll
                 Private =“false”
             C:\Program Files\dotnet\packs\Microsoft.WindowsDesktop.App.Ref\8.0.28\ref/net8.0/System.Windows.Forms.Design.dll
                 Private =“false”
             C:\Program Files\dotnet\packs\Microsoft.WindowsDesktop.App.Ref\8.0.28\ref/net8.0/System.Windows.Forms.Primitives.dll
                 Private =“false”
             C:\Program Files\dotnet\packs\Microsoft.WindowsDesktop.App.Ref\8.0.28\ref/net8.0/System.Windows.Forms.dll
                 Private =“false”
         AssemblyFiles:
         CandidateAssemblyFiles:
         TargetFrameworkDirectories:
             
         InstalledAssemblyTables:
         IgnoreInstalledAssemblyTable:
             False
         SearchPaths:
             {CandidateAssemblyFiles}
             {HintPathFromItem}
             {TargetFrameworkDirectory}
             {RawFileName}
         AllowedAssemblyExtensions:
             .winmd
             .dll
             .exe
         AllowedRelatedFileExtensions:
             .pdb
             .xml
             .pri
             .dll.config
             .exe.config
         AppConfigFile:
             
         AutoUnify:
             True
         CopyLocalDependenciesWhenParentReferenceInGac:
             True
         FindDependencies:
             True
         TargetProcessorArchitecture:
             msil
         StateFile:
             obj\Debug\net8.0-windows\NctSim.csproj.AssemblyReference.cache
         InstalledAssemblySubsetTables:
         IgnoreInstalledAssemblySubsetTable:
             False
         TargetFrameworkSubsets:
         FullTargetFrameworkSubsetNames:
             Full
         ProfileName:
             
         FullFrameworkFolders:
         LatestTargetFrameworkDirectories:
         ProfileTablesLocation:
         主引用“EPPlus, Version=7.1.0.0, Culture=neutral, PublicKeyToken=ea159fdaa78159a1”。
             解析的文件路径为“C:\Users\张豪午\.nuget\packages\epplus\7.1.0\lib\net8.0\EPPlus.dll”。
             在搜索路径位置“{HintPathFromItem}”找到引用。
             此引用不是“CopyLocal”，因为至少有一个源项将“Private”设置为“false”，而没有源项将“Private”设置为“true”。
         主引用“EPPlus.Interfaces, Version=6.1.1.0, Culture=neutral, PublicKeyToken=a694d7f3b0907a61”。
             解析的文件路径为“C:\Users\张豪午\.nuget\packages\epplus.interfaces\6.1.1\lib\net7.0\EPPlus.Interfaces.dll”。
             在搜索路径位置“{HintPathFromItem}”找到引用。
             此引用不是“CopyLocal”，因为至少有一个源项将“Private”设置为“false”，而没有源项将“Private”设置为“true”。
         主引用“EPPlus.System.Drawing, Version=6.1.1.0, Culture=neutral, PublicKeyToken=2308d35469c9bac0”。
             解析的文件路径为“C:\Users\张豪午\.nuget\packages\epplus.system.drawing\6.1.1\lib\net7.0\EPPlus.System.Drawing.dll”。
             在搜索路径位置“{HintPathFromItem}”找到引用。
             此引用不是“CopyLocal”，因为至少有一个源项将“Private”设置为“false”，而没有源项将“Private”设置为“true”。
         主引用“MathNet.Numerics, Version=5.0.0.0, Culture=neutral, PublicKeyToken=null”。
             解析的文件路径为“C:\Users\张豪午\.nuget\packages\mathnet.numerics\5.0.0\lib\net6.0\MathNet.Numerics.dll”。
             在搜索路径位置“{HintPathFromItem}”找到引用。
             此引用不是“CopyLocal”，因为至少有一个源项将“Private”设置为“false”，而没有源项将“Private”设置为“true”。
         主引用“Microsoft.Data.Sqlite, Version=8.0.0.0, Culture=neutral, PublicKeyToken=adb9793829ddae60”。
             解析的文件路径为“C:\Users\张豪午\.nuget\packages\microsoft.data.sqlite.core\8.0.0\lib\net8.0\Microsoft.Data.Sqlite.dll”。
             在搜索路径位置“{HintPathFromItem}”找到引用。
             此引用不是“CopyLocal”，因为至少有一个源项将“Private”设置为“false”，而没有源项将“Private”设置为“true”。
         主引用“Microsoft.Extensions.Configuration, Version=8.0.0.0, Culture=neutral, PublicKeyToken=adb9793829ddae60”。
             解析的文件路径为“C:\Users\张豪午\.nuget\packages\microsoft.extensions.configuration\8.0.0\lib\net8.0\Microsoft.Extensions.Configuration.dll”。
             在搜索路径位置“{HintPathFromItem}”找到引用。
             此引用不是“CopyLocal”，因为至少有一个源项将“Private”设置为“false”，而没有源项将“Private”设置为“true”。
         主引用“Microsoft.Extensions.Configuration.Abstractions, Version=8.0.0.0, Culture=neutral, PublicKeyToken=adb9793829ddae60”。
             解析的文件路径为“C:\Users\张豪午\.nuget\packages\microsoft.extensions.configuration.abstractions\8.0.0\lib\net8.0\Microsoft.Extensions.Configuration.Abstractions.dll”。
             在搜索路径位置“{HintPathFromItem}”找到引用。
             此引用不是“CopyLocal”，因为至少有一个源项将“Private”设置为“false”，而没有源项将“Private”设置为“true”。
         主引用“Microsoft.Extensions.Configuration.FileExtensions, Version=8.0.0.0, Culture=neutral, PublicKeyToken=adb9793829ddae60”。
             解析的文件路径为“C:\Users\张豪午\.nuget\packages\microsoft.extensions.configuration.fileextensions\8.0.0\lib\net8.0\Microsoft.Extensions.Configuration.FileExtensions.dll”。
             在搜索路径位置“{HintPathFromItem}”找到引用。
             此引用不是“CopyLocal”，因为至少有一个源项将“Private”设置为“false”，而没有源项将“Private”设置为“true”。
         主引用“Microsoft.Extensions.Configuration.Json, Version=8.0.0.0, Culture=neutral, PublicKeyToken=adb9793829ddae60”。
             解析的文件路径为“C:\Users\张豪午\.nuget\packages\microsoft.extensions.configuration.json\8.0.0\lib\net8.0\Microsoft.Extensions.Configuration.Json.dll”。
             在搜索路径位置“{HintPathFromItem}”找到引用。
             此引用不是“CopyLocal”，因为至少有一个源项将“Private”设置为“false”，而没有源项将“Private”设置为“true”。
         主引用“Microsoft.Extensions.DependencyInjection, Version=6.0.0.0, Culture=neutral, PublicKeyToken=adb9793829ddae60”。
             解析的文件路径为“C:\Users\张豪午\.nuget\packages\microsoft.extensions.dependencyinjection\6.0.0\lib\net6.0\Microsoft.Extensions.DependencyInjection.dll”。
             在搜索路径位置“{HintPathFromItem}”找到引用。
             此引用不是“CopyLocal”，因为至少有一个源项将“Private”设置为“false”，而没有源项将“Private”设置为“true”。
         主引用“Microsoft.Extensions.DependencyInjection.Abstractions, Version=6.0.0.0, Culture=neutral, PublicKeyToken=adb9793829ddae60”。
             解析的文件路径为“C:\Users\张豪午\.nuget\packages\microsoft.extensions.dependencyinjection.abstractions\6.0.0\lib\net6.0\Microsoft.Extensions.DependencyInjection.Abstractions.dll”。
             在搜索路径位置“{HintPathFromItem}”找到引用。
             此引用不是“CopyLocal”，因为至少有一个源项将“Private”设置为“false”，而没有源项将“Private”设置为“true”。
         主引用“Microsoft.Extensions.FileProviders.Abstractions, Version=8.0.0.0, Culture=neutral, PublicKeyToken=adb9793829ddae60”。
             解析的文件路径为“C:\Users\张豪午\.nuget\packages\microsoft.extensions.fileproviders.abstractions\8.0.0\lib\net8.0\Microsoft.Extensions.FileProviders.Abstractions.dll”。
             在搜索路径位置“{HintPathFromItem}”找到引用。
             此引用不是“CopyLocal”，因为至少有一个源项将“Private”设置为“false”，而没有源项将“Private”设置为“true”。
         主引用“Microsoft.Extensions.FileProviders.Physical, Version=8.0.0.0, Culture=neutral, PublicKeyToken=adb9793829ddae60”。
             解析的文件路径为“C:\Users\张豪午\.nuget\packages\microsoft.extensions.fileproviders.physical\8.0.0\lib\net8.0\Microsoft.Extensions.FileProviders.Physical.dll”。
             在搜索路径位置“{HintPathFromItem}”找到引用。
             此引用不是“CopyLocal”，因为至少有一个源项将“Private”设置为“false”，而没有源项将“Private”设置为“true”。
         主引用“Microsoft.Extensions.FileSystemGlobbing, Version=8.0.0.0, Culture=neutral, PublicKeyToken=adb9793829ddae60”。
             解析的文件路径为“C:\Users\张豪午\.nuget\packages\microsoft.extensions.filesystemglobbing\8.0.0\lib\net8.0\Microsoft.Extensions.FileSystemGlobbing.dll”。
             在搜索路径位置“{HintPathFromItem}”找到引用。
             此引用不是“CopyLocal”，因为至少有一个源项将“Private”设置为“false”，而没有源项将“Private”设置为“true”。
         主引用“Microsoft.Extensions.Logging, Version=6.0.0.0, Culture=neutral, PublicKeyToken=adb9793829ddae60”。
             解析的文件路径为“C:\Users\张豪午\.nuget\packages\microsoft.extensions.logging\6.0.0\lib\netstandard2.1\Microsoft.Extensions.Logging.dll”。
             在搜索路径位置“{HintPathFromItem}”找到引用。
             此引用不是“CopyLocal”，因为至少有一个源项将“Private”设置为“false”，而没有源项将“Private”设置为“true”。
         主引用“Microsoft.Extensions.Logging.Abstractions, Version=6.0.0.0, Culture=neutral, PublicKeyToken=adb9793829ddae60”。
             解析的文件路径为“C:\Users\张豪午\.nuget\packages\microsoft.extensions.logging.abstractions\6.0.0\lib\net6.0\Microsoft.Extensions.Logging.Abstractions.dll”。
             在搜索路径位置“{HintPathFromItem}”找到引用。
             此引用不是“CopyLocal”，因为至少有一个源项将“Private”设置为“false”，而没有源项将“Private”设置为“true”。
         主引用“Microsoft.Extensions.Options, Version=6.0.0.0, Culture=neutral, PublicKeyToken=adb9793829ddae60”。
             解析的文件路径为“C:\Users\张豪午\.nuget\packages\microsoft.extensions.options\6.0.0\lib\netstandard2.1\Microsoft.Extensions.Options.dll”。
             在搜索路径位置“{HintPathFromItem}”找到引用。
             此引用不是“CopyLocal”，因为至少有一个源项将“Private”设置为“false”，而没有源项将“Private”设置为“true”。
         主引用“Microsoft.Extensions.Primitives, Version=8.0.0.0, Culture=neutral, PublicKeyToken=adb9793829ddae60”。
             解析的文件路径为“C:\Users\张豪午\.nuget\packages\microsoft.extensions.primitives\8.0.0\lib\net8.0\Microsoft.Extensions.Primitives.dll”。
             在搜索路径位置“{HintPathFromItem}”找到引用。
             此引用不是“CopyLocal”，因为至少有一个源项将“Private”设置为“false”，而没有源项将“Private”设置为“true”。
         主引用“Microsoft.IO.RecyclableMemoryStream, Version=3.0.0.0, Culture=neutral, PublicKeyToken=31bf3856ad364e35”。
             解析的文件路径为“C:\Users\张豪午\.nuget\packages\microsoft.io.recyclablememorystream\3.0.0\lib\net6.0\Microsoft.IO.RecyclableMemoryStream.dll”。
             在搜索路径位置“{HintPathFromItem}”找到引用。
             此引用不是“CopyLocal”，因为至少有一个源项将“Private”设置为“false”，而没有源项将“Private”设置为“true”。
         主引用“OxyPlot, Version=2.1.2.0, Culture=neutral, PublicKeyToken=638079a8f0bd61e9”。
             解析的文件路径为“C:\Users\张豪午\.nuget\packages\oxyplot.core\2.1.2\lib\netstandard2.0\OxyPlot.dll”。
             在搜索路径位置“{HintPathFromItem}”找到引用。
             此引用不是“CopyLocal”，因为至少有一个源项将“Private”设置为“false”，而没有源项将“Private”设置为“true”。
         主引用“OxyPlot.WindowsForms, Version=2.1.2.0, Culture=neutral, PublicKeyToken=245eacd6b5d2d338”。
             解析的文件路径为“C:\Users\张豪午\.nuget\packages\oxyplot.windowsforms\2.1.2\lib\netcoreapp3.1\OxyPlot.WindowsForms.dll”。
             在搜索路径位置“{HintPathFromItem}”找到引用。
             此引用不是“CopyLocal”，因为至少有一个源项将“Private”设置为“false”，而没有源项将“Private”设置为“true”。
         主引用“MigraDoc.DocumentObjectModel, Version=6.1.1.0, Culture=neutral, PublicKeyToken=f94615aa0424f9eb”。
             解析的文件路径为“C:\Users\张豪午\.nuget\packages\pdfsharp-migradoc\6.1.1\lib\net6.0\MigraDoc.DocumentObjectModel.dll”。
             在搜索路径位置“{HintPathFromItem}”找到引用。
             此引用不是“CopyLocal”，因为至少有一个源项将“Private”设置为“false”，而没有源项将“Private”设置为“true”。
         主引用“MigraDoc.Rendering, Version=6.1.1.0, Culture=neutral, PublicKeyToken=f94615aa0424f9eb”。
             解析的文件路径为“C:\Users\张豪午\.nuget\packages\pdfsharp-migradoc\6.1.1\lib\net6.0\MigraDoc.Rendering.dll”。
             在搜索路径位置“{HintPathFromItem}”找到引用。
             此引用不是“CopyLocal”，因为至少有一个源项将“Private”设置为“false”，而没有源项将“Private”设置为“true”。
         主引用“MigraDoc.RtfRendering, Version=6.1.1.0, Culture=neutral, PublicKeyToken=f94615aa0424f9eb”。
             解析的文件路径为“C:\Users\张豪午\.nuget\packages\pdfsharp-migradoc\6.1.1\lib\net6.0\MigraDoc.RtfRendering.dll”。
             在搜索路径位置“{HintPathFromItem}”找到引用。
             此引用不是“CopyLocal”，因为至少有一个源项将“Private”设置为“false”，而没有源项将“Private”设置为“true”。
         主引用“PdfSharp.Charting, Version=6.1.1.0, Culture=neutral, PublicKeyToken=f94615aa0424f9eb”。
             解析的文件路径为“C:\Users\张豪午\.nuget\packages\pdfsharp-migradoc\6.1.1\lib\net6.0\PdfSharp.Charting.dll”。
             在搜索路径位置“{HintPathFromItem}”找到引用。
             此引用不是“CopyLocal”，因为至少有一个源项将“Private”设置为“false”，而没有源项将“Private”设置为“true”。
         主引用“PdfSharp.Quality, Version=6.1.1.0, Culture=neutral, PublicKeyToken=f94615aa0424f9eb”。
             解析的文件路径为“C:\Users\张豪午\.nuget\packages\pdfsharp-migradoc\6.1.1\lib\net6.0\PdfSharp.Quality.dll”。
             在搜索路径位置“{HintPathFromItem}”找到引用。
             此引用不是“CopyLocal”，因为至少有一个源项将“Private”设置为“false”，而没有源项将“Private”设置为“true”。
         主引用“PdfSharp.Snippets, Version=6.1.1.0, Culture=neutral, PublicKeyToken=f94615aa0424f9eb”。
             解析的文件路径为“C:\Users\张豪午\.nuget\packages\pdfsharp-migradoc\6.1.1\lib\net6.0\PdfSharp.Snippets.dll”。
             在搜索路径位置“{HintPathFromItem}”找到引用。
             此引用不是“CopyLocal”，因为至少有一个源项将“Private”设置为“false”，而没有源项将“Private”设置为“true”。
         主引用“PdfSharp.System, Version=6.1.1.0, Culture=neutral, PublicKeyToken=f94615aa0424f9eb”。
             解析的文件路径为“C:\Users\张豪午\.nuget\packages\pdfsharp-migradoc\6.1.1\lib\net6.0\PdfSharp.System.dll”。
             在搜索路径位置“{HintPathFromItem}”找到引用。
             此引用不是“CopyLocal”，因为至少有一个源项将“Private”设置为“false”，而没有源项将“Private”设置为“true”。
         主引用“PdfSharp.WPFonts, Version=6.1.1.0, Culture=neutral, PublicKeyToken=f94615aa0424f9eb”。
             解析的文件路径为“C:\Users\张豪午\.nuget\packages\pdfsharp-migradoc\6.1.1\lib\net6.0\PdfSharp.WPFonts.dll”。
             在搜索路径位置“{HintPathFromItem}”找到引用。
             此引用不是“CopyLocal”，因为至少有一个源项将“Private”设置为“false”，而没有源项将“Private”设置为“true”。
         主引用“PdfSharp, Version=6.1.1.0, Culture=neutral, PublicKeyToken=f94615aa0424f9eb”。
             解析的文件路径为“C:\Users\张豪午\.nuget\packages\pdfsharp-migradoc\6.1.1\lib\net6.0\PdfSharp.dll”。
             在搜索路径位置“{HintPathFromItem}”找到引用。
             此引用不是“CopyLocal”，因为至少有一个源项将“Private”设置为“false”，而没有源项将“Private”设置为“true”。
         主引用“Serilog, Version=4.0.0.0, Culture=neutral, PublicKeyToken=24c2f752a8e58a10”。
             解析的文件路径为“C:\Users\张豪午\.nuget\packages\serilog\4.0.0\lib\net8.0\Serilog.dll”。
             在搜索路径位置“{HintPathFromItem}”找到引用。
             此引用不是“CopyLocal”，因为至少有一个源项将“Private”设置为“false”，而没有源项将“Private”设置为“true”。
         主引用“Serilog.Sinks.File, Version=6.0.0.0, Culture=neutral, PublicKeyToken=24c2f752a8e58a10”。
             解析的文件路径为“C:\Users\张豪午\.nuget\packages\serilog.sinks.file\6.0.0\lib\net8.0\Serilog.Sinks.File.dll”。
             在搜索路径位置“{HintPathFromItem}”找到引用。
             此引用不是“CopyLocal”，因为至少有一个源项将“Private”设置为“false”，而没有源项将“Private”设置为“true”。
         主引用“SQLitePCLRaw.batteries_v2, Version=2.1.6.2060, Culture=neutral, PublicKeyToken=8226ea5df37bcae9”。
             解析的文件路径为“C:\Users\张豪午\.nuget\packages\sqlitepclraw.bundle_e_sqlite3\2.1.6\lib\netstandard2.0\SQLitePCLRaw.batteries_v2.dll”。
             在搜索路径位置“{HintPathFromItem}”找到引用。
             此引用不是“CopyLocal”，因为至少有一个源项将“Private”设置为“false”，而没有源项将“Private”设置为“true”。
         主引用“SQLitePCLRaw.core, Version=2.1.6.2060, Culture=neutral, PublicKeyToken=1488e028ca7ab535”。
             解析的文件路径为“C:\Users\张豪午\.nuget\packages\sqlitepclraw.core\2.1.6\lib\netstandard2.0\SQLitePCLRaw.core.dll”。
             在搜索路径位置“{HintPathFromItem}”找到引用。
             此引用不是“CopyLocal”，因为至少有一个源项将“Private”设置为“false”，而没有源项将“Private”设置为“true”。
         主引用“SQLitePCLRaw.provider.e_sqlite3, Version=2.1.6.2060, Culture=neutral, PublicKeyToken=9c301db686d0bd12”。
             解析的文件路径为“C:\Users\张豪午\.nuget\packages\sqlitepclraw.provider.e_sqlite3\2.1.6\lib\net6.0-windows7.0\SQLitePCLRaw.provider.e_sqlite3.dll”。
             在搜索路径位置“{HintPathFromItem}”找到引用。
             此引用不是“CopyLocal”，因为至少有一个源项将“Private”设置为“false”，而没有源项将“Private”设置为“true”。
         主引用“Microsoft.CSharp, Version=8.0.0.0, Culture=neutral, PublicKeyToken=b03f5f7f11d50a3a”。
             解析的文件路径为“C:\Program Files\dotnet\packs\Microsoft.NETCore.App.Ref\8.0.28\ref\net8.0\Microsoft.CSharp.dll”。
             在搜索路径位置“{RawFileName}”找到引用。
             此引用不是“CopyLocal”，因为至少有一个源项将“Private”设置为“false”，而没有源项将“Private”设置为“true”。
         主引用“Microsoft.VisualBasic.Core, Version=13.0.0.0, Culture=neutral, PublicKeyToken=b03f5f7f11d50a3a”。
             解析的文件路径为“C:\Program Files\dotnet\packs\Microsoft.NETCore.App.Ref\8.0.28\ref\net8.0\Microsoft.VisualBasic.Core.dll”。
             在搜索路径位置“{RawFileName}”找到引用。
             此引用不是“CopyLocal”，因为至少有一个源项将“Private”设置为“false”，而没有源项将“Private”设置为“true”。
         主引用“Microsoft.Win32.Primitives, Version=8.0.0.0, Culture=neutral, PublicKeyToken=b03f5f7f11d50a3a”。
             解析的文件路径为“C:\Program Files\dotnet\packs\Microsoft.NETCore.App.Ref\8.0.28\ref\net8.0\Microsoft.Win32.Primitives.dll”。
             在搜索路径位置“{RawFileName}”找到引用。
             此引用不是“CopyLocal”，因为至少有一个源项将“Private”设置为“false”，而没有源项将“Private”设置为“true”。
         主引用“Microsoft.Win32.Registry, Version=8.0.0.0, Culture=neutral, PublicKeyToken=b03f5f7f11d50a3a”。
             解析的文件路径为“C:\Program Files\dotnet\packs\Microsoft.NETCore.App.Ref\8.0.28\ref\net8.0\Microsoft.Win32.Registry.dll”。
             在搜索路径位置“{RawFileName}”找到引用。
             此引用不是“CopyLocal”，因为至少有一个源项将“Private”设置为“false”，而没有源项将“Private”设置为“true”。
         主引用“System.AppContext, Version=8.0.0.0, Culture=neutral, PublicKeyToken=b03f5f7f11d50a3a”。
             解析的文件路径为“C:\Program Files\dotnet\packs\Microsoft.NETCore.App.Ref\8.0.28\ref\net8.0\System.AppContext.dll”。
             在搜索路径位置“{RawFileName}”找到引用。
             此引用不是“CopyLocal”，因为至少有一个源项将“Private”设置为“false”，而没有源项将“Private”设置为“true”。
         主引用“System.Buffers, Version=8.0.0.0, Culture=neutral, PublicKeyToken=cc7b13ffcd2ddd51”。
             解析的文件路径为“C:\Program Files\dotnet\packs\Microsoft.NETCore.App.Ref\8.0.28\ref\net8.0\System.Buffers.dll”。
             在搜索路径位置“{RawFileName}”找到引用。
             此引用不是“CopyLocal”，因为至少有一个源项将“Private”设置为“false”，而没有源项将“Private”设置为“true”。
         主引用“System.Collections.Concurrent, Version=8.0.0.0, Culture=neutral, PublicKeyToken=b03f5f7f11d50a3a”。
             解析的文件路径为“C:\Program Files\dotnet\packs\Microsoft.NETCore.App.Ref\8.0.28\ref\net8.0\System.Collections.Concurrent.dll”。
             在搜索路径位置“{RawFileName}”找到引用。
             此引用不是“CopyLocal”，因为至少有一个源项将“Private”设置为“false”，而没有源项将“Private”设置为“true”。
         主引用“System.Collections.Immutable, Version=8.0.0.0, Culture=neutral, PublicKeyToken=b03f5f7f11d50a3a”。
             解析的文件路径为“C:\Program Files\dotnet\packs\Microsoft.NETCore.App.Ref\8.0.28\ref\net8.0\System.Collections.Immutable.dll”。
             在搜索路径位置“{RawFileName}”找到引用。
             此引用不是“CopyLocal”，因为至少有一个源项将“Private”设置为“false”，而没有源项将“Private”设置为“true”。
         主引用“System.Collections.NonGeneric, Version=8.0.0.0, Culture=neutral, PublicKeyToken=b03f5f7f11d50a3a”。
             解析的文件路径为“C:\Program Files\dotnet\packs\Microsoft.NETCore.App.Ref\8.0.28\ref\net8.0\System.Collections.NonGeneric.dll”。
             在搜索路径位置“{RawFileName}”找到引用。
             此引用不是“CopyLocal”，因为至少有一个源项将“Private”设置为“false”，而没有源项将“Private”设置为“true”。
         主引用“System.Collections.Specialized, Version=8.0.0.0, Culture=neutral, PublicKeyToken=b03f5f7f11d50a3a”。
             解析的文件路径为“C:\Program Files\dotnet\packs\Microsoft.NETCore.App.Ref\8.0.28\ref\net8.0\System.Collections.Specialized.dll”。
             在搜索路径位置“{RawFileName}”找到引用。
             此引用不是“CopyLocal”，因为至少有一个源项将“Private”设置为“false”，而没有源项将“Private”设置为“true”。
         主引用“System.Collections, Version=8.0.0.0, Culture=neutral, PublicKeyToken=b03f5f7f11d50a3a”。
             解析的文件路径为“C:\Program Files\dotnet\packs\Microsoft.NETCore.App.Ref\8.0.28\ref\net8.0\System.Collections.dll”。
             在搜索路径位置“{RawFileName}”找到引用。
             此引用不是“CopyLocal”，因为至少有一个源项将“Private”设置为“false”，而没有源项将“Private”设置为“true”。
         主引用“System.ComponentModel.Annotations, Version=8.0.0.0, Culture=neutral, PublicKeyToken=b03f5f7f11d50a3a”。
             解析的文件路径为“C:\Program Files\dotnet\packs\Microsoft.NETCore.App.Ref\8.0.28\ref\net8.0\System.ComponentModel.Annotations.dll”。
             在搜索路径位置“{RawFileName}”找到引用。
             此引用不是“CopyLocal”，因为至少有一个源项将“Private”设置为“false”，而没有源项将“Private”设置为“true”。
         主引用“System.ComponentModel.DataAnnotations, Version=4.0.0.0, Culture=neutral, PublicKeyToken=31bf3856ad364e35”。
             解析的文件路径为“C:\Program Files\dotnet\packs\Microsoft.NETCore.App.Ref\8.0.28\ref\net8.0\System.ComponentModel.DataAnnotations.dll”。
             在搜索路径位置“{RawFileName}”找到引用。
             此引用不是“CopyLocal”，因为至少有一个源项将“Private”设置为“false”，而没有源项将“Private”设置为“true”。
         主引用“System.ComponentModel.EventBasedAsync, Version=8.0.0.0, Culture=neutral, PublicKeyToken=b03f5f7f11d50a3a”。
             解析的文件路径为“C:\Program Files\dotnet\packs\Microsoft.NETCore.App.Ref\8.0.28\ref\net8.0\System.ComponentModel.EventBasedAsync.dll”。
             在搜索路径位置“{RawFileName}”找到引用。
             此引用不是“CopyLocal”，因为至少有一个源项将“Private”设置为“false”，而没有源项将“Private”设置为“true”。
         主引用“System.ComponentModel.Primitives, Version=8.0.0.0, Culture=neutral, PublicKeyToken=b03f5f7f11d50a3a”。
             解析的文件路径为“C:\Program Files\dotnet\packs\Microsoft.NETCore.App.Ref\8.0.28\ref\net8.0\System.ComponentModel.Primitives.dll”。
             在搜索路径位置“{RawFileName}”找到引用。
             此引用不是“CopyLocal”，因为至少有一个源项将“Private”设置为“false”，而没有源项将“Private”设置为“true”。
         主引用“System.ComponentModel.TypeConverter, Version=8.0.0.0, Culture=neutral, PublicKeyToken=b03f5f7f11d50a3a”。
             解析的文件路径为“C:\Program Files\dotnet\packs\Microsoft.NETCore.App.Ref\8.0.28\ref\net8.0\System.ComponentModel.TypeConverter.dll”。
             在搜索路径位置“{RawFileName}”找到引用。
             此引用不是“CopyLocal”，因为至少有一个源项将“Private”设置为“false”，而没有源项将“Private”设置为“true”。
         主引用“System.ComponentModel, Version=8.0.0.0, Culture=neutral, PublicKeyToken=b03f5f7f11d50a3a”。
             解析的文件路径为“C:\Program Files\dotnet\packs\Microsoft.NETCore.App.Ref\8.0.28\ref\net8.0\System.ComponentModel.dll”。
             在搜索路径位置“{RawFileName}”找到引用。
             此引用不是“CopyLocal”，因为至少有一个源项将“Private”设置为“false”，而没有源项将“Private”设置为“true”。
         主引用“System.Configuration, Version=4.0.0.0, Culture=neutral, PublicKeyToken=b03f5f7f11d50a3a”。
             解析的文件路径为“C:\Program Files\dotnet\packs\Microsoft.NETCore.App.Ref\8.0.28\ref\net8.0\System.Configuration.dll”。
             在搜索路径位置“{RawFileName}”找到引用。
             此引用不是“CopyLocal”，因为至少有一个源项将“Private”设置为“false”，而没有源项将“Private”设置为“true”。
         主引用“System.Console, Version=8.0.0.0, Culture=neutral, PublicKeyToken=b03f5f7f11d50a3a”。
             解析的文件路径为“C:\Program Files\dotnet\packs\Microsoft.NETCore.App.Ref\8.0.28\ref\net8.0\System.Console.dll”。
             在搜索路径位置“{RawFileName}”找到引用。
             此引用不是“CopyLocal”，因为至少有一个源项将“Private”设置为“false”，而没有源项将“Private”设置为“true”。
         主引用“System.Core, Version=4.0.0.0, Culture=neutral, PublicKeyToken=b77a5c561934e089”。
             解析的文件路径为“C:\Program Files\dotnet\packs\Microsoft.NETCore.App.Ref\8.0.28\ref\net8.0\System.Core.dll”。
             在搜索路径位置“{RawFileName}”找到引用。
             此引用不是“CopyLocal”，因为至少有一个源项将“Private”设置为“false”，而没有源项将“Private”设置为“true”。
         主引用“System.Data.Common, Version=8.0.0.0, Culture=neutral, PublicKeyToken=b03f5f7f11d50a3a”。
             解析的文件路径为“C:\Program Files\dotnet\packs\Microsoft.NETCore.App.Ref\8.0.28\ref\net8.0\System.Data.Common.dll”。
             在搜索路径位置“{RawFileName}”找到引用。
             此引用不是“CopyLocal”，因为至少有一个源项将“Private”设置为“false”，而没有源项将“Private”设置为“true”。
         主引用“System.Data.DataSetExtensions, Version=8.0.0.0, Culture=neutral, PublicKeyToken=b77a5c561934e089”。
             解析的文件路径为“C:\Program Files\dotnet\packs\Microsoft.NETCore.App.Ref\8.0.28\ref\net8.0\System.Data.DataSetExtensions.dll”。
             在搜索路径位置“{RawFileName}”找到引用。
             此引用不是“CopyLocal”，因为至少有一个源项将“Private”设置为“false”，而没有源项将“Private”设置为“true”。
         主引用“System.Data, Version=4.0.0.0, Culture=neutral, PublicKeyToken=b77a5c561934e089”。
             解析的文件路径为“C:\Program Files\dotnet\packs\Microsoft.NETCore.App.Ref\8.0.28\ref\net8.0\System.Data.dll”。
             在搜索路径位置“{RawFileName}”找到引用。
             此引用不是“CopyLocal”，因为至少有一个源项将“Private”设置为“false”，而没有源项将“Private”设置为“true”。
         主引用“System.Diagnostics.Contracts, Version=8.0.0.0, Culture=neutral, PublicKeyToken=b03f5f7f11d50a3a”。
             解析的文件路径为“C:\Program Files\dotnet\packs\Microsoft.NETCore.App.Ref\8.0.28\ref\net8.0\System.Diagnostics.Contracts.dll”。
             在搜索路径位置“{RawFileName}”找到引用。
             此引用不是“CopyLocal”，因为至少有一个源项将“Private”设置为“false”，而没有源项将“Private”设置为“true”。
         主引用“System.Diagnostics.Debug, Version=8.0.0.0, Culture=neutral, PublicKeyToken=b03f5f7f11d50a3a”。
             解析的文件路径为“C:\Program Files\dotnet\packs\Microsoft.NETCore.App.Ref\8.0.28\ref\net8.0\System.Diagnostics.Debug.dll”。
             在搜索路径位置“{RawFileName}”找到引用。
             此引用不是“CopyLocal”，因为至少有一个源项将“Private”设置为“false”，而没有源项将“Private”设置为“true”。
         主引用“System.Diagnostics.DiagnosticSource, Version=8.0.0.0, Culture=neutral, PublicKeyToken=cc7b13ffcd2ddd51”。
             解析的文件路径为“C:\Program Files\dotnet\packs\Microsoft.NETCore.App.Ref\8.0.28\ref\net8.0\System.Diagnostics.DiagnosticSource.dll”。
             在搜索路径位置“{RawFileName}”找到引用。
             此引用不是“CopyLocal”，因为至少有一个源项将“Private”设置为“false”，而没有源项将“Private”设置为“true”。
         主引用“System.Diagnostics.FileVersionInfo, Version=8.0.0.0, Culture=neutral, PublicKeyToken=b03f5f7f11d50a3a”。
             解析的文件路径为“C:\Program Files\dotnet\packs\Microsoft.NETCore.App.Ref\8.0.28\ref\net8.0\System.Diagnostics.FileVersionInfo.dll”。
             在搜索路径位置“{RawFileName}”找到引用。
             此引用不是“CopyLocal”，因为至少有一个源项将“Private”设置为“false”，而没有源项将“Private”设置为“true”。
         主引用“System.Diagnostics.Process, Version=8.0.0.0, Culture=neutral, PublicKeyToken=b03f5f7f11d50a3a”。
             解析的文件路径为“C:\Program Files\dotnet\packs\Microsoft.NETCore.App.Ref\8.0.28\ref\net8.0\System.Diagnostics.Process.dll”。
             在搜索路径位置“{RawFileName}”找到引用。
             此引用不是“CopyLocal”，因为至少有一个源项将“Private”设置为“false”，而没有源项将“Private”设置为“true”。
         主引用“System.Diagnostics.StackTrace, Version=8.0.0.0, Culture=neutral, PublicKeyToken=b03f5f7f11d50a3a”。
             解析的文件路径为“C:\Program Files\dotnet\packs\Microsoft.NETCore.App.Ref\8.0.28\ref\net8.0\System.Diagnostics.StackTrace.dll”。
             在搜索路径位置“{RawFileName}”找到引用。
             此引用不是“CopyLocal”，因为至少有一个源项将“Private”设置为“false”，而没有源项将“Private”设置为“true”。
         主引用“System.Diagnostics.TextWriterTraceListener, Version=8.0.0.0, Culture=neutral, PublicKeyToken=b03f5f7f11d50a3a”。
             解析的文件路径为“C:\Program Files\dotnet\packs\Microsoft.NETCore.App.Ref\8.0.28\ref\net8.0\System.Diagnostics.TextWriterTraceListener.dll”。
             在搜索路径位置“{RawFileName}”找到引用。
             此引用不是“CopyLocal”，因为至少有一个源项将“Private”设置为“false”，而没有源项将“Private”设置为“true”。
         主引用“System.Diagnostics.Tools, Version=8.0.0.0, Culture=neutral, PublicKeyToken=b03f5f7f11d50a3a”。
             解析的文件路径为“C:\Program Files\dotnet\packs\Microsoft.NETCore.App.Ref\8.0.28\ref\net8.0\System.Diagnostics.Tools.dll”。
             在搜索路径位置“{RawFileName}”找到引用。
             此引用不是“CopyLocal”，因为至少有一个源项将“Private”设置为“false”，而没有源项将“Private”设置为“true”。
         主引用“System.Diagnostics.TraceSource, Version=8.0.0.0, Culture=neutral, PublicKeyToken=b03f5f7f11d50a3a”。
             解析的文件路径为“C:\Program Files\dotnet\packs\Microsoft.NETCore.App.Ref\8.0.28\ref\net8.0\System.Diagnostics.TraceSource.dll”。
             在搜索路径位置“{RawFileName}”找到引用。
             此引用不是“CopyLocal”，因为至少有一个源项将“Private”设置为“false”，而没有源项将“Private”设置为“true”。
         主引用“System.Diagnostics.Tracing, Version=8.0.0.0, Culture=neutral, PublicKeyToken=b03f5f7f11d50a3a”。
             解析的文件路径为“C:\Program Files\dotnet\packs\Microsoft.NETCore.App.Ref\8.0.28\ref\net8.0\System.Diagnostics.Tracing.dll”。
             在搜索路径位置“{RawFileName}”找到引用。
             此引用不是“CopyLocal”，因为至少有一个源项将“Private”设置为“false”，而没有源项将“Private”设置为“true”。
         主引用“System.Drawing.Primitives, Version=8.0.0.0, Culture=neutral, PublicKeyToken=b03f5f7f11d50a3a”。
             解析的文件路径为“C:\Program Files\dotnet\packs\Microsoft.NETCore.App.Ref\8.0.28\ref\net8.0\System.Drawing.Primitives.dll”。
             在搜索路径位置“{RawFileName}”找到引用。
             此引用不是“CopyLocal”，因为至少有一个源项将“Private”设置为“false”，而没有源项将“Private”设置为“true”。
         主引用“System.Dynamic.Runtime, Version=8.0.0.0, Culture=neutral, PublicKeyToken=b03f5f7f11d50a3a”。
             解析的文件路径为“C:\Program Files\dotnet\packs\Microsoft.NETCore.App.Ref\8.0.28\ref\net8.0\System.Dynamic.Runtime.dll”。
             在搜索路径位置“{RawFileName}”找到引用。
             此引用不是“CopyLocal”，因为至少有一个源项将“Private”设置为“false”，而没有源项将“Private”设置为“true”。
         主引用“System.Formats.Asn1, Version=8.0.0.0, Culture=neutral, PublicKeyToken=cc7b13ffcd2ddd51”。
             解析的文件路径为“C:\Program Files\dotnet\packs\Microsoft.NETCore.App.Ref\8.0.28\ref\net8.0\System.Formats.Asn1.dll”。
             在搜索路径位置“{RawFileName}”找到引用。
             此引用不是“CopyLocal”，因为至少有一个源项将“Private”设置为“false”，而没有源项将“Private”设置为“true”。
         主引用“System.Formats.Tar, Version=8.0.0.0, Culture=neutral, PublicKeyToken=cc7b13ffcd2ddd51”。
             解析的文件路径为“C:\Program Files\dotnet\packs\Microsoft.NETCore.App.Ref\8.0.28\ref\net8.0\System.Formats.Tar.dll”。
             在搜索路径位置“{RawFileName}”找到引用。
             此引用不是“CopyLocal”，因为至少有一个源项将“Private”设置为“false”，而没有源项将“Private”设置为“true”。
         主引用“System.Globalization.Calendars, Version=8.0.0.0, Culture=neutral, PublicKeyToken=b03f5f7f11d50a3a”。
             解析的文件路径为“C:\Program Files\dotnet\packs\Microsoft.NETCore.App.Ref\8.0.28\ref\net8.0\System.Globalization.Calendars.dll”。
             在搜索路径位置“{RawFileName}”找到引用。
             此引用不是“CopyLocal”，因为至少有一个源项将“Private”设置为“false”，而没有源项将“Private”设置为“true”。
         主引用“System.Globalization.Extensions, Version=8.0.0.0, Culture=neutral, PublicKeyToken=b03f5f7f11d50a3a”。
             解析的文件路径为“C:\Program Files\dotnet\packs\Microsoft.NETCore.App.Ref\8.0.28\ref\net8.0\System.Globalization.Extensions.dll”。
             在搜索路径位置“{RawFileName}”找到引用。
             此引用不是“CopyLocal”，因为至少有一个源项将“Private”设置为“false”，而没有源项将“Private”设置为“true”。
         主引用“System.Globalization, Version=8.0.0.0, Culture=neutral, PublicKeyToken=b03f5f7f11d50a3a”。
             解析的文件路径为“C:\Program Files\dotnet\packs\Microsoft.NETCore.App.Ref\8.0.28\ref\net8.0\System.Globalization.dll”。
             在搜索路径位置“{RawFileName}”找到引用。
             此引用不是“CopyLocal”，因为至少有一个源项将“Private”设置为“false”，而没有源项将“Private”设置为“true”。
         主引用“System.IO.Compression.Brotli, Version=8.0.0.0, Culture=neutral, PublicKeyToken=b77a5c561934e089”。
             解析的文件路径为“C:\Program Files\dotnet\packs\Microsoft.NETCore.App.Ref\8.0.28\ref\net8.0\System.IO.Compression.Brotli.dll”。
             在搜索路径位置“{RawFileName}”找到引用。
             此引用不是“CopyLocal”，因为至少有一个源项将“Private”设置为“false”，而没有源项将“Private”设置为“true”。
         主引用“System.IO.Compression.FileSystem, Version=4.0.0.0, Culture=neutral, PublicKeyToken=b77a5c561934e089”。
             解析的文件路径为“C:\Program Files\dotnet\packs\Microsoft.NETCore.App.Ref\8.0.28\ref\net8.0\System.IO.Compression.FileSystem.dll”。
             在搜索路径位置“{RawFileName}”找到引用。
             此引用不是“CopyLocal”，因为至少有一个源项将“Private”设置为“false”，而没有源项将“Private”设置为“true”。
         主引用“System.IO.Compression.ZipFile, Version=8.0.0.0, Culture=neutral, PublicKeyToken=b77a5c561934e089”。
             解析的文件路径为“C:\Program Files\dotnet\packs\Microsoft.NETCore.App.Ref\8.0.28\ref\net8.0\System.IO.Compression.ZipFile.dll”。
             在搜索路径位置“{RawFileName}”找到引用。
             此引用不是“CopyLocal”，因为至少有一个源项将“Private”设置为“false”，而没有源项将“Private”设置为“true”。
         主引用“System.IO.Compression, Version=8.0.0.0, Culture=neutral, PublicKeyToken=b77a5c561934e089”。
             解析的文件路径为“C:\Program Files\dotnet\packs\Microsoft.NETCore.App.Ref\8.0.28\ref\net8.0\System.IO.Compression.dll”。
             在搜索路径位置“{RawFileName}”找到引用。
             此引用不是“CopyLocal”，因为至少有一个源项将“Private”设置为“false”，而没有源项将“Private”设置为“true”。
         主引用“System.IO.FileSystem.AccessControl, Version=8.0.0.0, Culture=neutral, PublicKeyToken=b03f5f7f11d50a3a”。
             解析的文件路径为“C:\Program Files\dotnet\packs\Microsoft.NETCore.App.Ref\8.0.28\ref\net8.0\System.IO.FileSystem.AccessControl.dll”。
             在搜索路径位置“{RawFileName}”找到引用。
             此引用不是“CopyLocal”，因为至少有一个源项将“Private”设置为“false”，而没有源项将“Private”设置为“true”。
         主引用“System.IO.FileSystem.DriveInfo, Version=8.0.0.0, Culture=neutral, PublicKeyToken=b03f5f7f11d50a3a”。
             解析的文件路径为“C:\Program Files\dotnet\packs\Microsoft.NETCore.App.Ref\8.0.28\ref\net8.0\System.IO.FileSystem.DriveInfo.dll”。
             在搜索路径位置“{RawFileName}”找到引用。
             此引用不是“CopyLocal”，因为至少有一个源项将“Private”设置为“false”，而没有源项将“Private”设置为“true”。
         主引用“System.IO.FileSystem.Primitives, Version=8.0.0.0, Culture=neutral, PublicKeyToken=b03f5f7f11d50a3a”。
             解析的文件路径为“C:\Program Files\dotnet\packs\Microsoft.NETCore.App.Ref\8.0.28\ref\net8.0\System.IO.FileSystem.Primitives.dll”。
             在搜索路径位置“{RawFileName}”找到引用。
             此引用不是“CopyLocal”，因为至少有一个源项将“Private”设置为“false”，而没有源项将“Private”设置为“true”。
         主引用“System.IO.FileSystem.Watcher, Version=8.0.0.0, Culture=neutral, PublicKeyToken=b03f5f7f11d50a3a”。
             解析的文件路径为“C:\Program Files\dotnet\packs\Microsoft.NETCore.App.Ref\8.0.28\ref\net8.0\System.IO.FileSystem.Watcher.dll”。
             在搜索路径位置“{RawFileName}”找到引用。
             此引用不是“CopyLocal”，因为至少有一个源项将“Private”设置为“false”，而没有源项将“Private”设置为“true”。
         主引用“System.IO.FileSystem, Version=8.0.0.0, Culture=neutral, PublicKeyToken=b03f5f7f11d50a3a”。
             解析的文件路径为“C:\Program Files\dotnet\packs\Microsoft.NETCore.App.Ref\8.0.28\ref\net8.0\System.IO.FileSystem.dll”。
             在搜索路径位置“{RawFileName}”找到引用。
             此引用不是“CopyLocal”，因为至少有一个源项将“Private”设置为“false”，而没有源项将“Private”设置为“true”。
         主引用“System.IO.IsolatedStorage, Version=8.0.0.0, Culture=neutral, PublicKeyToken=b03f5f7f11d50a3a”。
             解析的文件路径为“C:\Program Files\dotnet\packs\Microsoft.NETCore.App.Ref\8.0.28\ref\net8.0\System.IO.IsolatedStorage.dll”。
             在搜索路径位置“{RawFileName}”找到引用。
             此引用不是“CopyLocal”，因为至少有一个源项将“Private”设置为“false”，而没有源项将“Private”设置为“true”。
         主引用“System.IO.MemoryMappedFiles, Version=8.0.0.0, Culture=neutral, PublicKeyToken=b03f5f7f11d50a3a”。
             解析的文件路径为“C:\Program Files\dotnet\packs\Microsoft.NETCore.App.Ref\8.0.28\ref\net8.0\System.IO.MemoryMappedFiles.dll”。
             在搜索路径位置“{RawFileName}”找到引用。
             此引用不是“CopyLocal”，因为至少有一个源项将“Private”设置为“false”，而没有源项将“Private”设置为“true”。
         主引用“System.IO.Pipes.AccessControl, Version=8.0.0.0, Culture=neutral, PublicKeyToken=b03f5f7f11d50a3a”。
             解析的文件路径为“C:\Program Files\dotnet\packs\Microsoft.NETCore.App.Ref\8.0.28\ref\net8.0\System.IO.Pipes.AccessControl.dll”。
             在搜索路径位置“{RawFileName}”找到引用。
             此引用不是“CopyLocal”，因为至少有一个源项将“Private”设置为“false”，而没有源项将“Private”设置为“true”。
         主引用“System.IO.Pipes, Version=8.0.0.0, Culture=neutral, PublicKeyToken=b03f5f7f11d50a3a”。
             解析的文件路径为“C:\Program Files\dotnet\packs\Microsoft.NETCore.App.Ref\8.0.28\ref\net8.0\System.IO.Pipes.dll”。
             在搜索路径位置“{RawFileName}”找到引用。
             此引用不是“CopyLocal”，因为至少有一个源项将“Private”设置为“false”，而没有源项将“Private”设置为“true”。
         主引用“System.IO.UnmanagedMemoryStream, Version=8.0.0.0, Culture=neutral, PublicKeyToken=b03f5f7f11d50a3a”。
             解析的文件路径为“C:\Program Files\dotnet\packs\Microsoft.NETCore.App.Ref\8.0.28\ref\net8.0\System.IO.UnmanagedMemoryStream.dll”。
             在搜索路径位置“{RawFileName}”找到引用。
             此引用不是“CopyLocal”，因为至少有一个源项将“Private”设置为“false”，而没有源项将“Private”设置为“true”。
         主引用“System.IO, Version=8.0.0.0, Culture=neutral, PublicKeyToken=b03f5f7f11d50a3a”。
             解析的文件路径为“C:\Program Files\dotnet\packs\Microsoft.NETCore.App.Ref\8.0.28\ref\net8.0\System.IO.dll”。
             在搜索路径位置“{RawFileName}”找到引用。
             此引用不是“CopyLocal”，因为至少有一个源项将“Private”设置为“false”，而没有源项将“Private”设置为“true”。
         主引用“System.Linq.Expressions, Version=8.0.0.0, Culture=neutral, PublicKeyToken=b03f5f7f11d50a3a”。
             解析的文件路径为“C:\Program Files\dotnet\packs\Microsoft.NETCore.App.Ref\8.0.28\ref\net8.0\System.Linq.Expressions.dll”。
             在搜索路径位置“{RawFileName}”找到引用。
             此引用不是“CopyLocal”，因为至少有一个源项将“Private”设置为“false”，而没有源项将“Private”设置为“true”。
         主引用“System.Linq.Parallel, Version=8.0.0.0, Culture=neutral, PublicKeyToken=b03f5f7f11d50a3a”。
             解析的文件路径为“C:\Program Files\dotnet\packs\Microsoft.NETCore.App.Ref\8.0.28\ref\net8.0\System.Linq.Parallel.dll”。
             在搜索路径位置“{RawFileName}”找到引用。
             此引用不是“CopyLocal”，因为至少有一个源项将“Private”设置为“false”，而没有源项将“Private”设置为“true”。
         主引用“System.Linq.Queryable, Version=8.0.0.0, Culture=neutral, PublicKeyToken=b03f5f7f11d50a3a”。
             解析的文件路径为“C:\Program Files\dotnet\packs\Microsoft.NETCore.App.Ref\8.0.28\ref\net8.0\System.Linq.Queryable.dll”。
             在搜索路径位置“{RawFileName}”找到引用。
             此引用不是“CopyLocal”，因为至少有一个源项将“Private”设置为“false”，而没有源项将“Private”设置为“true”。
         主引用“System.Linq, Version=8.0.0.0, Culture=neutral, PublicKeyToken=b03f5f7f11d50a3a”。
             解析的文件路径为“C:\Program Files\dotnet\packs\Microsoft.NETCore.App.Ref\8.0.28\ref\net8.0\System.Linq.dll”。
             在搜索路径位置“{RawFileName}”找到引用。
             此引用不是“CopyLocal”，因为至少有一个源项将“Private”设置为“false”，而没有源项将“Private”设置为“true”。
         主引用“System.Memory, Version=8.0.0.0, Culture=neutral, PublicKeyToken=cc7b13ffcd2ddd51”。
             解析的文件路径为“C:\Program Files\dotnet\packs\Microsoft.NETCore.App.Ref\8.0.28\ref\net8.0\System.Memory.dll”。
             在搜索路径位置“{RawFileName}”找到引用。
             此引用不是“CopyLocal”，因为至少有一个源项将“Private”设置为“false”，而没有源项将“Private”设置为“true”。
         主引用“System.Net.Http.Json, Version=8.0.0.0, Culture=neutral, PublicKeyToken=cc7b13ffcd2ddd51”。
             解析的文件路径为“C:\Program Files\dotnet\packs\Microsoft.NETCore.App.Ref\8.0.28\ref\net8.0\System.Net.Http.Json.dll”。
             在搜索路径位置“{RawFileName}”找到引用。
             此引用不是“CopyLocal”，因为至少有一个源项将“Private”设置为“false”，而没有源项将“Private”设置为“true”。
         主引用“System.Net.Http, Version=8.0.0.0, Culture=neutral, PublicKeyToken=b03f5f7f11d50a3a”。
             解析的文件路径为“C:\Program Files\dotnet\packs\Microsoft.NETCore.App.Ref\8.0.28\ref\net8.0\System.Net.Http.dll”。
             在搜索路径位置“{RawFileName}”找到引用。
             此引用不是“CopyLocal”，因为至少有一个源项将“Private”设置为“false”，而没有源项将“Private”设置为“true”。
         主引用“System.Net.HttpListener, Version=8.0.0.0, Culture=neutral, PublicKeyToken=cc7b13ffcd2ddd51”。
             解析的文件路径为“C:\Program Files\dotnet\packs\Microsoft.NETCore.App.Ref\8.0.28\ref\net8.0\System.Net.HttpListener.dll”。
             在搜索路径位置“{RawFileName}”找到引用。
             此引用不是“CopyLocal”，因为至少有一个源项将“Private”设置为“false”，而没有源项将“Private”设置为“true”。
         主引用“System.Net.Mail, Version=8.0.0.0, Culture=neutral, PublicKeyToken=cc7b13ffcd2ddd51”。
             解析的文件路径为“C:\Program Files\dotnet\packs\Microsoft.NETCore.App.Ref\8.0.28\ref\net8.0\System.Net.Mail.dll”。
             在搜索路径位置“{RawFileName}”找到引用。
             此引用不是“CopyLocal”，因为至少有一个源项将“Private”设置为“false”，而没有源项将“Private”设置为“true”。
         主引用“System.Net.NameResolution, Version=8.0.0.0, Culture=neutral, PublicKeyToken=b03f5f7f11d50a3a”。
             解析的文件路径为“C:\Program Files\dotnet\packs\Microsoft.NETCore.App.Ref\8.0.28\ref\net8.0\System.Net.NameResolution.dll”。
             在搜索路径位置“{RawFileName}”找到引用。
             此引用不是“CopyLocal”，因为至少有一个源项将“Private”设置为“false”，而没有源项将“Private”设置为“true”。
         主引用“System.Net.NetworkInformation, Version=8.0.0.0, Culture=neutral, PublicKeyToken=b03f5f7f11d50a3a”。
             解析的文件路径为“C:\Program Files\dotnet\packs\Microsoft.NETCore.App.Ref\8.0.28\ref\net8.0\System.Net.NetworkInformation.dll”。
             在搜索路径位置“{RawFileName}”找到引用。
             此引用不是“CopyLocal”，因为至少有一个源项将“Private”设置为“false”，而没有源项将“Private”设置为“true”。
         主引用“System.Net.Ping, Version=8.0.0.0, Culture=neutral, PublicKeyToken=b03f5f7f11d50a3a”。
             解析的文件路径为“C:\Program Files\dotnet\packs\Microsoft.NETCore.App.Ref\8.0.28\ref\net8.0\System.Net.Ping.dll”。
             在搜索路径位置“{RawFileName}”找到引用。
             此引用不是“CopyLocal”，因为至少有一个源项将“Private”设置为“false”，而没有源项将“Private”设置为“true”。
         主引用“System.Net.Primitives, Version=8.0.0.0, Culture=neutral, PublicKeyToken=b03f5f7f11d50a3a”。
             解析的文件路径为“C:\Program Files\dotnet\packs\Microsoft.NETCore.App.Ref\8.0.28\ref\net8.0\System.Net.Primitives.dll”。
             在搜索路径位置“{RawFileName}”找到引用。
             此引用不是“CopyLocal”，因为至少有一个源项将“Private”设置为“false”，而没有源项将“Private”设置为“true”。
         主引用“System.Net.Quic, Version=8.0.0.0, Culture=neutral, PublicKeyToken=b03f5f7f11d50a3a”。
             解析的文件路径为“C:\Program Files\dotnet\packs\Microsoft.NETCore.App.Ref\8.0.28\ref\net8.0\System.Net.Quic.dll”。
             在搜索路径位置“{RawFileName}”找到引用。
             此引用不是“CopyLocal”，因为至少有一个源项将“Private”设置为“false”，而没有源项将“Private”设置为“true”。
         主引用“System.Net.Requests, Version=8.0.0.0, Culture=neutral, PublicKeyToken=b03f5f7f11d50a3a”。
             解析的文件路径为“C:\Program Files\dotnet\packs\Microsoft.NETCore.App.Ref\8.0.28\ref\net8.0\System.Net.Requests.dll”。
             在搜索路径位置“{RawFileName}”找到引用。
             此引用不是“CopyLocal”，因为至少有一个源项将“Private”设置为“false”，而没有源项将“Private”设置为“true”。
         主引用“System.Net.Security, Version=8.0.0.0, Culture=neutral, PublicKeyToken=b03f5f7f11d50a3a”。
             解析的文件路径为“C:\Program Files\dotnet\packs\Microsoft.NETCore.App.Ref\8.0.28\ref\net8.0\System.Net.Security.dll”。
             在搜索路径位置“{RawFileName}”找到引用。
             此引用不是“CopyLocal”，因为至少有一个源项将“Private”设置为“false”，而没有源项将“Private”设置为“true”。
         主引用“System.Net.ServicePoint, Version=8.0.0.0, Culture=neutral, PublicKeyToken=cc7b13ffcd2ddd51”。
             解析的文件路径为“C:\Program Files\dotnet\packs\Microsoft.NETCore.App.Ref\8.0.28\ref\net8.0\System.Net.ServicePoint.dll”。
             在搜索路径位置“{RawFileName}”找到引用。
             此引用不是“CopyLocal”，因为至少有一个源项将“Private”设置为“false”，而没有源项将“Private”设置为“true”。
         主引用“System.Net.Sockets, Version=8.0.0.0, Culture=neutral, PublicKeyToken=b03f5f7f11d50a3a”。
             解析的文件路径为“C:\Program Files\dotnet\packs\Microsoft.NETCore.App.Ref\8.0.28\ref\net8.0\System.Net.Sockets.dll”。
             在搜索路径位置“{RawFileName}”找到引用。
             此引用不是“CopyLocal”，因为至少有一个源项将“Private”设置为“false”，而没有源项将“Private”设置为“true”。
         主引用“System.Net.WebClient, Version=8.0.0.0, Culture=neutral, PublicKeyToken=cc7b13ffcd2ddd51”。
             解析的文件路径为“C:\Program Files\dotnet\packs\Microsoft.NETCore.App.Ref\8.0.28\ref\net8.0\System.Net.WebClient.dll”。
             在搜索路径位置“{RawFileName}”找到引用。
             此引用不是“CopyLocal”，因为至少有一个源项将“Private”设置为“false”，而没有源项将“Private”设置为“true”。
         主引用“System.Net.WebHeaderCollection, Version=8.0.0.0, Culture=neutral, PublicKeyToken=b03f5f7f11d50a3a”。
             解析的文件路径为“C:\Program Files\dotnet\packs\Microsoft.NETCore.App.Ref\8.0.28\ref\net8.0\System.Net.WebHeaderCollection.dll”。
             在搜索路径位置“{RawFileName}”找到引用。
             此引用不是“CopyLocal”，因为至少有一个源项将“Private”设置为“false”，而没有源项将“Private”设置为“true”。
         主引用“System.Net.WebProxy, Version=8.0.0.0, Culture=neutral, PublicKeyToken=cc7b13ffcd2ddd51”。
             解析的文件路径为“C:\Program Files\dotnet\packs\Microsoft.NETCore.App.Ref\8.0.28\ref\net8.0\System.Net.WebProxy.dll”。
             在搜索路径位置“{RawFileName}”找到引用。
             此引用不是“CopyLocal”，因为至少有一个源项将“Private”设置为“false”，而没有源项将“Private”设置为“true”。
         主引用“System.Net.WebSockets.Client, Version=8.0.0.0, Culture=neutral, PublicKeyToken=b03f5f7f11d50a3a”。
             解析的文件路径为“C:\Program Files\dotnet\packs\Microsoft.NETCore.App.Ref\8.0.28\ref\net8.0\System.Net.WebSockets.Client.dll”。
             在搜索路径位置“{RawFileName}”找到引用。
             此引用不是“CopyLocal”，因为至少有一个源项将“Private”设置为“false”，而没有源项将“Private”设置为“true”。
         主引用“System.Net.WebSockets, Version=8.0.0.0, Culture=neutral, PublicKeyToken=b03f5f7f11d50a3a”。
             解析的文件路径为“C:\Program Files\dotnet\packs\Microsoft.NETCore.App.Ref\8.0.28\ref\net8.0\System.Net.WebSockets.dll”。
             在搜索路径位置“{RawFileName}”找到引用。
             此引用不是“CopyLocal”，因为至少有一个源项将“Private”设置为“false”，而没有源项将“Private”设置为“true”。
         主引用“System.Net, Version=4.0.0.0, Culture=neutral, PublicKeyToken=b03f5f7f11d50a3a”。
             解析的文件路径为“C:\Program Files\dotnet\packs\Microsoft.NETCore.App.Ref\8.0.28\ref\net8.0\System.Net.dll”。
             在搜索路径位置“{RawFileName}”找到引用。
             此引用不是“CopyLocal”，因为至少有一个源项将“Private”设置为“false”，而没有源项将“Private”设置为“true”。
         主引用“System.Numerics.Vectors, Version=8.0.0.0, Culture=neutral, PublicKeyToken=b03f5f7f11d50a3a”。
             解析的文件路径为“C:\Program Files\dotnet\packs\Microsoft.NETCore.App.Ref\8.0.28\ref\net8.0\System.Numerics.Vectors.dll”。
             在搜索路径位置“{RawFileName}”找到引用。
             此引用不是“CopyLocal”，因为至少有一个源项将“Private”设置为“false”，而没有源项将“Private”设置为“true”。
         主引用“System.Numerics, Version=4.0.0.0, Culture=neutral, PublicKeyToken=b77a5c561934e089”。
             解析的文件路径为“C:\Program Files\dotnet\packs\Microsoft.NETCore.App.Ref\8.0.28\ref\net8.0\System.Numerics.dll”。
             在搜索路径位置“{RawFileName}”找到引用。
             此引用不是“CopyLocal”，因为至少有一个源项将“Private”设置为“false”，而没有源项将“Private”设置为“true”。
         主引用“System.ObjectModel, Version=8.0.0.0, Culture=neutral, PublicKeyToken=b03f5f7f11d50a3a”。
             解析的文件路径为“C:\Program Files\dotnet\packs\Microsoft.NETCore.App.Ref\8.0.28\ref\net8.0\System.ObjectModel.dll”。
             在搜索路径位置“{RawFileName}”找到引用。
             此引用不是“CopyLocal”，因为至少有一个源项将“Private”设置为“false”，而没有源项将“Private”设置为“true”。
         主引用“System.Reflection.DispatchProxy, Version=8.0.0.0, Culture=neutral, PublicKeyToken=b03f5f7f11d50a3a”。
             解析的文件路径为“C:\Program Files\dotnet\packs\Microsoft.NETCore.App.Ref\8.0.28\ref\net8.0\System.Reflection.DispatchProxy.dll”。
             在搜索路径位置“{RawFileName}”找到引用。
             此引用不是“CopyLocal”，因为至少有一个源项将“Private”设置为“false”，而没有源项将“Private”设置为“true”。
         主引用“System.Reflection.Emit.ILGeneration, Version=8.0.0.0, Culture=neutral, PublicKeyToken=b03f5f7f11d50a3a”。
             解析的文件路径为“C:\Program Files\dotnet\packs\Microsoft.NETCore.App.Ref\8.0.28\ref\net8.0\System.Reflection.Emit.ILGeneration.dll”。
             在搜索路径位置“{RawFileName}”找到引用。
             此引用不是“CopyLocal”，因为至少有一个源项将“Private”设置为“false”，而没有源项将“Private”设置为“true”。
         主引用“System.Reflection.Emit.Lightweight, Version=8.0.0.0, Culture=neutral, PublicKeyToken=b03f5f7f11d50a3a”。
             解析的文件路径为“C:\Program Files\dotnet\packs\Microsoft.NETCore.App.Ref\8.0.28\ref\net8.0\System.Reflection.Emit.Lightweight.dll”。
             在搜索路径位置“{RawFileName}”找到引用。
             此引用不是“CopyLocal”，因为至少有一个源项将“Private”设置为“false”，而没有源项将“Private”设置为“true”。
         主引用“System.Reflection.Emit, Version=8.0.0.0, Culture=neutral, PublicKeyToken=b03f5f7f11d50a3a”。
             解析的文件路径为“C:\Program Files\dotnet\packs\Microsoft.NETCore.App.Ref\8.0.28\ref\net8.0\System.Reflection.Emit.dll”。
             在搜索路径位置“{RawFileName}”找到引用。
             此引用不是“CopyLocal”，因为至少有一个源项将“Private”设置为“false”，而没有源项将“Private”设置为“true”。
         主引用“System.Reflection.Extensions, Version=8.0.0.0, Culture=neutral, PublicKeyToken=b03f5f7f11d50a3a”。
             解析的文件路径为“C:\Program Files\dotnet\packs\Microsoft.NETCore.App.Ref\8.0.28\ref\net8.0\System.Reflection.Extensions.dll”。
             在搜索路径位置“{RawFileName}”找到引用。
             此引用不是“CopyLocal”，因为至少有一个源项将“Private”设置为“false”，而没有源项将“Private”设置为“true”。
         主引用“System.Reflection.Metadata, Version=8.0.0.0, Culture=neutral, PublicKeyToken=b03f5f7f11d50a3a”。
             解析的文件路径为“C:\Program Files\dotnet\packs\Microsoft.NETCore.App.Ref\8.0.28\ref\net8.0\System.Reflection.Metadata.dll”。
             在搜索路径位置“{RawFileName}”找到引用。
             此引用不是“CopyLocal”，因为至少有一个源项将“Private”设置为“false”，而没有源项将“Private”设置为“true”。
         主引用“System.Reflection.Primitives, Version=8.0.0.0, Culture=neutral, PublicKeyToken=b03f5f7f11d50a3a”。
             解析的文件路径为“C:\Program Files\dotnet\packs\Microsoft.NETCore.App.Ref\8.0.28\ref\net8.0\System.Reflection.Primitives.dll”。
             在搜索路径位置“{RawFileName}”找到引用。
             此引用不是“CopyLocal”，因为至少有一个源项将“Private”设置为“false”，而没有源项将“Private”设置为“true”。
         主引用“System.Reflection.TypeExtensions, Version=8.0.0.0, Culture=neutral, PublicKeyToken=b03f5f7f11d50a3a”。
             解析的文件路径为“C:\Program Files\dotnet\packs\Microsoft.NETCore.App.Ref\8.0.28\ref\net8.0\System.Reflection.TypeExtensions.dll”。
             在搜索路径位置“{RawFileName}”找到引用。
             此引用不是“CopyLocal”，因为至少有一个源项将“Private”设置为“false”，而没有源项将“Private”设置为“true”。
         主引用“System.Reflection, Version=8.0.0.0, Culture=neutral, PublicKeyToken=b03f5f7f11d50a3a”。
             解析的文件路径为“C:\Program Files\dotnet\packs\Microsoft.NETCore.App.Ref\8.0.28\ref\net8.0\System.Reflection.dll”。
             在搜索路径位置“{RawFileName}”找到引用。
             此引用不是“CopyLocal”，因为至少有一个源项将“Private”设置为“false”，而没有源项将“Private”设置为“true”。
         主引用“System.Resources.Reader, Version=8.0.0.0, Culture=neutral, PublicKeyToken=b03f5f7f11d50a3a”。
             解析的文件路径为“C:\Program Files\dotnet\packs\Microsoft.NETCore.App.Ref\8.0.28\ref\net8.0\System.Resources.Reader.dll”。
             在搜索路径位置“{RawFileName}”找到引用。
             此引用不是“CopyLocal”，因为至少有一个源项将“Private”设置为“false”，而没有源项将“Private”设置为“true”。
         主引用“System.Resources.ResourceManager, Version=8.0.0.0, Culture=neutral, PublicKeyToken=b03f5f7f11d50a3a”。
             解析的文件路径为“C:\Program Files\dotnet\packs\Microsoft.NETCore.App.Ref\8.0.28\ref\net8.0\System.Resources.ResourceManager.dll”。
             在搜索路径位置“{RawFileName}”找到引用。
             此引用不是“CopyLocal”，因为至少有一个源项将“Private”设置为“false”，而没有源项将“Private”设置为“true”。
         主引用“System.Resources.Writer, Version=8.0.0.0, Culture=neutral, PublicKeyToken=b03f5f7f11d50a3a”。
             解析的文件路径为“C:\Program Files\dotnet\packs\Microsoft.NETCore.App.Ref\8.0.28\ref\net8.0\System.Resources.Writer.dll”。
             在搜索路径位置“{RawFileName}”找到引用。
             此引用不是“CopyLocal”，因为至少有一个源项将“Private”设置为“false”，而没有源项将“Private”设置为“true”。
         主引用“System.Runtime.CompilerServices.Unsafe, Version=8.0.0.0, Culture=neutral, PublicKeyToken=b03f5f7f11d50a3a”。
             解析的文件路径为“C:\Program Files\dotnet\packs\Microsoft.NETCore.App.Ref\8.0.28\ref\net8.0\System.Runtime.CompilerServices.Unsafe.dll”。
             在搜索路径位置“{RawFileName}”找到引用。
             此引用不是“CopyLocal”，因为至少有一个源项将“Private”设置为“false”，而没有源项将“Private”设置为“true”。
         主引用“System.Runtime.CompilerServices.VisualC, Version=8.0.0.0, Culture=neutral, PublicKeyToken=b03f5f7f11d50a3a”。
             解析的文件路径为“C:\Program Files\dotnet\packs\Microsoft.NETCore.App.Ref\8.0.28\ref\net8.0\System.Runtime.CompilerServices.VisualC.dll”。
             在搜索路径位置“{RawFileName}”找到引用。
             此引用不是“CopyLocal”，因为至少有一个源项将“Private”设置为“false”，而没有源项将“Private”设置为“true”。
         主引用“System.Runtime.Extensions, Version=8.0.0.0, Culture=neutral, PublicKeyToken=b03f5f7f11d50a3a”。
             解析的文件路径为“C:\Program Files\dotnet\packs\Microsoft.NETCore.App.Ref\8.0.28\ref\net8.0\System.Runtime.Extensions.dll”。
             在搜索路径位置“{RawFileName}”找到引用。
             此引用不是“CopyLocal”，因为至少有一个源项将“Private”设置为“false”，而没有源项将“Private”设置为“true”。
         主引用“System.Runtime.Handles, Version=8.0.0.0, Culture=neutral, PublicKeyToken=b03f5f7f11d50a3a”。
             解析的文件路径为“C:\Program Files\dotnet\packs\Microsoft.NETCore.App.Ref\8.0.28\ref\net8.0\System.Runtime.Handles.dll”。
             在搜索路径位置“{RawFileName}”找到引用。
             此引用不是“CopyLocal”，因为至少有一个源项将“Private”设置为“false”，而没有源项将“Private”设置为“true”。
         主引用“System.Runtime.InteropServices.JavaScript, Version=8.0.0.0, Culture=neutral, PublicKeyToken=b03f5f7f11d50a3a”。
             解析的文件路径为“C:\Program Files\dotnet\packs\Microsoft.NETCore.App.Ref\8.0.28\ref\net8.0\System.Runtime.InteropServices.JavaScript.dll”。
             在搜索路径位置“{RawFileName}”找到引用。
             此引用不是“CopyLocal”，因为至少有一个源项将“Private”设置为“false”，而没有源项将“Private”设置为“true”。
         主引用“System.Runtime.InteropServices.RuntimeInformation, Version=8.0.0.0, Culture=neutral, PublicKeyToken=b03f5f7f11d50a3a”。
             解析的文件路径为“C:\Program Files\dotnet\packs\Microsoft.NETCore.App.Ref\8.0.28\ref\net8.0\System.Runtime.InteropServices.RuntimeInformation.dll”。
             在搜索路径位置“{RawFileName}”找到引用。
             此引用不是“CopyLocal”，因为至少有一个源项将“Private”设置为“false”，而没有源项将“Private”设置为“true”。
         主引用“System.Runtime.InteropServices, Version=8.0.0.0, Culture=neutral, PublicKeyToken=b03f5f7f11d50a3a”。
             解析的文件路径为“C:\Program Files\dotnet\packs\Microsoft.NETCore.App.Ref\8.0.28\ref\net8.0\System.Runtime.InteropServices.dll”。
             在搜索路径位置“{RawFileName}”找到引用。
             此引用不是“CopyLocal”，因为至少有一个源项将“Private”设置为“false”，而没有源项将“Private”设置为“true”。
         主引用“System.Runtime.Intrinsics, Version=8.0.0.0, Culture=neutral, PublicKeyToken=cc7b13ffcd2ddd51”。
             解析的文件路径为“C:\Program Files\dotnet\packs\Microsoft.NETCore.App.Ref\8.0.28\ref\net8.0\System.Runtime.Intrinsics.dll”。
             在搜索路径位置“{RawFileName}”找到引用。
             此引用不是“CopyLocal”，因为至少有一个源项将“Private”设置为“false”，而没有源项将“Private”设置为“true”。
         主引用“System.Runtime.Loader, Version=8.0.0.0, Culture=neutral, PublicKeyToken=b03f5f7f11d50a3a”。
             解析的文件路径为“C:\Program Files\dotnet\packs\Microsoft.NETCore.App.Ref\8.0.28\ref\net8.0\System.Runtime.Loader.dll”。
             在搜索路径位置“{RawFileName}”找到引用。
             此引用不是“CopyLocal”，因为至少有一个源项将“Private”设置为“false”，而没有源项将“Private”设置为“true”。
         主引用“System.Runtime.Numerics, Version=8.0.0.0, Culture=neutral, PublicKeyToken=b03f5f7f11d50a3a”。
             解析的文件路径为“C:\Program Files\dotnet\packs\Microsoft.NETCore.App.Ref\8.0.28\ref\net8.0\System.Runtime.Numerics.dll”。
             在搜索路径位置“{RawFileName}”找到引用。
             此引用不是“CopyLocal”，因为至少有一个源项将“Private”设置为“false”，而没有源项将“Private”设置为“true”。
         主引用“System.Runtime.Serialization.Formatters, Version=8.0.0.0, Culture=neutral, PublicKeyToken=b03f5f7f11d50a3a”。
             解析的文件路径为“C:\Program Files\dotnet\packs\Microsoft.NETCore.App.Ref\8.0.28\ref\net8.0\System.Runtime.Serialization.Formatters.dll”。
             在搜索路径位置“{RawFileName}”找到引用。
             此引用不是“CopyLocal”，因为至少有一个源项将“Private”设置为“false”，而没有源项将“Private”设置为“true”。
         主引用“System.Runtime.Serialization.Json, Version=8.0.0.0, Culture=neutral, PublicKeyToken=b03f5f7f11d50a3a”。
             解析的文件路径为“C:\Program Files\dotnet\packs\Microsoft.NETCore.App.Ref\8.0.28\ref\net8.0\System.Runtime.Serialization.Json.dll”。
             在搜索路径位置“{RawFileName}”找到引用。
             此引用不是“CopyLocal”，因为至少有一个源项将“Private”设置为“false”，而没有源项将“Private”设置为“true”。
         主引用“System.Runtime.Serialization.Primitives, Version=8.0.0.0, Culture=neutral, PublicKeyToken=b03f5f7f11d50a3a”。
             解析的文件路径为“C:\Program Files\dotnet\packs\Microsoft.NETCore.App.Ref\8.0.28\ref\net8.0\System.Runtime.Serialization.Primitives.dll”。
             在搜索路径位置“{RawFileName}”找到引用。
             此引用不是“CopyLocal”，因为至少有一个源项将“Private”设置为“false”，而没有源项将“Private”设置为“true”。
         主引用“System.Runtime.Serialization.Xml, Version=8.0.0.0, Culture=neutral, PublicKeyToken=b03f5f7f11d50a3a”。
             解析的文件路径为“C:\Program Files\dotnet\packs\Microsoft.NETCore.App.Ref\8.0.28\ref\net8.0\System.Runtime.Serialization.Xml.dll”。
             在搜索路径位置“{RawFileName}”找到引用。
             此引用不是“CopyLocal”，因为至少有一个源项将“Private”设置为“false”，而没有源项将“Private”设置为“true”。
         主引用“System.Runtime.Serialization, Version=4.0.0.0, Culture=neutral, PublicKeyToken=b77a5c561934e089”。
             解析的文件路径为“C:\Program Files\dotnet\packs\Microsoft.NETCore.App.Ref\8.0.28\ref\net8.0\System.Runtime.Serialization.dll”。
             在搜索路径位置“{RawFileName}”找到引用。
             此引用不是“CopyLocal”，因为至少有一个源项将“Private”设置为“false”，而没有源项将“Private”设置为“true”。
         主引用“System.Runtime, Version=8.0.0.0, Culture=neutral, PublicKeyToken=b03f5f7f11d50a3a”。
             解析的文件路径为“C:\Program Files\dotnet\packs\Microsoft.NETCore.App.Ref\8.0.28\ref\net8.0\System.Runtime.dll”。
             在搜索路径位置“{RawFileName}”找到引用。
             此引用不是“CopyLocal”，因为至少有一个源项将“Private”设置为“false”，而没有源项将“Private”设置为“true”。
         主引用“System.Security.AccessControl, Version=8.0.0.0, Culture=neutral, PublicKeyToken=b03f5f7f11d50a3a”。
             解析的文件路径为“C:\Program Files\dotnet\packs\Microsoft.NETCore.App.Ref\8.0.28\ref\net8.0\System.Security.AccessControl.dll”。
             在搜索路径位置“{RawFileName}”找到引用。
             此引用不是“CopyLocal”，因为至少有一个源项将“Private”设置为“false”，而没有源项将“Private”设置为“true”。
         主引用“System.Security.Claims, Version=8.0.0.0, Culture=neutral, PublicKeyToken=b03f5f7f11d50a3a”。
             解析的文件路径为“C:\Program Files\dotnet\packs\Microsoft.NETCore.App.Ref\8.0.28\ref\net8.0\System.Security.Claims.dll”。
             在搜索路径位置“{RawFileName}”找到引用。
             此引用不是“CopyLocal”，因为至少有一个源项将“Private”设置为“false”，而没有源项将“Private”设置为“true”。
         主引用“System.Security.Cryptography.Algorithms, Version=8.0.0.0, Culture=neutral, PublicKeyToken=b03f5f7f11d50a3a”。
             解析的文件路径为“C:\Program Files\dotnet\packs\Microsoft.NETCore.App.Ref\8.0.28\ref\net8.0\System.Security.Cryptography.Algorithms.dll”。
             在搜索路径位置“{RawFileName}”找到引用。
             此引用不是“CopyLocal”，因为至少有一个源项将“Private”设置为“false”，而没有源项将“Private”设置为“true”。
         主引用“System.Security.Cryptography.Cng, Version=8.0.0.0, Culture=neutral, PublicKeyToken=b03f5f7f11d50a3a”。
             解析的文件路径为“C:\Program Files\dotnet\packs\Microsoft.NETCore.App.Ref\8.0.28\ref\net8.0\System.Security.Cryptography.Cng.dll”。
             在搜索路径位置“{RawFileName}”找到引用。
             此引用不是“CopyLocal”，因为至少有一个源项将“Private”设置为“false”，而没有源项将“Private”设置为“true”。
         主引用“System.Security.Cryptography.Csp, Version=8.0.0.0, Culture=neutral, PublicKeyToken=b03f5f7f11d50a3a”。
             解析的文件路径为“C:\Program Files\dotnet\packs\Microsoft.NETCore.App.Ref\8.0.28\ref\net8.0\System.Security.Cryptography.Csp.dll”。
             在搜索路径位置“{RawFileName}”找到引用。
             此引用不是“CopyLocal”，因为至少有一个源项将“Private”设置为“false”，而没有源项将“Private”设置为“true”。
         主引用“System.Security.Cryptography.Encoding, Version=8.0.0.0, Culture=neutral, PublicKeyToken=b03f5f7f11d50a3a”。
             解析的文件路径为“C:\Program Files\dotnet\packs\Microsoft.NETCore.App.Ref\8.0.28\ref\net8.0\System.Security.Cryptography.Encoding.dll”。
             在搜索路径位置“{RawFileName}”找到引用。
             此引用不是“CopyLocal”，因为至少有一个源项将“Private”设置为“false”，而没有源项将“Private”设置为“true”。
         主引用“System.Security.Cryptography.OpenSsl, Version=8.0.0.0, Culture=neutral, PublicKeyToken=b03f5f7f11d50a3a”。
             解析的文件路径为“C:\Program Files\dotnet\packs\Microsoft.NETCore.App.Ref\8.0.28\ref\net8.0\System.Security.Cryptography.OpenSsl.dll”。
             在搜索路径位置“{RawFileName}”找到引用。
             此引用不是“CopyLocal”，因为至少有一个源项将“Private”设置为“false”，而没有源项将“Private”设置为“true”。
         主引用“System.Security.Cryptography.Primitives, Version=8.0.0.0, Culture=neutral, PublicKeyToken=b03f5f7f11d50a3a”。
             解析的文件路径为“C:\Program Files\dotnet\packs\Microsoft.NETCore.App.Ref\8.0.28\ref\net8.0\System.Security.Cryptography.Primitives.dll”。
             在搜索路径位置“{RawFileName}”找到引用。
             此引用不是“CopyLocal”，因为至少有一个源项将“Private”设置为“false”，而没有源项将“Private”设置为“true”。
         主引用“System.Security.Cryptography.X509Certificates, Version=8.0.0.0, Culture=neutral, PublicKeyToken=b03f5f7f11d50a3a”。
             解析的文件路径为“C:\Program Files\dotnet\packs\Microsoft.NETCore.App.Ref\8.0.28\ref\net8.0\System.Security.Cryptography.X509Certificates.dll”。
             在搜索路径位置“{RawFileName}”找到引用。
             此引用不是“CopyLocal”，因为至少有一个源项将“Private”设置为“false”，而没有源项将“Private”设置为“true”。
         主引用“System.Security.Cryptography, Version=8.0.0.0, Culture=neutral, PublicKeyToken=b03f5f7f11d50a3a”。
             解析的文件路径为“C:\Program Files\dotnet\packs\Microsoft.NETCore.App.Ref\8.0.28\ref\net8.0\System.Security.Cryptography.dll”。
             在搜索路径位置“{RawFileName}”找到引用。
             此引用不是“CopyLocal”，因为至少有一个源项将“Private”设置为“false”，而没有源项将“Private”设置为“true”。
         主引用“System.Security.Principal.Windows, Version=8.0.0.0, Culture=neutral, PublicKeyToken=b03f5f7f11d50a3a”。
             解析的文件路径为“C:\Program Files\dotnet\packs\Microsoft.NETCore.App.Ref\8.0.28\ref\net8.0\System.Security.Principal.Windows.dll”。
             在搜索路径位置“{RawFileName}”找到引用。
             此引用不是“CopyLocal”，因为至少有一个源项将“Private”设置为“false”，而没有源项将“Private”设置为“true”。
         主引用“System.Security.Principal, Version=8.0.0.0, Culture=neutral, PublicKeyToken=b03f5f7f11d50a3a”。
             解析的文件路径为“C:\Program Files\dotnet\packs\Microsoft.NETCore.App.Ref\8.0.28\ref\net8.0\System.Security.Principal.dll”。
             在搜索路径位置“{RawFileName}”找到引用。
             此引用不是“CopyLocal”，因为至少有一个源项将“Private”设置为“false”，而没有源项将“Private”设置为“true”。
         主引用“System.Security.SecureString, Version=8.0.0.0, Culture=neutral, PublicKeyToken=b03f5f7f11d50a3a”。
             解析的文件路径为“C:\Program Files\dotnet\packs\Microsoft.NETCore.App.Ref\8.0.28\ref\net8.0\System.Security.SecureString.dll”。
             在搜索路径位置“{RawFileName}”找到引用。
             此引用不是“CopyLocal”，因为至少有一个源项将“Private”设置为“false”，而没有源项将“Private”设置为“true”。
         主引用“System.Security, Version=4.0.0.0, Culture=neutral, PublicKeyToken=b03f5f7f11d50a3a”。
             解析的文件路径为“C:\Program Files\dotnet\packs\Microsoft.NETCore.App.Ref\8.0.28\ref\net8.0\System.Security.dll”。
             在搜索路径位置“{RawFileName}”找到引用。
             此引用不是“CopyLocal”，因为至少有一个源项将“Private”设置为“false”，而没有源项将“Private”设置为“true”。
         主引用“System.ServiceModel.Web, Version=4.0.0.0, Culture=neutral, PublicKeyToken=31bf3856ad364e35”。
             解析的文件路径为“C:\Program Files\dotnet\packs\Microsoft.NETCore.App.Ref\8.0.28\ref\net8.0\System.ServiceModel.Web.dll”。
             在搜索路径位置“{RawFileName}”找到引用。
             此引用不是“CopyLocal”，因为至少有一个源项将“Private”设置为“false”，而没有源项将“Private”设置为“true”。
         主引用“System.ServiceProcess, Version=4.0.0.0, Culture=neutral, PublicKeyToken=b03f5f7f11d50a3a”。
             解析的文件路径为“C:\Program Files\dotnet\packs\Microsoft.NETCore.App.Ref\8.0.28\ref\net8.0\System.ServiceProcess.dll”。
             在搜索路径位置“{RawFileName}”找到引用。
             此引用不是“CopyLocal”，因为至少有一个源项将“Private”设置为“false”，而没有源项将“Private”设置为“true”。
         主引用“System.Text.Encoding.CodePages, Version=8.0.0.0, Culture=neutral, PublicKeyToken=b03f5f7f11d50a3a”。
             解析的文件路径为“C:\Program Files\dotnet\packs\Microsoft.NETCore.App.Ref\8.0.28\ref\net8.0\System.Text.Encoding.CodePages.dll”。
             在搜索路径位置“{RawFileName}”找到引用。
             此引用不是“CopyLocal”，因为至少有一个源项将“Private”设置为“false”，而没有源项将“Private”设置为“true”。
         主引用“System.Text.Encoding.Extensions, Version=8.0.0.0, Culture=neutral, PublicKeyToken=b03f5f7f11d50a3a”。
             解析的文件路径为“C:\Program Files\dotnet\packs\Microsoft.NETCore.App.Ref\8.0.28\ref\net8.0\System.Text.Encoding.Extensions.dll”。
             在搜索路径位置“{RawFileName}”找到引用。
             此引用不是“CopyLocal”，因为至少有一个源项将“Private”设置为“false”，而没有源项将“Private”设置为“true”。
         主引用“System.Text.Encoding, Version=8.0.0.0, Culture=neutral, PublicKeyToken=b03f5f7f11d50a3a”。
             解析的文件路径为“C:\Program Files\dotnet\packs\Microsoft.NETCore.App.Ref\8.0.28\ref\net8.0\System.Text.Encoding.dll”。
             在搜索路径位置“{RawFileName}”找到引用。
             此引用不是“CopyLocal”，因为至少有一个源项将“Private”设置为“false”，而没有源项将“Private”设置为“true”。
         主引用“System.Text.Encodings.Web, Version=8.0.0.0, Culture=neutral, PublicKeyToken=cc7b13ffcd2ddd51”。
             解析的文件路径为“C:\Program Files\dotnet\packs\Microsoft.NETCore.App.Ref\8.0.28\ref\net8.0\System.Text.Encodings.Web.dll”。
             在搜索路径位置“{RawFileName}”找到引用。
             此引用不是“CopyLocal”，因为至少有一个源项将“Private”设置为“false”，而没有源项将“Private”设置为“true”。
         主引用“System.Text.Json, Version=8.0.0.0, Culture=neutral, PublicKeyToken=cc7b13ffcd2ddd51”。
             解析的文件路径为“C:\Program Files\dotnet\packs\Microsoft.NETCore.App.Ref\8.0.28\ref\net8.0\System.Text.Json.dll”。
             在搜索路径位置“{RawFileName}”找到引用。
             此引用不是“CopyLocal”，因为至少有一个源项将“Private”设置为“false”，而没有源项将“Private”设置为“true”。
         主引用“System.Text.RegularExpressions, Version=8.0.0.0, Culture=neutral, PublicKeyToken=b03f5f7f11d50a3a”。
             解析的文件路径为“C:\Program Files\dotnet\packs\Microsoft.NETCore.App.Ref\8.0.28\ref\net8.0\System.Text.RegularExpressions.dll”。
             在搜索路径位置“{RawFileName}”找到引用。
             此引用不是“CopyLocal”，因为至少有一个源项将“Private”设置为“false”，而没有源项将“Private”设置为“true”。
         主引用“System.Threading.Channels, Version=8.0.0.0, Culture=neutral, PublicKeyToken=cc7b13ffcd2ddd51”。
             解析的文件路径为“C:\Program Files\dotnet\packs\Microsoft.NETCore.App.Ref\8.0.28\ref\net8.0\System.Threading.Channels.dll”。
             在搜索路径位置“{RawFileName}”找到引用。
             此引用不是“CopyLocal”，因为至少有一个源项将“Private”设置为“false”，而没有源项将“Private”设置为“true”。
         主引用“System.Threading.Overlapped, Version=8.0.0.0, Culture=neutral, PublicKeyToken=b03f5f7f11d50a3a”。
             解析的文件路径为“C:\Program Files\dotnet\packs\Microsoft.NETCore.App.Ref\8.0.28\ref\net8.0\System.Threading.Overlapped.dll”。
             在搜索路径位置“{RawFileName}”找到引用。
             此引用不是“CopyLocal”，因为至少有一个源项将“Private”设置为“false”，而没有源项将“Private”设置为“true”。
         主引用“System.Threading.Tasks.Dataflow, Version=8.0.0.0, Culture=neutral, PublicKeyToken=b03f5f7f11d50a3a”。
             解析的文件路径为“C:\Program Files\dotnet\packs\Microsoft.NETCore.App.Ref\8.0.28\ref\net8.0\System.Threading.Tasks.Dataflow.dll”。
             在搜索路径位置“{RawFileName}”找到引用。
             此引用不是“CopyLocal”，因为至少有一个源项将“Private”设置为“false”，而没有源项将“Private”设置为“true”。
         主引用“System.Threading.Tasks.Extensions, Version=8.0.0.0, Culture=neutral, PublicKeyToken=cc7b13ffcd2ddd51”。
             解析的文件路径为“C:\Program Files\dotnet\packs\Microsoft.NETCore.App.Ref\8.0.28\ref\net8.0\System.Threading.Tasks.Extensions.dll”。
             在搜索路径位置“{RawFileName}”找到引用。
             此引用不是“CopyLocal”，因为至少有一个源项将“Private”设置为“false”，而没有源项将“Private”设置为“true”。
         主引用“System.Threading.Tasks.Parallel, Version=8.0.0.0, Culture=neutral, PublicKeyToken=b03f5f7f11d50a3a”。
             解析的文件路径为“C:\Program Files\dotnet\packs\Microsoft.NETCore.App.Ref\8.0.28\ref\net8.0\System.Threading.Tasks.Parallel.dll”。
             在搜索路径位置“{RawFileName}”找到引用。
             此引用不是“CopyLocal”，因为至少有一个源项将“Private”设置为“false”，而没有源项将“Private”设置为“true”。
         主引用“System.Threading.Tasks, Version=8.0.0.0, Culture=neutral, PublicKeyToken=b03f5f7f11d50a3a”。
             解析的文件路径为“C:\Program Files\dotnet\packs\Microsoft.NETCore.App.Ref\8.0.28\ref\net8.0\System.Threading.Tasks.dll”。
             在搜索路径位置“{RawFileName}”找到引用。
             此引用不是“CopyLocal”，因为至少有一个源项将“Private”设置为“false”，而没有源项将“Private”设置为“true”。
         主引用“System.Threading.Thread, Version=8.0.0.0, Culture=neutral, PublicKeyToken=b03f5f7f11d50a3a”。
             解析的文件路径为“C:\Program Files\dotnet\packs\Microsoft.NETCore.App.Ref\8.0.28\ref\net8.0\System.Threading.Thread.dll”。
             在搜索路径位置“{RawFileName}”找到引用。
             此引用不是“CopyLocal”，因为至少有一个源项将“Private”设置为“false”，而没有源项将“Private”设置为“true”。
         主引用“System.Threading.ThreadPool, Version=8.0.0.0, Culture=neutral, PublicKeyToken=b03f5f7f11d50a3a”。
             解析的文件路径为“C:\Program Files\dotnet\packs\Microsoft.NETCore.App.Ref\8.0.28\ref\net8.0\System.Threading.ThreadPool.dll”。
             在搜索路径位置“{RawFileName}”找到引用。
             此引用不是“CopyLocal”，因为至少有一个源项将“Private”设置为“false”，而没有源项将“Private”设置为“true”。
         主引用“System.Threading.Timer, Version=8.0.0.0, Culture=neutral, PublicKeyToken=b03f5f7f11d50a3a”。
             解析的文件路径为“C:\Program Files\dotnet\packs\Microsoft.NETCore.App.Ref\8.0.28\ref\net8.0\System.Threading.Timer.dll”。
             在搜索路径位置“{RawFileName}”找到引用。
             此引用不是“CopyLocal”，因为至少有一个源项将“Private”设置为“false”，而没有源项将“Private”设置为“true”。
         主引用“System.Threading, Version=8.0.0.0, Culture=neutral, PublicKeyToken=b03f5f7f11d50a3a”。
             解析的文件路径为“C:\Program Files\dotnet\packs\Microsoft.NETCore.App.Ref\8.0.28\ref\net8.0\System.Threading.dll”。
             在搜索路径位置“{RawFileName}”找到引用。
             此引用不是“CopyLocal”，因为至少有一个源项将“Private”设置为“false”，而没有源项将“Private”设置为“true”。
         主引用“System.Transactions.Local, Version=8.0.0.0, Culture=neutral, PublicKeyToken=cc7b13ffcd2ddd51”。
             解析的文件路径为“C:\Program Files\dotnet\packs\Microsoft.NETCore.App.Ref\8.0.28\ref\net8.0\System.Transactions.Local.dll”。
             在搜索路径位置“{RawFileName}”找到引用。
             此引用不是“CopyLocal”，因为至少有一个源项将“Private”设置为“false”，而没有源项将“Private”设置为“true”。
         主引用“System.Transactions, Version=4.0.0.0, Culture=neutral, PublicKeyToken=b77a5c561934e089”。
             解析的文件路径为“C:\Program Files\dotnet\packs\Microsoft.NETCore.App.Ref\8.0.28\ref\net8.0\System.Transactions.dll”。
             在搜索路径位置“{RawFileName}”找到引用。
             此引用不是“CopyLocal”，因为至少有一个源项将“Private”设置为“false”，而没有源项将“Private”设置为“true”。
         主引用“System.ValueTuple, Version=8.0.0.0, Culture=neutral, PublicKeyToken=cc7b13ffcd2ddd51”。
             解析的文件路径为“C:\Program Files\dotnet\packs\Microsoft.NETCore.App.Ref\8.0.28\ref\net8.0\System.ValueTuple.dll”。
             在搜索路径位置“{RawFileName}”找到引用。
             此引用不是“CopyLocal”，因为至少有一个源项将“Private”设置为“false”，而没有源项将“Private”设置为“true”。
         主引用“System.Web.HttpUtility, Version=8.0.0.0, Culture=neutral, PublicKeyToken=cc7b13ffcd2ddd51”。
             解析的文件路径为“C:\Program Files\dotnet\packs\Microsoft.NETCore.App.Ref\8.0.28\ref\net8.0\System.Web.HttpUtility.dll”。
             在搜索路径位置“{RawFileName}”找到引用。
             此引用不是“CopyLocal”，因为至少有一个源项将“Private”设置为“false”，而没有源项将“Private”设置为“true”。
         主引用“System.Web, Version=4.0.0.0, Culture=neutral, PublicKeyToken=b03f5f7f11d50a3a”。
             解析的文件路径为“C:\Program Files\dotnet\packs\Microsoft.NETCore.App.Ref\8.0.28\ref\net8.0\System.Web.dll”。
             在搜索路径位置“{RawFileName}”找到引用。
             此引用不是“CopyLocal”，因为至少有一个源项将“Private”设置为“false”，而没有源项将“Private”设置为“true”。
         主引用“System.Windows, Version=4.0.0.0, Culture=neutral, PublicKeyToken=b03f5f7f11d50a3a”。
             解析的文件路径为“C:\Program Files\dotnet\packs\Microsoft.NETCore.App.Ref\8.0.28\ref\net8.0\System.Windows.dll”。
             在搜索路径位置“{RawFileName}”找到引用。
             此引用不是“CopyLocal”，因为至少有一个源项将“Private”设置为“false”，而没有源项将“Private”设置为“true”。
         主引用“System.Xml.Linq, Version=4.0.0.0, Culture=neutral, PublicKeyToken=b77a5c561934e089”。
             解析的文件路径为“C:\Program Files\dotnet\packs\Microsoft.NETCore.App.Ref\8.0.28\ref\net8.0\System.Xml.Linq.dll”。
             在搜索路径位置“{RawFileName}”找到引用。
             此引用不是“CopyLocal”，因为至少有一个源项将“Private”设置为“false”，而没有源项将“Private”设置为“true”。
         主引用“System.Xml.ReaderWriter, Version=8.0.0.0, Culture=neutral, PublicKeyToken=b03f5f7f11d50a3a”。
             解析的文件路径为“C:\Program Files\dotnet\packs\Microsoft.NETCore.App.Ref\8.0.28\ref\net8.0\System.Xml.ReaderWriter.dll”。
             在搜索路径位置“{RawFileName}”找到引用。
             此引用不是“CopyLocal”，因为至少有一个源项将“Private”设置为“false”，而没有源项将“Private”设置为“true”。
         主引用“System.Xml.Serialization, Version=4.0.0.0, Culture=neutral, PublicKeyToken=b77a5c561934e089”。
             解析的文件路径为“C:\Program Files\dotnet\packs\Microsoft.NETCore.App.Ref\8.0.28\ref\net8.0\System.Xml.Serialization.dll”。
             在搜索路径位置“{RawFileName}”找到引用。
             此引用不是“CopyLocal”，因为至少有一个源项将“Private”设置为“false”，而没有源项将“Private”设置为“true”。
         主引用“System.Xml.XDocument, Version=8.0.0.0, Culture=neutral, PublicKeyToken=b03f5f7f11d50a3a”。
             解析的文件路径为“C:\Program Files\dotnet\packs\Microsoft.NETCore.App.Ref\8.0.28\ref\net8.0\System.Xml.XDocument.dll”。
             在搜索路径位置“{RawFileName}”找到引用。
             此引用不是“CopyLocal”，因为至少有一个源项将“Private”设置为“false”，而没有源项将“Private”设置为“true”。
         主引用“System.Xml.XPath.XDocument, Version=8.0.0.0, Culture=neutral, PublicKeyToken=b03f5f7f11d50a3a”。
             解析的文件路径为“C:\Program Files\dotnet\packs\Microsoft.NETCore.App.Ref\8.0.28\ref\net8.0\System.Xml.XPath.XDocument.dll”。
             在搜索路径位置“{RawFileName}”找到引用。
             此引用不是“CopyLocal”，因为至少有一个源项将“Private”设置为“false”，而没有源项将“Private”设置为“true”。
         主引用“System.Xml.XPath, Version=8.0.0.0, Culture=neutral, PublicKeyToken=b03f5f7f11d50a3a”。
             解析的文件路径为“C:\Program Files\dotnet\packs\Microsoft.NETCore.App.Ref\8.0.28\ref\net8.0\System.Xml.XPath.dll”。
             在搜索路径位置“{RawFileName}”找到引用。
             此引用不是“CopyLocal”，因为至少有一个源项将“Private”设置为“false”，而没有源项将“Private”设置为“true”。
         主引用“System.Xml.XmlDocument, Version=8.0.0.0, Culture=neutral, PublicKeyToken=b03f5f7f11d50a3a”。
             解析的文件路径为“C:\Program Files\dotnet\packs\Microsoft.NETCore.App.Ref\8.0.28\ref\net8.0\System.Xml.XmlDocument.dll”。
             在搜索路径位置“{RawFileName}”找到引用。
             此引用不是“CopyLocal”，因为至少有一个源项将“Private”设置为“false”，而没有源项将“Private”设置为“true”。
         主引用“System.Xml.XmlSerializer, Version=8.0.0.0, Culture=neutral, PublicKeyToken=b03f5f7f11d50a3a”。
             解析的文件路径为“C:\Program Files\dotnet\packs\Microsoft.NETCore.App.Ref\8.0.28\ref\net8.0\System.Xml.XmlSerializer.dll”。
             在搜索路径位置“{RawFileName}”找到引用。
             此引用不是“CopyLocal”，因为至少有一个源项将“Private”设置为“false”，而没有源项将“Private”设置为“true”。
         主引用“System.Xml, Version=4.0.0.0, Culture=neutral, PublicKeyToken=b77a5c561934e089”。
             解析的文件路径为“C:\Program Files\dotnet\packs\Microsoft.NETCore.App.Ref\8.0.28\ref\net8.0\System.Xml.dll”。
             在搜索路径位置“{RawFileName}”找到引用。
             此引用不是“CopyLocal”，因为至少有一个源项将“Private”设置为“false”，而没有源项将“Private”设置为“true”。
         主引用“System, Version=4.0.0.0, Culture=neutral, PublicKeyToken=b77a5c561934e089”。
             解析的文件路径为“C:\Program Files\dotnet\packs\Microsoft.NETCore.App.Ref\8.0.28\ref\net8.0\System.dll”。
             在搜索路径位置“{RawFileName}”找到引用。
             此引用不是“CopyLocal”，因为至少有一个源项将“Private”设置为“false”，而没有源项将“Private”设置为“true”。
         主引用“WindowsBase, Version=4.0.0.0, Culture=neutral, PublicKeyToken=31bf3856ad364e35”。
             解析的文件路径为“C:\Program Files\dotnet\packs\Microsoft.NETCore.App.Ref\8.0.28\ref\net8.0\WindowsBase.dll”。
             在搜索路径位置“{RawFileName}”找到引用。
             此引用不是“CopyLocal”，因为至少有一个源项将“Private”设置为“false”，而没有源项将“Private”设置为“true”。
         主引用“mscorlib, Version=4.0.0.0, Culture=neutral, PublicKeyToken=b77a5c561934e089”。
             解析的文件路径为“C:\Program Files\dotnet\packs\Microsoft.NETCore.App.Ref\8.0.28\ref\net8.0\mscorlib.dll”。
             在搜索路径位置“{RawFileName}”找到引用。
             此引用不是“CopyLocal”，因为至少有一个源项将“Private”设置为“false”，而没有源项将“Private”设置为“true”。
         主引用“netstandard, Version=2.1.0.0, Culture=neutral, PublicKeyToken=cc7b13ffcd2ddd51”。
             解析的文件路径为“C:\Program Files\dotnet\packs\Microsoft.NETCore.App.Ref\8.0.28\ref\net8.0\netstandard.dll”。
             在搜索路径位置“{RawFileName}”找到引用。
             此引用不是“CopyLocal”，因为至少有一个源项将“Private”设置为“false”，而没有源项将“Private”设置为“true”。
         主引用“Accessibility, Version=4.0.0.0, Culture=neutral, PublicKeyToken=31bf3856ad364e35”。
             解析的文件路径为“C:\Program Files\dotnet\packs\Microsoft.WindowsDesktop.App.Ref\8.0.28\ref\net8.0\Accessibility.dll”。
             在搜索路径位置“{RawFileName}”找到引用。
             此引用不是“CopyLocal”，因为至少有一个源项将“Private”设置为“false”，而没有源项将“Private”设置为“true”。
         主引用“Microsoft.VisualBasic.Forms, Version=8.0.0.0, Culture=neutral, PublicKeyToken=b03f5f7f11d50a3a”。
             解析的文件路径为“C:\Program Files\dotnet\packs\Microsoft.WindowsDesktop.App.Ref\8.0.28\ref\net8.0\Microsoft.VisualBasic.Forms.dll”。
             在搜索路径位置“{RawFileName}”找到引用。
             此引用不是“CopyLocal”，因为至少有一个源项将“Private”设置为“false”，而没有源项将“Private”设置为“true”。
         主引用“Microsoft.VisualBasic, Version=10.1.0.0, Culture=neutral, PublicKeyToken=b03f5f7f11d50a3a”。
             解析的文件路径为“C:\Program Files\dotnet\packs\Microsoft.WindowsDesktop.App.Ref\8.0.28\ref\net8.0\Microsoft.VisualBasic.dll”。
             在搜索路径位置“{RawFileName}”找到引用。
             此引用不是“CopyLocal”，因为至少有一个源项将“Private”设置为“false”，而没有源项将“Private”设置为“true”。
         主引用“Microsoft.Win32.Registry.AccessControl, Version=8.0.0.0, Culture=neutral, PublicKeyToken=b03f5f7f11d50a3a”。
             解析的文件路径为“C:\Program Files\dotnet\packs\Microsoft.WindowsDesktop.App.Ref\8.0.28\ref\net8.0\Microsoft.Win32.Registry.AccessControl.dll”。
             在搜索路径位置“{RawFileName}”找到引用。
             此引用不是“CopyLocal”，因为至少有一个源项将“Private”设置为“false”，而没有源项将“Private”设置为“true”。
         主引用“Microsoft.Win32.SystemEvents, Version=8.0.0.0, Culture=neutral, PublicKeyToken=cc7b13ffcd2ddd51”。
             解析的文件路径为“C:\Program Files\dotnet\packs\Microsoft.WindowsDesktop.App.Ref\8.0.28\ref\net8.0\Microsoft.Win32.SystemEvents.dll”。
             在搜索路径位置“{RawFileName}”找到引用。
             此引用不是“CopyLocal”，因为至少有一个源项将“Private”设置为“false”，而没有源项将“Private”设置为“true”。
         主引用“System.CodeDom, Version=8.0.0.0, Culture=neutral, PublicKeyToken=cc7b13ffcd2ddd51”。
             解析的文件路径为“C:\Program Files\dotnet\packs\Microsoft.WindowsDesktop.App.Ref\8.0.28\ref\net8.0\System.CodeDom.dll”。
             在搜索路径位置“{RawFileName}”找到引用。
             此引用不是“CopyLocal”，因为至少有一个源项将“Private”设置为“false”，而没有源项将“Private”设置为“true”。
         主引用“System.Configuration.ConfigurationManager, Version=8.0.0.0, Culture=neutral, PublicKeyToken=cc7b13ffcd2ddd51”。
             解析的文件路径为“C:\Program Files\dotnet\packs\Microsoft.WindowsDesktop.App.Ref\8.0.28\ref\net8.0\System.Configuration.ConfigurationManager.dll”。
             在搜索路径位置“{RawFileName}”找到引用。
             此引用不是“CopyLocal”，因为至少有一个源项将“Private”设置为“false”，而没有源项将“Private”设置为“true”。
         主引用“System.Design, Version=8.0.0.0, Culture=neutral, PublicKeyToken=b03f5f7f11d50a3a”。
             解析的文件路径为“C:\Program Files\dotnet\packs\Microsoft.WindowsDesktop.App.Ref\8.0.28\ref\net8.0\System.Design.dll”。
             在搜索路径位置“{RawFileName}”找到引用。
             此引用不是“CopyLocal”，因为至少有一个源项将“Private”设置为“false”，而没有源项将“Private”设置为“true”。
         主引用“System.Diagnostics.EventLog, Version=8.0.0.0, Culture=neutral, PublicKeyToken=cc7b13ffcd2ddd51”。
             解析的文件路径为“C:\Program Files\dotnet\packs\Microsoft.WindowsDesktop.App.Ref\8.0.28\ref\net8.0\System.Diagnostics.EventLog.dll”。
             在搜索路径位置“{RawFileName}”找到引用。
             此引用不是“CopyLocal”，因为至少有一个源项将“Private”设置为“false”，而没有源项将“Private”设置为“true”。
         主引用“System.Diagnostics.PerformanceCounter, Version=8.0.0.0, Culture=neutral, PublicKeyToken=cc7b13ffcd2ddd51”。
             解析的文件路径为“C:\Program Files\dotnet\packs\Microsoft.WindowsDesktop.App.Ref\8.0.28\ref\net8.0\System.Diagnostics.PerformanceCounter.dll”。
             在搜索路径位置“{RawFileName}”找到引用。
             此引用不是“CopyLocal”，因为至少有一个源项将“Private”设置为“false”，而没有源项将“Private”设置为“true”。
         主引用“System.DirectoryServices, Version=8.0.0.0, Culture=neutral, PublicKeyToken=b03f5f7f11d50a3a”。
             解析的文件路径为“C:\Program Files\dotnet\packs\Microsoft.WindowsDesktop.App.Ref\8.0.28\ref\net8.0\System.DirectoryServices.dll”。
             在搜索路径位置“{RawFileName}”找到引用。
             此引用不是“CopyLocal”，因为至少有一个源项将“Private”设置为“false”，而没有源项将“Private”设置为“true”。
         主引用“System.Drawing.Common, Version=8.0.0.0, Culture=neutral, PublicKeyToken=cc7b13ffcd2ddd51”。
             解析的文件路径为“C:\Program Files\dotnet\packs\Microsoft.WindowsDesktop.App.Ref\8.0.28\ref\net8.0\System.Drawing.Common.dll”。
             在搜索路径位置“{RawFileName}”找到引用。
             此引用不是“CopyLocal”，因为至少有一个源项将“Private”设置为“false”，而没有源项将“Private”设置为“true”。
         主引用“System.Drawing.Design, Version=8.0.0.0, Culture=neutral, PublicKeyToken=b03f5f7f11d50a3a”。
             解析的文件路径为“C:\Program Files\dotnet\packs\Microsoft.WindowsDesktop.App.Ref\8.0.28\ref\net8.0\System.Drawing.Design.dll”。
             在搜索路径位置“{RawFileName}”找到引用。
             此引用不是“CopyLocal”，因为至少有一个源项将“Private”设置为“false”，而没有源项将“Private”设置为“true”。
         主引用“System.Drawing, Version=8.0.0.0, Culture=neutral, PublicKeyToken=b03f5f7f11d50a3a”。
             解析的文件路径为“C:\Program Files\dotnet\packs\Microsoft.WindowsDesktop.App.Ref\8.0.28\ref\net8.0\System.Drawing.dll”。
             在搜索路径位置“{RawFileName}”找到引用。
             此引用不是“CopyLocal”，因为至少有一个源项将“Private”设置为“false”，而没有源项将“Private”设置为“true”。
         主引用“System.IO.Packaging, Version=8.0.0.0, Culture=neutral, PublicKeyToken=b03f5f7f11d50a3a”。
             解析的文件路径为“C:\Program Files\dotnet\packs\Microsoft.WindowsDesktop.App.Ref\8.0.28\ref\net8.0\System.IO.Packaging.dll”。
             在搜索路径位置“{RawFileName}”找到引用。
             此引用不是“CopyLocal”，因为至少有一个源项将“Private”设置为“false”，而没有源项将“Private”设置为“true”。
         主引用“System.Resources.Extensions, Version=8.0.0.0, Culture=neutral, PublicKeyToken=cc7b13ffcd2ddd51”。
             解析的文件路径为“C:\Program Files\dotnet\packs\Microsoft.WindowsDesktop.App.Ref\8.0.28\ref\net8.0\System.Resources.Extensions.dll”。
             在搜索路径位置“{RawFileName}”找到引用。
             此引用不是“CopyLocal”，因为至少有一个源项将“Private”设置为“false”，而没有源项将“Private”设置为“true”。
         主引用“System.Security.Cryptography.Pkcs, Version=8.0.0.0, Culture=neutral, PublicKeyToken=b03f5f7f11d50a3a”。
             解析的文件路径为“C:\Program Files\dotnet\packs\Microsoft.WindowsDesktop.App.Ref\8.0.28\ref\net8.0\System.Security.Cryptography.Pkcs.dll”。
             在搜索路径位置“{RawFileName}”找到引用。
             此引用不是“CopyLocal”，因为至少有一个源项将“Private”设置为“false”，而没有源项将“Private”设置为“true”。
         主引用“System.Security.Cryptography.ProtectedData, Version=8.0.0.0, Culture=neutral, PublicKeyToken=b03f5f7f11d50a3a”。
             解析的文件路径为“C:\Program Files\dotnet\packs\Microsoft.WindowsDesktop.App.Ref\8.0.28\ref\net8.0\System.Security.Cryptography.ProtectedData.dll”。
             在搜索路径位置“{RawFileName}”找到引用。
             此引用不是“CopyLocal”，因为至少有一个源项将“Private”设置为“false”，而没有源项将“Private”设置为“true”。
         主引用“System.Security.Cryptography.Xml, Version=8.0.0.0, Culture=neutral, PublicKeyToken=cc7b13ffcd2ddd51”。
             解析的文件路径为“C:\Program Files\dotnet\packs\Microsoft.WindowsDesktop.App.Ref\8.0.28\ref\net8.0\System.Security.Cryptography.Xml.dll”。
             在搜索路径位置“{RawFileName}”找到引用。
             此引用不是“CopyLocal”，因为至少有一个源项将“Private”设置为“false”，而没有源项将“Private”设置为“true”。
         主引用“System.Security.Permissions, Version=8.0.0.0, Culture=neutral, PublicKeyToken=cc7b13ffcd2ddd51”。
             解析的文件路径为“C:\Program Files\dotnet\packs\Microsoft.WindowsDesktop.App.Ref\8.0.28\ref\net8.0\System.Security.Permissions.dll”。
             在搜索路径位置“{RawFileName}”找到引用。
             此引用不是“CopyLocal”，因为至少有一个源项将“Private”设置为“false”，而没有源项将“Private”设置为“true”。
         主引用“System.Threading.AccessControl, Version=8.0.0.0, Culture=neutral, PublicKeyToken=b03f5f7f11d50a3a”。
             解析的文件路径为“C:\Program Files\dotnet\packs\Microsoft.WindowsDesktop.App.Ref\8.0.28\ref\net8.0\System.Threading.AccessControl.dll”。
             在搜索路径位置“{RawFileName}”找到引用。
             此引用不是“CopyLocal”，因为至少有一个源项将“Private”设置为“false”，而没有源项将“Private”设置为“true”。
         主引用“System.Windows.Extensions, Version=8.0.0.0, Culture=neutral, PublicKeyToken=cc7b13ffcd2ddd51”。
             解析的文件路径为“C:\Program Files\dotnet\packs\Microsoft.WindowsDesktop.App.Ref\8.0.28\ref\net8.0\System.Windows.Extensions.dll”。
             在搜索路径位置“{RawFileName}”找到引用。
             此引用不是“CopyLocal”，因为至少有一个源项将“Private”设置为“false”，而没有源项将“Private”设置为“true”。
         主引用“System.Windows.Forms.Design.Editors, Version=8.0.0.0, Culture=neutral, PublicKeyToken=b03f5f7f11d50a3a”。
             解析的文件路径为“C:\Program Files\dotnet\packs\Microsoft.WindowsDesktop.App.Ref\8.0.28\ref\net8.0\System.Windows.Forms.Design.Editors.dll”。
             在搜索路径位置“{RawFileName}”找到引用。
             此引用不是“CopyLocal”，因为至少有一个源项将“Private”设置为“false”，而没有源项将“Private”设置为“true”。
         主引用“System.Windows.Forms.Design, Version=8.0.0.0, Culture=neutral, PublicKeyToken=b77a5c561934e089”。
             解析的文件路径为“C:\Program Files\dotnet\packs\Microsoft.WindowsDesktop.App.Ref\8.0.28\ref\net8.0\System.Windows.Forms.Design.dll”。
             在搜索路径位置“{RawFileName}”找到引用。
             此引用不是“CopyLocal”，因为至少有一个源项将“Private”设置为“false”，而没有源项将“Private”设置为“true”。
         主引用“System.Windows.Forms.Primitives, Version=8.0.0.0, Culture=neutral, PublicKeyToken=b77a5c561934e089”。
             解析的文件路径为“C:\Program Files\dotnet\packs\Microsoft.WindowsDesktop.App.Ref\8.0.28\ref\net8.0\System.Windows.Forms.Primitives.dll”。
             在搜索路径位置“{RawFileName}”找到引用。
             此引用不是“CopyLocal”，因为至少有一个源项将“Private”设置为“false”，而没有源项将“Private”设置为“true”。
         主引用“System.Windows.Forms, Version=8.0.0.0, Culture=neutral, PublicKeyToken=b77a5c561934e089”。
             解析的文件路径为“C:\Program Files\dotnet\packs\Microsoft.WindowsDesktop.App.Ref\8.0.28\ref\net8.0\System.Windows.Forms.dll”。
             在搜索路径位置“{RawFileName}”找到引用。
             此引用不是“CopyLocal”，因为至少有一个源项将“Private”设置为“false”，而没有源项将“Private”设置为“true”。
       已完成执行任务“ResolveAssemblyReference”的操作。
   1:7>已完成在项目“NctSim.csproj”中生成目标“ResolveAssemblyReferences”的操作。
       由于条件的计算结果为 false，已跳过目标“_ErrorOnUnresolvedWindowsSDKAssemblyConflict”；( '@(ResolveAssemblyReferenceUnresolvedAssemblyConflicts)' != '' )的计算结果为( '' != '' )。
       由于条件的计算结果为 false，已跳过目标“GenerateBindingRedirects”；('$(AutoGenerateBindingRedirects)' == 'true' and '$(GenerateBindingRedirectsOutputType)' == 'true' and '@(SuggestedBindingRedirects)' != '' and '$(DesignTimeBuild)' != 'true' and '$(BuildingProject)' == 'true')的计算结果为('' == 'true' and 'true' == 'true' and '' != '' and '' != 'true' and 'true' == 'true')。
       由于条件的计算结果为 false，已跳过目标“GenerateSupportedRuntime”；('$(GenerateSupportedRuntime)' != 'false' and '$(TargetFrameworkIdentifier)' == '.NETFramework' and '$(HasRuntimeOutput)' == 'true')的计算结果为('' != 'false' and '.NETCoreApp' == '.NETFramework' and 'true' == 'true')。
       由于条件的计算结果为 false，已跳过目标“GenerateBindingRedirectsUpdateAppConfig”；('$(AutoGenerateBindingRedirects)' == 'true' and '$(GenerateBindingRedirectsOutputType)' == 'true')的计算结果为('' == 'true' and 'true' == 'true')。
       由于条件的计算结果为 false，已跳过目标“ResolveComReferences”；('@(COMReference)'!='' or '@(COMFileReference)'!='')的计算结果为(''!='' or ''!='')。
   1:7>来自项目“D:\java_workspace\技能实训\源代码\NctSim\NctSim.csproj”的文件“C:\Program Files\dotnet\sdk\8.0.422\Microsoft.Common.CurrentVersion.targets”中的目标“AfterResolveReferences”(目标“ResolveReferences”依赖于它):
   1:7>已完成在项目“NctSim.csproj”中生成目标“AfterResolveReferences”的操作。
   1:7>来自项目“D:\java_workspace\技能实训\源代码\NctSim\NctSim.csproj”的文件“C:\Program Files\dotnet\sdk\8.0.422\Microsoft.Common.CurrentVersion.targets”中的目标“ResolveReferences”(目标“_BlockWinMDsOnUnsupportedTFMs”依赖于它):
   1:7>已完成在项目“NctSim.csproj”中生成目标“ResolveReferences”的操作。
   1:7>来自项目“D:\java_workspace\技能实训\源代码\NctSim\NctSim.csproj”的文件“C:\Program Files\dotnet\sdk\8.0.422\Sdks\Microsoft.NET.Sdk\targets\Microsoft.NET.Sdk.targets”中的目标“_BlockWinMDsOnUnsupportedTFMs”(目标“CoreBuild”依赖于它):
       正在使用程序集“C:\Program Files\dotnet\sdk\8.0.422\Sdks\Microsoft.NET.Sdk\targets\..\tools\net8.0\Microsoft.NET.Build.Tasks.dll”中的“CheckForUnsupportedWinMDReferences”任务。
       任务“CheckForUnsupportedWinMDReferences”
       已完成执行任务“CheckForUnsupportedWinMDReferences”的操作。
       由于 false 条件，已跳过任务“NETSdkError”；('$(OutputType)' == 'winmdobj')计算为('WinExe' == 'winmdobj')。
   1:7>已完成在项目“NctSim.csproj”中生成目标“_BlockWinMDsOnUnsupportedTFMs”的操作。
       已跳过目标“ResolveReferences”。以前的生成已成功。
       由于条件的计算结果为 false，已跳过目标“MarkupCompilePass1”；('@(Page)' != '' or '@(ApplicationDefinition)' != '' )的计算结果为('' != '' or '' != '' )。
   1:7>来自项目“D:\java_workspace\技能实训\源代码\NctSim\NctSim.csproj”的文件“C:\Program Files\dotnet\sdk\8.0.422\Sdks\Microsoft.NET.Sdk.WindowsDesktop\targets\Microsoft.WinFX.targets”中的目标“AfterMarkupCompilePass1”(目标“PrepareResources”依赖于它):
   1:7>已完成在项目“NctSim.csproj”中生成目标“AfterMarkupCompilePass1”的操作。
       由于条件的计算结果为 false，已跳过目标“MarkupCompilePass2ForMainAssembly”；('$(_RequireMCPass2ForMainAssembly)' == 'true' )的计算结果为('false' == 'true' )。
   1:7>来自项目“D:\java_workspace\技能实训\源代码\NctSim\NctSim.csproj”的文件“C:\Program Files\dotnet\sdk\8.0.422\Sdks\Microsoft.NET.Sdk.WindowsDesktop\targets\Microsoft.WinFX.targets”中的目标“FileClassification”(目标“PrepareResources”依赖于它):
       由于 false 条件，已跳过任务“FileClassifier”；('@(GeneratedBaml)' != '' or '@(Resource)' != '' or '@(Font)' != '')计算为('' != '' or '' != '' or '' != '')。
       由于 false 条件，已跳过任务“Message”；('$(MSBuildTargetsVerbose)'=='true')计算为(''=='true')。
       由于 false 条件，已跳过任务“Message”；('$(MSBuildTargetsVerbose)'=='true')计算为(''=='true')。
   1:7>已完成在项目“NctSim.csproj”中生成目标“FileClassification”的操作。
       由于条件的计算结果为 false，已跳过目标“MainResourcesGeneration”；('@(MainEmbeddedFiles)' != '')的计算结果为('' != '')。
       已跳过目标“ResolvePackageDependenciesForBuild”。以前的生成已成功。
       已跳过目标“_HandlePackageFileConflicts”。以前的生成已成功。
       由于条件的计算结果为 false，已跳过目标“AssignWinFXEmbeddedResource”；('@(WinFXEmbeddedResource)' != '')的计算结果为('' != '')。
   1:7>来自项目“D:\java_workspace\技能实训\源代码\NctSim\NctSim.csproj”的文件“C:\Program Files\dotnet\sdk\8.0.422\Roslyn\Microsoft.Managed.Core.targets”中的目标“CopyAdditionalFiles”(目标“AssignTargetPaths”依赖于它):
   1:7>已完成在项目“NctSim.csproj”中生成目标“CopyAdditionalFiles”的操作。
       已跳过目标“ResolvePackageAssets”。以前的生成已成功。
       已跳过目标“ResolveFrameworkReferences”。以前的生成已成功。
   1:7>来自项目“D:\java_workspace\技能实训\源代码\NctSim\NctSim.csproj”的文件“C:\Program Files\dotnet\sdk\8.0.422\Sdks\Microsoft.NET.Sdk\targets\Microsoft.NET.Sdk.targets”中的目标“_GetAppHostPaths”(目标“_ChooseAppHost”依赖于它):
       由于 false 条件，已跳过任务“NETSdkError”；('@(_NativeRestoredAppHostNETCore->Count())' > 1)计算为('0' > 1)。
   1:7>已完成在项目“NctSim.csproj”中生成目标“_GetAppHostPaths”的操作。
   1:7>来自项目“D:\java_workspace\技能实训\源代码\NctSim\NctSim.csproj”的文件“C:\Program Files\dotnet\sdk\8.0.422\Sdks\Microsoft.NET.Sdk\targets\Microsoft.NET.Sdk.targets”中的目标“_ChooseAppHost”(目标“_ComputeNETCoreBuildOutputFiles”依赖于它):
   1:7>已完成在项目“NctSim.csproj”中生成目标“_ChooseAppHost”的操作。
       由于条件的计算结果为 false，已跳过目标“_GetComHostPaths”；('$(EnableComHosting)' == 'true' and '$(_IsExecutable)' != 'true')的计算结果为('' == 'true' and 'true' != 'true')。
       由于条件的计算结果为 false，已跳过目标“_GetIjwHostPaths”；('$(UseIJWHost)' == 'true')的计算结果为('' == 'true')。
   1:7>来自项目“D:\java_workspace\技能实训\源代码\NctSim\NctSim.csproj”的文件“C:\Program Files\dotnet\sdk\8.0.422\Sdks\Microsoft.NET.Sdk\targets\Microsoft.NET.Sdk.targets”中的目标“_ComputeNETCoreBuildOutputFiles”(目标“AssignTargetPaths”依赖于它):
   1:7>已完成在项目“NctSim.csproj”中生成目标“_ComputeNETCoreBuildOutputFiles”的操作。
   1:7>来自项目“D:\java_workspace\技能实训\源代码\NctSim\NctSim.csproj”的文件“C:\Program Files\dotnet\sdk\8.0.422\Microsoft.Common.CurrentVersion.targets”中的目标“AssignTargetPaths”(目标“PrepareResourceNames”依赖于它):
       正在使用程序集“Microsoft.Build.Tasks.Core, Version=15.1.0.0, Culture=neutral, PublicKeyToken=b03f5f7f11d50a3a”中的“AssignTargetPath”任务。
       任务“AssignTargetPath”
       已完成执行任务“AssignTargetPath”的操作。
       任务“AssignTargetPath”
       已完成执行任务“AssignTargetPath”的操作。
       任务“AssignTargetPath”
       已完成执行任务“AssignTargetPath”的操作。
       任务“AssignTargetPath”
       已完成执行任务“AssignTargetPath”的操作。
       由于 false 条件，已跳过任务“AssignTargetPath”；('@(_DeploymentBaseManifestWithTargetPath)'=='' and '%(None.Extension)'=='.manifest')计算为(''=='' and '.json'=='.manifest')。
       由于 false 条件，已跳过任务“AssignTargetPath”；('@(_DeploymentBaseManifestWithTargetPath)'=='' and '%(None.Extension)'=='.manifest')计算为(''=='' and '.exe'=='.manifest')。
   1:7>已完成在项目“NctSim.csproj”中生成目标“AssignTargetPaths”的操作。
       已跳过目标“AssignTargetPaths”。以前的生成已成功。
   1:7>来自项目“D:\java_workspace\技能实训\源代码\NctSim\NctSim.csproj”的文件“C:\Program Files\dotnet\sdk\8.0.422\Microsoft.Common.CurrentVersion.targets”中的目标“SplitResourcesByCulture”(目标“PrepareResourceNames”依赖于它):
       由于 false 条件，已跳过任务“Warning”；('@(ResxWithNoCulture)'!='')计算为(''!='')。
       由于 false 条件，已跳过任务“Warning”；('@(ResxWithCulture)'!='')计算为(''!='')。
       由于 false 条件，已跳过任务“Warning”；('@(NonResxWithCulture)'!='')计算为(''!='')。
       由于 false 条件，已跳过任务“Warning”；('@(NonResxWithNoCulture)'!='')计算为(''!='')。
       正在使用程序集“Microsoft.Build.Tasks.Core, Version=15.1.0.0, Culture=neutral, PublicKeyToken=b03f5f7f11d50a3a”中的“AssignCulture”任务。
       任务“AssignCulture”
       已完成执行任务“AssignCulture”的操作。
   1:7>已完成在项目“NctSim.csproj”中生成目标“SplitResourcesByCulture”的操作。
       由于条件的计算结果为 false，已跳过目标“CreateManifestResourceNames”；('@(EmbeddedResource)' != '')的计算结果为('' != '')。
   1:7>来自项目“D:\java_workspace\技能实训\源代码\NctSim\NctSim.csproj”的文件“C:\Program Files\dotnet\sdk\8.0.422\Microsoft.Common.CurrentVersion.targets”中的目标“CreateCustomManifestResourceNames”(目标“PrepareResourceNames”依赖于它):
   1:7>已完成在项目“NctSim.csproj”中生成目标“CreateCustomManifestResourceNames”的操作。
   1:7>来自项目“D:\java_workspace\技能实训\源代码\NctSim\NctSim.csproj”的文件“C:\Program Files\dotnet\sdk\8.0.422\Microsoft.Common.CurrentVersion.targets”中的目标“PrepareResourceNames”(目标“PrepareResources”依赖于它):
   1:7>已完成在项目“NctSim.csproj”中生成目标“PrepareResourceNames”的操作。
       已跳过目标“ResolveAssemblyReferences”。以前的生成已成功。
       已跳过目标“SplitResourcesByCulture”。以前的生成已成功。
   1:7>来自项目“D:\java_workspace\技能实训\源代码\NctSim\NctSim.csproj”的文件“C:\Program Files\dotnet\sdk\8.0.422\Microsoft.Common.CurrentVersion.targets”中的目标“BeforeResGen”(目标“ResGen”依赖于它):
   1:7>已完成在项目“NctSim.csproj”中生成目标“BeforeResGen”的操作。
       已跳过目标“ResolveReferences”。以前的生成已成功。
   1:7>来自项目“D:\java_workspace\技能实训\源代码\NctSim\NctSim.csproj”的文件“C:\Program Files\dotnet\sdk\8.0.422\Microsoft.Common.CurrentVersion.targets”中的目标“FindReferenceAssembliesForReferences”(目标“CoreResGen”依赖于它):
   1:7>已完成在项目“NctSim.csproj”中生成目标“FindReferenceAssembliesForReferences”的操作。
   1:7>来自项目“D:\java_workspace\技能实训\源代码\NctSim\NctSim.csproj”的文件“C:\Program Files\dotnet\sdk\8.0.422\Microsoft.Common.CurrentVersion.targets”中的目标“CoreResGen”(目标“ResGen”依赖于它):
       由于 false 条件，已跳过任务“GenerateResource”；('%(EmbeddedResource.Type)' == 'Resx' and '%(EmbeddedResource.GenerateResource)' != 'false' and '$(GenerateResourceMSBuildRuntime)' != 'CLR2')计算为('' == 'Resx' and '' != 'false' and 'CurrentRuntime' != 'CLR2')。
       由于 false 条件，已跳过任务“GenerateResource”；('%(EmbeddedResource.Type)' == 'Resx' and '%(EmbeddedResource.GenerateResource)' != 'false' and '$(GenerateResourceMSBuildRuntime)' == 'CLR2')计算为('' == 'Resx' and '' != 'false' and 'CurrentRuntime' == 'CLR2')。
   1:7>已完成在项目“NctSim.csproj”中生成目标“CoreResGen”的操作。
   1:7>来自项目“D:\java_workspace\技能实训\源代码\NctSim\NctSim.csproj”的文件“C:\Program Files\dotnet\sdk\8.0.422\Microsoft.Common.CurrentVersion.targets”中的目标“AfterResGen”(目标“ResGen”依赖于它):
   1:7>已完成在项目“NctSim.csproj”中生成目标“AfterResGen”的操作。
   1:7>来自项目“D:\java_workspace\技能实训\源代码\NctSim\NctSim.csproj”的文件“C:\Program Files\dotnet\sdk\8.0.422\Microsoft.Common.CurrentVersion.targets”中的目标“ResGen”(目标“PrepareResources”依赖于它):
   1:7>已完成在项目“NctSim.csproj”中生成目标“ResGen”的操作。
       由于条件的计算结果为 false，已跳过目标“CompileLicxFiles”；('@(_LicxFile)'!='')的计算结果为(''!='')。
   1:7>来自项目“D:\java_workspace\技能实训\源代码\NctSim\NctSim.csproj”的文件“C:\Program Files\dotnet\sdk\8.0.422\Microsoft.Common.CurrentVersion.targets”中的目标“PrepareResources”(目标“CoreBuild”依赖于它):
   1:7>已完成在项目“NctSim.csproj”中生成目标“PrepareResources”的操作。
       由于条件的计算结果为 false，已跳过目标“ResolveKeySource”；($(SignManifests) == 'true' or $(SignAssembly) == 'true')的计算结果为( == 'true' or false == 'true')。
       已跳过目标“ResolveReferences”。以前的生成已成功。
       由于条件的计算结果为 false，已跳过目标“ResolveKeySource”；($(SignManifests) == 'true' or $(SignAssembly) == 'true')的计算结果为( == 'true' or false == 'true')。
       由于条件的计算结果为 false，已跳过目标“ResolveComReferences”；('@(COMReference)'!='' or '@(COMFileReference)'!='')的计算结果为(''!='' or ''!='')。
       由于条件的计算结果为 false，已跳过目标“ResolveNativeReferences”；('@(NativeReference)'!='')的计算结果为(''!='')。
       由于条件的计算结果为 false，已跳过目标“_SetExternalWin32ManifestProperties”；('$(GenerateClickOnceManifests)'=='true' or '@(NativeReference)'!='' or '@(ResolvedIsolatedComModules)'!='')的计算结果为(''=='true' or ''!='' or ''!='')。
   1:7>来自项目“D:\java_workspace\技能实训\源代码\NctSim\NctSim.csproj”的文件“C:\Program Files\dotnet\sdk\8.0.422\Microsoft.Common.CurrentVersion.targets”中的目标“_SetEmbeddedWin32ManifestProperties”(目标“SetWin32ManifestProperties”依赖于它):
       正在使用程序集“Microsoft.Build.Tasks.Core, Version=15.1.0.0, Culture=neutral, PublicKeyToken=b03f5f7f11d50a3a”中的“GetFrameworkPath”任务。
       任务“GetFrameworkPath”
       已完成执行任务“GetFrameworkPath”的操作。
   1:7>已完成在项目“NctSim.csproj”中生成目标“_SetEmbeddedWin32ManifestProperties”的操作。
   1:7>来自项目“D:\java_workspace\技能实训\源代码\NctSim\NctSim.csproj”的文件“C:\Program Files\dotnet\sdk\8.0.422\Microsoft.Common.CurrentVersion.targets”中的目标“SetWin32ManifestProperties”(目标“Compile”依赖于它):
   1:7>已完成在项目“NctSim.csproj”中生成目标“SetWin32ManifestProperties”的操作。
       由于条件的计算结果为 false，已跳过目标“_SetPreferNativeArm64Win32ManifestProperties”；( '$(PreferNativeArm64)'=='true' and '$(NoWin32Manifest)'!='true')的计算结果为( ''=='true' and ''!='true')。
       已跳过目标“FindReferenceAssembliesForReferences”。以前的生成已成功。
   1:7>来自项目“D:\java_workspace\技能实训\源代码\NctSim\NctSim.csproj”的文件“C:\Program Files\dotnet\sdk\8.0.422\Microsoft.Common.CurrentVersion.targets”中的目标“_GenerateCompileInputs”(目标“Compile”依赖于它):
       由于 false 条件，已跳过任务“Warning”；('@(ManifestResourceWithNoCulture)'!='' and '%(ManifestResourceWithNoCulture.EmittedForCompatibilityOnly)'=='')计算为(''!='' and ''=='')。
       由于 false 条件，已跳过任务“Warning”；('@(ManifestNonResxWithNoCultureOnDisk)'!='' and '%(ManifestNonResxWithNoCultureOnDisk.EmittedForCompatibilityOnly)'=='')计算为(''!='' and ''=='')。
   1:7>已完成在项目“NctSim.csproj”中生成目标“_GenerateCompileInputs”的操作。
       已跳过目标“PrepareForBuild”。以前的生成已成功。
   1:7>来自项目“D:\java_workspace\技能实训\源代码\NctSim\NctSim.csproj”的文件“C:\Program Files\dotnet\sdk\8.0.422\Roslyn\Microsoft.Managed.Core.targets”中的目标“GenerateMSBuildEditorConfigFileShouldRun”(目标“GenerateMSBuildEditorConfigFile”依赖于它):
   1:7>已完成在项目“NctSim.csproj”中生成目标“GenerateMSBuildEditorConfigFileShouldRun”的操作。
   1:7>来自项目“D:\java_workspace\技能实训\源代码\NctSim\NctSim.csproj”的文件“C:\Program Files\dotnet\sdk\8.0.422\Roslyn\Microsoft.Managed.Core.targets”中的目标“GenerateMSBuildEditorConfigFileCore”(目标“GenerateMSBuildEditorConfigFile”依赖于它):
       正在完全生成目标“GenerateMSBuildEditorConfigFileCore”。
       未指定输入文件。
       正在使用程序集“C:\Program Files\dotnet\sdk\8.0.422\Roslyn\Microsoft.Build.Tasks.CodeAnalysis.dll”中的“GenerateMSBuildEditorConfig”任务。
       任务“GenerateMSBuildEditorConfig”
       已完成执行任务“GenerateMSBuildEditorConfig”的操作。
   1:7>已完成在项目“NctSim.csproj”中生成目标“GenerateMSBuildEditorConfigFileCore”的操作。
   1:7>来自项目“D:\java_workspace\技能实训\源代码\NctSim\NctSim.csproj”的文件“C:\Program Files\dotnet\sdk\8.0.422\Roslyn\Microsoft.Managed.Core.targets”中的目标“GenerateMSBuildEditorConfigFile”(目标“BeforeCompile”依赖于它):
   1:7>已完成在项目“NctSim.csproj”中生成目标“GenerateMSBuildEditorConfigFile”的操作。
       已跳过目标“PrepareForBuild”。以前的生成已成功。
       已跳过目标“GetReferenceAssemblyPaths”。以前的生成已成功。
   1:7>来自项目“D:\java_workspace\技能实训\源代码\NctSim\NctSim.csproj”的文件“C:\Program Files\dotnet\sdk\8.0.422\Microsoft.CSharp.CurrentVersion.targets”中的目标“_SetTargetFrameworkMonikerAttribute”(目标“GenerateTargetFrameworkMonikerAttribute”依赖于它):
   1:7>已完成在项目“NctSim.csproj”中生成目标“_SetTargetFrameworkMonikerAttribute”的操作。
   1:7>来自项目“D:\java_workspace\技能实训\源代码\NctSim\NctSim.csproj”的文件“C:\Program Files\dotnet\sdk\8.0.422\Microsoft.Common.CurrentVersion.targets”中的目标“GenerateTargetFrameworkMonikerAttribute”(目标“BeforeCompile”依赖于它):
       正在跳过目标“GenerateTargetFrameworkMonikerAttribute”，因为所有输出文件相对于输入文件而言都是最新的。
       输入文件:C:\Program Files\dotnet\sdk\8.0.422\Microsoft.Common.targets
       输出文件:obj\Debug\net8.0-windows\.NETCoreApp,Version=v8.0.AssemblyAttributes.cs
   1:7>已完成在项目“NctSim.csproj”中生成目标“GenerateTargetFrameworkMonikerAttribute”的操作。
       由于条件的计算结果为 false，已跳过目标“GenerateAdditionalSources”；('@(AssemblyAttributes)' != '' and '$(GenerateAdditionalSources)' == 'true')的计算结果为('' != '' and '' == 'true')。
       已跳过目标“PrepareForBuild”。以前的生成已成功。
   1:7>来自项目“D:\java_workspace\技能实训\源代码\NctSim\NctSim.csproj”的文件“C:\Program Files\dotnet\sdk\8.0.422\Sdks\Microsoft.NET.Sdk\targets\Microsoft.NET.GenerateAssemblyInfo.targets”中的目标“GetAssemblyVersion”(目标“GetAssemblyAttributes”依赖于它):
       正在使用程序集“C:\Program Files\dotnet\sdk\8.0.422\Sdks\Microsoft.NET.Sdk\targets\..\tools\net8.0\Microsoft.NET.Build.Tasks.dll”中的“GetAssemblyVersion”任务。
       任务“GetAssemblyVersion”
       已完成执行任务“GetAssemblyVersion”的操作。
   1:7>已完成在项目“NctSim.csproj”中生成目标“GetAssemblyVersion”的操作。
       已跳过目标“GetAssemblyVersion”。以前的生成已成功。
   1:7>来自项目“D:\java_workspace\技能实训\源代码\NctSim\NctSim.csproj”的文件“C:\Program Files\dotnet\sdk\8.0.422\Sdks\Microsoft.Build.Tasks.Git\build\Microsoft.Build.Tasks.Git.targets”中的目标“InitializeSourceControlInformationFromSourceControlManager”(目标“_InitializeSourceControlInformationFromSourceControlManager”依赖于它):
       正在使用程序集“C:\Program Files\dotnet\sdk\8.0.422\Sdks\Microsoft.Build.Tasks.Git\build\..\tools\core\Microsoft.Build.Tasks.Git.dll”中的“Microsoft.Build.Tasks.Git.LocateRepository”任务。
       任务“Microsoft.Build.Tasks.Git.LocateRepository”
         SourceLink: Repository instance not found in cache: '*:D:\java_workspace\技能实训\源代码\.git'
       已完成执行任务“Microsoft.Build.Tasks.Git.LocateRepository”的操作。
   1:7>已完成在项目“NctSim.csproj”中生成目标“InitializeSourceControlInformationFromSourceControlManager”的操作。
   1:7>来自项目“D:\java_workspace\技能实训\源代码\NctSim\NctSim.csproj”的文件“C:\Program Files\dotnet\sdk\8.0.422\Sdks\Microsoft.SourceLink.Common\build\InitializeSourceControlInformation.targets”中的目标“_SourceLinkHasSingleProvider”(目标“_InitializeSourceControlInformationFromSourceControlManager”依赖于它):
       在 TaskRun 期间加载的程序集: Microsoft.SourceLink.Common, Version=8.0.9.11501, Culture=neutral, PublicKeyToken=31bf3856ad364e35 (位置: C:\Program Files\dotnet\sdk\8.0.422\Sdks\Microsoft.SourceLink.Common\tools\core\Microsoft.SourceLink.Common.dll，MVID: d5b96578-81ec-438f-8487-2f5405206516，AssemblyLoadContext: MSBuild plugin C:\Program Files\dotnet\sdk\8.0.422\Sdks\Microsoft.SourceLink.Common\tools\core\Microsoft.SourceLink.Common.dll)
       正在使用程序集“C:\Program Files\dotnet\sdk\8.0.422\Sdks\Microsoft.SourceLink.Common\build\..\tools\core\Microsoft.SourceLink.Common.dll”中的“Microsoft.SourceLink.Common.SourceLinkHasSingleProvider”任务。
       任务“Microsoft.SourceLink.Common.SourceLinkHasSingleProvider”
       已完成执行任务“Microsoft.SourceLink.Common.SourceLinkHasSingleProvider”的操作。
   1:7>已完成在项目“NctSim.csproj”中生成目标“_SourceLinkHasSingleProvider”的操作。
   1:7>来自项目“D:\java_workspace\技能实训\源代码\NctSim\NctSim.csproj”的文件“C:\Program Files\dotnet\sdk\8.0.422\Sdks\Microsoft.SourceLink.GitHub\build\Microsoft.SourceLink.GitHub.targets”中的目标“TranslateGitHubUrlsInSourceControlInformation”(目标“_InitializeSourceControlInformationFromSourceControlManager”依赖于它):
       在 TaskRun 期间加载的程序集: Microsoft.SourceLink.GitHub, Version=8.0.9.11501, Culture=neutral, PublicKeyToken=31bf3856ad364e35 (位置: C:\Program Files\dotnet\sdk\8.0.422\Sdks\Microsoft.SourceLink.GitHub\tools\core\Microsoft.SourceLink.GitHub.dll，MVID: 1fbac130-3a2a-4cf4-9c60-b0ae73333681，AssemblyLoadContext: MSBuild plugin C:\Program Files\dotnet\sdk\8.0.422\Sdks\Microsoft.SourceLink.GitHub\tools\core\Microsoft.SourceLink.GitHub.dll)
       正在使用程序集“C:\Program Files\dotnet\sdk\8.0.422\Sdks\Microsoft.SourceLink.GitHub\build\..\tools\core\Microsoft.SourceLink.GitHub.dll”中的“Microsoft.SourceLink.GitHub.TranslateRepositoryUrls”任务。
       任务“Microsoft.SourceLink.GitHub.TranslateRepositoryUrls”
       已完成执行任务“Microsoft.SourceLink.GitHub.TranslateRepositoryUrls”的操作。
   1:7>已完成在项目“NctSim.csproj”中生成目标“TranslateGitHubUrlsInSourceControlInformation”的操作。
   1:7>来自项目“D:\java_workspace\技能实训\源代码\NctSim\NctSim.csproj”的文件“C:\Program Files\dotnet\sdk\8.0.422\Sdks\Microsoft.SourceLink.GitLab\build\Microsoft.SourceLink.GitLab.targets”中的目标“TranslateGitLabUrlsInSourceControlInformation”(目标“_InitializeSourceControlInformationFromSourceControlManager”依赖于它):
       在 TaskRun 期间加载的程序集: Microsoft.SourceLink.GitLab, Version=8.0.9.11501, Culture=neutral, PublicKeyToken=31bf3856ad364e35 (位置: C:\Program Files\dotnet\sdk\8.0.422\Sdks\Microsoft.SourceLink.GitLab\tools\core\Microsoft.SourceLink.GitLab.dll，MVID: 6b003cb9-36ef-4a5a-83ae-cc8fa7fbcb67，AssemblyLoadContext: MSBuild plugin C:\Program Files\dotnet\sdk\8.0.422\Sdks\Microsoft.SourceLink.GitLab\tools\core\Microsoft.SourceLink.GitLab.dll)
       正在使用程序集“C:\Program Files\dotnet\sdk\8.0.422\Sdks\Microsoft.SourceLink.GitLab\build\..\tools\core\Microsoft.SourceLink.GitLab.dll”中的“Microsoft.SourceLink.GitLab.TranslateRepositoryUrls”任务。
       任务“Microsoft.SourceLink.GitLab.TranslateRepositoryUrls”
       已完成执行任务“Microsoft.SourceLink.GitLab.TranslateRepositoryUrls”的操作。
   1:7>已完成在项目“NctSim.csproj”中生成目标“TranslateGitLabUrlsInSourceControlInformation”的操作。
   1:7>来自项目“D:\java_workspace\技能实训\源代码\NctSim\NctSim.csproj”的文件“C:\Program Files\dotnet\sdk\8.0.422\Sdks\Microsoft.SourceLink.AzureRepos.Git\build\Microsoft.SourceLink.AzureRepos.Git.targets”中的目标“TranslateAzureReposGitUrlsInSourceControlInformation”(目标“_InitializeSourceControlInformationFromSourceControlManager”依赖于它):
       在 TaskRun 期间加载的程序集: Microsoft.SourceLink.AzureRepos.Git, Version=8.0.9.11501, Culture=neutral, PublicKeyToken=31bf3856ad364e35 (位置: C:\Program Files\dotnet\sdk\8.0.422\Sdks\Microsoft.SourceLink.AzureRepos.Git\tools\core\Microsoft.SourceLink.AzureRepos.Git.dll，MVID: 3a082d27-0e6b-4d51-92ea-8eaf3fc3120f，AssemblyLoadContext: MSBuild plugin C:\Program Files\dotnet\sdk\8.0.422\Sdks\Microsoft.SourceLink.AzureRepos.Git\tools\core\Microsoft.SourceLink.AzureRepos.Git.dll)
       正在使用程序集“C:\Program Files\dotnet\sdk\8.0.422\Sdks\Microsoft.SourceLink.AzureRepos.Git\build\..\tools\core\Microsoft.SourceLink.AzureRepos.Git.dll”中的“Microsoft.SourceLink.AzureRepos.Git.TranslateRepositoryUrls”任务。
       任务“Microsoft.SourceLink.AzureRepos.Git.TranslateRepositoryUrls”
       已完成执行任务“Microsoft.SourceLink.AzureRepos.Git.TranslateRepositoryUrls”的操作。
   1:7>已完成在项目“NctSim.csproj”中生成目标“TranslateAzureReposGitUrlsInSourceControlInformation”的操作。
   1:7>来自项目“D:\java_workspace\技能实训\源代码\NctSim\NctSim.csproj”的文件“C:\Program Files\dotnet\sdk\8.0.422\Sdks\Microsoft.SourceLink.Bitbucket.Git\build\Microsoft.SourceLink.Bitbucket.Git.targets”中的目标“TranslateBitbucketGitUrlsInSourceControlInformation”(目标“_InitializeSourceControlInformationFromSourceControlManager”依赖于它):
       在 TaskRun 期间加载的程序集: Microsoft.SourceLink.Bitbucket.Git, Version=8.0.9.11501, Culture=neutral, PublicKeyToken=31bf3856ad364e35 (位置: C:\Program Files\dotnet\sdk\8.0.422\Sdks\Microsoft.SourceLink.Bitbucket.Git\tools\core\Microsoft.SourceLink.Bitbucket.Git.dll，MVID: 3994e8b0-7ae9-409e-bc2b-53baef289161，AssemblyLoadContext: MSBuild plugin C:\Program Files\dotnet\sdk\8.0.422\Sdks\Microsoft.SourceLink.Bitbucket.Git\tools\core\Microsoft.SourceLink.Bitbucket.Git.dll)
       正在使用程序集“C:\Program Files\dotnet\sdk\8.0.422\Sdks\Microsoft.SourceLink.Bitbucket.Git\build\..\tools\core\Microsoft.SourceLink.Bitbucket.Git.dll”中的“Microsoft.SourceLink.Bitbucket.Git.TranslateRepositoryUrls”任务。
       任务“Microsoft.SourceLink.Bitbucket.Git.TranslateRepositoryUrls”
       已完成执行任务“Microsoft.SourceLink.Bitbucket.Git.TranslateRepositoryUrls”的操作。
   1:7>已完成在项目“NctSim.csproj”中生成目标“TranslateBitbucketGitUrlsInSourceControlInformation”的操作。
   1:7>来自项目“D:\java_workspace\技能实训\源代码\NctSim\NctSim.csproj”的文件“C:\Program Files\dotnet\sdk\8.0.422\Sdks\Microsoft.SourceLink.Common\build\InitializeSourceControlInformation.targets”中的目标“SourceControlManagerPublishTranslatedUrls”(目标“_InitializeSourceControlInformationFromSourceControlManager”依赖于它):
   1:7>已完成在项目“NctSim.csproj”中生成目标“SourceControlManagerPublishTranslatedUrls”的操作。
   1:7>来自项目“D:\java_workspace\技能实训\源代码\NctSim\NctSim.csproj”的文件“C:\Program Files\dotnet\sdk\8.0.422\Sdks\Microsoft.SourceLink.Common\build\InitializeSourceControlInformation.targets”中的目标“_InitializeSourceControlInformationFromSourceControlManager”(目标“InitializeSourceControlInformation”依赖于它):
   1:7>已完成在项目“NctSim.csproj”中生成目标“_InitializeSourceControlInformationFromSourceControlManager”的操作。
   1:7>来自项目“D:\java_workspace\技能实训\源代码\NctSim\NctSim.csproj”的文件“C:\Program Files\dotnet\sdk\8.0.422\Microsoft.Common.CurrentVersion.targets”中的目标“InitializeSourceControlInformation”(目标“AddSourceRevisionToInformationalVersion”依赖于它):
   1:7>已完成在项目“NctSim.csproj”中生成目标“InitializeSourceControlInformation”的操作。
   1:7>来自项目“D:\java_workspace\技能实训\源代码\NctSim\NctSim.csproj”的文件“C:\Program Files\dotnet\sdk\8.0.422\Sdks\Microsoft.NET.Sdk\targets\Microsoft.NET.GenerateAssemblyInfo.targets”中的目标“AddSourceRevisionToInformationalVersion”(目标“GetAssemblyAttributes”依赖于它):
   1:7>已完成在项目“NctSim.csproj”中生成目标“AddSourceRevisionToInformationalVersion”的操作。
       由于条件的计算结果为 false，已跳过目标“_GetUserSecretsAssemblyAttribute”；( '$(UserSecretsId)' != '' AND '$(GenerateUserSecretsAttribute)' != 'false' AND '$(GeneratedUserSecretsAttributeFile)' == '' )的计算结果为( '' != '' AND '' != 'false' AND '' == '' )。
   1:7>来自项目“D:\java_workspace\技能实训\源代码\NctSim\NctSim.csproj”的文件“C:\Program Files\dotnet\sdk\8.0.422\Sdks\Microsoft.NET.Sdk\targets\Microsoft.NET.GenerateAssemblyInfo.targets”中的目标“GetAssemblyAttributes”(目标“CreateGeneratedAssemblyInfoInputsCacheFile”依赖于它):
   1:7>已完成在项目“NctSim.csproj”中生成目标“GetAssemblyAttributes”的操作。
   1:7>来自项目“D:\java_workspace\技能实训\源代码\NctSim\NctSim.csproj”的文件“C:\Program Files\dotnet\sdk\8.0.422\Sdks\Microsoft.NET.Sdk\targets\Microsoft.NET.GenerateAssemblyInfo.targets”中的目标“CreateGeneratedAssemblyInfoInputsCacheFile”(目标“CoreGenerateAssemblyInfo”依赖于它):
       正在使用程序集“Microsoft.Build.Tasks.Core, Version=15.1.0.0, Culture=neutral, PublicKeyToken=b03f5f7f11d50a3a”中的“Hash”任务。
       任务“Hash”
       已完成执行任务“Hash”的操作。
       任务“WriteLinesToFile”
         跳过写入到文件“obj\Debug\net8.0-windows\NctSim.AssemblyInfoInputs.cache”，因为内容不会改变。
       已完成执行任务“WriteLinesToFile”的操作。
   1:7>已完成在项目“NctSim.csproj”中生成目标“CreateGeneratedAssemblyInfoInputsCacheFile”的操作。
   1:7>来自项目“D:\java_workspace\技能实训\源代码\NctSim\NctSim.csproj”的文件“C:\Program Files\dotnet\sdk\8.0.422\Sdks\Microsoft.NET.Sdk\targets\Microsoft.NET.GenerateAssemblyInfo.targets”中的目标“CoreGenerateAssemblyInfo”(目标“GenerateAssemblyInfo”依赖于它):
       正在跳过目标“CoreGenerateAssemblyInfo”，因为所有输出文件相对于输入文件而言都是最新的。
       输入文件:obj\Debug\net8.0-windows\NctSim.AssemblyInfoInputs.cache
       输出文件:obj\Debug\net8.0-windows\NctSim.AssemblyInfo.cs
   1:7>已完成在项目“NctSim.csproj”中生成目标“CoreGenerateAssemblyInfo”的操作。
   1:7>来自项目“D:\java_workspace\技能实训\源代码\NctSim\NctSim.csproj”的文件“C:\Program Files\dotnet\sdk\8.0.422\Sdks\Microsoft.NET.Sdk\targets\Microsoft.NET.GenerateAssemblyInfo.targets”中的目标“GenerateAssemblyInfo”(目标“BeforeCompile”依赖于它):
   1:7>已完成在项目“NctSim.csproj”中生成目标“GenerateAssemblyInfo”的操作。
   1:7>来自项目“D:\java_workspace\技能实训\源代码\NctSim\NctSim.csproj”的文件“C:\Program Files\dotnet\sdk\8.0.422\Microsoft.Common.CurrentVersion.targets”中的目标“BeforeCompile”(目标“Compile”依赖于它):
   1:7>已完成在项目“NctSim.csproj”中生成目标“BeforeCompile”的操作。
       由于条件的计算结果为 false，已跳过目标“_TimeStampBeforeCompile”；('$(RunPostBuildEvent)'=='OnOutputUpdated' or ('$(RegisterForComInterop)'=='true' and '$(OutputType)'=='library'))的计算结果为(''=='OnOutputUpdated' or (''=='true' and 'WinExe'=='library'))。
       已跳过目标“ResolveAssemblyReferences”。以前的生成已成功。
   1:7>来自项目“D:\java_workspace\技能实训\源代码\NctSim\NctSim.csproj”的文件“C:\Program Files\dotnet\sdk\8.0.422\Microsoft.Common.CurrentVersion.targets”中的目标“_GenerateCompileDependencyCache”(目标“Compile”依赖于它):
       任务“Hash”
       已完成执行任务“Hash”的操作。
       任务“WriteLinesToFile”
         跳过写入到文件“obj\Debug\net8.0-windows\NctSim.csproj.CoreCompileInputs.cache”，因为内容不会改变。
       已完成执行任务“WriteLinesToFile”的操作。
   1:7>已完成在项目“NctSim.csproj”中生成目标“_GenerateCompileDependencyCache”的操作。
       由于条件的计算结果为 false，已跳过目标“_ComputeNonExistentFileProperty”；(('$(BuildingInsideVisualStudio)' == 'true') and ('$(BuildingOutOfProcess)' != 'true') and (('$(BuildingProject)' == 'false') or ('$(UseHostCompilerIfAvailable)' == 'true')))的计算结果为(('' == 'true') and ('' != 'true') and (('true' == 'false') or ('true' == 'true')))。
       由于条件的计算结果为 false，已跳过目标“ResolveCodeAnalysisRuleSet”；('$(CodeAnalysisRuleSet)' != '')的计算结果为('' != '')。
       由于条件的计算结果为 false，已跳过目标“ShimReferencePathsWhenCommonTargetsDoesNotUnderstandReferenceAssemblies”；('@(ReferencePathWithRefAssemblies)' == '')的计算结果为('C:\Program Files\dotnet\packs\Microsoft.WindowsDesktop.App.Ref\8.0.28\ref\net8.0\Accessibility.dll;C:\Users\张豪午\.nuget\packages\epplus\7.1.0\lib\net8.0\EPPlus.dll;C:\Users\张豪午\.nuget\packages\epplus.interfaces\6.1.1\lib\net7.0\EPPlus.Interfaces.dll;...' == '')。
   1:7>来自项目“D:\java_workspace\技能实训\源代码\NctSim\NctSim.csproj”的文件“C:\Program Files\dotnet\sdk\8.0.422\Roslyn\Microsoft.Managed.Core.targets”中的目标“_BeforeVBCSCoreCompile”(目标“CoreCompile”依赖于它):
   1:7>已完成在项目“NctSim.csproj”中生成目标“_BeforeVBCSCoreCompile”的操作。
       由于条件的计算结果为 false，已跳过目标“AdjustDefaultPlatformTargetForNetFrameworkExeWithNoNativeCopyLocalItems”；('$(_UsingDefaultPlatformTarget)' == 'true' and
                            '$(_UsingDefaultRuntimeIdentifier)' == 'true')的计算结果为('true' == 'true' and
                            '' == 'true')。
       由于条件的计算结果为 false，已跳过目标“_DisableDiagnosticTracing”；('$(DisableDiagnosticTracing)' == 'true')的计算结果为('' == 'true')。
   1:7>来自项目“D:\java_workspace\技能实训\源代码\NctSim\NctSim.csproj”的文件“C:\Program Files\dotnet\sdk\8.0.422\Sdks\Microsoft.NET.Sdk\targets\Microsoft.NET.Sdk.BeforeCommon.targets”中的目标“GenerateTargetPlatformDefineConstants”(目标“AddImplicitDefineConstants”依赖于它):
   1:7>已完成在项目“NctSim.csproj”中生成目标“GenerateTargetPlatformDefineConstants”的操作。
   1:7>来自项目“D:\java_workspace\技能实训\源代码\NctSim\NctSim.csproj”的文件“C:\Program Files\dotnet\sdk\8.0.422\Sdks\Microsoft.NET.Sdk\targets\Microsoft.NET.Sdk.BeforeCommon.targets”中的目标“GenerateNETCompatibleDefineConstants”(目标“AddImplicitDefineConstants”依赖于它):
   1:7>已完成在项目“NctSim.csproj”中生成目标“GenerateNETCompatibleDefineConstants”的操作。
   1:7>来自项目“D:\java_workspace\技能实训\源代码\NctSim\NctSim.csproj”的文件“C:\Program Files\dotnet\sdk\8.0.422\Sdks\Microsoft.NET.Sdk\targets\Microsoft.NET.Sdk.BeforeCommon.targets”中的目标“GeneratePlatformCompatibleDefineConstants”(目标“AddImplicitDefineConstants”依赖于它):
   1:7>已完成在项目“NctSim.csproj”中生成目标“GeneratePlatformCompatibleDefineConstants”的操作。
       由于条件的计算结果为 false，已跳过目标“_DisableDiagnosticTracing”；('$(DisableDiagnosticTracing)' == 'true')的计算结果为('' == 'true')。
   1:7>来自项目“D:\java_workspace\技能实训\源代码\NctSim\NctSim.csproj”的文件“C:\Program Files\dotnet\sdk\8.0.422\Sdks\Microsoft.NET.Sdk\targets\Microsoft.NET.Sdk.BeforeCommon.targets”中的目标“AddImplicitDefineConstants”(目标“CoreCompile”依赖于它):
   1:7>已完成在项目“NctSim.csproj”中生成目标“AddImplicitDefineConstants”的操作。
       由于条件的计算结果为 false，已跳过目标“ShimReferencePathsWhenCommonTargetsDoesNotUnderstandReferenceAssemblies”；('@(ReferencePathWithRefAssemblies)' == '')的计算结果为('C:\Program Files\dotnet\packs\Microsoft.WindowsDesktop.App.Ref\8.0.28\ref\net8.0\Accessibility.dll;C:\Users\张豪午\.nuget\packages\epplus\7.1.0\lib\net8.0\EPPlus.dll;C:\Users\张豪午\.nuget\packages\epplus.interfaces\6.1.1\lib\net7.0\EPPlus.Interfaces.dll;...' == '')。
   1:7>来自项目“D:\java_workspace\技能实训\源代码\NctSim\NctSim.csproj”的文件“C:\Program Files\dotnet\sdk\8.0.422\Roslyn\Microsoft.Managed.Core.targets”中的目标“_ComputeSkipAnalyzers”(目标“CoreCompile”依赖于它):
       由于 false 条件，已跳过任务“ShowMessageForImplicitlySkipAnalyzers”；('$(_ImplicitlySkipAnalyzers)' == 'true')计算为('' == 'true')。
   1:7>已完成在项目“NctSim.csproj”中生成目标“_ComputeSkipAnalyzers”的操作。
       由于条件的计算结果为 false，已跳过目标“_SetPathMapFromSourceRoots”；('$(DeterministicSourcePaths)' == 'true')的计算结果为('' == 'true')。
       由于条件的计算结果为 false，已跳过目标“CreateCompilerGeneratedFilesOutputPath”；('$(EmitCompilerGeneratedFiles)' == 'true' and !('$(DesignTimeBuild)' == 'true' OR '$(BuildingProject)' != 'true'))的计算结果为('false' == 'true' and !('' == 'true' OR 'true' != 'true'))。
       已跳过目标“BeforeCompile”。以前的生成已成功。
       已跳过目标“InitializeSourceControlInformationFromSourceControlManager”。以前的生成已成功。
   1:7>来自项目“D:\java_workspace\技能实训\源代码\NctSim\NctSim.csproj”的文件“C:\Program Files\dotnet\sdk\8.0.422\Sdks\Microsoft.Build.Tasks.Git\build\Microsoft.Build.Tasks.Git.targets”中的目标“SetEmbeddedFilesFromSourceControlManagerUntrackedFiles”(目标“_SetEmbeddedFilesFromSourceControlManagerUntrackedFiles”依赖于它):
       正在使用程序集“C:\Program Files\dotnet\sdk\8.0.422\Sdks\Microsoft.Build.Tasks.Git\build\..\tools\core\Microsoft.Build.Tasks.Git.dll”中的“Microsoft.Build.Tasks.Git.GetUntrackedFiles”任务。
       任务“Microsoft.Build.Tasks.Git.GetUntrackedFiles”
         SourceLink: Reusing cached git repository information.
       已完成执行任务“Microsoft.Build.Tasks.Git.GetUntrackedFiles”的操作。
   1:7>已完成在项目“NctSim.csproj”中生成目标“SetEmbeddedFilesFromSourceControlManagerUntrackedFiles”的操作。
   1:7>来自项目“D:\java_workspace\技能实训\源代码\NctSim\NctSim.csproj”的文件“C:\Program Files\dotnet\sdk\8.0.422\Sdks\Microsoft.SourceLink.Common\build\Microsoft.SourceLink.Common.targets”中的目标“_SetEmbeddedFilesFromSourceControlManagerUntrackedFiles”(目标“CoreCompile”依赖于它):
   1:7>已完成在项目“NctSim.csproj”中生成目标“_SetEmbeddedFilesFromSourceControlManagerUntrackedFiles”的操作。
       已跳过目标“InitializeSourceControlInformation”。以前的生成已成功。
   1:7>来自项目“D:\java_workspace\技能实训\源代码\NctSim\NctSim.csproj”的文件“C:\Program Files\dotnet\sdk\8.0.422\Sdks\Microsoft.SourceLink.Common\build\Microsoft.SourceLink.Common.targets”中的目标“_SetSourceLinkFilePath”(目标“_GenerateSourceLinkFile”依赖于它):
   1:7>已完成在项目“NctSim.csproj”中生成目标“_SetSourceLinkFilePath”的操作。
       已跳过目标“InitializeSourceControlInformation”。以前的生成已成功。
   1:7>来自项目“D:\java_workspace\技能实训\源代码\NctSim\NctSim.csproj”的文件“C:\Program Files\dotnet\sdk\8.0.422\Roslyn\Microsoft.Managed.Core.targets”中的目标“_InitializeSourceRootMappedPathsFromSourceControl”(目标“InitializeSourceRootMappedPaths”依赖于它):
   1:7>已完成在项目“NctSim.csproj”中生成目标“_InitializeSourceRootMappedPathsFromSourceControl”的操作。
   1:7>来自项目“D:\java_workspace\技能实训\源代码\NctSim\NctSim.csproj”的文件“C:\Program Files\dotnet\sdk\8.0.422\Roslyn\Microsoft.Managed.Core.targets”中的目标“InitializeSourceRootMappedPaths”(目标“_InitializeSourceRootMappedPathsOpt”依赖于它):
       正在使用程序集“C:\Program Files\dotnet\sdk\8.0.422\Roslyn\Microsoft.Build.Tasks.CodeAnalysis.dll”中的“Microsoft.CodeAnalysis.BuildTasks.MapSourceRoots”任务。
       任务“Microsoft.CodeAnalysis.BuildTasks.MapSourceRoots”
       已完成执行任务“Microsoft.CodeAnalysis.BuildTasks.MapSourceRoots”的操作。
   1:7>已完成在项目“NctSim.csproj”中生成目标“InitializeSourceRootMappedPaths”的操作。
   1:7>来自项目“D:\java_workspace\技能实训\源代码\NctSim\NctSim.csproj”的文件“C:\Program Files\dotnet\sdk\8.0.422\Sdks\Microsoft.SourceLink.Common\build\Microsoft.SourceLink.Common.targets”中的目标“_InitializeSourceRootMappedPathsOpt”(目标“_GenerateSourceLinkFile”依赖于它):
   1:7>已完成在项目“NctSim.csproj”中生成目标“_InitializeSourceRootMappedPathsOpt”的操作。
   1:7>来自项目“D:\java_workspace\技能实训\源代码\NctSim\NctSim.csproj”的文件“C:\Program Files\dotnet\sdk\8.0.422\Sdks\Microsoft.SourceLink.GitHub\build\Microsoft.SourceLink.GitHub.targets”中的目标“_InitializeGitHubSourceLinkUrl”(目标“_GenerateSourceLinkFile”依赖于它):
       正在完全生成目标“_InitializeGitHubSourceLinkUrl”。
       未指定输入文件。
       正在使用程序集“C:\Program Files\dotnet\sdk\8.0.422\Sdks\Microsoft.SourceLink.GitHub\build\..\tools\core\Microsoft.SourceLink.GitHub.dll”中的“Microsoft.SourceLink.GitHub.GetSourceLinkUrl”任务。
       任务“Microsoft.SourceLink.GitHub.GetSourceLinkUrl”
       已完成执行任务“Microsoft.SourceLink.GitHub.GetSourceLinkUrl”的操作。
   1:7>已完成在项目“NctSim.csproj”中生成目标“_InitializeGitHubSourceLinkUrl”的操作。
   1:7>来自项目“D:\java_workspace\技能实训\源代码\NctSim\NctSim.csproj”的文件“C:\Program Files\dotnet\sdk\8.0.422\Sdks\Microsoft.SourceLink.GitHub\build\Microsoft.SourceLink.GitHub.targets”中的目标“_InitializeGitHubSourceLinkUrl”(目标“_GenerateSourceLinkFile”依赖于它):
       正在完全生成目标“_InitializeGitHubSourceLinkUrl”。
       未指定输入文件。
       任务“Microsoft.SourceLink.GitHub.GetSourceLinkUrl”
       已完成执行任务“Microsoft.SourceLink.GitHub.GetSourceLinkUrl”的操作。
   1:7>已完成在项目“NctSim.csproj”中生成目标“_InitializeGitHubSourceLinkUrl”的操作。
   1:7>来自项目“D:\java_workspace\技能实训\源代码\NctSim\NctSim.csproj”的文件“C:\Program Files\dotnet\sdk\8.0.422\Sdks\Microsoft.SourceLink.GitLab\build\Microsoft.SourceLink.GitLab.targets”中的目标“_InitializeGitLabSourceLinkUrl”(目标“_GenerateSourceLinkFile”依赖于它):
       正在完全生成目标“_InitializeGitLabSourceLinkUrl”。
       未指定输入文件。
       正在使用程序集“C:\Program Files\dotnet\sdk\8.0.422\Sdks\Microsoft.SourceLink.GitLab\build\..\tools\core\Microsoft.SourceLink.GitLab.dll”中的“Microsoft.SourceLink.GitLab.GetSourceLinkUrl”任务。
       任务“Microsoft.SourceLink.GitLab.GetSourceLinkUrl”
       已完成执行任务“Microsoft.SourceLink.GitLab.GetSourceLinkUrl”的操作。
   1:7>已完成在项目“NctSim.csproj”中生成目标“_InitializeGitLabSourceLinkUrl”的操作。
   1:7>来自项目“D:\java_workspace\技能实训\源代码\NctSim\NctSim.csproj”的文件“C:\Program Files\dotnet\sdk\8.0.422\Sdks\Microsoft.SourceLink.GitLab\build\Microsoft.SourceLink.GitLab.targets”中的目标“_InitializeGitLabSourceLinkUrl”(目标“_GenerateSourceLinkFile”依赖于它):
       正在完全生成目标“_InitializeGitLabSourceLinkUrl”。
       未指定输入文件。
       任务“Microsoft.SourceLink.GitLab.GetSourceLinkUrl”
       已完成执行任务“Microsoft.SourceLink.GitLab.GetSourceLinkUrl”的操作。
   1:7>已完成在项目“NctSim.csproj”中生成目标“_InitializeGitLabSourceLinkUrl”的操作。
   1:7>来自项目“D:\java_workspace\技能实训\源代码\NctSim\NctSim.csproj”的文件“C:\Program Files\dotnet\sdk\8.0.422\Sdks\Microsoft.SourceLink.AzureRepos.Git\build\Microsoft.SourceLink.AzureRepos.Git.targets”中的目标“_InitializeAzureReposGitSourceLinkUrl”(目标“_GenerateSourceLinkFile”依赖于它):
       正在完全生成目标“_InitializeAzureReposGitSourceLinkUrl”。
       未指定输入文件。
       正在使用程序集“C:\Program Files\dotnet\sdk\8.0.422\Sdks\Microsoft.SourceLink.AzureRepos.Git\build\..\tools\core\Microsoft.SourceLink.AzureRepos.Git.dll”中的“Microsoft.SourceLink.AzureRepos.Git.GetSourceLinkUrl”任务。
       任务“Microsoft.SourceLink.AzureRepos.Git.GetSourceLinkUrl”
       已完成执行任务“Microsoft.SourceLink.AzureRepos.Git.GetSourceLinkUrl”的操作。
   1:7>已完成在项目“NctSim.csproj”中生成目标“_InitializeAzureReposGitSourceLinkUrl”的操作。
   1:7>来自项目“D:\java_workspace\技能实训\源代码\NctSim\NctSim.csproj”的文件“C:\Program Files\dotnet\sdk\8.0.422\Sdks\Microsoft.SourceLink.AzureRepos.Git\build\Microsoft.SourceLink.AzureRepos.Git.targets”中的目标“_InitializeAzureReposGitSourceLinkUrl”(目标“_GenerateSourceLinkFile”依赖于它):
       正在完全生成目标“_InitializeAzureReposGitSourceLinkUrl”。
       未指定输入文件。
       任务“Microsoft.SourceLink.AzureRepos.Git.GetSourceLinkUrl”
       已完成执行任务“Microsoft.SourceLink.AzureRepos.Git.GetSourceLinkUrl”的操作。
   1:7>已完成在项目“NctSim.csproj”中生成目标“_InitializeAzureReposGitSourceLinkUrl”的操作。
   1:7>来自项目“D:\java_workspace\技能实训\源代码\NctSim\NctSim.csproj”的文件“C:\Program Files\dotnet\sdk\8.0.422\Sdks\Microsoft.SourceLink.Bitbucket.Git\build\Microsoft.SourceLink.Bitbucket.Git.targets”中的目标“_InitializeBitbucketGitSourceLinkUrl”(目标“_GenerateSourceLinkFile”依赖于它):
       正在完全生成目标“_InitializeBitbucketGitSourceLinkUrl”。
       未指定输入文件。
       正在使用程序集“C:\Program Files\dotnet\sdk\8.0.422\Sdks\Microsoft.SourceLink.Bitbucket.Git\build\..\tools\core\Microsoft.SourceLink.Bitbucket.Git.dll”中的“Microsoft.SourceLink.Bitbucket.Git.GetSourceLinkUrl”任务。
       任务“Microsoft.SourceLink.Bitbucket.Git.GetSourceLinkUrl”
       已完成执行任务“Microsoft.SourceLink.Bitbucket.Git.GetSourceLinkUrl”的操作。
   1:7>已完成在项目“NctSim.csproj”中生成目标“_InitializeBitbucketGitSourceLinkUrl”的操作。
   1:7>来自项目“D:\java_workspace\技能实训\源代码\NctSim\NctSim.csproj”的文件“C:\Program Files\dotnet\sdk\8.0.422\Sdks\Microsoft.SourceLink.Bitbucket.Git\build\Microsoft.SourceLink.Bitbucket.Git.targets”中的目标“_InitializeBitbucketGitSourceLinkUrl”(目标“_GenerateSourceLinkFile”依赖于它):
       正在完全生成目标“_InitializeBitbucketGitSourceLinkUrl”。
       未指定输入文件。
       任务“Microsoft.SourceLink.Bitbucket.Git.GetSourceLinkUrl”
       已完成执行任务“Microsoft.SourceLink.Bitbucket.Git.GetSourceLinkUrl”的操作。
   1:7>已完成在项目“NctSim.csproj”中生成目标“_InitializeBitbucketGitSourceLinkUrl”的操作。
   1:7>来自项目“D:\java_workspace\技能实训\源代码\NctSim\NctSim.csproj”的文件“C:\Program Files\dotnet\sdk\8.0.422\Sdks\Microsoft.SourceLink.Common\build\Microsoft.SourceLink.Common.targets”中的目标“_GenerateSourceLinkFile”(目标“GenerateSourceLinkFile”依赖于它):
       正在完全生成目标“_GenerateSourceLinkFile”。
       未指定输入文件。
       正在使用程序集“C:\Program Files\dotnet\sdk\8.0.422\Sdks\Microsoft.SourceLink.Common\build\..\tools\core\Microsoft.SourceLink.Common.dll”中的“Microsoft.SourceLink.Common.GenerateSourceLinkFile”任务。
       任务“Microsoft.SourceLink.Common.GenerateSourceLinkFile”
         在 TaskRun (Microsoft.SourceLink.Common.GenerateSourceLinkFile) 期间加载的程序集: Microsoft.SourceLink.Common.resources, Version=8.0.9.11501, Culture=zh-Hans, PublicKeyToken=31bf3856ad364e35 (位置: C:\Program Files\dotnet\sdk\8.0.422\Sdks\Microsoft.SourceLink.Common\tools\core\zh-Hans\Microsoft.SourceLink.Common.resources.dll，MVID: 274da404-4516-406e-a7d2-e7e701bb6ebe，AssemblyLoadContext: MSBuild plugin C:\Program Files\dotnet\sdk\8.0.422\Sdks\Microsoft.SourceLink.Common\tools\core\Microsoft.SourceLink.Common.dll)
         Source Link 文件 "obj\Debug\net8.0-windows\NctSim.sourcelink.json" 是最新的。
       已完成执行任务“Microsoft.SourceLink.Common.GenerateSourceLinkFile”的操作。
   1:7>已完成在项目“NctSim.csproj”中生成目标“_GenerateSourceLinkFile”的操作。
   1:7>来自项目“D:\java_workspace\技能实训\源代码\NctSim\NctSim.csproj”的文件“C:\Program Files\dotnet\sdk\8.0.422\Sdks\Microsoft.SourceLink.Common\build\Microsoft.SourceLink.Common.targets”中的目标“GenerateSourceLinkFile”(目标“CoreCompile”依赖于它):
   1:7>已完成在项目“NctSim.csproj”中生成目标“GenerateSourceLinkFile”的操作。
   1:7>来自项目“D:\java_workspace\技能实训\源代码\NctSim\NctSim.csproj”的文件“C:\Program Files\dotnet\sdk\8.0.422\Sdks\Microsoft.NET.Sdk\analyzers\build\Microsoft.CodeAnalysis.NetAnalyzers.targets”中的目标“AddGlobalAnalyzerConfigForPackage_MicrosoftCodeAnalysisNetAnalyzers”(目标“CoreCompile”依赖于它):
   1:7>已完成在项目“NctSim.csproj”中生成目标“AddGlobalAnalyzerConfigForPackage_MicrosoftCodeAnalysisNetAnalyzers”的操作。
       由于条件的计算结果为 false，已跳过目标“AddGlobalAnalyzerConfigForPackage_MicrosoftCodeAnalysisNetAnalyzersDesign”；('$(SkipGlobalAnalyzerConfigForPackage)' != 'true' and ('$(AnalysisLevelDesign)' != '' or '$(AnalysisModeDesign)' != ''))的计算结果为('' != 'true' and ('' != '' or '' != ''))。
       由于条件的计算结果为 false，已跳过目标“AddGlobalAnalyzerConfigForPackage_MicrosoftCodeAnalysisNetAnalyzersDocumentation”；('$(SkipGlobalAnalyzerConfigForPackage)' != 'true' and ('$(AnalysisLevelDocumentation)' != '' or '$(AnalysisModeDocumentation)' != ''))的计算结果为('' != 'true' and ('' != '' or '' != ''))。
       由于条件的计算结果为 false，已跳过目标“AddGlobalAnalyzerConfigForPackage_MicrosoftCodeAnalysisNetAnalyzersGlobalization”；('$(SkipGlobalAnalyzerConfigForPackage)' != 'true' and ('$(AnalysisLevelGlobalization)' != '' or '$(AnalysisModeGlobalization)' != ''))的计算结果为('' != 'true' and ('' != '' or '' != ''))。
       由于条件的计算结果为 false，已跳过目标“AddGlobalAnalyzerConfigForPackage_MicrosoftCodeAnalysisNetAnalyzersInteroperability”；('$(SkipGlobalAnalyzerConfigForPackage)' != 'true' and ('$(AnalysisLevelInteroperability)' != '' or '$(AnalysisModeInteroperability)' != ''))的计算结果为('' != 'true' and ('' != '' or '' != ''))。
       由于条件的计算结果为 false，已跳过目标“AddGlobalAnalyzerConfigForPackage_MicrosoftCodeAnalysisNetAnalyzersMaintainability”；('$(SkipGlobalAnalyzerConfigForPackage)' != 'true' and ('$(AnalysisLevelMaintainability)' != '' or '$(AnalysisModeMaintainability)' != ''))的计算结果为('' != 'true' and ('' != '' or '' != ''))。
       由于条件的计算结果为 false，已跳过目标“AddGlobalAnalyzerConfigForPackage_MicrosoftCodeAnalysisNetAnalyzersNaming”；('$(SkipGlobalAnalyzerConfigForPackage)' != 'true' and ('$(AnalysisLevelNaming)' != '' or '$(AnalysisModeNaming)' != ''))的计算结果为('' != 'true' and ('' != '' or '' != ''))。
       由于条件的计算结果为 false，已跳过目标“AddGlobalAnalyzerConfigForPackage_MicrosoftCodeAnalysisNetAnalyzersPerformance”；('$(SkipGlobalAnalyzerConfigForPackage)' != 'true' and ('$(AnalysisLevelPerformance)' != '' or '$(AnalysisModePerformance)' != ''))的计算结果为('' != 'true' and ('' != '' or '' != ''))。
       由于条件的计算结果为 false，已跳过目标“AddGlobalAnalyzerConfigForPackage_MicrosoftCodeAnalysisNetAnalyzersReliability”；('$(SkipGlobalAnalyzerConfigForPackage)' != 'true' and ('$(AnalysisLevelReliability)' != '' or '$(AnalysisModeReliability)' != ''))的计算结果为('' != 'true' and ('' != '' or '' != ''))。
       由于条件的计算结果为 false，已跳过目标“AddGlobalAnalyzerConfigForPackage_MicrosoftCodeAnalysisNetAnalyzersSecurity”；('$(SkipGlobalAnalyzerConfigForPackage)' != 'true' and ('$(AnalysisLevelSecurity)' != '' or '$(AnalysisModeSecurity)' != ''))的计算结果为('' != 'true' and ('' != '' or '' != ''))。
       由于条件的计算结果为 false，已跳过目标“AddGlobalAnalyzerConfigForPackage_MicrosoftCodeAnalysisNetAnalyzersUsage”；('$(SkipGlobalAnalyzerConfigForPackage)' != 'true' and ('$(AnalysisLevelUsage)' != '' or '$(AnalysisModeUsage)' != ''))的计算结果为('' != 'true' and ('' != '' or '' != ''))。
       由于条件的计算结果为 false，已跳过目标“_CodeAnalysisTreatWarningsAsErrors”；('$(DesignTimeBuild)' == 'true' OR '$(BuildingProject)' != 'true')的计算结果为('' == 'true' OR 'true' != 'true')。
   1:7>来自项目“D:\java_workspace\技能实训\源代码\NctSim\NctSim.csproj”的文件“C:\Program Files\dotnet\sdk\8.0.422\Sdks\Microsoft.NET.Sdk\analyzers\build\Microsoft.CodeAnalysis.NetAnalyzers.targets”中的目标“_ReportUpgradeNetAnalyzersNuGetWarning”(目标“CoreCompile”依赖于它):
       由于 false 条件，已跳过任务“Warning”；('$(_NETAnalyzersNuGetAssemblyVersion)' != '' AND
                                '$(_NETAnalyzersSDKAssemblyVersion)' != '' AND
                                 $(_NETAnalyzersNuGetAssemblyVersion) < $(_NETAnalyzersSDKAssemblyVersion))计算为('' != '' AND
                                '8.0.0' != '' AND
                                  < 8.0.0)。
   1:7>已完成在项目“NctSim.csproj”中生成目标“_ReportUpgradeNetAnalyzersNuGetWarning”的操作。
       由于条件的计算结果为 false，已跳过目标“CheckForDuplicatePageItems”；(('$(UseWPF)' == 'true') And ('$(_TargetFrameworkVersionValue)' != '$(_UndefinedTargetFrameworkVersion)') And ('$(_TargetFrameworkVersionValue)' >= '$(_WindowsDesktopSdkTargetFrameworkVersionFloor)'))的计算结果为(('' == 'true') And ('8.0' != '0.0') And ('8.0' >= '3.0'))。
   1:7>来自项目“D:\java_workspace\技能实训\源代码\NctSim\NctSim.csproj”的文件“C:\Program Files\dotnet\sdk\8.0.422\Sdks\Microsoft.NET.Sdk.WindowsDesktop\targets\Microsoft.WinFX.targets”中的目标“RemoveDuplicateAnalyzers”(目标“CoreCompile”依赖于它):
   1:7>已完成在项目“NctSim.csproj”中生成目标“RemoveDuplicateAnalyzers”的操作。
   1:7>来自项目“D:\java_workspace\技能实训\源代码\NctSim\NctSim.csproj”的文件“C:\Program Files\dotnet\sdk\8.0.422\Roslyn\Microsoft.CSharp.Core.targets”中的目标“CoreCompile”(目标“Compile”依赖于它):
       正在完全生成目标“CoreCompile”。
       输出文件“obj\Debug\net8.0-windows\NctSim.dll”不存在。
       正在使用程序集“C:\Program Files\dotnet\sdk\8.0.422\Roslyn\Microsoft.Build.Tasks.CodeAnalysis.dll”中的“Csc”任务。
       任务“Csc”
         C:\Program Files\dotnet\dotnet.exe exec "C:\Program Files\dotnet\sdk\8.0.422\Roslyn\bincore\csc.dll" /noconfig /unsafe- /checked- /nowarn:1701,1702,1701,1702 /fullpaths /nostdlib+ /errorreport:prompt /warn:8 /define:TRACE;DEBUG;NET;NET8_0;NETCOREAPP;WINDOWS;WINDOWS7_0;NET5_0_OR_GREATER;NET6_0_OR_GREATER;NET7_0_OR_GREATER;NET8_0_OR_GREATER;NETCOREAPP3_0_OR_GREATER;NETCOREAPP3_1_OR_GREATER;WINDOWS7_0_OR_GREATER /highentropyva+ /nullable:enable /reference:"C:\Program Files\dotnet\packs\Microsoft.WindowsDesktop.App.Ref\8.0.28\ref\net8.0\Accessibility.dll" /reference:"C:\Users\张豪午\.nuget\packages\epplus\7.1.0\lib\net8.0\EPPlus.dll" /reference:"C:\Users\张豪午\.nuget\packages\epplus.interfaces\6.1.1\lib\net7.0\EPPlus.Interfaces.dll" /reference:"C:\Users\张豪午\.nuget\packages\epplus.system.drawing\6.1.1\lib\net7.0\EPPlus.System.Drawing.dll" /reference:"C:\Users\张豪午\.nuget\packages\mathnet.numerics\5.0.0\lib\net6.0\MathNet.Numerics.dll" /reference:"C:\Program Files\dotnet\packs\Microsoft.NETCore.App.Ref\8.0.28\ref\net8.0\Microsoft.CSharp.dll" /reference:"C:\Users\张豪午\.nuget\packages\microsoft.data.sqlite.core\8.0.0\lib\net8.0\Microsoft.Data.Sqlite.dll" /reference:"C:\Users\张豪午\.nuget\packages\microsoft.extensions.configuration.abstractions\8.0.0\lib\net8.0\Microsoft.Extensions.Configuration.Abstractions.dll" /reference:"C:\Users\张豪午\.nuget\packages\microsoft.extensions.configuration\8.0.0\lib\net8.0\Microsoft.Extensions.Configuration.dll" /reference:"C:\Users\张豪午\.nuget\packages\microsoft.extensions.configuration.fileextensions\8.0.0\lib\net8.0\Microsoft.Extensions.Configuration.FileExtensions.dll" /reference:"C:\Users\张豪午\.nuget\packages\microsoft.extensions.configuration.json\8.0.0\lib\net8.0\Microsoft.Extensions.Configuration.Json.dll" /reference:"C:\Users\张豪午\.nuget\packages\microsoft.extensions.dependencyinjection.abstractions\6.0.0\lib\net6.0\Microsoft.Extensions.DependencyInjection.Abstractions.dll" /reference:"C:\Users\张豪午\.nuget\packages\microsoft.extensions.dependencyinjection\6.0.0\lib\net6.0\Microsoft.Extensions.DependencyInjection.dll" /reference:"C:\Users\张豪午\.nuget\packages\microsoft.extensions.fileproviders.abstractions\8.0.0\lib\net8.0\Microsoft.Extensions.FileProviders.Abstractions.dll" /reference:"C:\Users\张豪午\.nuget\packages\microsoft.extensions.fileproviders.physical\8.0.0\lib\net8.0\Microsoft.Extensions.FileProviders.Physical.dll" /reference:"C:\Users\张豪午\.nuget\packages\microsoft.extensions.filesystemglobbing\8.0.0\lib\net8.0\Microsoft.Extensions.FileSystemGlobbing.dll" /reference:"C:\Users\张豪午\.nuget\packages\microsoft.extensions.logging.abstractions\6.0.0\lib\net6.0\Microsoft.Extensions.Logging.Abstractions.dll" /reference:"C:\Users\张豪午\.nuget\packages\microsoft.extensions.logging\6.0.0\lib\netstandard2.1\Microsoft.Extensions.Logging.dll" /reference:"C:\Users\张豪午\.nuget\packages\microsoft.extensions.options\6.0.0\lib\netstandard2.1\Microsoft.Extensions.Options.dll" /reference:"C:\Users\张豪午\.nuget\packages\microsoft.extensions.primitives\8.0.0\lib\net8.0\Microsoft.Extensions.Primitives.dll" /reference:"C:\Users\张豪午\.nuget\packages\microsoft.io.recyclablememorystream\3.0.0\lib\net6.0\Microsoft.IO.RecyclableMemoryStream.dll" /reference:"C:\Program Files\dotnet\packs\Microsoft.NETCore.App.Ref\8.0.28\ref\net8.0\Microsoft.VisualBasic.Core.dll" /reference:"C:\Program Files\dotnet\packs\Microsoft.WindowsDesktop.App.Ref\8.0.28\ref\net8.0\Microsoft.VisualBasic.dll" /reference:"C:\Program Files\dotnet\packs\Microsoft.WindowsDesktop.App.Ref\8.0.28\ref\net8.0\Microsoft.VisualBasic.Forms.dll" /reference:"C:\Program Files\dotnet\packs\Microsoft.NETCore.App.Ref\8.0.28\ref\net8.0\Microsoft.Win32.Primitives.dll" /reference:"C:\Program Files\dotnet\packs\Microsoft.WindowsDesktop.App.Ref\8.0.28\ref\net8.0\Microsoft.Win32.Registry.AccessControl.dll" /reference:"C:\Program Files\dotnet\packs\Microsoft.NETCore.App.Ref\8.0.28\ref\net8.0\Microsoft.Win32.Registry.dll" /reference:"C:\Program Files\dotnet\packs\Microsoft.WindowsDesktop.App.Ref\8.0.28\ref\net8.0\Microsoft.Win32.SystemEvents.dll" /reference:"C:\Users\张豪午\.nuget\packages\pdfsharp-migradoc\6.1.1\lib\net6.0\MigraDoc.DocumentObjectModel.dll" /reference:"C:\Users\张豪午\.nuget\packages\pdfsharp-migradoc\6.1.1\lib\net6.0\MigraDoc.Rendering.dll" /reference:"C:\Users\张豪午\.nuget\packages\pdfsharp-migradoc\6.1.1\lib\net6.0\MigraDoc.RtfRendering.dll" /reference:"C:\Program Files\dotnet\packs\Microsoft.NETCore.App.Ref\8.0.28\ref\net8.0\mscorlib.dll" /reference:"C:\Program Files\dotnet\packs\Microsoft.NETCore.App.Ref\8.0.28\ref\net8.0\netstandard.dll" /reference:"C:\Users\张豪午\.nuget\packages\oxyplot.core\2.1.2\lib\netstandard2.0\OxyPlot.dll" /reference:"C:\Users\张豪午\.nuget\packages\oxyplot.windowsforms\2.1.2\lib\netcoreapp3.1\OxyPlot.WindowsForms.dll" /reference:"C:\Users\张豪午\.nuget\packages\pdfsharp-migradoc\6.1.1\lib\net6.0\PdfSharp.Charting.dll" /reference:"C:\Users\张豪午\.nuget\packages\pdfsharp-migradoc\6.1.1\lib\net6.0\PdfSharp.dll" /reference:"C:\Users\张豪午\.nuget\packages\pdfsharp-migradoc\6.1.1\lib\net6.0\PdfSharp.Quality.dll" /reference:"C:\Users\张豪午\.nuget\packages\pdfsharp-migradoc\6.1.1\lib\net6.0\PdfSharp.Snippets.dll" /reference:"C:\Users\张豪午\.nuget\packages\pdfsharp-migradoc\6.1.1\lib\net6.0\PdfSharp.System.dll" /reference:"C:\Users\张豪午\.nuget\packages\pdfsharp-migradoc\6.1.1\lib\net6.0\PdfSharp.WPFonts.dll" /reference:"C:\Users\张豪午\.nuget\packages\serilog\4.0.0\lib\net8.0\Serilog.dll" /reference:"C:\Users\张豪午\.nuget\packages\serilog.sinks.file\6.0.0\lib\net8.0\Serilog.Sinks.File.dll" /reference:"C:\Users\张豪午\.nuget\packages\sqlitepclraw.bundle_e_sqlite3\2.1.6\lib\netstandard2.0\SQLitePCLRaw.batteries_v2.dll" /reference:"C:\Users\张豪午\.nuget\packages\sqlitepclraw.core\2.1.6\lib\netstandard2.0\SQLitePCLRaw.core.dll" /reference:"C:\Users\张豪午\.nuget\packages\sqlitepclraw.provider.e_sqlite3\2.1.6\lib\net6.0-windows7.0\SQLitePCLRaw.provider.e_sqlite3.dll" /reference:"C:\Program Files\dotnet\packs\Microsoft.NETCore.App.Ref\8.0.28\ref\net8.0\System.AppContext.dll" /reference:"C:\Program Files\dotnet\packs\Microsoft.NETCore.App.Ref\8.0.28\ref\net8.0\System.Buffers.dll" /reference:"C:\Program Files\dotnet\packs\Microsoft.WindowsDesktop.App.Ref\8.0.28\ref\net8.0\System.CodeDom.dll" /reference:"C:\Program Files\dotnet\packs\Microsoft.NETCore.App.Ref\8.0.28\ref\net8.0\System.Collections.Concurrent.dll" /reference:"C:\Program Files\dotnet\packs\Microsoft.NETCore.App.Ref\8.0.28\ref\net8.0\System.Collections.dll" /reference:"C:\Program Files\dotnet\packs\Microsoft.NETCore.App.Ref\8.0.28\ref\net8.0\System.Collections.Immutable.dll" /reference:"C:\Program Files\dotnet\packs\Microsoft.NETCore.App.Ref\8.0.28\ref\net8.0\System.Collections.NonGeneric.dll" /reference:"C:\Program Files\dotnet\packs\Microsoft.NETCore.App.Ref\8.0.28\ref\net8.0\System.Collections.Specialized.dll" /reference:"C:\Program Files\dotnet\packs\Microsoft.NETCore.App.Ref\8.0.28\ref\net8.0\System.ComponentModel.Annotations.dll" /reference:"C:\Program Files\dotnet\packs\Microsoft.NETCore.App.Ref\8.0.28\ref\net8.0\System.ComponentModel.DataAnnotations.dll" /reference:"C:\Program Files\dotnet\packs\Microsoft.NETCore.App.Ref\8.0.28\ref\net8.0\System.ComponentModel.dll" /reference:"C:\Program Files\dotnet\packs\Microsoft.NETCore.App.Ref\8.0.28\ref\net8.0\System.ComponentModel.EventBasedAsync.dll" /reference:"C:\Program Files\dotnet\packs\Microsoft.NETCore.App.Ref\8.0.28\ref\net8.0\System.ComponentModel.Primitives.dll" /reference:"C:\Program Files\dotnet\packs\Microsoft.NETCore.App.Ref\8.0.28\ref\net8.0\System.ComponentModel.TypeConverter.dll" /reference:"C:\Program Files\dotnet\packs\Microsoft.WindowsDesktop.App.Ref\8.0.28\ref\net8.0\System.Configuration.ConfigurationManager.dll" /reference:"C:\Program Files\dotnet\packs\Microsoft.NETCore.App.Ref\8.0.28\ref\net8.0\System.Configuration.dll" /reference:"C:\Program Files\dotnet\packs\Microsoft.NETCore.App.Ref\8.0.28\ref\net8.0\System.Console.dll" /reference:"C:\Program Files\dotnet\packs\Microsoft.NETCore.App.Ref\8.0.28\ref\net8.0\System.Core.dll" /reference:"C:\Program Files\dotnet\packs\Microsoft.NETCore.App.Ref\8.0.28\ref\net8.0\System.Data.Common.dll" /reference:"C:\Program Files\dotnet\packs\Microsoft.NETCore.App.Ref\8.0.28\ref\net8.0\System.Data.DataSetExtensions.dll" /reference:"C:\Program Files\dotnet\packs\Microsoft.NETCore.App.Ref\8.0.28\ref\net8.0\System.Data.dll" /reference:"C:\Program Files\dotnet\packs\Microsoft.WindowsDesktop.App.Ref\8.0.28\ref\net8.0\System.Design.dll" /reference:"C:\Program Files\dotnet\packs\Microsoft.NETCore.App.Ref\8.0.28\ref\net8.0\System.Diagnostics.Contracts.dll" /reference:"C:\Program Files\dotnet\packs\Microsoft.NETCore.App.Ref\8.0.28\ref\net8.0\System.Diagnostics.Debug.dll" /reference:"C:\Program Files\dotnet\packs\Microsoft.NETCore.App.Ref\8.0.28\ref\net8.0\System.Diagnostics.DiagnosticSource.dll" /reference:"C:\Program Files\dotnet\packs\Microsoft.WindowsDesktop.App.Ref\8.0.28\ref\net8.0\System.Diagnostics.EventLog.dll" /reference:"C:\Program Files\dotnet\packs\Microsoft.NETCore.App.Ref\8.0.28\ref\net8.0\System.Diagnostics.FileVersionInfo.dll" /reference:"C:\Program Files\dotnet\packs\Microsoft.WindowsDesktop.App.Ref\8.0.28\ref\net8.0\System.Diagnostics.PerformanceCounter.dll" /reference:"C:\Program Files\dotnet\packs\Microsoft.NETCore.App.Ref\8.0.28\ref\net8.0\System.Diagnostics.Process.dll" /reference:"C:\Program Files\dotnet\packs\Microsoft.NETCore.App.Ref\8.0.28\ref\net8.0\System.Diagnostics.StackTrace.dll" /reference:"C:\Program Files\dotnet\packs\Microsoft.NETCore.App.Ref\8.0.28\ref\net8.0\System.Diagnostics.TextWriterTraceListener.dll" /reference:"C:\Program Files\dotnet\packs\Microsoft.NETCore.App.Ref\8.0.28\ref\net8.0\System.Diagnostics.Tools.dll" /reference:"C:\Program Files\dotnet\packs\Microsoft.NETCore.App.Ref\8.0.28\ref\net8.0\System.Diagnostics.TraceSource.dll" /reference:"C:\Program Files\dotnet\packs\Microsoft.NETCore.App.Ref\8.0.28\ref\net8.0\System.Diagnostics.Tracing.dll" /reference:"C:\Program Files\dotnet\packs\Microsoft.WindowsDesktop.App.Ref\8.0.28\ref\net8.0\System.DirectoryServices.dll" /reference:"C:\Program Files\dotnet\packs\Microsoft.NETCore.App.Ref\8.0.28\ref\net8.0\System.dll" /reference:"C:\Program Files\dotnet\packs\Microsoft.WindowsDesktop.App.Ref\8.0.28\ref\net8.0\System.Drawing.Common.dll" /reference:"C:\Program Files\dotnet\packs\Microsoft.WindowsDesktop.App.Ref\8.0.28\ref\net8.0\System.Drawing.Design.dll" /reference:"C:\Program Files\dotnet\packs\Microsoft.WindowsDesktop.App.Ref\8.0.28\ref\net8.0\System.Drawing.dll" /reference:"C:\Program Files\dotnet\packs\Microsoft.NETCore.App.Ref\8.0.28\ref\net8.0\System.Drawing.Primitives.dll" /reference:"C:\Program Files\dotnet\packs\Microsoft.NETCore.App.Ref\8.0.28\ref\net8.0\System.Dynamic.Runtime.dll" /reference:"C:\Program Files\dotnet\packs\Microsoft.NETCore.App.Ref\8.0.28\ref\net8.0\System.Formats.Asn1.dll" /reference:"C:\Program Files\dotnet\packs\Microsoft.NETCore.App.Ref\8.0.28\ref\net8.0\System.Formats.Tar.dll" /reference:"C:\Program Files\dotnet\packs\Microsoft.NETCore.App.Ref\8.0.28\ref\net8.0\System.Globalization.Calendars.dll" /reference:"C:\Program Files\dotnet\packs\Microsoft.NETCore.App.Ref\8.0.28\ref\net8.0\System.Globalization.dll" /reference:"C:\Program Files\dotnet\packs\Microsoft.NETCore.App.Ref\8.0.28\ref\net8.0\System.Globalization.Extensions.dll" /reference:"C:\Program Files\dotnet\packs\Microsoft.NETCore.App.Ref\8.0.28\ref\net8.0\System.IO.Compression.Brotli.dll" /reference:"C:\Program Files\dotnet\packs\Microsoft.NETCore.App.Ref\8.0.28\ref\net8.0\System.IO.Compression.dll" /reference:"C:\Program Files\dotnet\packs\Microsoft.NETCore.App.Ref\8.0.28\ref\net8.0\System.IO.Compression.FileSystem.dll" /reference:"C:\Program Files\dotnet\packs\Microsoft.NETCore.App.Ref\8.0.28\ref\net8.0\System.IO.Compression.ZipFile.dll" /reference:"C:\Program Files\dotnet\packs\Microsoft.NETCore.App.Ref\8.0.28\ref\net8.0\System.IO.dll" /reference:"C:\Program Files\dotnet\packs\Microsoft.NETCore.App.Ref\8.0.28\ref\net8.0\System.IO.FileSystem.AccessControl.dll" /reference:"C:\Program Files\dotnet\packs\Microsoft.NETCore.App.Ref\8.0.28\ref\net8.0\System.IO.FileSystem.dll" /reference:"C:\Program Files\dotnet\packs\Microsoft.NETCore.App.Ref\8.0.28\ref\net8.0\System.IO.FileSystem.DriveInfo.dll" /reference:"C:\Program Files\dotnet\packs\Microsoft.NETCore.App.Ref\8.0.28\ref\net8.0\System.IO.FileSystem.Primitives.dll" /reference:"C:\Program Files\dotnet\packs\Microsoft.NETCore.App.Ref\8.0.28\ref\net8.0\System.IO.FileSystem.Watcher.dll" /reference:"C:\Program Files\dotnet\packs\Microsoft.NETCore.App.Ref\8.0.28\ref\net8.0\System.IO.IsolatedStorage.dll" /reference:"C:\Program Files\dotnet\packs\Microsoft.NETCore.App.Ref\8.0.28\ref\net8.0\System.IO.MemoryMappedFiles.dll" /reference:"C:\Program Files\dotnet\packs\Microsoft.WindowsDesktop.App.Ref\8.0.28\ref\net8.0\System.IO.Packaging.dll" /reference:"C:\Program Files\dotnet\packs\Microsoft.NETCore.App.Ref\8.0.28\ref\net8.0\System.IO.Pipes.AccessControl.dll" /reference:"C:\Program Files\dotnet\packs\Microsoft.NETCore.App.Ref\8.0.28\ref\net8.0\System.IO.Pipes.dll" /reference:"C:\Program Files\dotnet\packs\Microsoft.NETCore.App.Ref\8.0.28\ref\net8.0\System.IO.UnmanagedMemoryStream.dll" /reference:"C:\Program Files\dotnet\packs\Microsoft.NETCore.App.Ref\8.0.28\ref\net8.0\System.Linq.dll" /reference:"C:\Program Files\dotnet\packs\Microsoft.NETCore.App.Ref\8.0.28\ref\net8.0\System.Linq.Expressions.dll" /reference:"C:\Program Files\dotnet\packs\Microsoft.NETCore.App.Ref\8.0.28\ref\net8.0\System.Linq.Parallel.dll" /reference:"C:\Program Files\dotnet\packs\Microsoft.NETCore.App.Ref\8.0.28\ref\net8.0\System.Linq.Queryable.dll" /reference:"C:\Program Files\dotnet\packs\Microsoft.NETCore.App.Ref\8.0.28\ref\net8.0\System.Memory.dll" /reference:"C:\Program Files\dotnet\packs\Microsoft.NETCore.App.Ref\8.0.28\ref\net8.0\System.Net.dll" /reference:"C:\Program Files\dotnet\packs\Microsoft.NETCore.App.Ref\8.0.28\ref\net8.0\System.Net.Http.dll" /reference:"C:\Program Files\dotnet\packs\Microsoft.NETCore.App.Ref\8.0.28\ref\net8.0\System.Net.Http.Json.dll" /reference:"C:\Program Files\dotnet\packs\Microsoft.NETCore.App.Ref\8.0.28\ref\net8.0\System.Net.HttpListener.dll" /reference:"C:\Program Files\dotnet\packs\Microsoft.NETCore.App.Ref\8.0.28\ref\net8.0\System.Net.Mail.dll" /reference:"C:\Program Files\dotnet\packs\Microsoft.NETCore.App.Ref\8.0.28\ref\net8.0\System.Net.NameResolution.dll" /reference:"C:\Program Files\dotnet\packs\Microsoft.NETCore.App.Ref\8.0.28\ref\net8.0\System.Net.NetworkInformation.dll" /reference:"C:\Program Files\dotnet\packs\Microsoft.NETCore.App.Ref\8.0.28\ref\net8.0\System.Net.Ping.dll" /reference:"C:\Program Files\dotnet\packs\Microsoft.NETCore.App.Ref\8.0.28\ref\net8.0\System.Net.Primitives.dll" /reference:"C:\Program Files\dotnet\packs\Microsoft.NETCore.App.Ref\8.0.28\ref\net8.0\System.Net.Quic.dll" /reference:"C:\Program Files\dotnet\packs\Microsoft.NETCore.App.Ref\8.0.28\ref\net8.0\System.Net.Requests.dll" /reference:"C:\Program Files\dotnet\packs\Microsoft.NETCore.App.Ref\8.0.28\ref\net8.0\System.Net.Security.dll" /reference:"C:\Program Files\dotnet\packs\Microsoft.NETCore.App.Ref\8.0.28\ref\net8.0\System.Net.ServicePoint.dll" /reference:"C:\Program Files\dotnet\packs\Microsoft.NETCore.App.Ref\8.0.28\ref\net8.0\System.Net.Sockets.dll" /reference:"C:\Program Files\dotnet\packs\Microsoft.NETCore.App.Ref\8.0.28\ref\net8.0\System.Net.WebClient.dll" /reference:"C:\Program Files\dotnet\packs\Microsoft.NETCore.App.Ref\8.0.28\ref\net8.0\System.Net.WebHeaderCollection.dll" /reference:"C:\Program Files\dotnet\packs\Microsoft.NETCore.App.Ref\8.0.28\ref\net8.0\System.Net.WebProxy.dll" /reference:"C:\Program Files\dotnet\packs\Microsoft.NETCore.App.Ref\8.0.28\ref\net8.0\System.Net.WebSockets.Client.dll" /reference:"C:\Program Files\dotnet\packs\Microsoft.NETCore.App.Ref\8.0.28\ref\net8.0\System.Net.WebSockets.dll" /reference:"C:\Program Files\dotnet\packs\Microsoft.NETCore.App.Ref\8.0.28\ref\net8.0\System.Numerics.dll" /reference:"C:\Program Files\dotnet\packs\Microsoft.NETCore.App.Ref\8.0.28\ref\net8.0\System.Numerics.Vectors.dll" /reference:"C:\Program Files\dotnet\packs\Microsoft.NETCore.App.Ref\8.0.28\ref\net8.0\System.ObjectModel.dll" /reference:"C:\Program Files\dotnet\packs\Microsoft.NETCore.App.Ref\8.0.28\ref\net8.0\System.Reflection.DispatchProxy.dll" /reference:"C:\Program Files\dotnet\packs\Microsoft.NETCore.App.Ref\8.0.28\ref\net8.0\System.Reflection.dll" /reference:"C:\Program Files\dotnet\packs\Microsoft.NETCore.App.Ref\8.0.28\ref\net8.0\System.Reflection.Emit.dll" /reference:"C:\Program Files\dotnet\packs\Microsoft.NETCore.App.Ref\8.0.28\ref\net8.0\System.Reflection.Emit.ILGeneration.dll" /reference:"C:\Program Files\dotnet\packs\Microsoft.NETCore.App.Ref\8.0.28\ref\net8.0\System.Reflection.Emit.Lightweight.dll" /reference:"C:\Program Files\dotnet\packs\Microsoft.NETCore.App.Ref\8.0.28\ref\net8.0\System.Reflection.Extensions.dll" /reference:"C:\Program Files\dotnet\packs\Microsoft.NETCore.App.Ref\8.0.28\ref\net8.0\System.Reflection.Metadata.dll" /reference:"C:\Program Files\dotnet\packs\Microsoft.NETCore.App.Ref\8.0.28\ref\net8.0\System.Reflection.Primitives.dll" /reference:"C:\Program Files\dotnet\packs\Microsoft.NETCore.App.Ref\8.0.28\ref\net8.0\System.Reflection.TypeExtensions.dll" /reference:"C:\Program Files\dotnet\packs\Microsoft.WindowsDesktop.App.Ref\8.0.28\ref\net8.0\System.Resources.Extensions.dll" /reference:"C:\Program Files\dotnet\packs\Microsoft.NETCore.App.Ref\8.0.28\ref\net8.0\System.Resources.Reader.dll" /reference:"C:\Program Files\dotnet\packs\Microsoft.NETCore.App.Ref\8.0.28\ref\net8.0\System.Resources.ResourceManager.dll" /reference:"C:\Program Files\dotnet\packs\Microsoft.NETCore.App.Ref\8.0.28\ref\net8.0\System.Resources.Writer.dll" /reference:"C:\Program Files\dotnet\packs\Microsoft.NETCore.App.Ref\8.0.28\ref\net8.0\System.Runtime.CompilerServices.Unsafe.dll" /reference:"C:\Program Files\dotnet\packs\Microsoft.NETCore.App.Ref\8.0.28\ref\net8.0\System.Runtime.CompilerServices.VisualC.dll" /reference:"C:\Program Files\dotnet\packs\Microsoft.NETCore.App.Ref\8.0.28\ref\net8.0\System.Runtime.dll" /reference:"C:\Program Files\dotnet\packs\Microsoft.NETCore.App.Ref\8.0.28\ref\net8.0\System.Runtime.Extensions.dll" /reference:"C:\Program Files\dotnet\packs\Microsoft.NETCore.App.Ref\8.0.28\ref\net8.0\System.Runtime.Handles.dll" /reference:"C:\Program Files\dotnet\packs\Microsoft.NETCore.App.Ref\8.0.28\ref\net8.0\System.Runtime.InteropServices.dll" /reference:"C:\Program Files\dotnet\packs\Microsoft.NETCore.App.Ref\8.0.28\ref\net8.0\System.Runtime.InteropServices.JavaScript.dll" /reference:"C:\Program Files\dotnet\packs\Microsoft.NETCore.App.Ref\8.0.28\ref\net8.0\System.Runtime.InteropServices.RuntimeInformation.dll" /reference:"C:\Program Files\dotnet\packs\Microsoft.NETCore.App.Ref\8.0.28\ref\net8.0\System.Runtime.Intrinsics.dll" /reference:"C:\Program Files\dotnet\packs\Microsoft.NETCore.App.Ref\8.0.28\ref\net8.0\System.Runtime.Loader.dll" /reference:"C:\Program Files\dotnet\packs\Microsoft.NETCore.App.Ref\8.0.28\ref\net8.0\System.Runtime.Numerics.dll" /reference:"C:\Program Files\dotnet\packs\Microsoft.NETCore.App.Ref\8.0.28\ref\net8.0\System.Runtime.Serialization.dll" /reference:"C:\Program Files\dotnet\packs\Microsoft.NETCore.App.Ref\8.0.28\ref\net8.0\System.Runtime.Serialization.Formatters.dll" /reference:"C:\Program Files\dotnet\packs\Microsoft.NETCore.App.Ref\8.0.28\ref\net8.0\System.Runtime.Serialization.Json.dll" /reference:"C:\Program Files\dotnet\packs\Microsoft.NETCore.App.Ref\8.0.28\ref\net8.0\System.Runtime.Serialization.Primitives.dll" /reference:"C:\Program Files\dotnet\packs\Microsoft.NETCore.App.Ref\8.0.28\ref\net8.0\System.Runtime.Serialization.Xml.dll" /reference:"C:\Program Files\dotnet\packs\Microsoft.NETCore.App.Ref\8.0.28\ref\net8.0\System.Security.AccessControl.dll" /reference:"C:\Program Files\dotnet\packs\Microsoft.NETCore.App.Ref\8.0.28\ref\net8.0\System.Security.Claims.dll" /reference:"C:\Program Files\dotnet\packs\Microsoft.NETCore.App.Ref\8.0.28\ref\net8.0\System.Security.Cryptography.Algorithms.dll" /reference:"C:\Program Files\dotnet\packs\Microsoft.NETCore.App.Ref\8.0.28\ref\net8.0\System.Security.Cryptography.Cng.dll" /reference:"C:\Program Files\dotnet\packs\Microsoft.NETCore.App.Ref\8.0.28\ref\net8.0\System.Security.Cryptography.Csp.dll" /reference:"C:\Program Files\dotnet\packs\Microsoft.NETCore.App.Ref\8.0.28\ref\net8.0\System.Security.Cryptography.dll" /reference:"C:\Program Files\dotnet\packs\Microsoft.NETCore.App.Ref\8.0.28\ref\net8.0\System.Security.Cryptography.Encoding.dll" /reference:"C:\Program Files\dotnet\packs\Microsoft.NETCore.App.Ref\8.0.28\ref\net8.0\System.Security.Cryptography.OpenSsl.dll" /reference:"C:\Program Files\dotnet\packs\Microsoft.WindowsDesktop.App.Ref\8.0.28\ref\net8.0\System.Security.Cryptography.Pkcs.dll" /reference:"C:\Program Files\dotnet\packs\Microsoft.NETCore.App.Ref\8.0.28\ref\net8.0\System.Security.Cryptography.Primitives.dll" /reference:"C:\Program Files\dotnet\packs\Microsoft.WindowsDesktop.App.Ref\8.0.28\ref\net8.0\System.Security.Cryptography.ProtectedData.dll" /reference:"C:\Program Files\dotnet\packs\Microsoft.NETCore.App.Ref\8.0.28\ref\net8.0\System.Security.Cryptography.X509Certificates.dll" /reference:"C:\Program Files\dotnet\packs\Microsoft.WindowsDesktop.App.Ref\8.0.28\ref\net8.0\System.Security.Cryptography.Xml.dll" /reference:"C:\Program Files\dotnet\packs\Microsoft.NETCore.App.Ref\8.0.28\ref\net8.0\System.Security.dll" /reference:"C:\Program Files\dotnet\packs\Microsoft.WindowsDesktop.App.Ref\8.0.28\ref\net8.0\System.Security.Permissions.dll" /reference:"C:\Program Files\dotnet\packs\Microsoft.NETCore.App.Ref\8.0.28\ref\net8.0\System.Security.Principal.dll" /reference:"C:\Program Files\dotnet\packs\Microsoft.NETCore.App.Ref\8.0.28\ref\net8.0\System.Security.Principal.Windows.dll" /reference:"C:\Program Files\dotnet\packs\Microsoft.NETCore.App.Ref\8.0.28\ref\net8.0\System.Security.SecureString.dll" /reference:"C:\Program Files\dotnet\packs\Microsoft.NETCore.App.Ref\8.0.28\ref\net8.0\System.ServiceModel.Web.dll" /reference:"C:\Program Files\dotnet\packs\Microsoft.NETCore.App.Ref\8.0.28\ref\net8.0\System.ServiceProcess.dll" /reference:"C:\Program Files\dotnet\packs\Microsoft.NETCore.App.Ref\8.0.28\ref\net8.0\System.Text.Encoding.CodePages.dll" /reference:"C:\Program Files\dotnet\packs\Microsoft.NETCore.App.Ref\8.0.28\ref\net8.0\System.Text.Encoding.dll" /reference:"C:\Program Files\dotnet\packs\Microsoft.NETCore.App.Ref\8.0.28\ref\net8.0\System.Text.Encoding.Extensions.dll" /reference:"C:\Program Files\dotnet\packs\Microsoft.NETCore.App.Ref\8.0.28\ref\net8.0\System.Text.Encodings.Web.dll" /reference:"C:\Program Files\dotnet\packs\Microsoft.NETCore.App.Ref\8.0.28\ref\net8.0\System.Text.Json.dll" /reference:"C:\Program Files\dotnet\packs\Microsoft.NETCore.App.Ref\8.0.28\ref\net8.0\System.Text.RegularExpressions.dll" /reference:"C:\Program Files\dotnet\packs\Microsoft.WindowsDesktop.App.Ref\8.0.28\ref\net8.0\System.Threading.AccessControl.dll" /reference:"C:\Program Files\dotnet\packs\Microsoft.NETCore.App.Ref\8.0.28\ref\net8.0\System.Threading.Channels.dll" /reference:"C:\Program Files\dotnet\packs\Microsoft.NETCore.App.Ref\8.0.28\ref\net8.0\System.Threading.dll" /reference:"C:\Program Files\dotnet\packs\Microsoft.NETCore.App.Ref\8.0.28\ref\net8.0\System.Threading.Overlapped.dll" /reference:"C:\Program Files\dotnet\packs\Microsoft.NETCore.App.Ref\8.0.28\ref\net8.0\System.Threading.Tasks.Dataflow.dll" /reference:"C:\Program Files\dotnet\packs\Microsoft.NETCore.App.Ref\8.0.28\ref\net8.0\System.Threading.Tasks.dll" /reference:"C:\Program Files\dotnet\packs\Microsoft.NETCore.App.Ref\8.0.28\ref\net8.0\System.Threading.Tasks.Extensions.dll" /reference:"C:\Program Files\dotnet\packs\Microsoft.NETCore.App.Ref\8.0.28\ref\net8.0\System.Threading.Tasks.Parallel.dll" /reference:"C:\Program Files\dotnet\packs\Microsoft.NETCore.App.Ref\8.0.28\ref\net8.0\System.Threading.Thread.dll" /reference:"C:\Program Files\dotnet\packs\Microsoft.NETCore.App.Ref\8.0.28\ref\net8.0\System.Threading.ThreadPool.dll" /reference:"C:\Program Files\dotnet\packs\Microsoft.NETCore.App.Ref\8.0.28\ref\net8.0\System.Threading.Timer.dll" /reference:"C:\Program Files\dotnet\packs\Microsoft.NETCore.App.Ref\8.0.28\ref\net8.0\System.Transactions.dll" /reference:"C:\Program Files\dotnet\packs\Microsoft.NETCore.App.Ref\8.0.28\ref\net8.0\System.Transactions.Local.dll" /reference:"C:\Program Files\dotnet\packs\Microsoft.NETCore.App.Ref\8.0.28\ref\net8.0\System.ValueTuple.dll" /reference:"C:\Program Files\dotnet\packs\Microsoft.NETCore.App.Ref\8.0.28\ref\net8.0\System.Web.dll" /reference:"C:\Program Files\dotnet\packs\Microsoft.NETCore.App.Ref\8.0.28\ref\net8.0\System.Web.HttpUtility.dll" /reference:"C:\Program Files\dotnet\packs\Microsoft.NETCore.App.Ref\8.0.28\ref\net8.0\System.Windows.dll" /reference:"C:\Program Files\dotnet\packs\Microsoft.WindowsDesktop.App.Ref\8.0.28\ref\net8.0\System.Windows.Extensions.dll" /reference:"C:\Program Files\dotnet\packs\Microsoft.WindowsDesktop.App.Ref\8.0.28\ref\net8.0\System.Windows.Forms.Design.dll" /reference:"C:\Program Files\dotnet\packs\Microsoft.WindowsDesktop.App.Ref\8.0.28\ref\net8.0\System.Windows.Forms.Design.Editors.dll" /reference:"C:\Program Files\dotnet\packs\Microsoft.WindowsDesktop.App.Ref\8.0.28\ref\net8.0\System.Windows.Forms.dll" /reference:"C:\Program Files\dotnet\packs\Microsoft.WindowsDesktop.App.Ref\8.0.28\ref\net8.0\System.Windows.Forms.Primitives.dll" /reference:"C:\Program Files\dotnet\packs\Microsoft.NETCore.App.Ref\8.0.28\ref\net8.0\System.Xml.dll" /reference:"C:\Program Files\dotnet\packs\Microsoft.NETCore.App.Ref\8.0.28\ref\net8.0\System.Xml.Linq.dll" /reference:"C:\Program Files\dotnet\packs\Microsoft.NETCore.App.Ref\8.0.28\ref\net8.0\System.Xml.ReaderWriter.dll" /reference:"C:\Program Files\dotnet\packs\Microsoft.NETCore.App.Ref\8.0.28\ref\net8.0\System.Xml.Serialization.dll" /reference:"C:\Program Files\dotnet\packs\Microsoft.NETCore.App.Ref\8.0.28\ref\net8.0\System.Xml.XDocument.dll" /reference:"C:\Program Files\dotnet\packs\Microsoft.NETCore.App.Ref\8.0.28\ref\net8.0\System.Xml.XmlDocument.dll" /reference:"C:\Program Files\dotnet\packs\Microsoft.NETCore.App.Ref\8.0.28\ref\net8.0\System.Xml.XmlSerializer.dll" /reference:"C:\Program Files\dotnet\packs\Microsoft.NETCore.App.Ref\8.0.28\ref\net8.0\System.Xml.XPath.dll" /reference:"C:\Program Files\dotnet\packs\Microsoft.NETCore.App.Ref\8.0.28\ref\net8.0\System.Xml.XPath.XDocument.dll" /reference:"C:\Program Files\dotnet\packs\Microsoft.NETCore.App.Ref\8.0.28\ref\net8.0\WindowsBase.dll" /debug+ /debug:portable /filealign:512 /optimize- /out:obj\Debug\net8.0-windows\NctSim.dll /refout:obj\Debug\net8.0-windows\refint\NctSim.dll /target:winexe /warnaserror- /utf8output /win32icon:Resources\app.ico /deterministic+ /sourcelink:obj\Debug\net8.0-windows\NctSim.sourcelink.json /langversion:12.0 /analyzerconfig:obj\Debug\net8.0-windows\NctSim.GeneratedMSBuildEditorConfig.editorconfig /analyzerconfig:"C:\Program Files\dotnet\sdk\8.0.422\Sdks\Microsoft.NET.Sdk\analyzers\build\config\analysislevel_8_default.globalconfig" /analyzer:"C:\Program Files\dotnet\sdk\8.0.422\Sdks\Microsoft.NET.Sdk\targets\..\analyzers\Microsoft.CodeAnalysis.CSharp.NetAnalyzers.dll" /analyzer:"C:\Program Files\dotnet\sdk\8.0.422\Sdks\Microsoft.NET.Sdk\targets\..\analyzers\Microsoft.CodeAnalysis.NetAnalyzers.dll" /analyzer:"C:\Users\张豪午\.nuget\packages\microsoft.extensions.logging.abstractions\6.0.0\analyzers\dotnet\roslyn4.0\cs\Microsoft.Extensions.Logging.Generators.dll" /analyzer:"C:\Program Files\dotnet\packs\Microsoft.NETCore.App.Ref\8.0.28\analyzers/dotnet/cs/Microsoft.Interop.ComInterfaceGenerator.dll" /analyzer:"C:\Program Files\dotnet\packs\Microsoft.NETCore.App.Ref\8.0.28\analyzers/dotnet/cs/Microsoft.Interop.JavaScript.JSImportGenerator.dll" /analyzer:"C:\Program Files\dotnet\packs\Microsoft.NETCore.App.Ref\8.0.28\analyzers/dotnet/cs/Microsoft.Interop.LibraryImportGenerator.dll" /analyzer:"C:\Program Files\dotnet\packs\Microsoft.NETCore.App.Ref\8.0.28\analyzers/dotnet/cs/Microsoft.Interop.SourceGeneration.dll" /analyzer:"C:\Program Files\dotnet\packs\Microsoft.NETCore.App.Ref\8.0.28\analyzers/dotnet/cs/System.Text.Json.SourceGeneration.dll" /analyzer:"C:\Program Files\dotnet\packs\Microsoft.NETCore.App.Ref\8.0.28\analyzers/dotnet/cs/System.Text.RegularExpressions.Generator.dll" /analyzer:"C:\Program Files\dotnet\packs\Microsoft.WindowsDesktop.App.Ref\8.0.28\analyzers/dotnet/System.Windows.Forms.Analyzers.dll" /analyzer:"C:\Program Files\dotnet\packs\Microsoft.WindowsDesktop.App.Ref\8.0.28\analyzers/dotnet/cs/System.Windows.Forms.Analyzers.CSharp.dll" Core\TestController.cs Data\DbHelper.cs Forms\LoginForm.cs Forms\MainForm.cs Forms\NewTestDialog.cs Forms\TestRecordDialog.cs GlobalUsings.cs Global\AppContext.cs Models\TestRecord.cs Program.cs Services\CsvWriter.cs Services\DaqWorker.cs Services\ExportService.cs Services\SensorSimulator.cs Services\TemperatureAnalyzer.cs obj\Debug\net8.0-windows\NctSim.GlobalUsings.g.cs "obj\Debug\net8.0-windows\.NETCoreApp,Version=v8.0.AssemblyAttributes.cs" obj\Debug\net8.0-windows\NctSim.AssemblyInfo.cs /warnaserror+:NU1605,SYSLIB0011
         在 TaskRun (Microsoft.CodeAnalysis.BuildTasks.Csc) 期间加载的程序集: System.IO.Pipes, Version=8.0.0.0, Culture=neutral, PublicKeyToken=b03f5f7f11d50a3a (位置: C:\Program Files\dotnet\shared\Microsoft.NETCore.App\8.0.28\System.IO.Pipes.dll，MVID: a9c4638e-5108-4b6e-90ef-c165cc45791c，AssemblyLoadContext: Default)
         在 TaskRun (Microsoft.CodeAnalysis.BuildTasks.Csc) 期间加载的程序集: System.Security.AccessControl, Version=8.0.0.0, Culture=neutral, PublicKeyToken=b03f5f7f11d50a3a (位置: C:\Program Files\dotnet\shared\Microsoft.NETCore.App\8.0.28\System.Security.AccessControl.dll，MVID: eb5ee29f-63ee-47c3-9bc0-3b5b25d1d7fd，AssemblyLoadContext: Default)
         Microsoft(R) Visual C# 编译器 版本 4.11.0-3.25569.22 (3fb752d4)
         版权所有(C) Microsoft Corporation。保留所有权利。
   1:7>D:\java_workspace\技能实训\源代码\NctSim\Services\SensorSimulator.cs(12,22): error CS0246: 未能找到类型或命名空间名“SimulationConfig”(是否缺少 using 指令或程序集引用?) [D:\java_workspace\技能实训\源代码\NctSim\NctSim.csproj]
   1:7>D:\java_workspace\技能实训\源代码\NctSim\Services\SensorSimulator.cs(34,28): error CS0246: 未能找到类型或命名空间名“SimulationConfig”(是否缺少 using 指令或程序集引用?) [D:\java_workspace\技能实训\源代码\NctSim\NctSim.csproj]
   1:7>D:\java_workspace\技能实训\源代码\NctSim\Forms\NewTestDialog.cs(23,19): warning CS0108: “NewTestDialog.ProductName”隐藏继承的成员“Control.ProductName”。如果是有意隐藏，请使用关键字 new。 [D:\java_workspace\技能实训\源代码\NctSim\NctSim.csproj]
   1:7>D:\java_workspace\技能实训\源代码\NctSim\Forms\NewTestDialog.cs(26,19): warning CS0108: “NewTestDialog.Height”隐藏继承的成员“Control.Height”。如果是有意隐藏，请使用关键字 new。 [D:\java_workspace\技能实训\源代码\NctSim\NctSim.csproj]
   1:7>D:\java_workspace\技能实训\源代码\NctSim\Forms\MainForm.cs(18,22): error CS0246: 未能找到类型或命名空间名“DaqWorker”(是否缺少 using 指令或程序集引用?) [D:\java_workspace\技能实训\源代码\NctSim\NctSim.csproj]
   1:7>D:\java_workspace\技能实训\源代码\NctSim\Forms\MainForm.cs(19,22): error CS0246: 未能找到类型或命名空间名“ExportService”(是否缺少 using 指令或程序集引用?) [D:\java_workspace\技能实训\源代码\NctSim\NctSim.csproj]
         CompilerServer: server - server processed compilation - NctSim (net8.0-windows)
       已完成执行任务“Csc”的操作 - 失败。
   1:7>已完成在项目“NctSim.csproj”中生成目标“CoreCompile”的操作 - 失败。
   1:7>来自项目“D:\java_workspace\技能实训\源代码\NctSim\NctSim.csproj”的文件“C:\Program Files\dotnet\sdk\8.0.422\Microsoft.Common.CurrentVersion.targets”中的目标“_CheckForCompileOutputs”(目标“_CleanGetCurrentAndPriorFileWrites”依赖于它):
   1:7>已完成在项目“NctSim.csproj”中生成目标“_CheckForCompileOutputs”的操作。
       由于条件的计算结果为 false，已跳过目标“_SGenCheckForOutputs”；('$(_SGenGenerateSerializationAssembliesConfig)' == 'On' or ('@(WebReferenceUrl)'!='' and '$(_SGenGenerateSerializationAssembliesConfig)' == 'Auto'))的计算结果为('Off' == 'On' or (''!='' and 'Off' == 'Auto'))。
   1:7>来自项目“D:\java_workspace\技能实训\源代码\NctSim\NctSim.csproj”的文件“C:\Program Files\dotnet\sdk\8.0.422\Microsoft.Common.CurrentVersion.targets”中的目标“_CleanGetCurrentAndPriorFileWrites”(目标“_CleanRecordFileWrites”依赖于它):
       正在使用程序集“Microsoft.Build.Tasks.Core, Version=15.1.0.0, Culture=neutral, PublicKeyToken=b03f5f7f11d50a3a”中的“ReadLinesFromFile”任务。
       任务“ReadLinesFromFile”
       已完成执行任务“ReadLinesFromFile”的操作。
       任务“ConvertToAbsolutePath”
       已完成执行任务“ConvertToAbsolutePath”的操作。
       正在使用程序集“Microsoft.Build.Tasks.Core, Version=15.1.0.0, Culture=neutral, PublicKeyToken=b03f5f7f11d50a3a”中的“FindUnderPath”任务。
       任务“FindUnderPath”
         比较路径为“D:\java_workspace\技能实训\源代码\NctSim”。
       已完成执行任务“FindUnderPath”的操作。
       任务“FindUnderPath”
         比较路径为“bin\Debug\net8.0-windows\”。
       已完成执行任务“FindUnderPath”的操作。
       任务“FindUnderPath”
         比较路径为“obj\Debug\net8.0-windows\”。
       已完成执行任务“FindUnderPath”的操作。
       任务“RemoveDuplicates”
       已完成执行任务“RemoveDuplicates”的操作。
   1:7>已完成在项目“NctSim.csproj”中生成目标“_CleanGetCurrentAndPriorFileWrites”的操作。
   1:7>来自项目“D:\java_workspace\技能实训\源代码\NctSim\NctSim.csproj”的文件“C:\Program Files\dotnet\sdk\8.0.422\Microsoft.Common.CurrentVersion.targets”中的目标“_CleanRecordFileWrites”(目标“CoreBuild”依赖于它):
       任务“RemoveDuplicates”
       已完成执行任务“RemoveDuplicates”的操作。
       任务“MakeDir”
       已完成执行任务“MakeDir”的操作。
       任务“WriteLinesToFile”
         跳过写入到文件“obj\Debug\net8.0-windows\NctSim.csproj.FileListAbsolute.txt”，因为内容不会改变。
       已完成执行任务“WriteLinesToFile”的操作。
   1:7>已完成在项目“NctSim.csproj”中生成目标“_CleanRecordFileWrites”的操作。
   1:7>已完成生成项目“D:\java_workspace\技能实训\源代码\NctSim\NctSim.csproj”(默认目标)的操作 - 失败。

生成失败。

       “D:\java_workspace\技能实训\源代码\NctSim\NctSim.csproj”(默认目标) (1:7) ->
       (CoreCompile 目标) -> 
         D:\java_workspace\技能实训\源代码\NctSim\Forms\NewTestDialog.cs(23,19): warning CS0108: “NewTestDialog.ProductName”隐藏继承的成员“Control.ProductName”。如果是有意隐藏，请使用关键字 new。 [D:\java_workspace\技能实训\源代码\NctSim\NctSim.csproj]
         D:\java_workspace\技能实训\源代码\NctSim\Forms\NewTestDialog.cs(26,19): warning CS0108: “NewTestDialog.Height”隐藏继承的成员“Control.Height”。如果是有意隐藏，请使用关键字 new。 [D:\java_workspace\技能实训\源代码\NctSim\NctSim.csproj]


       “D:\java_workspace\技能实训\源代码\NctSim\NctSim.csproj”(默认目标) (1:7) ->
       (CoreCompile 目标) -> 
         D:\java_workspace\技能实训\源代码\NctSim\Services\SensorSimulator.cs(12,22): error CS0246: 未能找到类型或命名空间名“SimulationConfig”(是否缺少 using 指令或程序集引用?) [D:\java_workspace\技能实训\源代码\NctSim\NctSim.csproj]
         D:\java_workspace\技能实训\源代码\NctSim\Services\SensorSimulator.cs(34,28): error CS0246: 未能找到类型或命名空间名“SimulationConfig”(是否缺少 using 指令或程序集引用?) [D:\java_workspace\技能实训\源代码\NctSim\NctSim.csproj]
         D:\java_workspace\技能实训\源代码\NctSim\Forms\MainForm.cs(18,22): error CS0246: 未能找到类型或命名空间名“DaqWorker”(是否缺少 using 指令或程序集引用?) [D:\java_workspace\技能实训\源代码\NctSim\NctSim.csproj]
         D:\java_workspace\技能实训\源代码\NctSim\Forms\MainForm.cs(19,22): error CS0246: 未能找到类型或命名空间名“ExportService”(是否缺少 using 指令或程序集引用?) [D:\java_workspace\技能实训\源代码\NctSim\NctSim.csproj]

    2 个警告
    4 个错误

已用时间 00:00:01.13
